04-08 13:14:40.321 D/OplusTransitionController( 2171): onTransactionReady, transition: 6930, info: {id=6930 t=CLOSE f=0x0 trk=0 r=[0@Point(0, 0)] c=[{WCT{RemoteToken{4cd06cd Task{ee66ec3 #1 type=home}}} m=TO_FRONT f=SHOW_WALLPAPER|MOVE_TO_TOP leash=Surface(name=Task=1)/@0xa6bfdff sb=Rect(0, 0 - 1080, 2400) eb=Rect(0, 0 - 1080, 2400) epz=Point(1080, 2400) d=0 taskParent=-1},{WCT{RemoteToken{6471816 Task{57256c7 #8396 type=standard A=10932:com.adda247.gold}}} m=CLOSE f=NONE leash=Surface(name=Task=8396)/@0x3378433 sb=Rect(0, 0 - 1080, 2400) eb=Rect(0, 0 - 1080, 2400) epz=Point(1080, 2400) d=0 taskParent=-1},{m=TO_FRONT f=IS_WALLPAPER leash=Surface(name=WallpaperWindowToken{423cd0a showWhenLocked=false})/@0xa71dfbc sb=Rect(0, 0 - 1080, 2400) eb=Rect(0, 0 - 1080, 2400) epz=Point(1080, 2400) d=0}] 
04-08 13:14:40.321 D/OplusTransitionController( 2171): extendInfo=[
04-08 13:14:40.321 D/OplusTransitionController( 2171):  OplusTransitionExtendedInfo{mTmpFinishT=null, mInOplusCompatMode=false, mIsProcessRunning=false, mHasMismatchBoundsTarget=false, mRecentsController=null, mRemoteTransition=null, mIsTranslucentActivityToHome=false, mAvoidInterceptKeyEventToHome=false, mIsFromHome=false, mParentLeash=null, mBackAnimClosingLeash=null, mIsOplusAnimRes=false, mKeepBgForContinuous=false, mIsBalAllow=false, mTaskNotInRecent=false, mIsPredictiveBackAnim=false, mIsMergedWithPredictive=false, mIsLaunchFromSpruce=false, mIsLaunchFromDrive=false, mGlobalSearchPageSwitch=false, mNeedNoAlphaGlobalSearchScene=false, mAssistScreenShowing=false, mSwipeUpBrowserScreenShowing=false, mUserIdTransition=0
04-08 13:14:40.321 D/OplusTransitionController( 2171): , mInRemoteScene=false, mInPreReady=false, mPreStart=false, mToken=null, mAbortByRemoteFromHome=false, mShellApplyToken=null, mRequestTransitionTaskId=8396, mAbortTransitionOnShell=0, mStartFromShortcut=false, mRemovedTaskId=-1, mTransitionInterruptType=0, mMergeSecondTaskId=-1, mTaskIdStartFromRecents=0, mTransitionId=6930, mCanUseSpringSlideAnim=false, mTransitionLaunchFrom=0, mFoldChangeType=-1, mAnimStartingPosition=[0, 0, 0, 0], mIsOpeningStkDialogActivity=false, mIsNeedApplyStartTForEmbedded=false, mMergeSecondTaskAnimation=false, mIsLaunchUnityStart=false, mIsLaunchFromAssistantByDefault=false, mSkipRemoteTransitionfalse, mIsStartFromKeyguard=false flags=0x0, mWCT=null, mIsOpenMergeToInValidPredictive=false}]}, targets : [ChangeInfo{996c30c container=Task{ee66ec3 #1 type=home} flags=0x30}, ChangeInfo{be6e455 container=Task{57256c7 #8396 type=standard A=10932:com.adda247.gold} flags=0x0}, ChangeInfo{99f4e6a container=WallpaperWindowToken{423cd0a showWhenLocked=false} flags=0x0}], participants: {ActivityRecord{38317996 u0 com.android.launcher/.Launcher t5}, WallpaperWindowToken{423cd0a showWhenLocked=false}, Task{57256c7 #8396 type=standard A=10932:com.adda247.gold}, Task{66b82ae #5 type=home I=com.android.launcher/.Launcher}, ActivityRecord{190458952 u0 com.adda247.gold/.MainActivity t8396 f} isExiting}, Task{ee66ec3 #1 type=home}}
04-08 13:14:40.323 W/WindowManager( 2171): captureTaskSnapshot mSnapshotMode= 0 source=Task{57256c7 #8396 type=standard A=10932:com.adda247.gold}
04-08 13:14:40.324 D/TaskSnapshotControllerExtImpl( 2171): createTaskSnapshot isCompatMode:false, isCompactWindow:false
04-08 13:14:40.324 W/AbsAppSnapshotControllerExtImpl( 2171): updateExcludeLayers, addExcludeLayerList is null or empty, return excludeLayers
04-08 13:14:40.326 V/WindowManagerShell( 2940): onTransitionReady(transaction=9324374352655)
04-08 13:14:40.326 V/WindowManagerShell( 2940): onTransitionReady (#6930) android.os.BinderProxy@73738aa: {id=6930 t=CLOSE f=0x0 trk=0 r=[0@Point(0, 0)] c=[
04-08 13:14:40.326 V/WindowManagerShell( 2940):         {m=TO_FRONT f=SHOW_WALLPAPER|MOVE_TO_TOP leash=Surface(name=Task=1)/@0x9ae1011 sb=Rect(0, 0 - 1080, 2400) eb=Rect(0, 0 - 1080, 2400) epz=Point(1080, 2400) d=0 taskParent=-1},
04-08 13:14:40.326 V/WindowManagerShell( 2940):         {m=CLOSE f=NONE leash=Surface(name=Task=8396)/@0x6283576 sb=Rect(0, 0 - 1080, 2400) eb=Rect(0, 0 - 1080, 2400) epz=Point(1080, 2400) d=0 taskParent=-1},
04-08 13:14:40.326 V/WindowManagerShell( 2940):         {m=TO_FRONT f=IS_WALLPAPER leash=Surface(name=WallpaperWindowToken{423cd0a showWhenLocked=false})/@0xeace777 sb=Rect(0, 0 - 1080, 2400) eb=Rect(0, 0 - 1080, 2400) epz=Point(1080, 2400) d=0}
04-08 13:14:40.326 V/WindowManagerShell( 2940):     ] 
04-08 13:14:40.326 V/WindowManagerShell( 2940): extendInfo=[
04-08 13:14:40.326 V/WindowManagerShell( 2940):  OplusTransitionExtendedInfo{mTmpFinishT=null, mInOplusCompatMode=false, mIsProcessRunning=false, mHasMismatchBoundsTarget=false, mRecentsController=null, mRemoteTransition=null, mIsTranslucentActivityToHome=false, mAvoidInterceptKeyEventToHome=false, mIsFromHome=false, mParentLeash=null, mBackAnimClosingLeash=null, mIsOplusAnimRes=false, mKeepBgForContinuous=false, mIsBalAllow=false, mTaskNotInRecent=false, mIsPredictiveBackAnim=false, mIsMergedWithPredictive=false, mIsLaunchFromSpruce=false, mIsLaunchFromDrive=false, mGlobalSearchPageSwitch=false, mNeedNoAlphaGlobalSearchScene=false, mAssistScreenShowing=false, mSwipeUpBrowserScreenShowing=false, mUserIdTransition=0
04-08 13:14:40.326 V/WindowManagerShell( 2940): , mInRemoteScene=false, mInPreReady=false, mPreStart=false, mToken=null, mAbortByRemoteFromHome=false, mShellApplyToken=null, mRequestTransitionTaskId=8396, mAbortTransitionOnShell=0, mStartFromShortcut=false, mRemovedTaskId=-1, mTransitionInterruptType=0, mMergeSecondTaskId=-1, mTaskIdStartFromRecents=0, mTransitionId=6930, mCanUseSpringSlideAnim=false, mTransitionLaunchFrom=0, mFoldChangeType=-1, mAnimStartingPosition=[0, 0, 0, 0], mIsOpeningStkDialogActivity=false, mIsNeedApplyStartTForEmbedded=false, mMergeSecondTaskAnimation=false, mIsLaunchUnityStart=false, mIsLaunchFromAssistantByDefault=false, mSkipRemoteTransitionfalse, mIsStartFromKeyguard=false flags=0x0, mWCT=null, mIsOpenMergeToInValidPredictive=false}]}
04-08 13:14:40.327 V/WindowManagerShell( 2940): Playing animation for (#6930) android.os.BinderProxy@73738aa@0
04-08 13:14:40.328 V/ShellRecents( 2940): RecentsTransitionHandler.startAnimation: no controller found
04-08 13:14:40.328 V/WindowManagerShell( 2940): start OnePuttTransition animation, info = {id=6930 t=CLOSE f=0x0 trk=0 r=[0@Point(0, 0)] c=[{m=TO_FRONT f=SHOW_WALLPAPER|MOVE_TO_TOP leash=Surface(name=Task=1)/@0x9ae1011 sb=Rect(0, 0 - 1080, 2400) eb=Rect(0, 0 - 1080, 2400) epz=Point(1080, 2400) d=0 taskParent=-1},{m=CLOSE f=NONE leash=Surface(name=Task=8396)/@0x6283576 sb=Rect(0, 0 - 1080, 2400) eb=Rect(0, 0 - 1080, 2400) epz=Point(1080, 2400) d=0 taskParent=-1},{m=TO_FRONT f=IS_WALLPAPER leash=Surface(name=WallpaperWindowToken{423cd0a showWhenLocked=false})/@0xeace777 sb=Rect(0, 0 - 1080, 2400) eb=Rect(0, 0 - 1080, 2400) epz=Point(1080, 2400) d=0}] 
04-08 13:14:40.328 V/WindowManagerShell( 2940): extendInfo=[
04-08 13:14:40.328 V/WindowManagerShell( 2940):  OplusTransitionExtendedInfo{mTmpFinishT=null, mInOplusCompatMode=false, mIsProcessRunning=false, mHasMismatchBoundsTarget=false, mRecentsController=null, mRemoteTransition=null, mIsTranslucentActivityToHome=false, mAvoidInterceptKeyEventToHome=false, mIsFromHome=false, mParentLeash=null, mBackAnimClosingLeash=null, mIsOplusAnimRes=false, mKeepBgForContinuous=false, mIsBalAllow=false, mTaskNotInRecent=false, mIsPredictiveBackAnim=false, mIsMergedWithPredictive=false, mIsLaunchFromSpruce=false, mIsLaunchFromDrive=false, mGlobalSearchPageSwitch=false, mNeedNoAlphaGlobalSearchScene=false, mAssistScreenShowing=false, mSwipeUpBrowserScreenShowing=false, mUserIdTransition=0
04-08 13:14:40.328 V/WindowManagerShell( 2940): , mInRemoteScene=false, mInPreReady=false, mPreStart=false, mToken=null, mAbortByRemoteFromHome=false, mShellApplyToken=null, mRequestTransitionTaskId=8396, mAbortTransitionOnShell=0, mStartFromShortcut=false, mRemovedTaskId=-1, mTransitionInterruptType=0, mMergeSecondTaskId=-1, mTaskIdStartFromRecents=0, mTransitionId=6930, mCanUseSpringSlideAnim=false, mTransitionLaunchFrom=0, mFoldChangeType=-1, mAnimStartingPosition=[0, 0, 0, 0], mIsOpeningStkDialogActivity=false, mIsNeedApplyStartTForEmbedded=false, mMergeSecondTaskAnimation=false, mIsLaunchUnityStart=false, mIsLaunchFromAssistantByDefault=false, mSkipRemoteTransitionfalse, mIsStartFromKeyguard=false flags=0x0, mWCT=null, mIsOpenMergeToInValidPredictive=false}]}
04-08 13:14:40.328 V/WindowManagerShell( 2940): Transition doesn't have explicit remote, search filters for match for {id=6930 t=CLOSE f=0x0 trk=0 r=[0@Point(0, 0)] c=[{m=TO_FRONT f=SHOW_WALLPAPER|MOVE_TO_TOP leash=Surface(name=Task=1)/@0x9ae1011 sb=Rect(0, 0 - 1080, 2400) eb=Rect(0, 0 - 1080, 2400) epz=Point(1080, 2400) d=0 taskParent=-1},{m=CLOSE f=NONE leash=Surface(name=Task=8396)/@0x6283576 sb=Rect(0, 0 - 1080, 2400) eb=Rect(0, 0 - 1080, 2400) epz=Point(1080, 2400) d=0 taskParent=-1},{m=TO_FRONT f=IS_WALLPAPER leash=Surface(name=WallpaperWindowToken{423cd0a showWhenLocked=false})/@0xeace777 sb=Rect(0, 0 - 1080, 2400) eb=Rect(0, 0 - 1080, 2400) epz=Point(1080, 2400) d=0}] 
04-08 13:14:40.328 V/WindowManagerShell( 2940): extendInfo=[
04-08 13:14:40.328 V/WindowManagerShell( 2940):  OplusTransitionExtendedInfo{mTmpFinishT=null, mInOplusCompatMode=false, mIsProcessRunning=false, mHasMismatchBoundsTarget=false, mRecentsController=null, mRemoteTransition=null, mIsTranslucentActivityToHome=false, mAvoidInterceptKeyEventToHome=false, mIsFromHome=false, mParentLeash=null, mBackAnimClosingLeash=null, mIsOplusAnimRes=false, mKeepBgForContinuous=false, mIsBalAllow=false, mTaskNotInRecent=false, mIsPredictiveBackAnim=false, mIsMergedWithPredictive=false, mIsLaunchFromSpruce=false, mIsLaunchFromDrive=false, mGlobalSearchPageSwitch=false, mNeedNoAlphaGlobalSearchScene=false, mAssistScreenShowing=false, mSwipeUpBrowserScreenShowing=false, mUserIdTransition=0
04-08 13:14:40.328 V/WindowManagerShell( 2940): , mInRemoteScene=false, mInPreReady=false, mPreStart=false, mToken=null, mAbortByRemoteFromHome=false, mShellApplyToken=null, mRequestTransitionTaskId=8396, mAbortTransitionOnShell=0, mStartFromShortcut=false, mRemovedTaskId=-1, mTransitionInterruptType=0, mMergeSecondTaskId=-1, mTaskIdStartFromRecents=0, mTransitionId=6930, mCanUseSpringSlideAnim=false, mTransitionLaunchFrom=0, mFoldChangeType=-1, mAnimStartingPosition=[0, 0, 0, 0], mIsOpeningStkDialogActivity=false, mIsNeedApplyStartTForEmbedded=false, mMergeSecondTaskAnimation=false, mIsLaunchUnityStart=false, mIsLaunchFromAssistantByDefault=false, mSkipRemoteTransitionfalse, mIsStartFromKeyguard=false flags=0x0, mWCT=null, mIsOpenMergeToInValidPredictive=false}]}
04-08 13:14:40.329 V/WindowManagerShell( 2940):  Checking filter Pair{{types=[] flags=0x0] notFlags=0x100 checks=[{atype=home independent=true modes=[OPEN,TO_FRONT] flags=NONE mustBeTask=false order=TOP topActivity=ComponentInfo{com.android.launcher/com.android.launcher.Launcher} launchCookie=null windowingMode=undefined},{atype=standard independent=true modes=[CLOSE,TO_BACK] flags=NONE mustBeTask=false order=ANY topActivity=null launchCookie=null windowingMode=undefined}]} RemoteTransition { remoteTransition = android.window.IRemoteTransition$Stub$Proxy@c34f28, appThread = android.app.IApplicationThread$Stub$Proxy@8e59de6, debugName = QuickstepLaunchHome }}
04-08 13:14:40.329 D/RemoteTransitionHandler( 2940): Found filterPair{{types=[] flags=0x0] notFlags=0x100 checks=[{atype=home independent=true modes=[OPEN,TO_FRONT] flags=NONE mustBeTask=false order=TOP topActivity=ComponentInfo{com.android.launcher/com.android.launcher.Launcher} launchCookie=null windowingMode=undefined},{atype=standard independent=true modes=[CLOSE,TO_BACK] flags=NONE mustBeTask=false order=ANY topActivity=null launchCookie=null windowingMode=undefined}]} RemoteTransition { remoteTransition = android.window.IRemoteTransition$Stub$Proxy@c34f28, appThread = android.app.IApplicationThread$Stub$Proxy@8e59de6, debugName = QuickstepLaunchHome }}
04-08 13:14:40.330 V/WindowManagerShell( 2940):  Delegate animation for (#6930) to RemoteTransition { remoteTransition = android.window.IRemoteTransition$Stub$Proxy@c34f28, appThread = android.app.IApplicationThread$Stub$Proxy@8e59de6, debugName = QuickstepLaunchHome }
04-08 13:14:40.333 D/TaskSnapshotCache( 2171): putSnapshot mRunningCache top= ActivityRecord{190458952 u0 com.adda247.gold/.MainActivity t8396 f} isExiting}, mTaskId=8396, snapshot=TaskSnapshot{ mId=1775634280324 mCaptureTime=1502264771148945 mTopActivityComponent=com.adda247.gold/.MainActivity mSnapshot=android.hardware.HardwareBuffer@8a8554b (756x1680) mColorSpace=sRGB IEC61966-2.1 (id=0, model=RGB) mOrientation=1 mRotation=0 mTaskSize=Point(1080, 2400) mOplusCompatMode=false mTopActivityBounds=[0,0][1080,2400] mHasDimLayer=false mContentInsets=[0,110][0,132] mLetterboxInsets=[0,0][0,0] mIsLowResolution=false mIsRealSnapshot=true mWindowingMode=1 mAppearance=8 mIsTranslucent=true mHasImeSurface=false mInternalReferences=2 mUiMode=21, mAppIdMap size= 2
04-08 13:14:40.335 V/WindowManager( 2171): Sent Transition (#6930) createdAt=04-08 13:14:40.260 via request=TransitionRequestInfo { type = CLOSE, triggerTask = TaskInfo{userId=0 taskId=8396 effectiveUid=10932 displayId=0 isRunning=false baseIntent=Intent { act=android.intent.action.MAIN cat=[android.intent.category.LAUNCHER] flg=0x10200000 cmp=com.adda247.gold/.MainActivity mCallingUid=2000 } baseActivity=null topActivity=null origActivity=null realActivity=ComponentInfo{com.adda247.gold/com.adda247.gold.MainActivity}
04-08 13:14:40.335 V/WindowManager( 2171):  numActivities=0 lastActiveTime=1502262677 supportsSplitScreenMultiWindow=true supportsMultiWindow=true supportsPocketStudioMultiWindow=true isInFlexibleEmbedded = false uid = -1 pid = -1 resizeMode=1 isResizeable=true minWidth=-1 minHeight=-1 defaultMinSize=220 token=WCT{RemoteToken{6471816 Task{57256c7 #8396 type=standard A=10932:com.adda247.gold}}} topActivityType=1 pictureInPictureParams=null shouldDockBigOverlays=false launchIntoPipHostTaskId=-1 lastParentTaskIdBeforePip=-1 displayCutoutSafeInsets=Rect(0, 0 - 0, 0)
04-08 13:14:40.335 V/WindowManager( 2171):  topActivityInfo=null launchCookies=[] positionInParent=Point(0, 0) parentTaskId=-1 isFocused=true isVisible=true isVisibleRequested=true isTopActivityNoDisplay=false isSleeping=false locusId=null displayAreaFeatureId=1 isTopActivityTransparent=false isActivityStackTransparent=true lastNonFullscreenBounds=Rect(270, 649 - 810, 1729) capturedLink=null capturedLinkTimestamp=0 requestedVisibleTypes=-9 topActivityRequestOpenInBrowserEducationTimestamp=0
04-08 13:14:40.335 V/WindowManager( 2171):  appCompatTaskInfo=AppCompatTaskInfo { topActivityInSizeCompat=false topActivityInOplusCompatMode=false eligibleForLetterboxEducation= false isLetterboxEducationEnabled= false isLetterboxDoubleTapEnabled= false eligibleForUserAspectRatioButton= false topActivityBoundsLetterboxed= false isFromLetterboxDoubleTap= false topActivityLetterboxVerticalPosition= -1 topActivityLetterboxHorizontalPosition= -1 topActivityLetterboxWidth=-1 topActivityLetterboxHeight=-1 topActivityAppBounds=Rect(0, 0 - 0, 0) isUserFullscreenOverrideEnabled=false isSystemFullscreenOverrideEnabled=false hasMinAspectRatioOverride=false topActivityLetterboxBounds=null cameraCompatTaskInfo=CameraCompatTaskInfo { freeformCameraCompatMode=undefined}} topActivityMainWindowFrame=null topActivityLetterboxInsets=Rect(0, 0 - 0, 0)
04-08 13:14:40.335 V/WindowManager( 2171):  mOplusExtraBundle = Bundle[{androidx.flexible.taskFrame=Rect(0, 0 - 0, 0), topOpaqueSystemBarsAppearance=8, androidx.flexible.Alpha=1.0, androidx.activity.task.attach.blur=0, androidx.activity.LaunchInsensible=0, androidx.activity.LaunchCornerRadius=0, key_flexible_task_state=0, topActivitySupportAppInnerSplit=false, key_flexible_task_animating_type=-1, androidx.activity.LaunchScenario=0, is_oplus_clone_task=false, flexible_super_mini_state=false, androidx.activity.LaunchScale=1.0, androidx.activity.LaunchShadowRadius=0, is_transient_hide_for_task_info=false}]}, pipChange = null, remoteTransition = null, displayChange = null, flags = 0, debugId = 6930 }
04-08 13:14:40.335 V/WindowManager( 2171):     startWCT=WindowContainerTransaction { changes= {} hops= [] errorCallbackToken=null taskFragmentOrganizer=null }
04-08 13:14:40.335 I/TaskOrganizerController( 2171): onTaskInfoChanged taskid 1 config { mBounds=Rect(0, 0 - 1080, 2400) mAppBounds=Rect(0, 0 - 1080, 2400) mMaxBounds=Rect(0, 0 - 1080, 2400) mDisplayRotation=ROTATION_0 mWindowingMode=fullscreen mActivityType=home mAlwaysOnTop=undefined mRotation=ROTATION_0}
04-08 13:14:40.336 D/OplusVisibleTasks( 2171):  notifyTasksNumChange no need to notify.
04-08 13:14:40.336 D/OplusFlexibleDragToSplitAnimController( 2171): visibleFlexibleTaskInfos delete:1
04-08 13:14:40.336 E/FlexibleWindowManagerService( 2171): notifyTaskObserverToAttachController not need to notify!
04-08 13:14:40.336 I/FlexibleWindowManagerService( 2171): onFlexibleWindowTaskInfoChanged, return for cur task not embedded
04-08 13:14:40.338 I/AccessibilityWindowsPopulator( 2171): getInsensibleFlag flag = 0
04-08 13:14:40.338 V/WindowManager( 2171):     info={id=6930 t=CLOSE f=0x0 trk=0 r=[0@Point(0, 0)] c=[
04-08 13:14:40.338 V/WindowManager( 2171):         {WCT{RemoteToken{4cd06cd Task{ee66ec3 #1 type=home}}} m=TO_FRONT f=SHOW_WALLPAPER|MOVE_TO_TOP leash=Surface(name=Task=1)/@0xa6bfdff sb=Rect(0, 0 - 1080, 2400) eb=Rect(0, 0 - 1080, 2400) epz=Point(1080, 2400) d=0 taskParent=-1},
04-08 13:14:40.338 V/WindowManager( 2171):         {WCT{RemoteToken{6471816 Task{57256c7 #8396 type=standard A=10932:com.adda247.gold}}} m=CLOSE f=NONE leash=Surface(name=Task=8396)/@0x3378433 sb=Rect(0, 0 - 1080, 2400) eb=Rect(0, 0 - 1080, 2400) epz=Point(1080, 2400) d=0 taskParent=-1},
04-08 13:14:40.338 V/WindowManager( 2171):         {m=TO_FRONT f=IS_WALLPAPER leash=Surface(name=WallpaperWindowToken{423cd0a showWhenLocked=false})/@0xa71dfbc sb=Rect(0, 0 - 1080, 2400) eb=Rect(0, 0 - 1080, 2400) epz=Point(1080, 2400) d=0}
04-08 13:14:40.338 V/WindowManager( 2171):     ] 
04-08 13:14:40.338 V/WindowManager( 2171): extendInfo=[
04-08 13:14:40.338 V/WindowManager( 2171):  OplusTransitionExtendedInfo{mTmpFinishT=null, mInOplusCompatMode=false, mIsProcessRunning=false, mHasMismatchBoundsTarget=false, mRecentsController=null, mRemoteTransition=null, mIsTranslucentActivityToHome=false, mAvoidInterceptKeyEventToHome=false, mIsFromHome=false, mParentLeash=null, mBackAnimClosingLeash=null, mIsOplusAnimRes=false, mKeepBgForContinuous=false, mIsBalAllow=false, mTaskNotInRecent=false, mIsPredictiveBackAnim=false, mIsMergedWithPredictive=false, mIsLaunchFromSpruce=false, mIsLaunchFromDrive=false, mGlobalSearchPageSwitch=false, mNeedNoAlphaGlobalSearchScene=false, mAssistScreenShowing=false, mSwipeUpBrowserScreenShowing=false, mUserIdTransition=0
04-08 13:14:40.338 V/WindowManager( 2171): , mInRemoteScene=false, mInPreReady=false, mPreStart=false, mToken=null, mAbortByRemoteFromHome=false, mShellApplyToken=null, mRequestTransitionTaskId=8396, mAbortTransitionOnShell=0, mStartFromShortcut=false, mRemovedTaskId=-1, mTransitionInterruptType=0, mMergeSecondTaskId=-1, mTaskIdStartFromRecents=0, mTransitionId=6930, mCanUseSpringSlideAnim=false, mTransitionLaunchFrom=0, mFoldChangeType=-1, mAnimStartingPosition=[0, 0, 0, 0], mIsOpeningStkDialogActivity=false, mIsNeedApplyStartTForEmbedded=false, mMergeSecondTaskAnimation=false, mIsLaunchUnityStart=false, mIsLaunchFromAssistantByDefault=false, mSkipRemoteTransitionfalse, mIsStartFromKeyguard=false flags=0x0, mWCT=null, mIsOpenMergeToInValidPredictive=false}]}
04-08 13:14:40.339 V/WindowManagerShell( 2940):  animated by com.android.wm.shell.transition.RemoteTransitionHandler@16824ed
04-08 13:14:40.343 I/AppsFilter( 2171): interaction: PackageSetting{204a86d com.android.microdroid.empty_payload/10268} -> PackageSetting{f255e72 com.adda247.gold/10932} BLOCKED
04-08 13:14:40.343 I/AppsFilter( 2171): interaction: PackageSetting{ccdb19 io.appium.uiautomator2.server.test/10792} -> PackageSetting{f255e72 com.adda247.gold/10932} BLOCKED
04-08 13:14:40.343 I/AppsFilter( 2171): interaction: PackageSetting{a1c9fab com.oplus.locationproxy/10168} -> PackageSetting{f255e72 com.adda247.gold/10932} BLOCKED
04-08 13:14:40.343 I/AppsFilter( 2171): interaction: PackageSetting{184608 com.labs.ustaadtv/10347} -> PackageSetting{f255e72 com.adda247.gold/10932} BLOCKED
04-08 13:14:40.343 I/AppsFilter( 2171): interaction: PackageSetting{1dc71a1 com.android.certinstaller/10204} -> PackageSetting{f255e72 com.adda247.gold/10932} BLOCKED
04-08 13:14:40.343 I/AppsFilter( 2171): interaction: PackageSetting{d838b87 com.oplus.location/10219} -> PackageSetting{f255e72 com.adda247.gold/10932} BLOCKED
04-08 13:14:40.345 D/ActivityThread( 3345): ComponentInfo{com.android.launcher/com.android.launcher.Launcher} checkFinished=false 2
04-08 13:14:40.345 D/ResourcesManagerExtImpl( 3345): applyConfigurationToAppResourcesLocked app.getDisplayId() return callback.displayId:0
04-08 13:14:40.349 I/BLASTSyncEngine( 2171): onCommitted syncId: 6930, timeout: false ran: false
04-08 13:14:40.351 D/VRI[Launcher]( 3345): relayoutWindow result, sizeChanged:false, surfaceControlChanged:false, transformHintChanged:false, mSurfaceSize:Point(1080, 2400), mLastSurfaceSize:Point(1080, 2400), mWidth:1080, mHeight:2400, requestedWidth:1080, requestedHeight:2400, transformHint:0, installOrientation:0, displayRotation:0, isSurfaceValid:true, attr.flag:-2121203456, tmpFrames:ClientWindowFrames{frame=[0,0][1080,2400] display=[0,0][1080,2400] parentFrame=[0,0][1080,2400]}, relayoutAsync:true, mSyncSeqId:0
04-08 13:14:40.351 W/VRI[Launcher]( 3345): updateBlastSurfaceIfNeeded, surfaceSize:Point(1080, 2400), lastSurfaceSize:Point(1080, 2400), format:-2, blastBufferQueue:android.graphics.BLASTBufferQueue@9226027
04-08 13:14:40.352 V/WindowManager( 2171): Relayout Window{7d3bbdb u0 com.android.launcher/com.android.launcher.Launcher}: viewVisibility=0, oldvis=0, req=1080x2400 , apr = 0, vsysui=LAYOUT_STABLE LAYOUT_HIDE_NAVIGATION LAYOUT_FULLSCREEN
04-08 13:14:40.352 D/ActivityManager( 2171): reportOneUidFrozenStateChanged uid 10162 frozen = false
04-08 13:14:40.353 D/VRR [OPlusRefreshRateService]( 2171): handleConfigIdChange physicalDisplayId: 4627039422300187648 configId: 0 renderPeriod: 8333333
04-08 13:14:40.353 D/ActivityManager( 2171): sync unfroze 6263 com.coloros.alarmclock:clockWidget for 3
04-08 13:14:40.354 D/ActivityManager( 2171): Async freezing 6263 com.coloros.alarmclock:clockWidget
04-08 13:14:40.354 D/ActivityManager( 2171): Cancel freezing 6263 com.coloros.alarmclock:clockWidget
04-08 13:14:40.354 D/ActivityManager( 2171): Async freezing 6263 com.coloros.alarmclock:clockWidget
04-08 13:14:40.356 D/UsageStatsService( 2171): User[0] type=0 b=1775634244835 e=1775634280355 cb=1775631804748 ce=1775634280263 disk=0 all=13
04-08 13:14:40.358 D/WindowManagerShell( 2940): setLauncherKeepClearAreaHeight: visible=true, height=240
04-08 13:14:40.359 E/OplusDexOptimizeManager( 2171): Start app fature is off
04-08 13:14:40.360 D/ActivityManager( 2171): Cancel freezing 6263 com.coloros.alarmclock:clockWidget
04-08 13:14:40.366 D/DisplayManagerServiceExtImpl( 2171): scheduleTraversalLocked intraversal=false
04-08 13:14:40.369 D/DisplayManagerService( 2171): performTraversalInternal pendingTraversal
04-08 13:14:40.369 D/DisplayDevice( 2171): setLayerStackLocked id=local:4627039422300187648 token=android.os.BinderProxy@af2e824 stack=0->0
04-08 13:14:40.371 D/LocalDisplayAdapter( 2171): setDesiredDisplayModeSpecsAsync: display unique id = local:4627039422300187648, display mode specs = defaultMode=0 allowGroupSwitching=false primaryRanges=physical: (0.0 120.0) render:  (0.0 120.0) appRequestRanges=physical: (0.0 120.0) render:  (0.0 120.0) idleScreenRefreshRate=null
04-08 13:14:40.375 D/DisplayManagerService( 2171): performTraversalInternal pendingTraversal
--------- beginning of main
04-08 13:22:43.360 I/system_server( 2171): Background concurrent mark compact GC freed 23MB AllocSpace bytes, 22(1040KB) LOS objects, 16% free, 123MB/147MB, paused 4.908ms,6.473ms total 714.974ms
04-08 13:22:43.412 D/OplusShellTransition( 2940): DefaultTransitionHandler#onAnimFinish=> transition=android.os.BinderProxy@f08cf5f, backAnimContinue=false
04-08 13:22:43.412 V/WindowManagerShell( 2940): Transition animation finished (aborted=false), notifying core (#6936) android.os.BinderProxy@f08cf5f@0
04-08 13:22:43.412 D/SplitScreen-->AppLockManager( 2940): setStartFromSafeControl mStartFromSafeControl=false
04-08 13:22:43.413 D/ShellTaskOrganizerExt( 2940): adjust change for exiting mini task: -1
04-08 13:22:43.416 D/Transition( 2171): finishTransition ar ActivityRecord{38317996 u0 com.android.launcher/.Launcher t5}, isVisibleRequested=false, state=PAUSED, visibleAtTransitionEndTokens={WallpaperWindowToken{423cd0a showWhenLocked=false}, ActivityRecord{187770924 u0 com.adda247.gold/.MainActivity t8398}}, this=TransitionRecord{be230c6 id=6936 track=0 type=OPEN flags=0x0 state=2 c=[
04-08 13:22:43.416 D/Transition( 2171):    ChangeInfo{94f4887 container=Display{#0 state=ON size=1080x2400 ROTATION_0} flags=0x0}
04-08 13:22:43.416 D/Transition( 2171):    ChangeInfo{e4533b4 container=ActivityRecord{38317996 u0 com.android.launcher/.Launcher t5} flags=0x0}
04-08 13:22:43.416 D/Transition( 2171):    ChangeInfo{a700bdd container=WallpaperWindowToken{423cd0a showWhenLocked=false} flags=0x0}
04-08 13:22:43.416 D/Transition( 2171):    ChangeInfo{f409352 container=Task{66b82ae #5 type=home I=com.android.launcher/.Launcher} flags=0x10}
04-08 13:22:43.416 D/Transition( 2171):    ChangeInfo{d4d4afd container=Task{7c1defb #8398 type=standard A=10932:com.adda247.gold} flags=0x10}
04-08 13:22:43.416 D/Transition( 2171):    ChangeInfo{ecde623 container=DefaultTaskDisplayArea@164275376 flags=0x0}
04-08 13:22:43.416 D/Transition( 2171):    ChangeInfo{bdbd720 container=ActivityRecord{187770924 u0 com.adda247.gold/.MainActivity t8398} flags=0x0}
04-08 13:22:43.416 D/Transition( 2171):    ChangeInfo{ae688d9 container=WallpaperWindowToken{e54fb09 showWhenLocked=true} flags=0x0}
04-08 13:22:43.416 D/Transition( 2171):    ChangeInfo{37033f2 container=Task{ee66ec3 #1 type=home} flags=0x10}
04-08 13:22:43.416 D/Transition( 2171): ]
04-08 13:22:43.416 D/Transition( 2171): }
04-08 13:22:43.417 D/ActivityTaskManager( 2171): commitVisibility: ActivityRecord{38317996 u0 com.android.launcher/.Launcher t5}: visible=false visibleRequested=false, isInTransition=false 
04-08 13:22:43.417 D/WindowManager( 2171): NFW_setClientVisible:ActivityRecord{38317996 u0 com.android.launcher/.Launcher t5} clientVisible:false
04-08 13:22:43.418 D/VRI[Launcher]( 3345): dispatchAppVisibility visible:false mUpcomingWindowFocus:false
04-08 13:22:43.418 D/Transition( 2171): finishTransition ar ActivityRecord{187770924 u0 com.adda247.gold/.MainActivity t8398}, isVisibleRequested=true, state=RESUMED, visibleAtTransitionEndTokens={WallpaperWindowToken{423cd0a showWhenLocked=false}, ActivityRecord{187770924 u0 com.adda247.gold/.MainActivity t8398}}, this=TransitionRecord{be230c6 id=6936 track=0 type=OPEN flags=0x0 state=2 c=[
04-08 13:22:43.418 D/Transition( 2171):    ChangeInfo{94f4887 container=Display{#0 state=ON size=1080x2400 ROTATION_0} flags=0x0}
04-08 13:22:43.418 D/Transition( 2171):    ChangeInfo{e4533b4 container=ActivityRecord{38317996 u0 com.android.launcher/.Launcher t5} flags=0x0}
04-08 13:22:43.418 D/Transition( 2171):    ChangeInfo{a700bdd container=WallpaperWindowToken{423cd0a showWhenLocked=false} flags=0x0}
04-08 13:22:43.418 D/Transition( 2171):    ChangeInfo{f409352 container=Task{66b82ae #5 type=home I=com.android.launcher/.Launcher} flags=0x10}
04-08 13:22:43.418 D/Transition( 2171):    ChangeInfo{d4d4afd container=Task{7c1defb #8398 type=standard A=10932:com.adda247.gold} flags=0x10}
04-08 13:22:43.418 D/Transition( 2171):    ChangeInfo{ecde623 container=DefaultTaskDisplayArea@164275376 flags=0x0}
04-08 13:22:43.418 D/Transition( 2171):    ChangeInfo{bdbd720 container=ActivityRecord{187770924 u0 com.adda247.gold/.MainActivity t8398} flags=0x0}
04-08 13:22:43.418 D/Transition( 2171):    ChangeInfo{ae688d9 container=WallpaperWindowToken{e54fb09 showWhenLocked=true} flags=0x0}
04-08 13:22:43.418 D/Transition( 2171):    ChangeInfo{37033f2 container=Task{ee66ec3 #1 type=home} flags=0x10}
04-08 13:22:43.418 D/Transition( 2171): ]
04-08 13:22:43.418 D/Transition( 2171): }
04-08 13:22:43.418 D/WindowManager( 2171): NFW_setClientVisible:WallpaperWindowToken{423cd0a showWhenLocked=false} clientVisible:false
04-08 13:22:43.418 D/HWUI    ( 3345): SkiaOpenGLPipeline::setSurface: this=0xb4000071927b4e00, surface=NULL
04-08 13:22:43.419 I/OplusAppSwitchManagerService( 2171):  handleAppVisible , r = ActivityRecord{187770924 u0 com.adda247.gold/.MainActivity t8398}
04-08 13:22:43.420 D/HWUI    ( 3345): createSurface new attribs array
04-08 13:22:43.420 D/libEGL  ( 3345): this is from skia gles
04-08 13:22:43.420 D/OplusTransitionController( 2171): finishTransition, transition: TransitionRecord{be230c6 id=6936 track=0 type=OPEN flags=0x0 state=4 c=[
04-08 13:22:43.420 D/OplusTransitionController( 2171):    ChangeInfo{94f4887 container=Display{#0 state=ON size=1080x2400 ROTATION_0} flags=0x0}
04-08 13:22:43.420 D/OplusTransitionController( 2171):    ChangeInfo{e4533b4 container=ActivityRecord{38317996 u0 com.android.launcher/.Launcher t5} flags=0x0}
04-08 13:22:43.420 D/OplusTransitionController( 2171):    ChangeInfo{a700bdd container=WallpaperWindowToken{423cd0a showWhenLocked=false} flags=0x0}
04-08 13:22:43.420 D/OplusTransitionController( 2171):    ChangeInfo{f409352 container=Task{66b82ae #5 type=home I=com.android.launcher/.Launcher} flags=0x10}
04-08 13:22:43.420 D/OplusTransitionController( 2171):    ChangeInfo{d4d4afd container=Task{7c1defb #8398 type=standard A=10932:com.adda247.gold} flags=0x10}
04-08 13:22:43.420 D/OplusTransitionController( 2171):    ChangeInfo{ecde623 container=DefaultTaskDisplayArea@164275376 flags=0x0}
04-08 13:22:43.420 D/OplusTransitionController( 2171):    ChangeInfo{bdbd720 container=ActivityRecord{187770924 u0 com.adda247.gold/.MainActivity t8398} flags=0x0}
04-08 13:22:43.420 D/OplusTransitionController( 2171):    ChangeInfo{ae688d9 container=WallpaperWindowToken{e54fb09 showWhenLocked=true} flags=0x0}
04-08 13:22:43.420 D/OplusTransitionController( 2171):    ChangeInfo{37033f2 container=Task{ee66ec3 #1 type=home} flags=0x10}
04-08 13:22:43.420 D/OplusTransitionController( 2171): ]
04-08 13:22:43.420 D/OplusTransitionController( 2171): }
04-08 13:22:43.421 D/FlexibleTaskTransitionController( 2171):  finishTransition pendingRecentToFlexibleTask:null,isRotationTransition:false ,pendingRecentToFlexible:null ,transition:TransitionRecord{be230c6 id=6936 track=0 type=OPEN flags=0x0 state=4 c=[
04-08 13:22:43.421 D/FlexibleTaskTransitionController( 2171):    ChangeInfo{94f4887 container=Display{#0 state=ON size=1080x2400 ROTATION_0} flags=0x0}
04-08 13:22:43.421 D/FlexibleTaskTransitionController( 2171):    ChangeInfo{e4533b4 container=ActivityRecord{38317996 u0 com.android.launcher/.Launcher t5} flags=0x0}
04-08 13:22:43.421 D/FlexibleTaskTransitionController( 2171):    ChangeInfo{a700bdd container=WallpaperWindowToken{423cd0a showWhenLocked=false} flags=0x0}
04-08 13:22:43.421 D/FlexibleTaskTransitionController( 2171):    ChangeInfo{f409352 container=Task{66b82ae #5 type=home I=com.android.launcher/.Launcher} flags=0x10}
04-08 13:22:43.421 D/FlexibleTaskTransitionController( 2171):    ChangeInfo{d4d4afd container=Task{7c1defb #8398 type=standard A=10932:com.adda247.gold} flags=0x10}
04-08 13:22:43.421 D/FlexibleTaskTransitionController( 2171):    ChangeInfo{ecde623 container=DefaultTaskDisplayArea@164275376 flags=0x0}
04-08 13:22:43.421 D/FlexibleTaskTransitionController( 2171):    ChangeInfo{bdbd720 container=ActivityRecord{187770924 u0 com.adda247.gold/.MainActivity t8398} flags=0x0}
04-08 13:22:43.421 D/FlexibleTaskTransitionController( 2171):    ChangeInfo{ae688d9 container=WallpaperWindowToken{e54fb09 showWhenLocked=true} flags=0x0}
04-08 13:22:43.421 D/FlexibleTaskTransitionController( 2171):    ChangeInfo{37033f2 container=Task{ee66ec3 #1 type=home} flags=0x10}
04-08 13:22:43.421 D/FlexibleTaskTransitionController( 2171): ]
04-08 13:22:43.421 D/FlexibleTaskTransitionController( 2171): }
04-08 13:22:43.422 D/RefreshRate( 2171): ***** request traversal for refresh rate change, reason is highTempRefreshRateChanged: false, windowRefreshRateChanged: true, flexibleWindowStateChanged: false, has float/zoom window *****
04-08 13:22:43.423 D/TransitionControllerExtImpl( 2171): NFW_send RECOMPUTE_FOCUS in finishTransition
04-08 13:22:43.423 D/WindowManager( 2171): NFW_findFocusedWindowIfNeeded:null mCurrentFocus:null
04-08 13:22:43.423 D/ShellTaskOrganizer( 2940): onTransitionFinish, isRecent:false
04-08 13:22:43.423 V/WindowManagerShell( 2940): Track 0 became idle
04-08 13:22:43.424 D/Transition( 2171): finishTransaction-onCommitted syncId=6936
04-08 13:22:43.425 I/DispPerfService( 1534): updateLayerMask 8
04-08 13:22:43.425 D/WallpaperControllerExtImpl( 2171): screenshot + id = 2 userId = 0
04-08 13:22:43.426 D/RefreshRate( 2171): Refresh rate changing from 120.00001 to 60.0,maxRefreshRate=60.0 FOR:{
04-08 13:22:43.426 D/RefreshRate( 2171):     | COURSE[; Win preferred rateId=0, appReqFirst=false, data= RateData{} ;win name:Splash Screen com.adda247.gold]
04-08 13:22:43.426 D/RefreshRate( 2171):     | VOTES[PRIORITY_WINDOW_REQUEST -> Vote{mRefreshRate=60.0, mMinRefreshRate=60.0, mRequestSource=null};]
04-08 13:22:43.426 D/RefreshRate( 2171):     | TIME:2026-04-08 07:52:43}
04-08 13:22:43.426 D/DisplayModeDirector( 2171): setAppRequest displayId : 0  modeId: 3  requestedRefreshRate: 0.0  requestedMinRefreshRateRange: 0.0  requestedMaxRefreshRateRange: 60.0
04-08 13:22:43.427 D/DisplayManagerServiceExtImpl( 2171): scheduleTraversalLocked intraversal=false
04-08 13:22:43.427 I/TaskOrganizerController( 2171): onTaskInfoChanged taskid 8398 config { mBounds=Rect(0, 0 - 1080, 2400) mAppBounds=Rect(0, 0 - 1080, 2400) mMaxBounds=Rect(0, 0 - 1080, 2400) mDisplayRotation=ROTATION_0 mWindowingMode=fullscreen mActivityType=standard mAlwaysOnTop=undefined mRotation=ROTATION_0}
04-08 13:22:43.427 D/DisplayManagerService( 2171): MSG_REQUEST_TRAVERSAL pendingCompleted=false
04-08 13:22:43.428 D/OplusFlexibleDragToSplitAnimController( 2171): visibleFlexibleTaskInfos delete:8398
04-08 13:22:43.428 E/FlexibleWindowManagerService( 2171): notifyTaskObserverToAttachController not need to notify!
04-08 13:22:43.428 I/FlexibleWindowManagerService( 2171): onFlexibleWindowTaskInfoChanged, return for cur task not embedded
04-08 13:22:43.428 I/TaskOrganizerController( 2171): onTaskInfoChanged taskid 1 config { mBounds=Rect(0, 0 - 1080, 2400) mAppBounds=Rect(0, 0 - 1080, 2400) mMaxBounds=Rect(0, 0 - 1080, 2400) mDisplayRotation=ROTATION_0 mWindowingMode=fullscreen mActivityType=home mAlwaysOnTop=undefined mRotation=ROTATION_0}
04-08 13:22:43.428 D/ShellTaskOrganizerExt( 2940): visibleFlexibleTaskInfos delete:8398
04-08 13:22:43.428 D/OplusFlexibleDragToSplitAnimController( 2171): visibleFlexibleTaskInfos delete:1
04-08 13:22:43.428 D/ShellTaskOrganizerExt( 2940): isOnCanvas size:0
04-08 13:22:43.428 D/ShellTaskOrganizerExt( 2940): isOnThreeFlexibleCanvas size:0
04-08 13:22:43.428 E/FlexibleWindowManagerService( 2171): notifyTaskObserverToAttachController not need to notify!
04-08 13:22:43.428 I/FlexibleWindowManagerService( 2171): onFlexibleWindowTaskInfoChanged, return for cur task not embedded
04-08 13:22:43.430 D/ShellTaskOrganizerExt( 2940): visibleFlexibleTaskInfos delete:1
04-08 13:22:43.430 D/ShellTaskOrganizerExt( 2940): isOnCanvas size:0
04-08 13:22:43.430 D/ShellTaskOrganizerExt( 2940): isOnThreeFlexibleCanvas size:0
04-08 13:22:43.433 I/DispPerfService( 1534): updateLayerMask 0
04-08 13:22:43.436 W/hwcomposer( 1401): [DRMDEV] paramIsSame(), id 20122, w 1080/1080, h 2400/2400, pitch 1088/1088, format 0x1/0x2, secure 0/0  
04-08 13:22:43.439 D/DisplayManagerService( 2171): performTraversalInternal pendingTraversal
04-08 13:22:43.439 D/DisplayDevice( 2171): setLayerStackLocked id=local:4627039422300187648 token=android.os.BinderProxy@af2e824 stack=0->0
04-08 13:22:43.439 D/LocalDisplayAdapter( 2171): setDesiredDisplayModeSpecsAsync: display unique id = local:4627039422300187648, display mode specs = defaultMode=2 allowGroupSwitching=false primaryRanges=physical: (0.0 120.0) render:  (0.0 60.0) appRequestRanges=physical: (0.0 120.0) render:  (0.0 60.0) idleScreenRefreshRate=null
04-08 13:22:43.440 I/BufferQueueProducer( 1534): [NavigationBar_displayId_0#83](this:0xb400006f6c3adaf8,id:-1,api:0,p:-1,c:1534) queueBuffer: fps=0.02 dur=45595.23 max=45595.23 min=45595.23
04-08 13:22:43.441 I/SurfaceFlinger( 1534): setDesiredDisplayModeSpecs: calling_process=system_server
04-08 13:22:43.441 D/SurfaceFlinger( 1534): VRR [SurfaceFlinger] setDesiredDisplayModeSpecs, from process 2171, 2, 0, primaryRanges = [ 0.000000, 120.000000, 0.000000, 60.000000 ], appRequestRanges = [ 0.000000, 120.000000, 0.000000 60.000000 ]
04-08 13:22:43.442 I/SurfaceFlinger( 1534): setDesiredDisplayModeSpecs: policy={defaultModeId=2, allowGroupSwitching=false, primaryRanges={physical=[0.00 Hz, 120.00 Hz], render=[0.00 Hz, 60.00 Hz]}, appRequestRanges={physical=[0.00 Hz, 120.00 Hz], render=[0.00 Hz, 60.00 Hz]} idleScreenConfig=nullptr}
04-08 13:22:43.442 I/RefreshRateSelector( 1534): Display 4627039422300187648 policy changed
04-08 13:22:43.442 I/RefreshRateSelector( 1534): Previous: {defaultModeId=0, allowGroupSwitching=false, primaryRanges={physical=[120.00 Hz, 120.00 Hz], render=[120.00 Hz, 120.00 Hz]}, appRequestRanges={physical=[120.00 Hz, 120.00 Hz], render=[120.00 Hz, 120.00 Hz]} idleScreenConfig=nullptr}
04-08 13:22:43.442 I/RefreshRateSelector( 1534): Current:  DisplayManagerPolicy{defaultModeId=2, allowGroupSwitching=false, primaryRanges={physical=[0.00 Hz, 120.00 Hz], render=[0.00 Hz, 60.00 Hz]}, appRequestRanges={physical=[0.00 Hz, 120.00 Hz], render=[0.00 Hz, 60.00 Hz]} idleScreenConfig=nullptr}
04-08 13:22:43.442 I/RefreshRateSelector( 1534): 0 mode changes were performed under the previous policy
04-08 13:22:43.442 D/SurfaceFlinger( 1534): VRR [SurfaceFlinger] applyRefreshRateSelectorPolicy: 2 (60.00 Hz), policy: {defaultModeId=2, allowGroupSwitching=false, primaryRanges={physical=[0.00 Hz, 120.00 Hz], render=[0.00 Hz, 60.00 Hz]}, appRequestRanges={physical=[0.00 Hz, 120.00 Hz], render=[0.00 Hz, 60.00 Hz]} idleScreenConfig=nullptr}
04-08 13:22:43.442 D/SurfaceFlinger( 1534): VRR [SurfaceFlinger] setDesiredActiveMode: displayId: 4627039422300187648, renderRate: 60, vsyncRate: 60, event: 1
04-08 13:22:43.442 D/DisplayModeController( 1534): setDesiredMode 4627039422300187648 {mode={fps=60.00 Hz, modePtr={id=2, vsyncRate=60.00 Hz, peakRefreshRate=60.00 Hz}}, emitEvent=true, force=false}
04-08 13:22:43.443 D/Scheduler( 1534): frame_rate = 60, set halftime to 32ms
04-08 13:22:43.443 I/PowerHalWrapper( 1534): updateFps(): 60
04-08 13:22:43.444 I/HWC2    ( 1534): [0] setActiveConfigWithConstraints[2]
04-08 13:22:43.444 I/hwcomposer( 1401): [HWC] number Config: 7  
04-08 13:22:43.444 I/hwcomposer( 1401): [HWC] (0) Attribute: config:2, attr:1, value:1080  
04-08 13:22:43.444 I/hwcomposer( 1401): [HWC] number Config: 7  
04-08 13:22:43.444 I/hwcomposer( 1401): [HWC] (0) Attribute: config:2, attr:2, value:2400  
04-08 13:22:43.444 I/hwcomposer( 1401): [HWCDisplay] (0) setActiveConfigWithConstraints config:2  
04-08 13:22:43.444 I/hwcomposer( 1401): [HWCDisplay] setActiveConfigWithConstraints(), now 329202963630388, diff 268000, estimated_applied_time 8333333 queued_size:0  
04-08 13:22:43.459 I/hwcomposer( 1401): [HWCDisplay] updateAppliedConfigState: applied config complete[idx:329202971963721, config:2]  
04-08 13:22:43.470 I/DisplayDeviceRepository( 2171): Display device changed render timings: "Built-in screen", renderFrameRate=60.000004, presentationDeadlineNanos=16600000, appVsyncOffsetNanos=1133334, frameRateOverrides=[]
04-08 13:22:43.470 D/LogicalDisplayExt( 2171): set displayInfo flag FLAG_ROTATES_WITH_CONTENT
04-08 13:22:43.471 D/DisplayManagerService( 2171): Delivering display event: displayId=0, event=EVENT_DISPLAY_REFRESH_RATE_CHANGED
04-08 13:22:43.475 D/WindowManager( 2171): DeferredDisplayUpdater: partially applying DisplayInfo(1080 x 2400) immediately
04-08 13:22:43.476 E/OplusGestureAnimationManagerPolicy( 2171): mScreenHeight:2400 mScreenWidth:1080 mRotation:0
04-08 13:22:43.476 D/OplusVFXScreenEffectFeature( 2171): notifySFCompatWindowStateChange entered false
04-08 13:22:43.476 D/[PREVIEW]( 1534): SF obtain preview_adapter: 0
04-08 13:22:43.476 D/FSS_FoldScreenBlackCoverController( 2171): displayChangeToOn, dc:Display{#0 state=ON size=1080x2400 ROTATION_0}
04-08 13:22:43.476 D/[PREVIEW]( 1534): TabletPreviewAdapter::parallel world 0
04-08 13:22:43.476 D/AudioSystem( 2171): +setParameters(): screen_state=on 
04-08 13:22:43.479 I/KeyguardDisplayManager( 2940): onDisplayChanged displayId: 0
04-08 13:22:43.479 I/SystemUi--Keyguard( 2940): KeyguardDisplayManagerExImpl-->orientationChanged=false, presentationDisplayChanged=false, lastPresentationWidth=0, lastPresentationHeight=0, lastPresentationDensity=0
04-08 13:22:43.483 D/AudioBoost( 1478): audioSchedBoost, pid=1478, tid=12002, enable=1, ret=0
04-08 13:22:43.483 D/AudioFlingerExtImpl( 1478): AudioFlingerExtImpl oplusSetParameters: keyvalue screen_state=on
04-08 13:22:43.484 D/AudioALSAHardware( 1393): +setParameters(): screen_state=on
04-08 13:22:43.484 D/AudioALSAHardware( 1393): =====>GetInstance()->MMI_Auto_Test
04-08 13:22:43.484 D/audio_engineer_test( 1393): do_audio_test_process Enter all_test[0]:NoneTest in_call:false
04-08 13:22:43.484 D/OplusAudioALSASuperVolume( 1393): parseAudioSuperVolumeParam(), not support set Audio Super Volume Param!
04-08 13:22:43.484 D/AudioALSAStreamOut( 1393): +setScreenState(), flag 2, mode 1
04-08 13:22:43.484 D/AudioALSAStreamOut( 1393): +setScreenState(), flag 8, mode 1
04-08 13:22:43.484 D/AudioALSAStreamOut( 1393): +setScreenState(), flag 4, mode 1
04-08 13:22:43.484 D/AudioALSAStreamOut( 1393): +setScreenState(), flag 32768, mode 1
04-08 13:22:43.484 D/AudioALSAStreamOut( 1393): +setScreenState(), flag 65536, mode 1
04-08 13:22:43.484 D/AudioALSAHardware( 1393): -setParameters(): screen_state=on
04-08 13:22:43.486 D/AudioBoost( 1478): audioSchedBoost, pid=1478, tid=12002, enable=0, ret=0
04-08 13:22:43.520 D/VRR [OPlusRefreshRateService]( 2171): handleConfigIdChange physicalDisplayId: 4627039422300187648 configId: 2 renderPeriod: 16666666
04-08 13:22:43.590 W/AccessibilityManagerService( 2171):  wait for adding window timeout: 1763
04-08 13:22:43.671 I/discovery::core::moni..(10438): DiscMonitor: [trace_id=69710457665]DiscoveryComponentStatus { adaptive_sdp_client_status: Some("{\"0\":\"0.0.0.0\",\"1\":null}"), adaptive_sdp_server_status: None, network_interface_states: Some({}) }
04-08 13:22:43.684 I/sensors-hal-HfLooper( 1407): ambient light  38.000000
04-08 13:22:43.891 D/nativeloader(12922): Configuring clns-9 for other apk /data/app/~~ZyA4WFWO3TjHXecCaOduxg==/com.adda247.gold-jRE7iAGs2arl1lKo87dh0Q==/base.apk. target_sdk_version=36, uses_libraries=, library_path=/data/app/~~ZyA4WFWO3TjHXecCaOduxg==/com.adda247.gold-jRE7iAGs2arl1lKo87dh0Q==/lib/arm64:/data/app/~~ZyA4WFWO3TjHXecCaOduxg==/com.adda247.gold-jRE7iAGs2arl1lKo87dh0Q==/base.apk!/lib/arm64-v8a, permitted_path=/data:/mnt/expand:/data/user/0/com.adda247.gold
04-08 13:22:43.898 I/om.adda247.gold(12922): AssetManager2(0xb4000072a4763428) locale list changing from [] to [en-IN]
04-08 13:22:43.904 V/GraphicsEnvironment(12922): Currently set values for:
04-08 13:22:43.904 V/GraphicsEnvironment(12922):   angle_gl_driver_selection_pkgs=[]
04-08 13:22:43.904 V/GraphicsEnvironment(12922):   angle_gl_driver_selection_values=[]
04-08 13:22:43.904 V/GraphicsEnvironment(12922): com.adda247.gold is not listed in per-application setting
04-08 13:22:43.904 V/GraphicsEnvironment(12922): ANGLE allowlist from config: 
04-08 13:22:43.904 V/GraphicsEnvironment(12922): com.adda247.gold is not listed in ANGLE allowlist or settings, returning default
04-08 13:22:43.905 V/GraphicsEnvironment(12922): Neither updatable production driver nor prerelease driver is supported.
04-08 13:22:43.908 D/ResourcesManagerExtImpl(12922): applyConfigurationToAppResourcesLocked app.getDisplayId() return callback.displayId:-1
04-08 13:22:43.947 D/SessionsDependencies(12922): Dependency to CRASHLYTICS added.
04-08 13:22:43.953 I/FirebaseApp(12922): Device unlocked: initializing all Firebase APIs for app [DEFAULT]
04-08 13:22:44.019 D/FirebaseSessions(12922): Initializing Firebase Sessions SDK.
04-08 13:22:44.061 D/OplusScrollToTopManager( 3345): com.android.launcher/com.android.launcher.Launcher,This com.android.internal.policy.DecorView{2545fc5 V.E...... R....... 0,0-1080,2400 aid=0 alpha=1.0 viewInfo = }[Launcher] change focus to false
04-08 13:22:44.066 I/FirebaseCrashlytics(12922): Initializing Firebase Crashlytics 19.2.1 for com.adda247.gold
04-08 13:22:44.071 E/OplusDexOptimizeManager( 2171): Start app fature is off
04-08 13:22:44.072 W/OplusExSystemServiceHelper(18199): checkOplusExSystemService intent getComponent is null
04-08 13:22:44.087 D/SessionsDependencies(12922): Subscriber CRASHLYTICS registered.
04-08 13:22:44.099 W/om.adda247.gold(12922): ClassLoaderContext classpath size mismatch. expected=1, found=0 (DLC[];PCL[base.apk*853215258]{PCL[/system/framework/org.apache.http.legacy.jar*2241503858]#PCL[/system/framework/com.android.location.provider.jar*1570284764]#PCL[/system/framework/com.android.media.remotedisplay.jar*487574312]#PCL[/system_ext/framework/com.android.extensions.appfunctions.jar*2880224042]#PCL[/system_ext/framework/androidx.window.extensions.jar*2427015362]#PCL[/system_ext/framework/androidx.window.sidecar.jar*621982722]} | DLC[];PCL[])
04-08 13:22:44.105 I/DynamiteModule(12922): Considering local module com.google.android.gms.measurement.dynamite:127 and remote module com.google.android.gms.measurement.dynamite:185
04-08 13:22:44.105 I/DynamiteModule(12922): Selected remote version of com.google.android.gms.measurement.dynamite, version >= 185
04-08 13:22:44.105 V/DynamiteModule(12922): Dynamite loader version >= 2, using loadModule2NoCrashUtils
04-08 13:22:44.119 I/FirebaseInitProvider(12922): FirebaseApp initialization successful
04-08 13:22:44.120 D/FLTFireContextHolder(12922): received application context.
04-08 13:22:44.123 E/ashmem  (12922): Pinning is deprecated since Android Q. Please use trim or other methods.
04-08 13:22:44.128 D/OplusGraphicsEvent(12922): OplusGraphicsEventListener create now!
04-08 13:22:44.129 D/OplusGraphicsEvent(12922): addEventListener success!
04-08 13:22:44.130 E/[UAH_CLIENT](12922): uahInit enter
04-08 13:22:44.135 W/om.adda247.gold(12922): AIBinder_linkToDeath is being called with a non-null cookie and no onUnlink callback set. This might not be intended. AIBinder_DeathRecipient_setOnUnlinked should be called first.
04-08 13:22:44.135 I/UrccFramework-halservice( 1469): Urcc::init is called 
04-08 13:22:44.135 I/[UAH_CLIENT](12922): UahGetFeatureStatus enter
04-08 13:22:44.138 D/DnsDomainBlock( 3431): onDnsEvent: latencyMs=17, returnCode=0, uid=10932
04-08 13:22:44.141 D/nativeloader(12922): Load libpowerhalwrap_jni.so using system ns (caller=/system_ext/framework/mediatek-framework.jar): ok
04-08 13:22:44.141 I/PowerHalWrapper(12922): PowerHalWrapper.getInstance 
04-08 13:22:44.142 I/PowerHalWrapper(12922): PowerHalWrapper.getInstance 
04-08 13:22:44.142 I/M-ProMotion(12922): M-ProMotion is disabled
04-08 13:22:44.144 D/WM-WrkMgrInitializer(12922): Initializing WorkManager with default configuration.
04-08 13:22:44.156 D/DnsDomainBlock( 3431): onDnsEvent: latencyMs=37, returnCode=0, uid=10932
04-08 13:22:44.160 W/System  (12922): ClassLoader referenced unknown path: 
04-08 13:22:44.160 D/nativeloader(12922): Configuring clns-10 for other apk . target_sdk_version=37, uses_libraries=, library_path=/data/app/~~cyj9eH-MUni1uS7hqZJK6w==/com.google.android.gms-7ZKshN9dISUPXfsqw9YUUw==/lib/arm64:/data/app/~~cyj9eH-MUni1uS7hqZJK6w==/com.google.android.gms-7ZKshN9dISUPXfsqw9YUUw==/base.apk!/lib/arm64-v8a, permitted_path=/data:/mnt/expand:/data/user/0/com.google.android.gms
04-08 13:22:44.162 I/TcpSyn  ( 3431): updateFrontUidsToKernel, uids = [10932]
04-08 13:22:44.168 I/om.adda247.gold(12922): AssetManager2(0xb4000072ab2db028) locale list changing from [] to [en-IN]
04-08 13:22:44.171 D/WM-PackageManagerHelper(12922): Skipping component enablement for androidx.work.impl.background.systemjob.SystemJobService
04-08 13:22:44.171 D/WM-Schedulers(12922): Created SystemJobScheduler and enabled SystemJobService
04-08 13:22:44.175 W/om.adda247.gold(12922): ClassLoaderContext classpath element checksum mismatch. expected=853215258, found=1729256125 (DLC[];PCL[base.apk*853215258]{PCL[/system/framework/org.apache.http.legacy.jar*2241503858]#PCL[/system/framework/com.android.location.provider.jar*1570284764]#PCL[/system/framework/com.android.media.remotedisplay.jar*487574312]#PCL[/system_ext/framework/com.android.extensions.appfunctions.jar*2880224042]#PCL[/system_ext/framework/androidx.window.extensions.jar*2427015362]#PCL[/system_ext/framework/androidx.window.sidecar.jar*621982722]} | DLC[];PCL[/data/app/~~ZyA4WFWO3TjHXecCaOduxg==/com.adda247.gold-jRE7iAGs2arl1lKo87dh0Q==/base.apk*1729256125]{PCL[/system/framework/org.apache.http.legacy.jar*2241503858]#PCL[/system_ext/framework/androidx.window.extensions.jar*2427015362]#PCL[/system_ext/framework/androidx.window.sidecar.jar*621982722]})
04-08 13:22:44.184 D/WM-ForceStopRunnable(12922): The default process name was not specified.
04-08 13:22:44.185 D/WM-ForceStopRunnable(12922): Performing cleanup operations.
