--------- beginning of system
04-08 13:14:28.568 V/WindowManagerShell( 2940): Transition animation finished (aborted=false), notifying core (#6927) android.os.BinderProxy@26a0654@0
04-08 13:14:28.568 D/SplitScreen-->AppLockManager( 2940): setStartFromSafeControl mStartFromSafeControl=false
04-08 13:14:28.574 D/Transition( 2171): finishTransition ar ActivityRecord{38317996 u0 com.android.launcher/.Launcher t5}, isVisibleRequested=false, state=PAUSED, visibleAtTransitionEndTokens={WallpaperWindowToken{423cd0a showWhenLocked=false}, ActivityRecord{190458952 u0 com.adda247.gold/.MainActivity t8396}}, this=TransitionRecord{b39309b id=6927 track=0 type=OPEN flags=0x0 state=2 c=[
04-08 13:14:28.574 D/Transition( 2171):    ChangeInfo{70b1c38 container=Display{#0 state=ON size=1080x2400 ROTATION_0} flags=0x0}
04-08 13:14:28.574 D/Transition( 2171):    ChangeInfo{da44411 container=ActivityRecord{38317996 u0 com.android.launcher/.Launcher t5} flags=0x0}
04-08 13:14:28.574 D/Transition( 2171):    ChangeInfo{1d45976 container=WallpaperWindowToken{423cd0a showWhenLocked=false} flags=0x0}
04-08 13:14:28.574 D/Transition( 2171):    ChangeInfo{56e3384 container=Task{57256c7 #8396 type=standard A=10932:com.adda247.gold} flags=0x10}
04-08 13:14:28.574 D/Transition( 2171):    ChangeInfo{1f03b77 container=Task{66b82ae #5 type=home I=com.android.launcher/.Launcher} flags=0x10}
04-08 13:14:28.574 D/Transition( 2171):    ChangeInfo{a71c3e4 container=DefaultTaskDisplayArea@164275376 flags=0x0}
04-08 13:14:28.574 D/Transition( 2171):    ChangeInfo{278104d container=ActivityRecord{190458952 u0 com.adda247.gold/.MainActivity t8396} flags=0x0}
04-08 13:14:28.574 D/Transition( 2171):    ChangeInfo{aa49702 container=WallpaperWindowToken{e54fb09 showWhenLocked=true} flags=0x0}
04-08 13:14:28.574 D/Transition( 2171):    ChangeInfo{fb6576d container=Task{ee66ec3 #1 type=home} flags=0x10}
04-08 13:14:28.574 D/Transition( 2171): ]
04-08 13:14:28.574 D/Transition( 2171): }
04-08 13:14:28.574 D/ActivityTaskManager( 2171): commitVisibility: ActivityRecord{38317996 u0 com.android.launcher/.Launcher t5}: visible=false visibleRequested=false, isInTransition=false 
04-08 13:14:28.574 D/WindowManager( 2171): NFW_setClientVisible:ActivityRecord{38317996 u0 com.android.launcher/.Launcher t5} clientVisible:false
04-08 13:14:28.575 D/Transition( 2171): finishTransition ar ActivityRecord{190458952 u0 com.adda247.gold/.MainActivity t8396}, isVisibleRequested=true, state=RESUMED, visibleAtTransitionEndTokens={WallpaperWindowToken{423cd0a showWhenLocked=false}, ActivityRecord{190458952 u0 com.adda247.gold/.MainActivity t8396}}, this=TransitionRecord{b39309b id=6927 track=0 type=OPEN flags=0x0 state=2 c=[
04-08 13:14:28.575 D/Transition( 2171):    ChangeInfo{70b1c38 container=Display{#0 state=ON size=1080x2400 ROTATION_0} flags=0x0}
04-08 13:14:28.575 D/Transition( 2171):    ChangeInfo{da44411 container=ActivityRecord{38317996 u0 com.android.launcher/.Launcher t5} flags=0x0}
04-08 13:14:28.575 D/Transition( 2171):    ChangeInfo{1d45976 container=WallpaperWindowToken{423cd0a showWhenLocked=false} flags=0x0}
04-08 13:14:28.575 D/Transition( 2171):    ChangeInfo{56e3384 container=Task{57256c7 #8396 type=standard A=10932:com.adda247.gold} flags=0x10}
04-08 13:14:28.575 D/Transition( 2171):    ChangeInfo{1f03b77 container=Task{66b82ae #5 type=home I=com.android.launcher/.Launcher} flags=0x10}
04-08 13:14:28.575 D/Transition( 2171):    ChangeInfo{a71c3e4 container=DefaultTaskDisplayArea@164275376 flags=0x0}
04-08 13:14:28.575 D/Transition( 2171):    ChangeInfo{278104d container=ActivityRecord{190458952 u0 com.adda247.gold/.MainActivity t8396} flags=0x0}
04-08 13:14:28.575 D/Transition( 2171):    ChangeInfo{aa49702 container=WallpaperWindowToken{e54fb09 showWhenLocked=true} flags=0x0}
04-08 13:14:28.575 D/Transition( 2171):    ChangeInfo{fb6576d container=Task{ee66ec3 #1 type=home} flags=0x10}
04-08 13:14:28.575 D/Transition( 2171): ]
04-08 13:14:28.575 D/Transition( 2171): }
04-08 13:14:28.576 D/WindowManager( 2171): NFW_setClientVisible:WallpaperWindowToken{423cd0a showWhenLocked=false} clientVisible:false
04-08 13:14:28.576 I/OplusAppSwitchManagerService( 2171):  handleAppVisible , r = ActivityRecord{190458952 u0 com.adda247.gold/.MainActivity t8396}
04-08 13:14:28.578 D/OplusTransitionController( 2171): finishTransition, transition: TransitionRecord{b39309b id=6927 track=0 type=OPEN flags=0x0 state=4 c=[
04-08 13:14:28.578 D/OplusTransitionController( 2171):    ChangeInfo{70b1c38 container=Display{#0 state=ON size=1080x2400 ROTATION_0} flags=0x0}
04-08 13:14:28.578 D/OplusTransitionController( 2171):    ChangeInfo{da44411 container=ActivityRecord{38317996 u0 com.android.launcher/.Launcher t5} flags=0x0}
04-08 13:14:28.578 D/OplusTransitionController( 2171):    ChangeInfo{1d45976 container=WallpaperWindowToken{423cd0a showWhenLocked=false} flags=0x0}
04-08 13:14:28.578 D/OplusTransitionController( 2171):    ChangeInfo{56e3384 container=Task{57256c7 #8396 type=standard A=10932:com.adda247.gold} flags=0x10}
04-08 13:14:28.578 D/OplusTransitionController( 2171):    ChangeInfo{1f03b77 container=Task{66b82ae #5 type=home I=com.android.launcher/.Launcher} flags=0x10}
04-08 13:14:28.578 D/OplusTransitionController( 2171):    ChangeInfo{a71c3e4 container=DefaultTaskDisplayArea@164275376 flags=0x0}
04-08 13:14:28.578 D/OplusTransitionController( 2171):    ChangeInfo{278104d container=ActivityRecord{190458952 u0 com.adda247.gold/.MainActivity t8396} flags=0x0}
04-08 13:14:28.578 D/OplusTransitionController( 2171):    ChangeInfo{aa49702 container=WallpaperWindowToken{e54fb09 showWhenLocked=true} flags=0x0}
04-08 13:14:28.578 D/OplusTransitionController( 2171):    ChangeInfo{fb6576d container=Task{ee66ec3 #1 type=home} flags=0x10}
04-08 13:14:28.578 D/OplusTransitionController( 2171): ]
04-08 13:14:28.578 D/OplusTransitionController( 2171): }
04-08 13:14:28.578 D/FlexibleTaskTransitionController( 2171):  finishTransition pendingRecentToFlexibleTask:null,isRotationTransition:false ,pendingRecentToFlexible:null ,transition:TransitionRecord{b39309b id=6927 track=0 type=OPEN flags=0x0 state=4 c=[
04-08 13:14:28.578 D/FlexibleTaskTransitionController( 2171):    ChangeInfo{70b1c38 container=Display{#0 state=ON size=1080x2400 ROTATION_0} flags=0x0}
04-08 13:14:28.578 D/FlexibleTaskTransitionController( 2171):    ChangeInfo{da44411 container=ActivityRecord{38317996 u0 com.android.launcher/.Launcher t5} flags=0x0}
04-08 13:14:28.578 D/FlexibleTaskTransitionController( 2171):    ChangeInfo{1d45976 container=WallpaperWindowToken{423cd0a showWhenLocked=false} flags=0x0}
04-08 13:14:28.578 D/FlexibleTaskTransitionController( 2171):    ChangeInfo{56e3384 container=Task{57256c7 #8396 type=standard A=10932:com.adda247.gold} flags=0x10}
04-08 13:14:28.578 D/FlexibleTaskTransitionController( 2171):    ChangeInfo{1f03b77 container=Task{66b82ae #5 type=home I=com.android.launcher/.Launcher} flags=0x10}
04-08 13:14:28.578 D/FlexibleTaskTransitionController( 2171):    ChangeInfo{a71c3e4 container=DefaultTaskDisplayArea@164275376 flags=0x0}
04-08 13:14:28.578 D/FlexibleTaskTransitionController( 2171):    ChangeInfo{278104d container=ActivityRecord{190458952 u0 com.adda247.gold/.MainActivity t8396} flags=0x0}
04-08 13:14:28.578 D/FlexibleTaskTransitionController( 2171):    ChangeInfo{aa49702 container=WallpaperWindowToken{e54fb09 showWhenLocked=true} flags=0x0}
04-08 13:14:28.578 D/FlexibleTaskTransitionController( 2171):    ChangeInfo{fb6576d container=Task{ee66ec3 #1 type=home} flags=0x10}
04-08 13:14:28.578 D/FlexibleTaskTransitionController( 2171): ]
04-08 13:14:28.578 D/FlexibleTaskTransitionController( 2171): }
04-08 13:14:28.580 D/RefreshRate( 2171): ***** request traversal for refresh rate change, reason is highTempRefreshRateChanged: false, windowRefreshRateChanged: true, flexibleWindowStateChanged: false, has float/zoom window *****
04-08 13:14:28.580 D/TransitionControllerExtImpl( 2171): NFW_send RECOMPUTE_FOCUS in finishTransition
04-08 13:14:28.580 D/Transition( 2171): finishTransaction-onCommitted syncId=6927
04-08 13:14:28.581 D/ShellTaskOrganizer( 2940): onTransitionFinish, isRecent:false
04-08 13:14:28.581 V/WindowManagerShell( 2940): Track 0 became idle
04-08 13:14:28.588 I/TaskOrganizerController( 2171): onTaskInfoChanged taskid 8396 config { mBounds=Rect(0, 0 - 1080, 2400) mAppBounds=Rect(0, 0 - 1080, 2400) mMaxBounds=Rect(0, 0 - 1080, 2400) mDisplayRotation=ROTATION_0 mWindowingMode=fullscreen mActivityType=standard mAlwaysOnTop=undefined mRotation=ROTATION_0}
04-08 13:14:28.589 D/OplusFlexibleDragToSplitAnimController( 2171): visibleFlexibleTaskInfos delete:8396
04-08 13:14:28.590 E/FlexibleWindowManagerService( 2171): notifyTaskObserverToAttachController not need to notify!
04-08 13:14:28.590 I/FlexibleWindowManagerService( 2171): onFlexibleWindowTaskInfoChanged, return for cur task not embedded
04-08 13:14:28.590 I/TaskOrganizerController( 2171): onTaskInfoChanged taskid 1 config { mBounds=Rect(0, 0 - 1080, 2400) mAppBounds=Rect(0, 0 - 1080, 2400) mMaxBounds=Rect(0, 0 - 1080, 2400) mDisplayRotation=ROTATION_0 mWindowingMode=fullscreen mActivityType=home mAlwaysOnTop=undefined mRotation=ROTATION_0}
04-08 13:14:28.591 D/OplusFlexibleDragToSplitAnimController( 2171): visibleFlexibleTaskInfos delete:1
04-08 13:14:28.591 E/FlexibleWindowManagerService( 2171): notifyTaskObserverToAttachController not need to notify!
04-08 13:14:28.591 I/FlexibleWindowManagerService( 2171): onFlexibleWindowTaskInfoChanged, return for cur task not embedded
04-08 13:14:28.595 D/RefreshRate( 2171): Refresh rate changing from 120.00001 to 60.0,maxRefreshRate=60.0 FOR:{
04-08 13:14:28.595 D/RefreshRate( 2171):     | COURSE[; Win preferred rateId=0, appReqFirst=false, data= RateData{} ;win name:Splash Screen com.adda247.gold]
04-08 13:14:28.595 D/RefreshRate( 2171):     | VOTES[PRIORITY_WINDOW_REQUEST -> Vote{mRefreshRate=60.0, mMinRefreshRate=60.0, mRequestSource=null};]
04-08 13:14:28.595 D/RefreshRate( 2171):     | TIME:2026-04-08 07:44:28}
04-08 13:14:28.596 D/DisplayModeDirector( 2171): setAppRequest displayId : 0  modeId: 3  requestedRefreshRate: 0.0  requestedMinRefreshRateRange: 0.0  requestedMaxRefreshRateRange: 60.0
04-08 13:14:28.601 D/WindowManager( 2171): NFW_findFocusedWindowIfNeeded:null mCurrentFocus:null
04-08 13:14:28.601 D/DisplayManagerServiceExtImpl( 2171): scheduleTraversalLocked intraversal=false
04-08 13:14:28.602 D/DisplayManagerService( 2171): MSG_REQUEST_TRAVERSAL pendingCompleted=false
04-08 13:14:28.604 D/DisplayManagerService( 2171): performTraversalInternal pendingTraversal
04-08 13:14:28.604 D/DisplayDevice( 2171): setLayerStackLocked id=local:4627039422300187648 token=android.os.BinderProxy@af2e824 stack=0->0
04-08 13:14:28.605 D/LocalDisplayAdapter( 2171): setDesiredDisplayModeSpecsAsync: display unique id = local:4627039422300187648, display mode specs = defaultMode=2 allowGroupSwitching=false primaryRanges=physical: (0.0 120.0) render:  (0.0 60.0) appRequestRanges=physical: (0.0 120.0) render:  (0.0 60.0) idleScreenRefreshRate=null
04-08 13:14:28.634 I/DisplayDeviceRepository( 2171): Display device changed render timings: "Built-in screen", renderFrameRate=60.000004, presentationDeadlineNanos=16600000, appVsyncOffsetNanos=1133334, frameRateOverrides=[]
04-08 13:14:28.635 D/LogicalDisplayExt( 2171): set displayInfo flag FLAG_ROTATES_WITH_CONTENT
04-08 13:14:28.635 D/DisplayManagerService( 2171): Delivering display event: displayId=0, event=EVENT_DISPLAY_REFRESH_RATE_CHANGED
04-08 13:14:28.637 D/WindowManager( 2171): DeferredDisplayUpdater: partially applying DisplayInfo(1080 x 2400) immediately
04-08 13:14:28.645 D/OplusVFXScreenEffectFeature( 2171): notifySFCompatWindowStateChange entered false
04-08 13:14:28.645 D/FSS_FoldScreenBlackCoverController( 2171): displayChangeToOn, dc:Display{#0 state=ON size=1080x2400 ROTATION_0}
04-08 13:14:28.684 D/VRR [OPlusRefreshRateService]( 2171): handleConfigIdChange physicalDisplayId: 4627039422300187648 configId: 2 renderPeriod: 16666666
04-08 13:14:28.745 W/AccessibilityManagerService( 2171):  wait for adding window timeout: 1746
04-08 13:14:28.778 V/AlarmManager( 2171): sending alarm Alarm{73fab7c type 1 origWhen 1775634268778 whenElapsed 1502253216 android} uid 1000 whenElapsed 1502253216 windowLength 0 maxWhenElapsed 1502253216 repeatInterval 0 action null component null tag StorgaeBandInfoAlarmTag flags 0x9 procName system_server
04-08 13:14:29.120 D/ResourcesManagerExtImpl(10887): applyConfigurationToAppResourcesLocked app.getDisplayId() return callback.displayId:-1
04-08 13:14:29.320 E/OplusDexOptimizeManager( 2171): Start app fature is off
04-08 13:14:29.521 D/ActivityManager( 2171): pid 19067 com.facebook.katana received async transactions while frozen
04-08 13:14:29.521 D/ActivityManager( 2171): reportOneUidFrozenStateChanged uid 10285 frozen = false
04-08 13:14:29.526 D/ActivityManager( 2171): sync unfroze 19067 com.facebook.katana for 7
04-08 13:14:29.537 E/OplusDexOptimizeManager( 2171): Start app fature is off
04-08 13:14:29.546 E/OplusDexOptimizeManager( 2171): Start app fature is off
04-08 13:14:29.614 I/ActivityManager( 2171): Flag disabled. Ignoring finishAttachApplication from uid: 10932. pid: 10887
04-08 13:14:29.625 I/DisplayManager(10887): Choreographer implicitly registered for the refresh rate.
04-08 13:14:29.630 D/ResourcesManagerExtImpl(10887): applyConfigurationToAppResourcesLocked app.getDisplayId() return callback.displayId:0
04-08 13:14:29.681 W/PackageManager( 2171): package com.adda247.gold uid 10932 pid 10887 call SetEnabledSetting(com.adda247.gold component = androidx.work.impl.background.systemalarm.RescheduleReceiver, 2, 0)
04-08 13:14:29.689 D/OplusPredictiveBackController(10887): should not HookOnBackInvokedCallbackEnabled for application com.adda247.gold.MainActivity@b455ff8 hasOnBackInvokedCallBackEnabled
04-08 13:14:29.690 D/OplusPredictiveBackController(10887): should not HookOnBackInvokedCallbackEnabled for application com.adda247.gold.MainActivity@b455ff8 hasOnBackInvokedCallBackEnabled
04-08 13:14:30.188 D/JobSchedulerServiceExtImpl( 2171): updateOsenseRestrictMode for 1 false false
04-08 13:14:30.593 W/ProcessStats( 2171): Tracking association SourceState{cce3ce1 com.adda247.gold/10932 BTop #659883} whose proc state 2 is better than process ProcessState{5f92989 com.facebook.katana/10285 pkg=com.facebook.katana} proc state 14 (52 skipped)
04-08 13:14:30.594 E/OplusDexOptimizeManager( 2171): Start app fature is off
04-08 13:14:30.683 I/AppsFilter( 2171): interaction: PackageSetting{204a86d com.android.microdroid.empty_payload/10268} -> PackageSetting{999b710 com.adda247.gold/10932} BLOCKED
04-08 13:14:30.683 I/AppsFilter( 2171): interaction: PackageSetting{ccdb19 io.appium.uiautomator2.server.test/10792} -> PackageSetting{999b710 com.adda247.gold/10932} BLOCKED
04-08 13:14:30.683 I/AppsFilter( 2171): interaction: PackageSetting{a1c9fab com.oplus.locationproxy/10168} -> PackageSetting{999b710 com.adda247.gold/10932} BLOCKED
04-08 13:14:30.683 I/AppsFilter( 2171): interaction: PackageSetting{184608 com.labs.ustaadtv/10347} -> PackageSetting{999b710 com.adda247.gold/10932} BLOCKED
04-08 13:14:30.683 I/AppsFilter( 2171): interaction: PackageSetting{1dc71a1 com.android.certinstaller/10204} -> PackageSetting{999b710 com.adda247.gold/10932} BLOCKED
04-08 13:14:30.683 I/AppsFilter( 2171): interaction: PackageSetting{d838b87 com.oplus.location/10219} -> PackageSetting{999b710 com.adda247.gold/10932} BLOCKED
04-08 13:14:30.713 D/ShortcutService( 2171): Getting shortcuts for launcher= com.android.launcheruserId=0 pkg=com.adda247.gold
04-08 13:14:30.722 E/OplusDexOptimizeManager( 2171): Start app fature is off
04-08 13:14:30.737 D/CompatChangeReporter( 2171): Compat change id reported: 311208629; UID 10107; state: ENABLED
04-08 13:14:30.744 D/CompatChangeReporter( 2171): Compat change id reported: 311402873; UID 10107; state: ENABLED
04-08 13:14:30.744 D/CompatChangeReporter( 2171): Compat change id reported: 323349338; UID 10107; state: ENABLED
04-08 13:14:30.751 V/AccessibilityManagerService( 2171): onUserStateChangedLocked for user 0 with forceUpdate: false mEnabledServices = [] mCrashedServices = [] hasMagnificationConnection=false
04-08 13:14:30.751 W/MagnificationConnectionManager( 2171): requestConnection duplicated request: connect=false, mConnectionState=DISCONNECTED
04-08 13:14:30.783 V/AlarmManager( 2171): sending alarm Alarm{35a1466 type 1 origWhen 1775634270783 whenElapsed 1502255221 android} uid 1000 whenElapsed 1502255221 windowLength 0 maxWhenElapsed 1502255221 repeatInterval 0 action null component null tag StorgaeBandInfoAlarmTag flags 0x9 procName system_server
04-08 13:14:30.792 V/AutofillManagerService( 2171): onPackageModified(): com.adda247.gold
04-08 13:14:31.253 D/CompatChangeReporter( 2171): Compat change id reported: 297989574; UID 10107; state: ENABLED
04-08 13:14:31.316 D/ActivityManager( 2171): reportOneUidFrozenStateChanged uid 10240 frozen = false
04-08 13:14:31.323 D/ActivityManager( 2171): sync unfroze 31577 com.heytap.market for 7
04-08 13:14:31.334 D/TextToSpeechManagerPerUserService( 2171): Trying to start connection to TTS engine: com.google.android.tts
04-08 13:14:31.336 D/TextToSpeechManagerPerUserService( 2171): Connected successfully to TTS engine: com.google.android.tts
04-08 13:14:31.394 D/ActivityManager( 2171): Async freezing 6336 com.coloros.weather.service
04-08 13:14:31.395 D/OplusInputMethodUtil(10887): init sDebug to false, init sDebugIme to false, init sAlwaysOn to false
04-08 13:14:31.395 D/OplusInputMethodUtil(10887): updateDebugToClass InputMethodManager.DEBUG = false
04-08 13:14:31.395 D/OplusInputMethodUtil(10887): updateDebugToClass ImeFocusController.DEBUG = false
04-08 13:14:31.395 D/OplusInputMethodUtil(10887): updateDebugToClass OnBackInvokedDispatcher.DEBUG = false
04-08 13:14:31.395 D/OplusInputMethodUtil(10887): updateDebugToClass InsetsController.DEBUG = false
04-08 13:14:31.395 D/OplusInputMethodUtil(10887): updateDebugToClass BaseInputConnection.DEBUG = false
04-08 13:14:31.464 D/ActivityThread(10887): ComponentInfo{com.adda247.gold/com.adda247.gold.MainActivity} checkFinished=false 2
04-08 13:14:31.464 D/ResourcesManagerExtImpl(10887): applyConfigurationToAppResourcesLocked app.getDisplayId() return callback.displayId:0
04-08 13:14:31.497 W/UserAwareMgr( 2171): process owner is not matched: 10, threadName: HwUiTask, pid: 10887,tid=11077,owner=fg1
04-08 13:14:31.498 W/UserAwareMgr( 2171): process owner is not matched: 10, threadName: HwUiTask, pid: 10887,tid=11078,owner=fg1
04-08 13:14:31.509 W/UserAwareMgr( 2171): process owner is not matched: 10, threadName: RenderThread, pid: 10887,tid=10987,owner=fg1
04-08 13:14:31.521 I/WindowManager( 2171): addWindow: New client android.os.BinderProxy@a1a4541 : window=Window{f8f7ae6 u0 com.adda247.gold/com.adda247.gold.MainActivity}
04-08 13:14:31.535 I/TaskOrganizerController( 2171): onTaskInfoChanged taskid 8396 config { mBounds=Rect(0, 0 - 1080, 2400) mAppBounds=Rect(0, 0 - 1080, 2400) mMaxBounds=Rect(0, 0 - 1080, 2400) mDisplayRotation=ROTATION_0 mWindowingMode=fullscreen mActivityType=standard mAlwaysOnTop=undefined mRotation=ROTATION_0}
04-08 13:14:31.537 D/OplusFlexibleDragToSplitAnimController( 2171): visibleFlexibleTaskInfos delete:8396
04-08 13:14:31.537 E/FlexibleWindowManagerService( 2171): notifyTaskObserverToAttachController not need to notify!
04-08 13:14:31.537 I/FlexibleWindowManagerService( 2171): onFlexibleWindowTaskInfoChanged, return for cur task not embedded
04-08 13:14:31.567 W/PackageManager( 2171): package com.adda247.gold uid 10932 pid 10887 call SetEnabledSetting(com.adda247.gold component = androidx.work.impl.background.systemalarm.RescheduleReceiver, 1, 0)
04-08 13:14:31.722 E/OplusDexOptimizeManager( 2171): Start app fature is off
04-08 13:14:31.793 D/ResourcesManagerExtImpl(10887): applyConfigurationToAppResourcesLocked app.getDisplayId() return callback.displayId:0
04-08 13:14:31.796 I/BroadcastQueue( 2171): BOOT_COMPLETED_BROADCAST_COMPLETION_LATENCY_REPORTED action:android.intent.action.BOOT_COMPLETED dispatchLatency:8 completeLatency:3491 dispatchRealLatency:8 completeRealLatency:3490 receiversSize:1 userId:0 userType:android.os.usertype.full.SYSTEM
04-08 13:14:31.829 D/OplusPredictiveBackController(10887): should not HookOnBackInvokedCallbackEnabled for application com.adda247.gold.MainActivity@b455ff8 hasOnBackInvokedCallBackEnabled
04-08 13:14:31.830 D/OplusPredictiveBackController(10887): should not HookOnBackInvokedCallbackEnabled for application com.adda247.gold.MainActivity@b455ff8 hasOnBackInvokedCallBackEnabled
04-08 13:14:31.831 D/CoreBackPreview( 2171): Window{f8f7ae6 u0 com.adda247.gold/com.adda247.gold.MainActivity}: Setting back callback OnBackInvokedCallbackInfo{mCallback=android.window.IOnBackInvokedCallback$Stub$Proxy@fe5efb3, mPriority=0, mIsAnimationCallback=false, mOverrideBehavior=0}
04-08 13:14:31.833 V/WindowManager( 2171): Relayout Window{f8f7ae6 u0 com.adda247.gold/com.adda247.gold.MainActivity}: viewVisibility=0, oldvis=4, req=1080x2400 , apr = 0, vsysui=LAYOUT_STABLE LAYOUT_FULLSCREEN, x=0, y=0
04-08 13:14:31.833 I/WindowManager( 2171): Window{f8f7ae6 u0 com.adda247.gold/com.adda247.gold.MainActivity} state from NO_SURFACE to DRAW_PENDING; reason: resetDrawState
04-08 13:14:31.841 D/WindowManager( 2171): NFW_findFocusedWindowIfNeeded:Window{f8f7ae6 u0 com.adda247.gold/com.adda247.gold.MainActivity} mCurrentFocus:null
04-08 13:14:31.841 V/WindowManager( 2171): Changing focus from null to Window{f8f7ae6 u0 com.adda247.gold/com.adda247.gold.MainActivity},diplayid=0
04-08 13:14:31.844 D/WindowManager( 2171): setFrameRateStart invalid typeId return!
04-08 13:14:31.846 D/WindowManager( 2171): setFrameRateStart invalid typeId return!
04-08 13:14:31.849 I/AccessibilityWindowsPopulator( 2171): getInsensibleFlag flag = 0
04-08 13:14:31.850 D/VRI[MainActivity](10887): relayoutWindow result, sizeChanged:true, surfaceControlChanged:true, transformHintChanged:false, mSurfaceSize:Point(1080, 2400), mLastSurfaceSize:Point(0, 0), mWidth:-1, mHeight:-1, requestedWidth:1080, requestedHeight:2400, transformHint:0, installOrientation:0, displayRotation:0, isSurfaceValid:true, attr.flag:-2122252032, tmpFrames:ClientWindowFrames{frame=[0,0][1080,2400] display=[0,0][1080,2400] parentFrame=[0,0][0,0]}, relayoutAsync:false, mSyncSeqId:0
04-08 13:14:31.850 W/VRI[MainActivity](10887): updateBlastSurfaceIfNeeded, surfaceSize:Point(1080, 2400), lastSurfaceSize:Point(0, 0), format:-3, blastBufferQueue:null
04-08 13:14:31.868 I/AccessibilityWindowsPopulator( 2171): getInsensibleFlag flag = 0
04-08 13:14:31.920 I/AccessibilityWindowsPopulator( 2171): getInsensibleFlag flag = 0
04-08 13:14:32.032 D/OplusStartingWindowManager( 2171): updateRecordSurfaceViewState windowToken = android.os.BinderProxy@a1a4541, surfaceState = true, attachedToWindow = true, inList = false, win = Window{f8f7ae6 u0 com.adda247.gold/com.adda247.gold.MainActivity}
04-08 13:14:32.098 E/OplusDexOptimizeManager( 2171): Start app fature is off
04-08 13:14:32.368 W/AccessibilityManagerService( 2171):  wait for adding window timeout: 1747
04-08 13:14:32.569 I/AppsFilter( 2171): interaction: PackageSetting{204a86d com.android.microdroid.empty_payload/10268} -> PackageSetting{7676c1b com.adda247.gold/10932} BLOCKED
04-08 13:14:32.569 I/AppsFilter( 2171): interaction: PackageSetting{ccdb19 io.appium.uiautomator2.server.test/10792} -> PackageSetting{7676c1b com.adda247.gold/10932} BLOCKED
04-08 13:14:32.569 I/AppsFilter( 2171): interaction: PackageSetting{a1c9fab com.oplus.locationproxy/10168} -> PackageSetting{7676c1b com.adda247.gold/10932} BLOCKED
04-08 13:14:32.569 I/AppsFilter( 2171): interaction: PackageSetting{184608 com.labs.ustaadtv/10347} -> PackageSetting{7676c1b com.adda247.gold/10932} BLOCKED
04-08 13:14:32.569 I/AppsFilter( 2171): interaction: PackageSetting{1dc71a1 com.android.certinstaller/10204} -> PackageSetting{7676c1b com.adda247.gold/10932} BLOCKED
04-08 13:14:32.570 I/AppsFilter( 2171): interaction: PackageSetting{d838b87 com.oplus.location/10219} -> PackageSetting{7676c1b com.adda247.gold/10932} BLOCKED
04-08 13:14:32.576 V/AutofillManagerService( 2171): onPackageModified(): com.adda247.gold
04-08 13:14:32.587 V/AccessibilityManagerService( 2171): onUserStateChangedLocked for user 0 with forceUpdate: false mEnabledServices = [] mCrashedServices = [] hasMagnificationConnection=false
04-08 13:14:32.588 W/MagnificationConnectionManager( 2171): requestConnection duplicated request: connect=false, mConnectionState=DISCONNECTED
04-08 13:14:32.594 D/ShortcutService( 2171): Getting shortcuts for launcher= com.android.launcheruserId=0 pkg=com.adda247.gold
04-08 13:14:32.720 W/VRI[MainActivity](10887): handleResized, msg:, frameChanged:false, configChanged:false, displayChanged:false, attachedFrameChanged:false, compatScaleChanged:false, pendingDragResizing=false
04-08 13:14:32.790 I/AccessibilityWindowsPopulator( 2171): getInsensibleFlag flag = 0
04-08 13:14:32.791 V/AlarmManager( 2171): sending alarm Alarm{2bd7950 type 1 origWhen 1775634272792 whenElapsed 1502257229 android} uid 1000 whenElapsed 1502257229 windowLength 0 maxWhenElapsed 1502257229 repeatInterval 0 action null component null tag StorgaeBandInfoAlarmTag flags 0x9 procName system_server
04-08 13:14:32.816 E/OplusDexOptimizeManager( 2171): Start app fature is off
04-08 13:14:32.824 D/ActivityTaskManager( 2171): Requested Orientation r = ActivityRecord{190458952 u0 com.adda247.gold/.MainActivity t8396}, requestedOrientation = SCREEN_ORIENTATION_PORTRAIT (1)
04-08 13:14:32.858 E/OplusDexOptimizeManager( 2171): Start app fature is off
04-08 13:14:32.876 V/WindowManager( 2171): Relayout Window{f8f7ae6 u0 com.adda247.gold/com.adda247.gold.MainActivity}: viewVisibility=0, oldvis=0, req=1080x2400 , apr = 8, vsysui=LAYOUT_STABLE LAYOUT_FULLSCREEN, x=0, y=0
04-08 13:14:32.880 I/TaskOrganizerController( 2171): onTaskInfoChanged taskid 8396 config { mBounds=Rect(0, 0 - 1080, 2400) mAppBounds=Rect(0, 0 - 1080, 2400) mMaxBounds=Rect(0, 0 - 1080, 2400) mDisplayRotation=ROTATION_0 mWindowingMode=fullscreen mActivityType=standard mAlwaysOnTop=undefined mRotation=ROTATION_0}
04-08 13:14:32.882 D/OplusFlexibleDragToSplitAnimController( 2171): visibleFlexibleTaskInfos delete:8396
04-08 13:14:32.882 E/FlexibleWindowManagerService( 2171): notifyTaskObserverToAttachController not need to notify!
04-08 13:14:32.882 I/FlexibleWindowManagerService( 2171): onFlexibleWindowTaskInfoChanged, return for cur task not embedded
04-08 13:14:32.883 D/WindowManager( 2171): NFW_findFocusedWindowIfNeeded:Window{f8f7ae6 u0 com.adda247.gold/com.adda247.gold.MainActivity} mCurrentFocus:Window{f8f7ae6 u0 com.adda247.gold/com.adda247.gold.MainActivity}
04-08 13:14:32.886 D/VRI[MainActivity](10887): relayoutWindow result, sizeChanged:false, surfaceControlChanged:false, transformHintChanged:false, mSurfaceSize:Point(1080, 2400), mLastSurfaceSize:Point(1080, 2400), mWidth:1080, mHeight:2400, requestedWidth:1080, requestedHeight:2400, transformHint:0, installOrientation:0, displayRotation:0, isSurfaceValid:true, attr.flag:-2122252032, tmpFrames:ClientWindowFrames{frame=[0,0][1080,2400] display=[0,0][1080,2400] parentFrame=[0,0][0,0]}, relayoutAsync:false, mSyncSeqId:0
04-08 13:14:32.886 W/VRI[MainActivity](10887): updateBlastSurfaceIfNeeded, surfaceSize:Point(1080, 2400), lastSurfaceSize:Point(1080, 2400), format:-3, blastBufferQueue:android.graphics.BLASTBufferQueue@de48a57
04-08 13:14:32.943 V/WindowManager( 2171): Relayout Window{f8f7ae6 u0 com.adda247.gold/com.adda247.gold.MainActivity}: viewVisibility=0, oldvis=0, req=1080x2400 , apr = 8, vsysui=LAYOUT_STABLE LAYOUT_HIDE_NAVIGATION LAYOUT_FULLSCREEN, x=0, y=0
04-08 13:14:32.947 D/WindowManager( 2171): NFW_findFocusedWindowIfNeeded:Window{f8f7ae6 u0 com.adda247.gold/com.adda247.gold.MainActivity} mCurrentFocus:Window{f8f7ae6 u0 com.adda247.gold/com.adda247.gold.MainActivity}
04-08 13:14:32.950 D/VRI[MainActivity](10887): relayoutWindow result, sizeChanged:false, surfaceControlChanged:false, transformHintChanged:false, mSurfaceSize:Point(1080, 2400), mLastSurfaceSize:Point(1080, 2400), mWidth:1080, mHeight:2400, requestedWidth:1080, requestedHeight:2400, transformHint:0, installOrientation:0, displayRotation:0, isSurfaceValid:true, attr.flag:-2122252032, tmpFrames:ClientWindowFrames{frame=[0,0][1080,2400] display=[0,0][1080,2400] parentFrame=[0,0][0,0]}, relayoutAsync:false, mSyncSeqId:0
04-08 13:14:32.950 W/VRI[MainActivity](10887): updateBlastSurfaceIfNeeded, surfaceSize:Point(1080, 2400), lastSurfaceSize:Point(1080, 2400), format:-3, blastBufferQueue:android.graphics.BLASTBufferQueue@de48a57
04-08 13:14:32.959 I/AccessibilityWindowsPopulator( 2171): getInsensibleFlag flag = 0
04-08 13:14:33.024 I/AccessibilityWindowsPopulator( 2171): getInsensibleFlag flag = 0
04-08 13:14:33.143 E/OplusDexOptimizeManager( 2171): Start app fature is off
04-08 13:14:33.774 I/AccessibilityWindowsPopulator( 2171): getInsensibleFlag flag = 0
04-08 13:14:34.276 E/OplusDexOptimizeManager( 2171): Start app fature is off
04-08 13:14:34.307 D/OplusWmBlackDetector( 2171): Timeout for display ar:ActivityRecord{190458952 u0 com.adda247.gold/.MainActivity t8396}, uiTimeout=true
04-08 13:14:34.798 V/AlarmManager( 2171): sending alarm Alarm{8961c41 type 1 origWhen 1775634274798 whenElapsed 1502259236 android} uid 1000 whenElapsed 1502259236 windowLength 0 maxWhenElapsed 1502259236 repeatInterval 0 action null component null tag StorgaeBandInfoAlarmTag flags 0x9 procName system_server
04-08 13:14:34.974 D/ActivityManager( 2171): freezing 29585 com.google.android.documentsui
04-08 13:14:34.976 D/ActivityManager( 2171): freezing 29526 com.android.chrome
04-08 13:14:34.979 D/ActivityManager( 2171): reportOneUidFrozenStateChanged uid 10075 frozen = true
04-08 13:14:34.980 D/ActivityManager( 2171): reportOneUidFrozenStateChanged uid 10147 frozen = true
04-08 13:14:34.999 D/ActivityManager( 2171): freezing 25582 com.heytap.cloud
04-08 13:14:35.003 D/ActivityManager( 2171): reportOneUidFrozenStateChanged uid 10251 frozen = true
04-08 13:14:35.014 D/ActivityManager( 2171): freezing 29598 com.oplus.safecenter
04-08 13:14:35.039 D/ActivityManager( 2171): freezing 29570 com.android.vending:background
04-08 13:14:35.194 I/ActivityManager( 2171): Death received, pid = 10710, processName = com.heytap.mcs.appservice for thread android.os.BinderProxy@e311279
04-08 13:14:35.195 I/ActivityManager( 2171): Process com.heytap.mcs.appservice (pid 10710) has died: vis IMPF
04-08 13:14:35.206 I/ActivityThread(30138): Removing dead content provider:android.content.ContentProviderProxy@6b4ce38
04-08 13:14:35.275 D/ActivityManager( 2171): freezing 25465 com.google.android.permissioncontroller
04-08 13:14:35.278 D/ActivityManager( 2171): reportOneUidFrozenStateChanged uid 10275 frozen = true
04-08 13:14:36.281 D/ActivityManager( 2171): Freezer deadlock watchdog
04-08 13:14:36.639 I/AccessibilityWindowsPopulator( 2171): getInsensibleFlag flag = 0
04-08 13:14:36.686 I/AccessibilityWindowsPopulator( 2171): getInsensibleFlag flag = 0
04-08 13:14:36.687 I/AccessibilityWindowsPopulator( 2171): getInsensibleFlag flag = 0
04-08 13:14:36.760 E/OplusDexOptimizeManager( 2171): Start app fature is off
04-08 13:14:36.802 V/AlarmManager( 2171): sending alarm Alarm{a21c817 type 1 origWhen 1775634276802 whenElapsed 1502261240 android} uid 1000 whenElapsed 1502261240 windowLength 0 maxWhenElapsed 1502261240 repeatInterval 0 action null component null tag StorgaeBandInfoAlarmTag flags 0x9 procName system_server
04-08 13:14:36.895 D/OplusPredictiveBackController(10887): should not HookOnBackInvokedCallbackEnabled for application com.adda247.gold.MainActivity@b455ff8 hasOnBackInvokedCallBackEnabled
04-08 13:14:36.930 V/WindowManager( 2171): Relayout Window{f8f7ae6 u0 com.adda247.gold/com.adda247.gold.MainActivity}: viewVisibility=0, oldvis=0, req=1080x2400 , apr = 8, vsysui=LAYOUT_STABLE LAYOUT_HIDE_NAVIGATION LAYOUT_FULLSCREEN, x=0, y=0
04-08 13:14:36.933 I/TaskOrganizerController( 2171): onTaskInfoChanged taskid 8396 config { mBounds=Rect(0, 0 - 1080, 2400) mAppBounds=Rect(0, 0 - 1080, 2400) mMaxBounds=Rect(0, 0 - 1080, 2400) mDisplayRotation=ROTATION_0 mWindowingMode=fullscreen mActivityType=standard mAlwaysOnTop=undefined mRotation=ROTATION_0}
04-08 13:14:36.934 D/OplusFlexibleDragToSplitAnimController( 2171): visibleFlexibleTaskInfos delete:8396
04-08 13:14:36.934 E/FlexibleWindowManagerService( 2171): notifyTaskObserverToAttachController not need to notify!
04-08 13:14:36.934 I/FlexibleWindowManagerService( 2171): onFlexibleWindowTaskInfoChanged, return for cur task not embedded
04-08 13:14:36.934 D/WindowManager( 2171): NFW_findFocusedWindowIfNeeded:Window{f8f7ae6 u0 com.adda247.gold/com.adda247.gold.MainActivity} mCurrentFocus:Window{f8f7ae6 u0 com.adda247.gold/com.adda247.gold.MainActivity}
04-08 13:14:36.936 D/VRI[MainActivity](10887): relayoutWindow result, sizeChanged:false, surfaceControlChanged:false, transformHintChanged:false, mSurfaceSize:Point(1080, 2400), mLastSurfaceSize:Point(1080, 2400), mWidth:1080, mHeight:2400, requestedWidth:1080, requestedHeight:2400, transformHint:0, installOrientation:0, displayRotation:0, isSurfaceValid:true, attr.flag:-2122252032, tmpFrames:ClientWindowFrames{frame=[0,0][1080,2400] display=[0,0][1080,2400] parentFrame=[0,0][0,0]}, relayoutAsync:false, mSyncSeqId:0
04-08 13:14:36.936 W/VRI[MainActivity](10887): updateBlastSurfaceIfNeeded, surfaceSize:Point(1080, 2400), lastSurfaceSize:Point(1080, 2400), format:-3, blastBufferQueue:android.graphics.BLASTBufferQueue@de48a57
04-08 13:14:36.971 I/WindowManager( 2171): Window{f8f7ae6 u0 com.adda247.gold/com.adda247.gold.MainActivity} state from DRAW_PENDING to COMMIT_DRAW_PENDING; reason: finishDrawingLocked
04-08 13:14:36.975 I/WindowManager( 2171): Window{f8f7ae6 u0 com.adda247.gold/com.adda247.gold.MainActivity} state from COMMIT_DRAW_PENDING to READY_TO_SHOW; reason: commitFinishDrawingLocked
04-08 13:14:36.975 D/CoreBackPreview( 2171):  return markWindowHasDrawn mComposed: false  mWaitTransition: false
04-08 13:14:36.975 D/ActivityTaskManager( 2171): Finish StartingWindow: ActivityRecord{190458952 u0 com.adda247.gold/.MainActivity t8396}first real window is shown
04-08 13:14:36.976 D/ActivityTaskManager( 2171): removeStartingWindowAnimation starting ActivityRecord{190458952 u0 com.adda247.gold/.MainActivity t8396} startingWindow=null ,startingView=com.android.server.wm.StartingSurfaceController$StartingSurface@aa2fded,Callers=com.android.server.wm.ActivityRecord.removeStartingWindow:3392 com.android.server.wm.ActivityRecord.onFirstWindowDrawn:8062 com.android.server.wm.WindowState.performShowLocked:4914 com.android.server.wm.WindowStateAnimator.commitFinishDrawingLocked:403 com.android.server.wm.DisplayContent.lambda$new$8:1150 
04-08 13:14:36.976 D/OplusStartingWindowManager( 2171): interceptRemoveStartingWindow: packageName=com.adda247.gold,  componentName=com.adda247.gold/.MainActivity, isSnapshot=false, startingSurfaceRunnable=null, isDrawCompleted=false, hasSurfaceView=false, inTransition=false
04-08 13:14:36.976 D/OplusSplitScreenDnDUI( 2171): notifyRemoveStartingWindow isSpitScreenDrag = false mDropTargetSurface = null StartingWindowpkgName = com.adda247.gold DragPkg = null isLauncherResume = false
04-08 13:14:36.976 D/OplusStartingWindowManager( 2171): interceptRemoveStartingWindow: hasSplashWindowFlag() return false for activity=ActivityRecord{190458952 u0 com.adda247.gold/.MainActivity t8396}
04-08 13:14:36.979 D/WindowManager( 2171): setFrameRateStart invalid typeId return!
04-08 13:14:36.984 D/QuickBackInputPolicy( 2171): setAppLaunchEndTime update timePair=Pair{ActivityRecord{190458952 u0 com.adda247.gold/.MainActivity t8396} 328716503}
04-08 13:14:36.985 I/WindowManager( 2171): Window{f8f7ae6 u0 com.adda247.gold/com.adda247.gold.MainActivity} state from READY_TO_SHOW to HAS_DRAWN; reason: performShowLocked
04-08 13:14:36.988 D/MBrainLocalService( 2171): isVendorFreezeConditionPass is false
04-08 13:14:36.988 D/MBrainLocalService( 2171): notifyAppLifeCycle failed
04-08 13:14:36.989 I/OPM     ( 2171): handleNotifyLaunchTime : com.adda247.gold, :8796
04-08 13:14:36.994 D/CoreBackPreview( 2171):  return markWindowHasDrawn mComposed: false  mWaitTransition: false
04-08 13:14:36.998 D/WindowManager( 2171): NFW_setClientVisible:ActivityRecord{222375836 u0 com.google.android.permissioncontroller/com.android.permissioncontroller.permission.ui.GrantPermissionsActivity clientVisible:true
04-08 13:14:36.998 D/CompatChangeReporter( 2171): Compat change id reported: 358129114; UID 10932; state: ENABLED
04-08 13:14:36.998 D/FlexibleTaskController( 2171): isSupportFlexibleWindow target = com.google.android.permissioncontroller/com.android.permissioncontroller.permission.ui.GrantPermissionsActivity callPkg = FlexibleTaskController support = true ,caller = 2171
04-08 13:14:37.003 W/QosScheduler( 2171): executeSceneQosStrategy failed! qos feature no enable
04-08 13:14:37.003 D/FlexibleWindowManagerService( 2171): isIgnoreAppearedAcrossTask:false
04-08 13:14:37.004 D/ActivityStarterExtImpl( 2171): setForceUpdateWindow, targetTask = Task{57256c7 #8396 type=standard A=10932:com.adda247.gold} r = ActivityRecord{222375836 u0 com.google.android.permissioncontroller/com.android.permissioncontroller.permission.ui.GrantPermissionsActivity t-1} notFinish =false
04-08 13:14:37.004 D/FlexibleWindowManagerService( 2171): isIgnoreAppearedAcrossTask:false
04-08 13:14:37.004 D/FlexibleTaskController( 2171): findSourceTaskForFreeForm: sourceRecord = ActivityRecord{190458952 u0 com.adda247.gold/.MainActivity t8396} ,realCallingPid:10887 ,launchFromZoomMode:false ,prevTopTask:Task{57256c7 #8396 type=standard A=10932:com.adda247.gold}
04-08 13:14:37.004 D/FlexibleTaskController( 2171): adjustOptionsForFlexibleTask not allow options follow process task's options, reason:8 ,reusedOptions:null
04-08 13:14:37.004 I/InsensibleTaskController( 2171): adjustOptionsForInsensibleTask targetTask is resuse so not pureInsensibleOptions
04-08 13:14:37.004 D/FlexibleTaskController( 2171): isSupportFlexibleWindow target = com.google.android.permissioncontroller/com.android.permissioncontroller.permission.ui.GrantPermissionsActivity callPkg = FlexibleTaskController support = true ,caller = 2171
04-08 13:14:37.004 D/FlexibleWindowManagerService( 2171): no reused task found for ActivityRecord{222375836 u0 com.google.android.permissioncontroller/com.android.permissioncontroller.permission.ui.GrantPermissionsActivity t-1}
04-08 13:14:37.004 D/ActivityStarterExtImpl( 2171): isLaunchingRootActivity = false
04-08 13:14:37.005 D/ActivityStarterExtImpl( 2171): resume targetTask isVisibleRequested is true or in SkipCheckedList, need resume:targetTask=Task{57256c7 #8396 type=standard A=10932:com.adda247.gold}
04-08 13:14:37.009 D/SecondaryPageStartupPolicy( 2171): checkSecondaryPageStartupStatus not support sourcePackage=com.adda247.gold
04-08 13:14:37.009 D/OplusStartingWindowManager( 2171): reviseWindowFlagsForStarting: newTask=false, taskSwitch=false, processRunning=true, processState=0, preloadAppInfo=null
04-08 13:14:37.009 D/OplusStartingWindowManager( 2171): not support SnapshotSplash, don't revise window flags for activity:ActivityRecord{222375836 u0 com.google.android.permissioncontroller/com.android.permissioncontroller.permission.ui.GrantPermissionsActivity t8396}
04-08 13:14:37.009 D/ActivityTaskManager( 2171): validateStartingWindowTheme:  Pkg=com.google.android.permissioncontroller, Translucent=true, Floating=true, ShowWallpaper=false, Disable=false, LaunchSource=4, Prev=null, LaunchedFromPackage=com.adda247.gold
04-08 13:14:37.009 D/ActivityTaskManager( 2171): addStartingWindow for ActivityRecord{222375836 u0 com.google.android.permissioncontroller/com.android.permissioncontroller.permission.ui.GrantPermissionsActivity t8396}, mainWin=null, state=INITIALIZING, isKeyguardLocked=false, isKeyguardGoingAway=false
04-08 13:14:37.009 D/ActivityTaskManager( 2171): getStartingWindowType: , newTask=false, taskSwitch=false, processRunning=true, allowTaskSnapshot=true, activityCreated=false, activityAllDrawn=false, snapshot exist: false
04-08 13:14:37.009 D/ActivityRecordExtImpl( 2171): handleStartingWindowForCompactWindow origin type:0, adjustType : 0
04-08 13:14:37.009 D/ActivityTaskManager( 2171): skip addStartingWindow due to resolvedTheme: 0, theme: 2132017652
04-08 13:14:37.010 D/OplusWindowAnimationManager( 2171): applyNoAnimationForResumed resumed: ActivityRecord{190458952 u0 com.adda247.gold/.MainActivity t8396}
04-08 13:14:37.013 D/MBrainLocalService( 2171): isVendorFreezeConditionPass is false
04-08 13:14:37.013 E/MBrainLocalService( 2171): notifyAppSwitch failed
04-08 13:14:37.016 I/ActivityTaskManager( 2171): START u0 {act=android.content.pm.action.REQUEST_PERMISSIONS xflg=0x4 pkg=com.google.android.permissioncontroller cmp=com.google.android.permissioncontroller/com.android.permissioncontroller.permission.ui.GrantPermissionsActivity (has extras) mCallingUid=10932} with LAUNCH_MULTIPLE from uid 10932 (rr=190458952) (BAL_ALLOW_VISIBLE_WINDOW (callingUid has visible window)) result code=0
04-08 13:14:37.016 V/WindowManagerShell( 2940): Transition requested (#6928): android.os.BinderProxy@c2dc47c TransitionRequestInfo { type = OPEN, triggerTask = TaskInfo{userId=0 taskId=8396 effectiveUid=10932 displayId=0 isRunning=true baseIntent=Intent { act=android.intent.action.MAIN cat=[android.intent.category.LAUNCHER] flg=0x10200000 cmp=com.adda247.gold/.MainActivity mCallingUid=2000 } baseActivity=ComponentInfo{com.adda247.gold/com.adda247.gold.MainActivity} topActivity=ComponentInfo{com.google.android.permissioncontroller/com.android.permissioncontroller.permission.ui.GrantPermissionsActivity} origActivity=null realActivity=ComponentInfo{com.adda247.gold/com.adda247.gold.MainActivity}
04-08 13:14:37.016 V/WindowManagerShell( 2940):  numActivities=2 lastActiveTime=1502261448 supportsSplitScreenMultiWindow=true supportsMultiWindow=true supportsPocketStudioMultiWindow=true isInFlexibleEmbedded = false uid = 10275 pid = 0 resizeMode=1 isResizeable=true minWidth=-1 minHeight=-1 defaultMinSize=220 token=WCT{android.window.IWindowContainerToken$Stub$Proxy@542a105} topActivityType=1 pictureInPictureParams=null shouldDockBigOverlays=false launchIntoPipHostTaskId=-1 lastParentTaskIdBeforePip=-1 displayCutoutSafeInsets=Rect(0, 0 - 0, 0)
04-08 13:14:37.016 V/WindowManagerShell( 2940):  topActivityInfo=ActivityInfo{94c455a com.android.permissioncontroller.permission.ui.GrantPermissionsActivity} launchCookies=[] positionInParent=Point(0, 0) parentTaskId=-1 isFocused=true isVisible=true isVisibleRequested=true isTopActivityNoDisplay=false isSleeping=false locusId=null displayAreaFeatureId=1 isTopActivityTransparent=true isActivityStackTransparent=false lastNonFullscreenBounds=Rect(270, 649 - 810, 1729) capturedLink=null capturedLinkTimestamp=0 requestedVisibleTypes=-9 topActivityRequestOpenInBrowserEducationTimestamp=0
04-08 13:14:37.016 V/WindowManagerShell( 2940):  appCompatTaskInfo=AppCompatTaskInfo { topActivityInSizeCompat=false topActivityInOplusCompatMode=false eligibleForLetterboxEducation= false isLetterboxEducationEnabled= false isLetterboxDoubleTapEnabled= false eligibleForUserAspectRatioButton= false topActivityBoundsLetterboxed= false isFromLetterboxDoubleTap= false topActivityLetterboxVerticalPosition= -1 topActivityLetterboxHorizontalPosition= -1 topActivityLetterboxWidth=-1 topActivityLetterboxHeight=-1 topActivityAppBounds=Rect(0, 0 - 1080, 2400) isUserFullscreenOverrideEnabled=false isSystemFullscreenOverrideEnabled=false hasMinAspectRatioOverride=false topActivityLetterboxBounds=null cameraCompatTaskInfo=CameraCompatTaskInfo { freeformCameraCompatMode=inactive}} topActivityMainWindowFrame=null topActivityLetterboxInsets=Rect(0, 0 - 0, 0)
04-08 13:14:37.016 V/WindowManagerShell( 2940):  mOplusExtraBundle = Bundle[mParcelledData.dataSize=1536]}, pipChange = null, remoteTransition = null, displayChange = null, flags = 0, debugId = 6928 }
04-08 13:14:37.016 D/ShellSplitScreen( 2940): logExit: no-op, mLoggerSessionId is null
04-08 13:14:37.022 I/TaskOrganizerController( 2171): onTaskInfoChanged taskid 8396 config { mBounds=Rect(0, 0 - 1080, 2400) mAppBounds=Rect(0, 0 - 1080, 2400) mMaxBounds=Rect(0, 0 - 1080, 2400) mDisplayRotation=ROTATION_0 mWindowingMode=fullscreen mActivityType=standard mAlwaysOnTop=undefined mRotation=ROTATION_0}
04-08 13:14:37.023 D/OplusFlexibleDragToSplitAnimController( 2171): visibleFlexibleTaskInfos delete:8396
04-08 13:14:37.023 E/FlexibleWindowManagerService( 2171): notifyTaskObserverToAttachController not need to notify!
04-08 13:14:37.023 I/FlexibleWindowManagerService( 2171): onFlexibleWindowTaskInfoChanged, return for cur task not embedded
04-08 13:14:37.023 I/AccessibilityWindowsPopulator( 2171): getInsensibleFlag flag = 0
04-08 13:14:37.027 I/AccessibilityWindowsPopulator( 2171): getInsensibleFlag flag = 0
04-08 13:14:37.027 I/AccessibilityWindowsPopulator( 2171): getInsensibleFlag flag = 0
04-08 13:14:37.073 I/AccessibilityWindowsPopulator( 2171): getInsensibleFlag flag = 0
04-08 13:14:37.073 I/AccessibilityWindowsPopulator( 2171): getInsensibleFlag flag = 0
04-08 13:14:37.082 I/OplusAccessController( 2171): enter isIgnoreAppSwitchActivity
04-08 13:14:37.082 I/OplusAccessController( 2171): enter isIgnoreAppSwitchActivity and intent != null
04-08 13:14:37.082 I/OplusAccessController( 2171): enter isIgnoreAppSwitchActivity and componentName != null
04-08 13:14:37.082 I/OplusAccessController( 2171): enter isIgnoreAppSwitchActivity and packageName&activity is not Empty
04-08 13:14:37.083 D/JobSchedulerServiceExtImpl( 2171): updateOsenseRestrictMode for 1 true false
04-08 13:14:37.083 D/BackgroundInstallControlService( 2171): Package event received: 0
04-08 13:14:37.084 D/ActivityTaskManager( 2171): setAppVisibility(Token{43d612b ActivityRecord{222375836 u0 com.google.android.permissioncontroller/com.android.permissioncontroller.permission.ui.GrantPermissionsActivity t8396}}, visible=true):  visible=false mVisibleRequested=false
04-08 13:14:37.084 D/ActivityTaskManager( 2171): setVisibility(Token{43d612b ActivityRecord{222375836 u0 com.google.android.permissioncontroller/com.android.permissioncontroller.permission.ui.GrantPermissionsActivity t8396}}, visible=true) defer commitVisibility for transition collecting
04-08 13:14:37.086 D/WindowManager( 2171): rotation(ROTATION_0) no changed  displayId = 0, lastOrientation = 1
04-08 13:14:37.087 I/TaskOrganizerController( 2171): onTaskInfoChanged taskid 8396 config { mBounds=Rect(0, 0 - 1080, 2400) mAppBounds=Rect(0, 0 - 1080, 2400) mMaxBounds=Rect(0, 0 - 1080, 2400) mDisplayRotation=ROTATION_0 mWindowingMode=fullscreen mActivityType=standard mAlwaysOnTop=undefined mRotation=ROTATION_0}
04-08 13:14:37.089 D/OplusVisibleTasks( 2171):  notifyTasksNumChange no need to notify.
04-08 13:14:37.089 D/OplusFlexibleDragToSplitAnimController( 2171): visibleFlexibleTaskInfos delete:8396
04-08 13:14:37.089 E/FlexibleWindowManagerService( 2171): notifyTaskObserverToAttachController not need to notify!
04-08 13:14:37.089 I/FlexibleWindowManagerService( 2171): onFlexibleWindowTaskInfoChanged, return for cur task not embedded
04-08 13:14:37.089 D/ActivityTaskManager( 2171): setAppVisibility(Token{43d612b ActivityRecord{222375836 u0 com.google.android.permissioncontroller/com.android.permissioncontroller.permission.ui.GrantPermissionsActivity t8396}}, visible=true):  visible=false mVisibleRequested=true
04-08 13:14:37.089 D/ActivityTaskManager( 2171): setVisibility(Token{43d612b ActivityRecord{222375836 u0 com.google.android.permissioncontroller/com.android.permissioncontroller.permission.ui.GrantPermissionsActivity t8396}}, visible=true) defer commitVisibility for transition collecting
04-08 13:14:37.089 E/OplusDexOptimizeManager( 2171): Start app fature is off
04-08 13:14:37.090 I/UserAwareMgr( 2171): handleTopAppChanged: com.google.android.permissioncontroller, pid: 25465, uid: 10275
04-08 13:14:37.091 D/ActivityTaskManager( 2171): NFW_setLastResumedActivityUncheckLocked:true r:ActivityRecord{222375836 u0 com.google.android.permissioncontroller/com.android.permissioncontroller.permission.ui.GrantPermissionsActivity t8396} currentFocus:Window{f8f7ae6 u0 com.adda247.gold/com.adda247.gold.MainActivity}
04-08 13:14:37.091 D/WindowManager( 2171): NFW_findFocusedWindowIfNeeded:null mCurrentFocus:Window{f8f7ae6 u0 com.adda247.gold/com.adda247.gold.MainActivity}
04-08 13:14:37.091 V/WindowManager( 2171): Changing focus from Window{f8f7ae6 u0 com.adda247.gold/com.adda247.gold.MainActivity} to null,diplayid=0
04-08 13:14:37.092 D/WindowManager( 2171): setFrameRateStart invalid typeId return!
04-08 13:14:37.095 D/WindowManager( 2171): setFrameRateStart invalid typeId return!
04-08 13:14:37.096 I/OplusJoystickManager( 2171): handleApplicationSwitch deprecated!
04-08 13:14:37.096 I/GameManagerServiceExt-GameManagerServiceExt( 2171): on FG change: com.adda247.gold|com.google.android.permissioncontroller
04-08 13:14:37.096 D/ActivityManager( 2171): quick sync unfreeze 25465 for 1
04-08 13:14:37.097 D/OplusAppSwitchListener( 2171): App Activity Change
04-08 13:14:37.097 D/OplusAppSwitchListener( 2171): Detect com.adda247.gold switch to background
04-08 13:14:37.097 D/OplusFeatureReduceBrightness( 2171): onAppExit , info = com.adda247.gold
04-08 13:14:37.098 D/OplusAppSwitchListener( 2171): Detect com.google.android.permissioncontroller switch to foreground
04-08 13:14:37.100 D/ORBrightnessMarvelsDataCollector( 2171): Runnable-MarvelsAppEnterInfo[2026-04-08 13:14:37,com.google.android.permissioncontroller,46.75]
04-08 13:14:37.103 D/OplusEapManager( 2171): mTargetExitName :com.adda247.gold
04-08 13:14:37.104 D/VRR [OPlusRefreshRateService]( 2171): handleFrontAppChange pkgName: null
