04-08 13:22:44.188 I/om.adda247.gold(12922): AssetManager2(0xb4000072ab2db928) locale list changing from [] to [en-IN]
04-08 13:22:44.190 I/om.adda247.gold(12922): AssetManager2(0xb4000072ab2dbf28) locale list changing from [] to [en-IN]
04-08 13:22:44.199 D/ScorerUtils( 2171): isLowTraffic: txTputKBps=0, rxTputKBps=0
04-08 13:22:44.200 D/OplusWifiPower_TriggerCenter( 2171): mComponentCallback: wifistat
04-08 13:22:44.214 W/com.facebook.UserSettingsManager(12922): You haven't set a value for AdvertiserIDCollectionEnabled. Set the flag to TRUE if you want to collect Advertiser ID for better advertising and analytics results. To request user consent before collecting data, set the flag value to FALSE, then change to TRUE once user consent is received. Learn more: https://developers.facebook.com/docs/app-events/getting-started-app-events-android#disable-auto-events.
04-08 13:22:44.225 D/CompatChangeReporter(12922): Compat change id reported: 288912692; UID 10932; state: ENABLED
04-08 13:22:44.246 D/ActivityManager( 2171): pid 19067 com.facebook.katana received async transactions while frozen
04-08 13:22:44.247 D/ActivityManager( 2171): reportOneUidFrozenStateChanged uid 10285 frozen = false
04-08 13:22:44.253 D/ActivityManager( 2171): sync unfroze 19067 com.facebook.katana for 7
04-08 13:22:44.265 I/SystemUi--Notification( 2940): OplusLiveAlertNotificationsRepository-->onNotificationChannelModified: com.adda247.gold 0 MoEngage Notifications 1
04-08 13:22:44.267 E/OplusDexOptimizeManager( 2171): Start app fature is off
04-08 13:22:44.271 E/OplusDexOptimizeManager( 2171): Start app fature is off
04-08 13:22:44.274 W/OplusExSystemServiceHelper(18400): checkOplusExSystemService intent getComponent is null
04-08 13:22:44.276 W/Service (19867): setForeground: ignoring old API call on com.oplus.notification.NotificationCenterService
04-08 13:22:44.276 D/NotificationCenter(19867): NotificationCenterService-->onBind:0
04-08 13:22:44.295 D/DnsDomainBlock( 3431): onDnsEvent: latencyMs=27, returnCode=0, uid=10932
04-08 13:22:44.295 V/MoEngage(12922): Core_SdkInstanceManager addInstanceIfPossible() Current Instance Count: 0
04-08 13:22:44.295 V/MoEngage(12922): Core_SdkInstanceManager addInstanceIfPossible() Is default instance initialised? false
04-08 13:22:44.295 V/MoEngage(12922): Core_SdkInstanceManager addInstanceIfPossible() Is incoming instance default? true
04-08 13:22:44.297 I/MoEngage(12922): WMDA2A8JEH4S8FJ1LB96WMJW Core_InitialisationHandler initialiseSdk(): initialisation process started
04-08 13:22:44.297 I/MoEngage(12922): WMDA2A8JEH4S8FJ1LB96WMJW Core_InitialisationHandler setupSDKEnvironment(): 
04-08 13:22:44.298 V/MoEngage(12922): Core_LifecycleManager registerForObservers() : 
04-08 13:22:44.298 V/MoEngage(12922): Core_LifecycleManager registerForApplicationLifecycle() : 
04-08 13:22:44.299 V/MoEngage(12922): Core_CrashTrackerManager register(): 
04-08 13:22:44.299 V/MoEngage(12922): Core_CrashTrackerManager registerUnCaughtExceptionHandler(): 
04-08 13:22:44.299 V/MoEngage(12922): Core_LifecycleManager addObserver() : 
04-08 13:22:44.299 V/MoEngage(12922): Core_GlobalApplicationLifecycleHandler onCreate() : 
04-08 13:22:44.299 V/MoEngage(12922): Core_LifecycleManager registerActivityLifecycleObserver() : 
04-08 13:22:44.300 I/MoEngage(12922): WMDA2A8JEH4S8FJ1LB96WMJW Core_InitialisationHandler initialiseSdk() : SDK version : 140401
04-08 13:22:44.303 D/WM-ForceStopRunnable(12922): Application was force-stopped, rescheduling.
04-08 13:22:44.304 V/MoEngage(12922): Core_Utils cancelPendingJobSchedulers() : 
04-08 13:22:44.306 I/PhenotypeResourceReader(18199): unable to find any Phenotype resource metadata for com.adda247.gold
04-08 13:22:44.311 I/om.adda247.gold(12922): hiddenapi: Accessing hidden method Ldalvik/system/VMStack;->getStackClass2()Ljava/lang/Class; (runtime_flags=0, domain=core-platform, api=unsupported) from Lm7/apa; (domain=app, TargetSdkVersion=36) using reflection: allowed
04-08 13:22:44.312 I/MoEngage(12922): WMDA2A8JEH4S8FJ1LB96WMJW Core_InitialisationHandler initialiseSdk() : InitConfig: {"appId":"WMDA2A8JEH4S8FJ1LB96WMJW_DEBUG","dataCenter":"DATA_CENTER_1","cardConfig":{"cardPlaceHolderImage":-1,"inboxEmptyImage":-1,"cardsDateFormat":"MMM dd, hh:mm a","isSwipeRefreshEnabled":true},"push":{"tokenRetryInterval":20,"meta":{"smallIcon":2131755008,"largeIcon":2131755008,"notificationColor":2131099774,"isMultipleNotificationInDrawerEnabled":true,"isBuildingBackStackEnabled":true,"isLargeIconDisplayEnabled":true,"isDirectPostingForHeadsUpEnabled":true},"fcm":{"isRegistrationEnabled":true},"pushKit":{"isRegistrationEnabled":false}},"log":{"level":3,"isEnabledForReleaseBuild":false},"trackingOptOut":{"isCarrierTrackingEnabled":true,"isDeviceAttributeTrackingEnabled":true,"optOutActivities":[],"screenNameTrackingConfig":{"isPackageFilteringEnabled":false,"whitelistedPackages":[]},"optedOutActivityNames":["com.moengage.pushbase.internal.activity.PermissionActivity"]},"rtt":{"isBackgroundSyncEnabled":true},"inApp":{"optOutActivities":[],"isShowInAppInNewActivityEnabled":false,"activityNames":["com.moengage.pushbase.activities.PushTracker","com.moengage.pushbase.activities.SnoozeTracker","com.moengage.pushbase.internal.activity.PermissionActivity","com.moengage.inapp.internal.activity.MoEInAppActivity","com.moengage.sdk.debugger.MoEDebuggerActivity"]},"dataSync":{"isPeriodicSyncEnabled":true,"periodicSyncInterval":-1,"isBackgroundSyncEnabled":true},"integrationPartner":null,"storageSecurityConfig":{"storageEncryptionConfig":{"isEncryptionEnabled":false}},"networkRequestConfig":{"networkDataSecurityConfig":{"isEncryptionEnabled":false,"encryptionEncodedDebugKey":"","encryptionEncodedReleaseKey":""},"networkAuthorizationConfig":{"isJwtEnabled":false,"shouldEnableForAllUsers":false},"shouldCacheConnection":true},"userRegistrationConfig":{"isRegistrationEnabled":false},"environmentConfig":{"environment":"DEFAULT"},"source":"SOURCE_CODE","projectConfig":{"projectId":""}}
04-08 13:22:44.312 I/MoEngage(12922): WMDA2A8JEH4S8FJ1LB96WMJW Core_InitialisationHandler initialiseSdk(): Is SDK initialised on main thread: true
04-08 13:22:44.312 V/MoEPluginBase_5.2.0_(12922): MoEPluginBase_5.2.0_PluginInitializer configureBasePlugin() : 
04-08 13:22:44.314 I/MoEngage(12922): Core_PushManager loadPushKitHandler() : PushKit module not present.
04-08 13:22:44.323 I/SystemUi--Notification( 2940): OplusLiveAlertNotificationsRepository-->onNotificationChannelModified: com.adda247.gold 0 MoEngage Notifications 2
04-08 13:22:44.324 I/MoEngage(12922): Core_CardManager loadHandler() : Card module not found.
04-08 13:22:44.326 V/MoEngage(12922): Core_Utils postOnMainThread() : class com.moengage.core.internal.CoreController$$ExternalSyntheticLambda2
04-08 13:22:44.327 I/ActivityManager( 2171): Flag disabled. Ignoring finishAttachApplication from uid: 10932. pid: 12922
04-08 13:22:44.329 V/MoEngage(12922): MoEFlutter_MoEInitializer addIntegrationMeta(): Add Integration Meta for AppId : WMDA2A8JEH4S8FJ1LB96WMJW
04-08 13:22:44.330 I/SystemUi--Notification( 2940): OplusLiveAlertNotificationsRepository-->onNotificationChannelModified: com.adda247.gold 0 MoEngage Notifications 2
04-08 13:22:44.330 I/[UAH_CLIENT]( 2171): UahEventAcquire, cmdid:2, pkg:none, identity:OplusActivityManagerServiceEnhance
04-08 13:22:44.333 D/GpuServiceExtImpl( 1493): getRUSWhiteList  size 0
04-08 13:22:44.333 I/HWUI    (12922): SupportApps size 0
04-08 13:22:44.336 D/ExtensionsLoader(12922): createInstance(64bit) : createExtendedFactory
04-08 13:22:44.337 I/om.adda247.gold(12922): AssetManager2(0xb400007248d50028) locale list changing from [] to [en-IN]
04-08 13:22:44.337 D/ExtensionsLoader(12922): Opened libSchedAssistExtImpl.so
04-08 13:22:44.338 E/SchedAssist(12922): open sharedFd failed with error=Permission denied
04-08 13:22:44.338 D/ResourcesManagerExtImpl(12922): applyConfigurationToAppResourcesLocked app.getDisplayId() return callback.displayId:0
04-08 13:22:44.338 E/SchedAssist(12922): open sharedFd failed with error=Permission denied
04-08 13:22:44.338 E/SchedAssist(12922): open sharedFd failed with error=Permission denied
04-08 13:22:44.338 I/DisplayManager(12922): Choreographer implicitly registered for the refresh rate.
04-08 13:22:44.368 I/hwservicemanager(  625): getTransport: Cannot find entry android.hardware.configstore@1.0::ISurfaceFlingerConfigs/default in either framework or device VINTF manifest.
04-08 13:22:44.373 E/om.adda247.gold(12922): No package ID 6a found for resource ID 0x6a0b0013.
04-08 13:22:44.375 I/FA      (12922): App measurement initialized, version: 161001
04-08 13:22:44.376 I/FA      (12922): To enable debug logging run: adb shell setprop log.tag.FA VERBOSE
04-08 13:22:44.376 I/FA      (12922): To enable faster debug mode event logging run:
04-08 13:22:44.376 I/FA      (12922):   adb shell setprop debug.firebase.analytics.app com.adda247.gold
04-08 13:22:44.386 D/ExtensionsLoader(12922): createInstance(64bit) : createExtendedFactory
04-08 13:22:44.386 V/MoEngage(12922): Core_GlobalActivityLifecycleObserver onActivityCreated(): MainActivity
04-08 13:22:44.386 D/ExtensionsLoader(12922): Opened libeglextimpl.so
04-08 13:22:44.387 D/PreCache(12922): [IPreCacheRus]loadRUSConfigs#102 failed to transact: -22 prc:com.adda247.gold
04-08 13:22:44.388 V/MoEngage(12922): InApp_9.5.0_InAppModuleManager onCreateActivity(): com.adda247.gold.MainActivity
04-08 13:22:44.388 V/MoEngage(12922): InApp_9.5.0_InAppModuleManager clearNudgesCache() : Activity name: com.adda247.gold.MainActivity
04-08 13:22:44.389 W/PackageManager( 2171): package com.adda247.gold uid 10932 pid 12922 call SetEnabledSetting(com.adda247.gold component = androidx.work.impl.background.systemalarm.RescheduleReceiver, 2, 0)
04-08 13:22:44.390 E/OplusPredictiveBackController(12922):  NoSuchMethodException 
04-08 13:22:44.390 D/OplusPredictiveBackController(12922): should not HookOnBackInvokedCallbackEnabled for application com.adda247.gold.MainActivity@b455ff8 hasOnBackInvokedCallBackEnabled
04-08 13:22:44.390 D/OplusPredictiveBackController(12922): initPredictiveBackConfig for com.adda247.gold.MainActivity@b455ff8 initPredictiveBackConfig mShouldInterceptKeyEvent false
04-08 13:22:44.390 D/OplusPredictiveBackController(12922): should not HookOnBackInvokedCallbackEnabled for application com.adda247.gold.MainActivity@b455ff8 hasOnBackInvokedCallBackEnabled
04-08 13:22:44.390 D/WindowOnBackDispatcher(12922):  predictive settings is disabled for com.adda247.gold
04-08 13:22:44.391 I/oplus.android.OplusFrameworkFactoryImpl(12922): Unknow feature:IOplusTextViewRTLUtilForUG
04-08 13:22:44.393 D/WM-PackageManagerHelper(12922): androidx.work.impl.background.systemalarm.RescheduleReceiver disabled
04-08 13:22:44.396 V/MoEPluginBase_5.2.0_(12922): MoEPluginBase_5.2.0__PluginHelper addIntegrationMeta() : integrationMeta: IntegrationMeta(type=flutter, version=10.3.0), appId: WMDA2A8JEH4S8FJ1LB96WMJW
04-08 13:22:44.402 D/CompatChangeReporter(12922): Compat change id reported: 377864165; UID 10932; state: ENABLED
04-08 13:22:44.404 D/DesktopModeFlags(12922): Toggle override initialized to: OVERRIDE_UNSET
04-08 13:22:44.404 I/FirebaseCrashlytics(12922): No version control information found
04-08 13:22:44.430 V/MoEngage(12922): Core_GlobalActivityLifecycleObserver onActivityStarted(): MainActivity
04-08 13:22:44.430 V/MoEngage(12922): InApp_9.5.0_InAppModuleManager registerActivity() : com.adda247.gold.MainActivity, fromOnResume: false
04-08 13:22:44.430 V/MoEngage(12922): InApp_9.5.0_InAppModuleManager clearIsShowInAppCalledForInstanceCache() : 
04-08 13:22:44.430 V/MoEngage(12922): InApp_9.5.0_InAppModuleManager clearIsShowInAppCalledForInstanceCache() : clearing.. []
04-08 13:22:44.431 V/MoEngage(12922): InApp_9.5.0_InAppModuleManager resetShowInAppShowState() : Resetting show state.
04-08 13:22:44.450 V/MoEngage(12922): InApp_9.5.0_ConfigurationChangeHandler onConfigurationChanged() : false 
04-08 13:22:44.450 V/MoEngage(12922): InApp_9.5.0_ConfigurationChangeHandler handleInAppsOnOrientationChange() : Dismiss & Re-render InApp if required
04-08 13:22:44.450 V/MoEngage(12922): InApp_9.5.0_ConfigurationChangeHandler updateActivityData() : configChangeMeta: configChangeMeta:[com.adda247.gold.MainActivity, 1]
04-08 13:22:44.456 I/MoEngage(12922): WMDA2A8JEH4S8FJ1LB96WMJW Core_InitialisationHandler processInitialization(): 
04-08 13:22:44.459 V/AlarmManager( 2171): sending alarm Alarm{deb6a4f type 1 origWhen 1775634764459 whenElapsed 1502748897 android} uid 1000 whenElapsed 1502748897 windowLength 0 maxWhenElapsed 1502748897 repeatInterval 0 action null component null tag StorgaeBandInfoAlarmTag flags 0x9 procName system_server
04-08 13:22:44.463 E/OplusStorageUFSBandwidth( 2171): storage_io_metrics_path is /proc/oplus_storage/io_metrics/forever/
04-08 13:22:44.463 I/ResourceExtractor(12922): Resource version mismatch res_timestamp-30-1775539557650
04-08 13:22:44.463 D/FlutterJNI(12922): Beginning load of flutter...
04-08 13:22:44.465 E/OplusStorageUFSBandwidth( 2171): Bandwidth - Read: 1.50 MB/s, Write: 1.00 MB/s
04-08 13:22:44.465 E/OplusStorageUFSBandwidth( 2171): Task time: 2ms
04-08 13:22:44.469 E/OplusStorageUFSBandwidth( 2171): Alarm set to trigger in 10 seconds
04-08 13:22:44.470 D/nativeloader(12922): Load /data/app/~~ZyA4WFWO3TjHXecCaOduxg==/com.adda247.gold-jRE7iAGs2arl1lKo87dh0Q==/base.apk!/lib/arm64-v8a/libflutter.so using class loader ns clns-9 (caller=/data/app/~~ZyA4WFWO3TjHXecCaOduxg==/com.adda247.gold-jRE7iAGs2arl1lKo87dh0Q==/base.apk!classes24.dex): ok
04-08 13:22:44.471 D/FlutterJNI(12922): flutter (null) was loaded normally!
04-08 13:22:44.483 E/OplusDexOptimizeManager( 2171): Start app fature is off
04-08 13:22:44.484 W/OplusExSystemServiceHelper(18400): checkOplusExSystemService intent getComponent is null
04-08 13:22:44.486 D/BoundBrokerSvc(18400): onBind: Intent { act=com.google.android.gms.measurement.START xflg=0x4 pkg=com.google.android.gms mCallingUid=10932 }
04-08 13:22:44.486 D/BoundBrokerSvc(18400): Loading bound service for intent: Intent { act=com.google.android.gms.measurement.START xflg=0x4 pkg=com.google.android.gms mCallingUid=10932 }
04-08 13:22:44.502 V/MoEngage(12922): InApp_9.5.0_Utils getTestInAppMeta() :
04-08 13:22:44.503 V/MoEngage(12922): InApp_9.5.0_InAppModuleManager getCurrentActivityName() : Activity Name: com.adda247.gold.MainActivity
04-08 13:22:44.504 I/MoEngage(12922): Core_RttManager loadHandler() : Rtt module not found
04-08 13:22:44.505 I/MoEngage(12922): null loadHandler() : Security module not found
04-08 13:22:44.514 I/FA      (12922): Tag Manager is not found and thus will not be used
04-08 13:22:44.526 I/MoEngage(12922): Core_PushAmpManager loadHandler() : Push Amp Module not found.
04-08 13:22:44.527 I/MoEngage(12922): Core_GeoManager loadHandler() :  Geofence module not found.
04-08 13:22:44.533 V/MoEngage(12922): InApp_9.5.0_InAppModuleManager getCurrentActivityName() : Activity Name: com.adda247.gold.MainActivity
04-08 13:22:44.582 D/DnsDomainBlock( 3431): onDnsEvent: latencyMs=11, returnCode=0, uid=10932
04-08 13:22:44.894 I/resRelease( 2171): policy type is 1
04-08 13:22:44.928 D/IpClient/wlan0( 3326): interfaceLinkStateChanged: ifindex 37 up
04-08 13:22:45.027 D/JobSchedulerServiceExtImpl( 2171): updateOsenseRestrictMode for 1 false false
04-08 13:22:45.037 D/Osense-BaseDecisionMaker( 2171): notifyDelayedSceneToPolicy
04-08 13:22:45.051 E/OplusDexOptimizeManager( 2171): Start app fature is off
04-08 13:22:45.052 W/OplusExSystemServiceHelper(19067): checkOplusExSystemService intent getComponent is null
04-08 13:22:45.052 W/fb4a.AppComponentFactory(19067): Instantiating Service
04-08 13:22:45.137 I/ResourceExtractor(12922): Extracted baseline resource assets/flutter_assets/kernel_blob.bin
04-08 13:22:45.138 I/ResourceExtractor(12922): Extracted baseline resource assets/flutter_assets/vm_snapshot_data
04-08 13:22:45.214 I/ResourceExtractor(12922): Extracted baseline resource assets/flutter_assets/isolate_snapshot_data
04-08 13:22:45.224 I/om.adda247.gold(12922): AssetManager2(0xb400007248d50928) locale list changing from [] to [en-IN]
04-08 13:22:45.279 E/LockScreenNotificationDispatcherImp( 2940): updateNotificationListOnKg size:0
04-08 13:22:45.281 D/PluginSeedling--Notification( 2940): NotificationController-->isHideForCharge = false
04-08 13:22:45.281 D/PluginSeedling--Notification( 2940): NotificationController-->checkUpdateVisibleSeedingEntries， state = 3， curVisibleState=3, forceUpdate=false
04-08 13:22:45.283 D/colorx  (12922): VulkanExtImpl Init
04-08 13:22:45.284 D/vulkan  (12922): searching for layers in '/data/app/~~ZyA4WFWO3TjHXecCaOduxg==/com.adda247.gold-jRE7iAGs2arl1lKo87dh0Q==/lib/arm64'
04-08 13:22:45.285 D/vulkan  (12922): searching for layers in '/data/app/~~ZyA4WFWO3TjHXecCaOduxg==/com.adda247.gold-jRE7iAGs2arl1lKo87dh0Q==/base.apk!/lib/arm64-v8a'
04-08 13:22:45.285 D/AALLightSensor( 1812): oldLux=38 [SA:-1 LA:-1] newLux=38 (oriLux: 39)
04-08 13:22:45.291 D/vulkan  (12922): added global layer 'VK_LAYER_KHRONOS_validation' from library '/data/app/~~ZyA4WFWO3TjHXecCaOduxg==/com.adda247.gold-jRE7iAGs2arl1lKo87dh0Q==/base.apk!/lib/arm64-v8a/libVkLayer_khronos_validation.so'
04-08 13:22:45.292 I/SystemUi--Notification( 2940): LockScreenNotificationDispatcherImp-->updateNotificationListOnKg resultCode: 0
04-08 13:22:45.292 D/colorx  (12922): I can't find colorx layer , let's enumerate colorx layers first.
04-08 13:22:45.302 I/flutter (12922): [IMPORTANT:flutter/shell/platform/android/android_context_vk_impeller.cc(62)] Using the Impeller rendering backend (Vulkan).
04-08 13:22:45.391 I/AppsFilter( 2171): interaction: PackageSetting{204a86d com.android.microdroid.empty_payload/10268} -> PackageSetting{621a355 com.adda247.gold/10932} BLOCKED
04-08 13:22:45.391 I/AppsFilter( 2171): interaction: PackageSetting{ccdb19 io.appium.uiautomator2.server.test/10792} -> PackageSetting{621a355 com.adda247.gold/10932} BLOCKED
04-08 13:22:45.391 I/AppsFilter( 2171): interaction: PackageSetting{a1c9fab com.oplus.locationproxy/10168} -> PackageSetting{621a355 com.adda247.gold/10932} BLOCKED
04-08 13:22:45.391 I/AppsFilter( 2171): interaction: PackageSetting{184608 com.labs.ustaadtv/10347} -> PackageSetting{621a355 com.adda247.gold/10932} BLOCKED
04-08 13:22:45.391 I/AppsFilter( 2171): interaction: PackageSetting{1dc71a1 com.android.certinstaller/10204} -> PackageSetting{621a355 com.adda247.gold/10932} BLOCKED
04-08 13:22:45.391 I/AppsFilter( 2171): interaction: PackageSetting{d838b87 com.oplus.location/10219} -> PackageSetting{621a355 com.adda247.gold/10932} BLOCKED
04-08 13:22:45.396 D/SessionConfigFetcher(12922): Fetching settings from server.
04-08 13:22:45.402 I/system_server( 2171): AssetManager2(0xb400007154825828) locale list changing from [] to [en-IN]
04-08 13:22:45.404 I/system_server( 2171): AssetManager2(0xb400007154826a28) locale list changing from [] to [en-IN]
04-08 13:22:45.408 I/system_server( 2171): AssetManager2(0xb40000713c619028) locale list changing from [] to [en-IN]
04-08 13:22:45.410 I/system_server( 2171): AssetManager2(0xb40000713c619c28) locale list changing from [] to [en-IN]
04-08 13:22:45.416 I/system_server( 2171): AssetManager2(0xb400007035b7bc28) locale list changing from [] to [en-IN]
04-08 13:22:45.417 D/ShortcutService( 2171): Getting shortcuts for launcher= com.android.launcheruserId=0 pkg=com.adda247.gold
04-08 13:22:45.418 D/ShortcutService( 2171): getShortcutsInnerLocked() returned empty results because com.adda247.gold isn't loaded
04-08 13:22:45.422 V/AccessibilityManagerService( 2171): onUserStateChangedLocked for user 0 with forceUpdate: false mEnabledServices = [] mCrashedServices = [] hasMagnificationConnection=false
04-08 13:22:45.423 W/MagnificationConnectionManager( 2171): requestConnection duplicated request: connect=false, mConnectionState=DISCONNECTED
04-08 13:22:45.424 I/system_server( 2171): AssetManager2(0xb400007035b7c228) locale list changing from [] to [en-IN]
04-08 13:22:45.431 I/system_server( 2171): AssetManager2(0xb400007035b7ce28) locale list changing from [] to [en-IN]
04-08 13:22:45.438 I/system_server( 2171): AssetManager2(0xb400007035b7d728) locale list changing from [] to [en-IN]
04-08 13:22:45.462 I/system_server( 2171): AssetManager2(0xb400007035b7dd28) locale list changing from [] to [en-IN]
04-08 13:22:45.465 V/AutofillManagerService( 2171): onPackageModified(): com.adda247.gold
04-08 13:22:45.474 W/Searchables( 2171): No web search activity found
04-08 13:22:45.491 D/Pluto-ANR-watcher(28365): Check for ANR...
04-08 13:22:45.492 D/Pluto-ANR-watcher(28365): UI Thread responded within 1s
04-08 13:22:45.539 I/CastDatabase(18199): Saving the database
04-08 13:22:45.543 I/SQLiteCastStore(18199): [CastNetworkInfo] saved: 0, skipped: 0, [CastDeviceInfo]: saved 0, skipped 0, [ProbedNetworks]: saved 0, skipped: 0, [ProbedSocketAddress]: saved 0, skipped: 0, [Network-Device pairs]: saved: 0
04-08 13:22:45.554 D/SessionConfigFetcher(12922): Fetched settings: {"settings_version":3,"cache_duration":166771,"features":{"collect_logged_exceptions":true,"collect_reports":true,"collect_analytics":false,"prompt_enabled":false,"push_enabled":false,"firebase_crashlytics_enabled":false,"collect_anrs":true,"collect_metric_kit":false,"collect_build_ids":true},"app":{"status":"activated","update_required":false,"report_upload_variant":2,"native_report_upload_variant":2},"fabric":{"org_id":"692da7549b34c9c8f06024ce","bundle_id":"com.adda247.gold"},"on_demand_upload_rate_per_minute":10,"on_demand_backoff_base":1.2,"on_demand_backoff_step_duration_seconds":60,"app_quality":{"sessions_enabled":true,"sampling_rate":1,"session_timeout_seconds":1800},"on_demand_thread_recording_suspension_enabled":true}
04-08 13:22:45.572 I/flutter (12922): The Dart VM service is listening on http://127.0.0.1:42921/YwRmoUQC6jo=/
04-08 13:22:45.641 D/LifecycleServiceBinder(12922): Binding service to application.
04-08 13:22:45.643 E/OplusDexOptimizeManager( 2171): Start app fature is off
04-08 13:22:45.684 I/sensors-hal-HfLooper( 1407): ambient light  40.000000
04-08 13:22:45.783 D/NotificationCenter(19867): NotificationCenterService-->onDestroy: 
04-08 13:22:45.786 D/com.llfbandit.app_links(12922): Intent { act=android.intent.action.MAIN cat=[android.intent.category.LAUNCHER] flg=0x10200000 xflg=0x4 cmp=com.adda247.gold/.MainActivity mCallingUid=2000 }
04-08 13:22:45.792 D/AudioSystem(12922): onNewService: media.audio_policy service obtained 0xb40000714df44940
04-08 13:22:45.794 D/AudioSystem(12922): getService: checking for service media.audio_policy: 0xb40000714df44940
04-08 13:22:45.794 D/NativePermissionController( 1478): checkPermission: missing 13 for 10932
04-08 13:22:45.795 D/NativePermissionController( 1478): checkPermission: missing 13 for 10932
04-08 13:22:45.801 D/NativePermissionController( 1478): checkPermission: missing 13 for 10932
04-08 13:22:45.802 D/NativePermissionController( 1478): checkPermission: missing 13 for 10932
04-08 13:22:45.804 D/AudioManagerExtImpl(12922): mLastUnFakeScoUid 10932 mFakeScoUid -1
04-08 13:22:45.810 D/FLTFireContextHolder(12922): received application context.
04-08 13:22:45.827 I/om.adda247.gold(12922): AssetManager2(0xb400007248d51b28) locale list changing from [] to [en-IN]
04-08 13:22:45.828 I/TextToSpeech(12922): Sucessfully bound to com.google.android.tts
04-08 13:22:45.829 D/TextToSpeechManagerPerUserService( 2171): Trying to start connection to TTS engine: com.google.android.tts
04-08 13:22:45.831 D/TextToSpeechManagerPerUserService( 2171): Connected successfully to TTS engine: com.google.android.tts
04-08 13:22:45.831 I/TextToSpeech(12922): Connected to TTS engine
04-08 13:22:45.838 V/MoEngage(12922): MoEFlutter_MoEngageFlutterPlugin onAttachedToEngine() : Registering MoEngageFlutterPlugin
04-08 13:22:45.838 V/MoEngage(12922): MoEFlutter_MoEngageFlutterPlugin initPlugin(): Initializing MoEngage Flutter Plugin
04-08 13:22:45.839 I/GoogleTTSServiceImpl(19514): currentLocale = en-IN
04-08 13:22:45.839 V/MoEngage(12922): MoEFlutter_MoEngageFlutterPlugin onAttachedToActivity() : Attached To Activity
04-08 13:22:45.839 V/MoEngage(12922): MoEFlutter_MoEngageFlutterPlugin initPlugin(): Initializing MoEngage Flutter Plugin
04-08 13:22:45.840 I/GoogleTTSServiceImpl(19514): For default lang en-in is name en-IN-language (en-in-x-enc-server)
04-08 13:22:45.840 I/TextToSpeech(12922): Setting up the connection to TTS engine...
04-08 13:22:45.867 I/SurfaceFactory(12922): [static] sSurfaceFactory = com.mediatek.view.impl.SurfaceFactoryImpl@d1d3c88
04-08 13:22:45.872 D/OplusInputMethodUtil(12922): init sDebug to false, init sDebugIme to false, init sAlwaysOn to false
04-08 13:22:45.872 D/OplusInputMethodUtil(12922): updateDebugToClass InputMethodManager.DEBUG = false
04-08 13:22:45.872 D/OplusInputMethodUtil(12922): updateDebugToClass ImeFocusController.DEBUG = false
04-08 13:22:45.873 D/OplusInputMethodUtil(12922): updateDebugToClass OnBackInvokedDispatcher.DEBUG = false
04-08 13:22:45.873 D/OplusInputMethodUtil(12922): updateDebugToClass InsetsController.DEBUG = false
04-08 13:22:45.873 D/OplusInputMethodUtil(12922): updateDebugToClass BaseInputConnection.DEBUG = false
04-08 13:22:45.895 I/om.adda247.gold(12922): hiddenapi: Accessing hidden method Landroid/view/accessibility/AccessibilityNodeInfo;->getSourceNodeId()J (runtime_flags=0, domain=platform, api=unsupported,test-api) from Lio/flutter/view/AccessibilityViewEmbedder$ReflectionAccessors; (domain=app, TargetSdkVersion=36) using reflection: allowed
04-08 13:22:45.895 I/om.adda247.gold(12922): hiddenapi: Accessing hidden method Landroid/view/accessibility/AccessibilityRecord;->getSourceNodeId()J (runtime_flags=0, domain=platform, api=unsupported) from Lio/flutter/view/AccessibilityViewEmbedder$ReflectionAccessors; (domain=app, TargetSdkVersion=36) using reflection: allowed
04-08 13:22:45.895 I/om.adda247.gold(12922): hiddenapi: Accessing hidden field Landroid/view/accessibility/AccessibilityNodeInfo;->mChildNodeIds:Landroid/util/LongArray; (runtime_flags=0, domain=platform, api=unsupported) from Lio/flutter/view/AccessibilityViewEmbedder$ReflectionAccessors; (domain=app, TargetSdkVersion=36) using reflection: allowed
04-08 13:22:45.895 I/om.adda247.gold(12922): hiddenapi: Accessing hidden method Landroid/util/LongArray;->get(I)J (runtime_flags=0, domain=platform, api=unsupported) from Lio/flutter/view/AccessibilityViewEmbedder$ReflectionAccessors; (domain=app, TargetSdkVersion=36) using reflection: allowed
04-08 13:22:45.928 V/MoEngage(12922): Core_LifecycleManager onAppForeground() : Application in foreground.
04-08 13:22:45.929 V/MoEngage(12922): Core_LifecycleManager onAppForeground() : Executing App foreground task
04-08 13:22:45.929 V/MoEngage(12922): Core_ReportsManager onAppOpen() : 
04-08 13:22:45.929 V/MoEngage(12922): Core_ReportsManager setupForegroundPeriodicFlush() : 
04-08 13:22:45.930 D/ActivityThread(12922): ComponentInfo{com.adda247.gold/com.adda247.gold.MainActivity} checkFinished=false 2
04-08 13:22:45.930 V/MoEngage(12922): Core_DataUtils getPeriodicSyncInterval() : Sync Interval: 60
04-08 13:22:45.930 D/ResourcesManagerExtImpl(12922): applyConfigurationToAppResourcesLocked app.getDisplayId() return callback.displayId:0
04-08 13:22:45.930 V/MoEngage(12922): Core_ReportsManager setupForegroundPeriodicFlush() : Scheduling sync, time: 60
04-08 13:22:45.931 V/MoEngage(12922): Core_SyncHandler scheduleAppCloseSync() : Sync Type - SYNC_TYPE_APP_BACKGROUND_FALLBACK_SYNC
04-08 13:22:45.932 V/MoEngage(12922): Core_SyncHandler scheduleDataSending() : Sync Meta SyncMeta(syncInterval=1200, syncType=SYNC_TYPE_APP_BACKGROUND_FALLBACK_SYNC, triggerPoint=APP_BACKGROUND_FALLBACK, extras={})
04-08 13:22:45.932 D/SessionLifecycleClient(12922): Queued message 1. Queue size 1
04-08 13:22:45.940 V/MoEngage(12922): Core_GlobalActivityLifecycleObserver onActivityResumed(): MainActivity
04-08 13:22:45.940 V/MoEngage(12922): InApp_9.5.0_InAppModuleManager onResume() : com.adda247.gold.MainActivity
04-08 13:22:45.940 V/MoEngage(12922): InApp_9.5.0_InAppModuleManager registerActivity() : com.adda247.gold.MainActivity, fromOnResume: true
04-08 13:22:45.940 V/MoEngage(12922): InApp_9.5.0_InAppModuleManager clearIsShowInAppCalledForInstanceCache() : 
04-08 13:22:45.940 V/MoEngage(12922): InApp_9.5.0_InAppModuleManager getCurrentActivityName() : Activity Name: com.adda247.gold.MainActivity
04-08 13:22:45.941 V/MoEngage(12922): InApp_9.5.0_InAppModuleManager getCurrentActivityName() : Activity Name: com.adda247.gold.MainActivity
04-08 13:22:45.941 V/AutofillClientController(12922): onActivityResumed()
04-08 13:22:45.941 V/AutofillClientController(12922): onActivityPostResumed()
04-08 13:22:45.941 V/AutofillClientController(12922): onActivityPostResumed(): Relayout fix enabled
04-08 13:22:45.941 V/AutofillClientController(12922): forResume(): Not attempting refill.
04-08 13:22:45.944 V/MoEngage(12922): Core_GlobalApplicationLifecycleHandler onResume() : 
04-08 13:22:45.947 I/PowerHalWrapper(12922): PowerHalWrapper.getInstance 
04-08 13:22:45.957 W/UserAwareMgr( 2171): process owner is not matched: 10, threadName: HwUiTask, pid: 12922,tid=13075,owner=fg1
04-08 13:22:45.957 D/ExtensionsLoader(12922): createInstance(64bit) : createExtendedFactory
04-08 13:22:45.957 W/UserAwareMgr( 2171): process owner is not matched: 10, threadName: HwUiTask, pid: 12922,tid=13076,owner=fg1
04-08 13:22:45.958 D/WindowManager(12922): Add to mViews: com.android.internal.policy.DecorView{8cc73a I.E...... R.....ID 0,0-0,0 alpha=1.0 viewInfo = }[MainActivity],pkg= com.adda247.gold
04-08 13:22:45.959 D/ExtensionsLoader(12922): Opened libSchedAssistExtImpl.so
04-08 13:22:45.960 W/HWUI    (12922): Unknown dataspace 0
04-08 13:22:45.960 D/ExtensionsLoader(12922): createInstance(64bit) : createExtendedFactory
04-08 13:22:45.962 D/ExtensionsLoader(12922): Opened libhwuiextimpl.so
04-08 13:22:45.962 D/skia    (12922): setRusSupported enable 0
04-08 13:22:45.963 W/UserAwareMgr( 2171): process owner is not matched: 10, threadName: RenderThread, pid: 12922,tid=13009,owner=fg1
04-08 13:22:45.964 V/MoEngage(12922): FCM_8.1.0_TokenRegistrationHandler registerForPush() : Will try to register for push
04-08 13:22:45.965 V/MoEngage(12922): InApp_9.5.0_InAppModuleManager setupOnAppForeground() : Will setup module if needed.
04-08 13:22:45.965 V/MoEngage(12922): InApp_9.5.0_InAppModuleManager setupOnAppForeground() : Starting setup for InApp module
04-08 13:22:45.966 V/MoEngage(12922): FCM_8.1.0_FcmModuleManager setupOnAppForeground() : Starting setup for FCM module
04-08 13:22:45.966 V/MoEngage(12922): Core_LifecycleManager onAppForeground() : Executed App foreground task
04-08 13:22:45.973 I/WindowManager( 2171): addWindow: New client android.os.BinderProxy@78155aa : window=Window{5a7759b u0 com.adda247.gold/com.adda247.gold.MainActivity}
04-08 13:22:45.976 D/ViewRootImplExtImpl(12922): onDisplayChanged -1 for VRI android.view.ViewRootImpl@e7fd3b6
04-08 13:22:45.978 D/WM-SystemJobScheduler(12922): Scheduling work ID 3b42cef9-86dc-4f56-9488-18028dbe6964Job ID 0
04-08 13:22:45.978 I/TaskOrganizerController( 2171): onTaskInfoChanged taskid 8398 config { mBounds=Rect(0, 0 - 1080, 2400) mAppBounds=Rect(0, 0 - 1080, 2400) mMaxBounds=Rect(0, 0 - 1080, 2400) mDisplayRotation=ROTATION_0 mWindowingMode=fullscreen mActivityType=standard mAlwaysOnTop=undefined mRotation=ROTATION_0}
04-08 13:22:45.979 D/OplusFlexibleDragToSplitAnimController( 2171): visibleFlexibleTaskInfos delete:8398
04-08 13:22:45.979 E/FlexibleWindowManagerService( 2171): notifyTaskObserverToAttachController not need to notify!
04-08 13:22:45.979 I/FlexibleWindowManagerService( 2171): onFlexibleWindowTaskInfoChanged, return for cur task not embedded
04-08 13:22:45.979 D/ShellTaskOrganizerExt( 2940): visibleFlexibleTaskInfos delete:8398
04-08 13:22:45.979 D/ShellTaskOrganizerExt( 2940): isOnCanvas size:0
04-08 13:22:45.979 D/ShellTaskOrganizerExt( 2940): isOnThreeFlexibleCanvas size:0
04-08 13:22:45.994 W/PackageManager( 2171): package com.adda247.gold uid 10932 pid 12922 call SetEnabledSetting(com.adda247.gold component = androidx.work.impl.background.systemalarm.RescheduleReceiver, 1, 0)
04-08 13:22:45.998 D/WM-PackageManagerHelper(12922): androidx.work.impl.background.systemalarm.RescheduleReceiver enabled
04-08 13:22:46.175 D/ResourcesManagerExtImpl(12922): applyConfigurationToAppResourcesLocked app.getDisplayId() return callback.displayId:0
04-08 13:22:46.176 D/WM-RescheduleReceiver(12922): Received intent Intent { act=android.intent.action.BOOT_COMPLETED flg=0x9000030 pkg=com.adda247.gold cmp=com.adda247.gold/androidx.work.impl.background.systemalarm.RescheduleReceiver (has extras) }
04-08 13:22:46.177 I/BroadcastQueue( 2171): BOOT_COMPLETED_BROADCAST_COMPLETION_LATENCY_REPORTED action:android.intent.action.BOOT_COMPLETED dispatchLatency:43 completeLatency:3024 dispatchRealLatency:44 completeRealLatency:3025 receiversSize:1 userId:0 userType:android.os.usertype.full.SYSTEM
04-08 13:22:46.182 I/Choreographer(12922): Skipped 122 frames!  The application may be doing too much work on its main thread.
04-08 13:22:46.183 E/OplusBracketLog(12922): [OplusViewMirrorManager] updateHostViewRootIfNeeded, not support android.view.ViewRootImpl@e7fd3b6
04-08 13:22:46.188 I/WindowExtensionsImpl(12922): Initializing Window Extensions, vendor API level=9, activity embedding enabled=true
04-08 13:22:46.200 I/SurfaceView(12922): 92444262 onAttachedToWindow
04-08 13:22:46.204 D/OplusPredictiveBackController(12922): should not HookOnBackInvokedCallbackEnabled for application com.adda247.gold.MainActivity@b455ff8 hasOnBackInvokedCallBackEnabled
04-08 13:22:46.204 D/WindowOnBackDispatcher(12922):  predictive settings is disabled for com.adda247.gold
04-08 13:22:46.204 D/OplusPredictiveBackController(12922): should not HookOnBackInvokedCallbackEnabled for application com.adda247.gold.MainActivity@b455ff8 hasOnBackInvokedCallBackEnabled
04-08 13:22:46.204 D/WindowOnBackDispatcher(12922):  predictive settings is disabled for com.adda247.gold
04-08 13:22:46.204 D/CoreBackPreview( 2171): Window{5a7759b u0 com.adda247.gold/com.adda247.gold.MainActivity}: Setting back callback OnBackInvokedCallbackInfo{mCallback=android.window.IOnBackInvokedCallback$Stub$Proxy@9beb905, mPriority=0, mIsAnimationCallback=false, mOverrideBehavior=0}
04-08 13:22:46.205 D/ViewRootImplExtImpl(12922): wrapConfigInfoIntoFlags rotation=0, smallestScreenWidthDp=0, residentWS=false, scenario=0, bounds=Rect(0, 0 - 1080, 2400), relayoutAsync=false, flags=0, newFlags=1258291200, title=com.adda247.gold/com.adda247.gold.MainActivity
04-08 13:22:46.206 V/WindowManager( 2171): Relayout Window{5a7759b u0 com.adda247.gold/com.adda247.gold.MainActivity}: viewVisibility=0, oldvis=4, req=1080x2400 , apr = 0, vsysui=LAYOUT_STABLE LAYOUT_FULLSCREEN, x=0, y=0
04-08 13:22:46.207 I/WindowManager( 2171): Window{5a7759b u0 com.adda247.gold/com.adda247.gold.MainActivity} state from NO_SURFACE to DRAW_PENDING; reason: resetDrawState
04-08 13:22:46.212 D/DnsDomainBlock( 3431): onDnsEvent: latencyMs=12, returnCode=0, uid=10108
04-08 13:22:46.213 D/WindowManager( 2171): NFW_findFocusedWindowIfNeeded:Window{5a7759b u0 com.adda247.gold/com.adda247.gold.MainActivity} mCurrentFocus:null
04-08 13:22:46.214 V/WindowManager( 2171): Changing focus from null to Window{5a7759b u0 com.adda247.gold/com.adda247.gold.MainActivity},diplayid=0
04-08 13:22:46.216 D/WindowManager( 2171): setFrameRateStart invalid typeId return!
04-08 13:22:46.218 D/WindowManager( 2171): setFrameRateStart invalid typeId return!
04-08 13:22:46.218 D/Theia.NoFocusWindow( 2171): FocusWindowErrorScene cancelCheckFreezeScreen
04-08 13:22:46.219 W/TheiaWindowMonitor( 2171): [check] focusedWindow is null or enable is false
04-08 13:22:46.221 I/AccessibilityWindowsPopulator( 2171): getInsensibleFlag flag = 0
04-08 13:22:46.221 D/VRI[MainActivity](12922): relayoutWindow result, sizeChanged:true, surfaceControlChanged:true, transformHintChanged:false, mSurfaceSize:Point(1080, 2400), mLastSurfaceSize:Point(0, 0), mWidth:-1, mHeight:-1, requestedWidth:1080, requestedHeight:2400, transformHint:0, installOrientation:0, displayRotation:0, isSurfaceValid:true, attr.flag:-2122252032, tmpFrames:ClientWindowFrames{frame=[0,0][1080,2400] display=[0,0][1080,2400] parentFrame=[0,0][0,0]}, relayoutAsync:false, mSyncSeqId:0
04-08 13:22:46.221 W/VRI[MainActivity](12922): updateBlastSurfaceIfNeeded, surfaceSize:Point(1080, 2400), lastSurfaceSize:Point(0, 0), format:-3, blastBufferQueue:null
04-08 13:22:46.222 D/[OSIE]  ( 1534): scltmLayer_name VRI[MainActivity][com.adda247.gold/com.adda247.gold.MainActivity]
04-08 13:22:46.222 D/[OSIE]  ( 1534): IsSCLTMLayer=0 
04-08 13:22:46.223 E/om.adda247.gold(12922): [perfctl] 12922 12922 FPSGO ver:0
04-08 13:22:46.223 E/om.adda247.gold(12922): [perfctl] 0 0 0 0
04-08 13:22:46.223 D/BufferQueueConsumer(12922): [](id:327a00000000,api:0,p:-1,c:12922) connect: controlledByApp=false
04-08 13:22:46.223 D/BufferQueueConsumer(12922): [VRI[MainActivity][com.adda247.gold/com.adda247.gold.MainActivity]#0(BLAST Consumer)0](id:327a00000000,api:0,p:-1,c:12922) setMaxAcquiredBufferCount: 3
04-08 13:22:46.227 D/SurfaceComposerClient( 2171): Transaction::apply InputWindowCommands.focusRequests timestamp=329205739592157, windowName=5a7759b com.adda247.gold/com.adda247.gold.MainActivity
04-08 13:22:46.227 D/HWUI    (12922): createSurface new attribs array
04-08 13:22:46.229 D/libEGL  (12922): this is from skia gles
04-08 13:22:46.237 I/SurfaceFlinger( 1534): [SF client] NEW(0xb400006f6c3820f0) for (12922:com.adda247.gold)
04-08 13:22:46.237 I/AccessibilityWindowsPopulator( 2171): getInsensibleFlag flag = 0
04-08 13:22:46.241 D/SurfaceView(12922): 92444262, SurfaceView[com.adda247.gold/com.adda247.gold.MainActivity], layerid: 84238 createBlastSurfaceControls
04-08 13:22:46.241 D/[OSIE]  ( 1534): scltmLayer_name 5829666 SurfaceView[com.adda247.gold/com.adda247.gold.MainActivity]
04-08 13:22:46.241 D/[OSIE]  ( 1534): IsSCLTMLayer=0 
04-08 13:22:46.242 D/BufferQueueConsumer(12922): [](id:327a00000001,api:0,p:-1,c:12922) connect: controlledByApp=false
04-08 13:22:46.242 D/BufferQueueConsumer(12922): [5829666 SurfaceView[com.adda247.gold/com.adda247.gold.MainActivity]#1(BLAST Consumer)1](id:327a00000001,api:0,p:-1,c:12922) setMaxAcquiredBufferCount: 3
04-08 13:22:46.243 I/SurfaceView(12922): 92444262 visibleChanged -- surfaceCreated 
04-08 13:22:46.243 D/Surface (12922): Surface::dispatchSetGameApi
04-08 13:22:46.244 D/Surface (12922): dispatchSetGameApi pid[12922] tid[13035] GameApi[1]
04-08 13:22:46.244 D/Surface (12922): dispatchSetGameApi res:0
04-08 13:22:46.244 D/vulkan  (12922): set game api vulkan successfully
04-08 13:22:46.244 D/BLASTBufferQueue(12922): 5829666 SurfaceView[com.adda247.gold/com.adda247.gold.MainActivity]#1 getBufferCacheFlag 0
04-08 13:22:46.246 D/BLASTBufferQueue(12922): 5829666 SurfaceView[com.adda247.gold/com.adda247.gold.MainActivity]#1 getMaxAcquireBufferCount 3
04-08 13:22:46.246 D/BLASTBufferQueue(12922): 5829666 SurfaceView[com.adda247.gold/com.adda247.gold.MainActivity]#1 getOrignalMaxAcquireBufferCount 3
04-08 13:22:46.247 E/mali_gralloc(12922): ERROR: Format allocation info not found for format: 38
04-08 13:22:46.247 E/mali_gralloc(12922): ERROR: Format allocation info not found for format: 0
04-08 13:22:46.247 E/om.adda247.gold(12922): Invalid base format! req_base_format = 0x0, req_format = 0x38
04-08 13:22:46.247 E/mali_gralloc(12922): ERROR: Unrecognized and/or unsupported format 0x38 and usage 0xb00
04-08 13:22:46.247 E/mali_gralloc(12922): ERROR: Format allocation info not found for format: 3b
04-08 13:22:46.247 E/mali_gralloc(12922): ERROR: Format allocation info not found for format: 0
04-08 13:22:46.247 E/om.adda247.gold(12922): Invalid base format! req_base_format = 0x0, req_format = 0x3b
04-08 13:22:46.247 E/mali_gralloc(12922): ERROR: Unrecognized and/or unsupported format 0x3b and usage 0xb00
04-08 13:22:46.247 E/mali_gralloc(12922): ERROR: Format allocation info not found for format: 38
04-08 13:22:46.247 E/mali_gralloc(12922): ERROR: Format allocation info not found for format: 0
04-08 13:22:46.247 E/om.adda247.gold(12922): Invalid base format! req_base_format = 0x0, req_format = 0x38
04-08 13:22:46.247 E/mali_gralloc(12922): ERROR: Unrecognized and/or unsupported format 0x38 and usage 0xb00
04-08 13:22:46.247 E/mali_gralloc(12922): ERROR: Format allocation info not found for format: 3b
04-08 13:22:46.247 E/mali_gralloc(12922): ERROR: Format allocation info not found for format: 0
04-08 13:22:46.247 E/om.adda247.gold(12922): Invalid base format! req_base_format = 0x0, req_format = 0x3b
04-08 13:22:46.247 E/mali_gralloc(12922): ERROR: Unrecognized and/or unsupported format 0x3b and usage 0xb00
04-08 13:22:46.247 D/BLASTBufferQueue(12922): 5829666 SurfaceView[com.adda247.gold/com.adda247.gold.MainActivity]#1 getBufferCacheFlag 0
04-08 13:22:46.248 D/BLASTBufferQueue(12922): 5829666 SurfaceView[com.adda247.gold/com.adda247.gold.MainActivity]#1 getMaxAcquireBufferCount 3
04-08 13:22:46.248 D/BLASTBufferQueue(12922): 5829666 SurfaceView[com.adda247.gold/com.adda247.gold.MainActivity]#1 getOrignalMaxAcquireBufferCount 3
04-08 13:22:46.248 D/SurfaceFlinger( 1534): updateWinowInfo=1, setFocusedWindow timestamp=329205739592157, windowName=5a7759b com.adda247.gold/com.adda247.gold.MainActivity
04-08 13:22:46.249 I/InputDispatcher( 2171): NFW_setFocusedWindow, 5a7759b com.adda247.gold/com.adda247.gold.MainActivity on display 0, same as the previous:0
04-08 13:22:46.264 I/appium  (12866): channel read: POST /session/8958d751-e316-46a6-ae45-3b774c0f8c47/element
04-08 13:22:46.265 I/appium  (12866): FindElement command
04-08 13:22:46.266 I/appium  (12866): method: 'xpath', selector: '//android.widget.Button[@resource-id="com.android.permissioncontroller:id/permission_allow_button"]'
04-08 13:22:46.267 I/appium  (12866): Waiting up to 10000ms for the device to idle
04-08 13:22:46.302 I/AccessibilityWindowsPopulator( 2171): getInsensibleFlag flag = 0
04-08 13:22:46.352 I/om.adda247.gold(12922): Compiler allocated 7207KB to compile void android.view.ViewRootImpl.performTraversals()
04-08 13:22:46.378 D/OplusStartingWindowManager( 2171): updateRecordSurfaceViewState windowToken = android.os.BinderProxy@78155aa, surfaceState = true, attachedToWindow = true, inList = false, win = Window{5a7759b u0 com.adda247.gold/com.adda247.gold.MainActivity}
04-08 13:22:46.394 D/SurfaceView(12922): 92444262 handleSyncNoBuffer
04-08 13:22:46.394 W/VRI[MainActivity](12922): performTraversals: cancelAndRedraw, mLastPerformTraversalsSkipDrawReasonpredraw_io.flutter.embedding.android.FlutterActivityAndFragmentDelegate$2
04-08 13:22:46.396 V/MoEngage(12922): Core_Utils postOnMainThread() : executing: class com.moengage.core.internal.CoreController$$ExternalSyntheticLambda2
04-08 13:22:46.397 V/MoEngage(12922): Core_InitialisationHandler onSdkInitialised() : Notifying initialisation listeners
04-08 13:22:46.402 W/MoEngage(12922): WMDA2A8JEH4S8FJ1LB96WMJW Core_AuthenticationHandler initialiseListeners(): Authorization is not enabled
04-08 13:22:46.406 D/SessionLifecycleService(12922): Service bound to new client on process 12922
04-08 13:22:46.413 I/GoogleTTSServiceImpl(19514): currentLocale = en-IN
04-08 13:22:46.415 D/SessionLifecycleService(12922): App has not yet foregrounded. Using previously stored session: null
04-08 13:22:46.415 D/SessionLifecycleService(12922): Client android.os.Messenger@41e67ec bound at 329205925. Clients: 1
04-08 13:22:46.416 I/GoogleTTSServiceImpl(19514): currentLocale = en-IN
04-08 13:22:46.419 I/GoogleTTSServiceImpl(19514): For default lang en-in is name en-IN-language (en-in-x-enc-server)
04-08 13:22:46.448 W/OPLUS_LOG_LOAD( 2171): ==LOGS PROG INFO, prog(system_server) ==
04-08 13:22:46.448 E/OplusDexOptimizeManager( 2171): Start app fature is off
04-08 13:22:46.465 V/AlarmManager( 2171): sending alarm Alarm{dce562d type 1 origWhen 1775634766465 whenElapsed 1502750903 android} uid 1000 whenElapsed 1502750903 windowLength 0 maxWhenElapsed 1502750903 repeatInterval 0 action null component null tag StorgaeBandInfoAlarmTag flags 0x9 procName system_server
04-08 13:22:46.469 E/OplusStorageUFSBandwidth( 2171): storage_io_metrics_path is /proc/oplus_storage/io_metrics/forever/
04-08 13:22:46.471 E/OplusStorageUFSBandwidth( 2171): Bandwidth - Read: 0.00 MB/s, Write: 1.00 MB/s
04-08 13:22:46.471 E/OplusStorageUFSBandwidth( 2171): Task time: 2ms
04-08 13:22:46.473 E/OplusStorageUFSBandwidth( 2171): Alarm set to trigger in 10 seconds
04-08 13:22:46.491 V/MoEngage(12922): Core_Properties processObjectAttribute() : Will process: ACTIVITY_NAME : com.adda247.gold.MainActivity
04-08 13:22:46.499 V/MoEngage(12922): Core_Properties processObjectAttribute() : Will process: ACTIVITY_NAME : com.pichillilorenzo.flutter_inappwebview_android.in_app_browser.InAppBrowserActivity
04-08 13:22:46.507 V/MoEngage(12922): Core_Properties processObjectAttribute() : Will process: ACTIVITY_NAME : com.pichillilorenzo.flutter_inappwebview_android.chrome_custom_tabs.ChromeCustomTabsActivity
04-08 13:22:46.511 D/ActivityAdapter( 3453): mTaskInfoList is empty
04-08 13:22:46.511 D/ActivityAdapter( 3453): taskChange: pre: 0, cur: 0, changed:false
04-08 13:22:46.515 V/MoEngage(12922): Core_Properties processObjectAttribute() : Will process: ACTIVITY_NAME : com.pichillilorenzo.flutter_inappwebview_android.chrome_custom_tabs.TrustedWebActivity
04-08 13:22:46.523 V/MoEngage(12922): Core_Properties processObjectAttribute() : Will process: ACTIVITY_NAME : com.pichillilorenzo.flutter_inappwebview_android.chrome_custom_tabs.ChromeCustomTabsActivitySingleInstance
04-08 13:22:46.531 V/MoEngage(12922): Core_Properties processObjectAttribute() : Will process: ACTIVITY_NAME : com.pichillilorenzo.flutter_inappwebview_android.chrome_custom_tabs.TrustedWebActivitySingleInstance
04-08 13:22:46.540 V/MoEngage(12922): Core_Properties processObjectAttribute() : Will process: ACTIVITY_NAME : com.moengage.inapp.internal.activity.MoEInAppActivity
04-08 13:22:46.550 V/MoEngage(12922): Core_Properties processObjectAttribute() : Will process: ACTIVITY_NAME : com.facebook.FacebookActivity
04-08 13:22:46.558 V/MoEngage(12922): Core_Properties processObjectAttribute() : Will process: ACTIVITY_NAME : com.facebook.CustomTabMainActivity
04-08 13:22:46.566 V/MoEngage(12922): Core_Properties processObjectAttribute() : Will process: ACTIVITY_NAME : com.facebook.CustomTabActivity
04-08 13:22:46.574 V/MoEngage(12922): Core_Properties processObjectAttribute() : Will process: ACTIVITY_NAME : com.moengage.pushbase.activities.PushTracker
04-08 13:22:46.583 V/MoEngage(12922): Core_Properties processObjectAttribute() : Will process: ACTIVITY_NAME : com.moengage.pushbase.activities.PushClickDialogTracker
04-08 13:22:46.591 V/MoEngage(12922): Core_Properties processObjectAttribute() : Will process: ACTIVITY_NAME : com.moengage.sdk.debugger.MoEDebuggerActivity
04-08 13:22:46.597 D/ChargerInfo( 1447): getInfo: type: 0x1, update: 1
04-08 13:22:46.597 D/ChargerInfo( 1447): chargerInfoUpdateThread: update start
04-08 13:22:46.598 D/ChargerInfo( 1447): enableTx: path(/proc/wireless/enable_tx): not exist
04-08 13:22:46.600 D/ChargerInfo( 1447): get_ui_charge_icon_type: 0 0 0 0
04-08 13:22:46.600 V/MoEngage(12922): Core_Properties processObjectAttribute() : Will process: ACTIVITY_NAME : androidx.credentials.playservices.HiddenActivity
04-08 13:22:46.600 D/ChargerInfo( 1447): cpaPower:7500 isChargeOnline:1 isSupportRetentionTopic:0
04-08 13:22:46.600 E/ChargerInfo( 1447): SingleHyperPath not found
04-08 13:22:46.600 D/ChargerInfo( 1447): CarC: path(/sys/class/oplus_chg/battery/gauge_car_c): not exist
04-08 13:22:46.601 D/ChargerInfo( 1447): chargerInfoUpdateThread: update end
04-08 13:22:46.601 D/ChargerInfo( 1447): chargerInfoUpdateThread: update wait
04-08 13:22:46.601 D/ChargerInfo( 1447): enableTx: path(/proc/wireless/enable_tx): not exist
04-08 13:22:46.601 D/ChargerInfo( 1447): getInfo: {"Update":{"batteryFcc":4831,"batteryRm":4831,"bddLeakCurr":0,"bmsStatus":0,"bypassChgStatus":0,"chargeTimeRemaining":0,"cpaPower":7,"enableTx":true,"fastCharge":0,"isSupportSpeedCharge":0,"notifyCode":1048704,"otgOnline":0,"ppsChargePower":0,"ppsCharging":0,"shortCHwStatus":0,"shortIcOtpStatus":0,"uiIconType":0,"uiPower":0,"usbStatus":0,"wlsAdapterPower":0}}
04-08 13:22:46.608 V/MoEngage(12922): Core_Properties processObjectAttribute() : Will process: ACTIVITY_NAME : androidx.credentials.playservices.IdentityCredentialApiHiddenActivity
04-08 13:22:46.609 D/ChargerInfo( 1447): getInfo: type: 0x1, update: 1
04-08 13:22:46.609 D/ChargerInfo( 1447): chargerInfoUpdateThread: update start
04-08 13:22:46.611 D/ChargerInfo( 1447): enableTx: path(/proc/wireless/enable_tx): not exist
04-08 13:22:46.612 D/ChargerInfo( 1447): get_ui_charge_icon_type: 0 0 0 0
04-08 13:22:46.612 D/ChargerInfo( 1447): cpaPower:7500 isChargeOnline:1 isSupportRetentionTopic:0
04-08 13:22:46.612 E/ChargerInfo( 1447): SingleHyperPath not found
04-08 13:22:46.612 D/ChargerInfo( 1447): CarC: path(/sys/class/oplus_chg/battery/gauge_car_c): not exist
04-08 13:22:46.612 D/ChargerInfo( 1447): chargerInfoUpdateThread: update end
04-08 13:22:46.612 D/ChargerInfo( 1447): chargerInfoUpdateThread: update wait
04-08 13:22:46.613 D/ChargerInfo( 1447): enableTx: path(/proc/wireless/enable_tx): not exist
04-08 13:22:46.613 D/ChargerInfo( 1447): getInfo: {"Update":{"batteryFcc":4831,"batteryRm":4831,"bddLeakCurr":0,"bmsStatus":0,"bypassChgStatus":0,"chargeTimeRemaining":0,"cpaPower":7,"enableTx":true,"fastCharge":0,"isSupportSpeedCharge":0,"notifyCode":1048704,"otgOnline":0,"ppsChargePower":0,"ppsCharging":0,"shortCHwStatus":0,"shortIcOtpStatus":0,"uiIconType":0,"uiPower":0,"usbStatus":0,"wlsAdapterPower":0}}
