04-08 13:22:51.274 D/ActivityTaskManager( 2171): getStartingWindowType: , newTask=false, taskSwitch=false, processRunning=true, allowTaskSnapshot=true, activityCreated=false, activityAllDrawn=false, snapshot exist: false
04-08 13:22:51.274 D/ActivityRecordExtImpl( 2171): handleStartingWindowForCompactWindow origin type:0, adjustType : 0
04-08 13:22:51.274 D/ActivityTaskManager( 2171): skip addStartingWindow due to resolvedTheme: 0, theme: 2132017652
04-08 13:22:51.274 D/OplusWindowAnimationManager( 2171): applyNoAnimationForResumed resumed: ActivityRecord{187770924 u0 com.adda247.gold/.MainActivity t8398}
04-08 13:22:51.275 I/PowerHalWrapper( 2171): amsBoostNotify pid:12922,activity:com.adda247.gold.MainActivity, package:com.adda247.gold, mProcessCreatePackcom.adda247.gold 
04-08 13:22:51.275 I/PowerHalWrapper( 2171): state: 0 
04-08 13:22:51.275 I/IPCThreadState( 1420): oneway function results for code 2 on binder at 0xb4000072604709a0 will be dropped but finished with status UNKNOWN_TRANSACTION
04-08 13:22:51.275 I/vendor.mediatek.hardware.mtkpower_applist-service.mediatek( 1420): packName: com.adda247.gold actName: com.adda247.gold.MainActivity pid: 12922 uid: 10932 state: 0
04-08 13:22:51.275 I/MTK_APPList( 1420): [notifyAPPstate] com.adda247.gold/com.adda247.gold.MainActivity, pid=12922, uid=10932, state:PAUSED, fps:-1, win:0
04-08 13:22:51.275 I/MTK_APPList( 1420): [notifyAPPstate] multi_resumed_app_count: 0
04-08 13:22:51.275 I/MTK_APPList( 1420): [getForegroundAPPCount] 1
04-08 13:22:51.275 I/MTK_APPList( 1420): [notifyNetdUID] 10932
04-08 13:22:51.277 I/MTK_APPList( 1420): [notifyPID] 12922
04-08 13:22:51.278 I/PowerHalWrapper( 2171): amsBoostNotify AMS_BOOST_PROCESS_CREATE_BOOST:true 
04-08 13:22:51.278 D/MBrainLocalService( 2171): isVendorFreezeConditionPass is false
04-08 13:22:51.278 E/MBrainLocalService( 2171): notifyAppSwitch failed
04-08 13:22:51.278 I/PowerHalWrapper( 2171): <amsBoostResume> last:com.adda247.gold, next:com.google.android.permissioncontrollerhasATProcess:false 
04-08 13:22:51.280 I/[UAH_CLIENT]( 1422): UahPlatformResAcquire
04-08 13:22:51.280 I/[UAH_CLIENT]( 1422): UahEventAcquire, cmdid:-3, pkg:1422 0, identity:mtk-powerd
04-08 13:22:51.281 I/ActivityTaskManager( 2171): START u0 {act=android.content.pm.action.REQUEST_PERMISSIONS xflg=0x4 pkg=com.google.android.permissioncontroller cmp=com.google.android.permissioncontroller/com.android.permissioncontroller.permission.ui.GrantPermissionsActivity (has extras) mCallingUid=10932} with LAUNCH_MULTIPLE from uid 10932 (rr=187770924) (BAL_ALLOW_VISIBLE_WINDOW (callingUid has visible window)) result code=0
04-08 13:22:51.281 V/WindowManagerShell( 2940): Transition requested (#6937): android.os.BinderProxy@1a77a28 TransitionRequestInfo { type = OPEN, triggerTask = TaskInfo{userId=0 taskId=8398 effectiveUid=10932 displayId=0 isRunning=true baseIntent=Intent { act=android.intent.action.MAIN cat=[android.intent.category.LAUNCHER] flg=0x10200000 cmp=com.adda247.gold/.MainActivity mCallingUid=2000 } baseActivity=ComponentInfo{com.adda247.gold/com.adda247.gold.MainActivity} topActivity=ComponentInfo{com.google.android.permissioncontroller/com.android.permissioncontroller.permission.ui.GrantPermissionsActivity} origActivity=null realActivity=ComponentInfo{com.adda247.gold/com.adda247.gold.MainActivity}
04-08 13:22:51.281 V/WindowManagerShell( 2940):  numActivities=2 lastActiveTime=1502755712 supportsSplitScreenMultiWindow=true supportsMultiWindow=true supportsPocketStudioMultiWindow=true isInFlexibleEmbedded = false uid = 10275 pid = 0 resizeMode=1 isResizeable=true minWidth=-1 minHeight=-1 defaultMinSize=220 token=WCT{android.window.IWindowContainerToken$Stub$Proxy@e776341} topActivityType=1 pictureInPictureParams=null shouldDockBigOverlays=false launchIntoPipHostTaskId=-1 lastParentTaskIdBeforePip=-1 displayCutoutSafeInsets=Rect(0, 0 - 0, 0)
04-08 13:22:51.281 V/WindowManagerShell( 2940):  topActivityInfo=ActivityInfo{e5940e6 com.android.permissioncontroller.permission.ui.GrantPermissionsActivity} launchCookies=[] positionInParent=Point(0, 0) parentTaskId=-1 isFocused=true isVisible=true isVisibleRequested=true isTopActivityNoDisplay=false isSleeping=false locusId=null displayAreaFeatureId=1 isTopActivityTransparent=true isActivityStackTransparent=false lastNonFullscreenBounds=Rect(270, 649 - 810, 1729) capturedLink=null capturedLinkTimestamp=0 requestedVisibleTypes=-9 topActivityRequestOpenInBrowserEducationTimestamp=0
04-08 13:22:51.281 V/WindowManagerShell( 2940):  appCompatTaskInfo=AppCompatTaskInfo { topActivityInSizeCompat=false topActivityInOplusCompatMode=false eligibleForLetterboxEducation= false isLetterboxEducationEnabled= false isLetterboxDoubleTapEnabled= false eligibleForUserAspectRatioButton= false topActivityBoundsLetterboxed= false isFromLetterboxDoubleTap= false topActivityLetterboxVerticalPosition= -1 topActivityLetterboxHorizontalPosition= -1 topActivityLetterboxWidth=-1 topActivityLetterboxHeight=-1 topActivityAppBounds=Rect(0, 0 - 1080, 2400) isUserFullscreenOverrideEnabled=false isSystemFullscreenOverrideEnabled=false hasMinAspectRatioOverride=false topActivityLetterboxBounds=null cameraCompatTaskInfo=CameraCompatTaskInfo { freeformCameraCompatMode=inactive}} topActivityMainWindowFrame=null topActivityLetterboxInsets=Rect(0, 0 - 0, 0)
04-08 13:22:51.281 V/WindowManagerShell( 2940):  mOplusExtraBundle = Bundle[mParcelledData.dataSize=1536]}, pipChange = null, remoteTransition = null, displayChange = null, flags = 0, debugId = 6937 }
04-08 13:22:51.282 D/ShellSplitScreen( 2940): logExit: no-op, mLoggerSessionId is null
04-08 13:22:51.282 I/Quality ( 2171): LaunchTime2.0: com.adda247.gold/.MainActivity 1 8274 com.android.shell 148 182
04-08 13:22:51.290 E/StdID   (13209): com.heytap.mcs:DUID:ret:T
04-08 13:22:51.292 I/TaskOrganizerController( 2171): onTaskInfoChanged taskid 8398 config { mBounds=Rect(0, 0 - 1080, 2400) mAppBounds=Rect(0, 0 - 1080, 2400) mMaxBounds=Rect(0, 0 - 1080, 2400) mDisplayRotation=ROTATION_0 mWindowingMode=fullscreen mActivityType=standard mAlwaysOnTop=undefined mRotation=ROTATION_0}
04-08 13:22:51.293 D/OplusFlexibleDragToSplitAnimController( 2171): visibleFlexibleTaskInfos delete:8398
04-08 13:22:51.293 E/FlexibleWindowManagerService( 2171): notifyTaskObserverToAttachController not need to notify!
04-08 13:22:51.293 I/FlexibleWindowManagerService( 2171): onFlexibleWindowTaskInfoChanged, return for cur task not embedded
04-08 13:22:51.294 D/ShellTaskOrganizerExt( 2940): visibleFlexibleTaskInfos delete:8398
04-08 13:22:51.294 D/ShellTaskOrganizerExt( 2940): isOnCanvas size:0
04-08 13:22:51.294 D/ShellTaskOrganizerExt( 2940): isOnThreeFlexibleCanvas size:0
04-08 13:22:51.308 I/BpBinder( 1534): onLastStrongRef automatically unlinking death recipients: 
04-08 13:22:51.342 D/ViewRootImplExtImpl(12922): wrapConfigInfoIntoFlags rotation=0, smallestScreenWidthDp=360, residentWS=false, scenario=0, bounds=Rect(0, 0 - 1080, 2400), relayoutAsync=false, flags=0, newFlags=1258302720, title=com.adda247.gold/com.adda247.gold.MainActivity
04-08 13:22:51.343 V/WindowManager( 2171): Relayout Window{5a7759b u0 com.adda247.gold/com.adda247.gold.MainActivity}: viewVisibility=0, oldvis=0, req=1080x2400 , apr = 8, vsysui=LAYOUT_STABLE LAYOUT_HIDE_NAVIGATION LAYOUT_FULLSCREEN, x=0, y=0
04-08 13:22:51.346 I/TaskOrganizerController( 2171): onTaskInfoChanged taskid 8398 config { mBounds=Rect(0, 0 - 1080, 2400) mAppBounds=Rect(0, 0 - 1080, 2400) mMaxBounds=Rect(0, 0 - 1080, 2400) mDisplayRotation=ROTATION_0 mWindowingMode=fullscreen mActivityType=standard mAlwaysOnTop=undefined mRotation=ROTATION_0}
04-08 13:22:51.346 D/OplusVisibleTasks( 2171):  notifyTasksNumChange no need to notify.
04-08 13:22:51.346 D/OplusFlexibleDragToSplitAnimController( 2171): visibleFlexibleTaskInfos delete:8398
04-08 13:22:51.346 E/FlexibleWindowManagerService( 2171): notifyTaskObserverToAttachController not need to notify!
04-08 13:22:51.346 I/FlexibleWindowManagerService( 2171): onFlexibleWindowTaskInfoChanged, return for cur task not embedded
04-08 13:22:51.347 D/WindowManager( 2171): NFW_findFocusedWindowIfNeeded:Window{5a7759b u0 com.adda247.gold/com.adda247.gold.MainActivity} mCurrentFocus:Window{5a7759b u0 com.adda247.gold/com.adda247.gold.MainActivity}
04-08 13:22:51.347 D/ShellTaskOrganizerExt( 2940): visibleFlexibleTaskInfos delete:8398
04-08 13:22:51.347 D/ShellTaskOrganizerExt( 2940): isOnCanvas size:0
04-08 13:22:51.347 D/ShellTaskOrganizerExt( 2940): isOnThreeFlexibleCanvas size:0
04-08 13:22:51.348 D/VRI[MainActivity](12922): relayoutWindow result, sizeChanged:false, surfaceControlChanged:false, transformHintChanged:false, mSurfaceSize:Point(1080, 2400), mLastSurfaceSize:Point(1080, 2400), mWidth:1080, mHeight:2400, requestedWidth:1080, requestedHeight:2400, transformHint:0, installOrientation:0, displayRotation:0, isSurfaceValid:true, attr.flag:-2122252032, tmpFrames:ClientWindowFrames{frame=[0,0][1080,2400] display=[0,0][1080,2400] parentFrame=[0,0][0,0]}, relayoutAsync:false, mSyncSeqId:0
04-08 13:22:51.348 W/VRI[MainActivity](12922): updateBlastSurfaceIfNeeded, surfaceSize:Point(1080, 2400), lastSurfaceSize:Point(1080, 2400), format:-3, blastBufferQueue:android.graphics.BLASTBufferQueue@bacdb62
04-08 13:22:51.349 D/VRI[MainActivity](12922):  debugCancelDraw  cancelDraw=false,count = 113,android.view.ViewRootImpl@e7fd3b6
04-08 13:22:51.350 I/AccessibilityWindowsPopulator( 2171): getInsensibleFlag flag = 0
04-08 13:22:51.351 I/SurfaceControl(12922):  setExtendedRangeBrightness sc=Surface(name=com.adda247.gold/com.adda247.gold.MainActivity)/@0x5c25e4b,currentBufferRatio=1.0,desiredRatio=1.0
04-08 13:22:51.352 D/SurfaceView(12922): 92444262 dispatchDraw mDrawFinished true isAboveParent false (mPrivateFlags & PFLAG_SKIP_DRAW) 128
04-08 13:22:51.352 D/SurfaceView(12922): 92444262 clearSurfaceViewPort mCornerRadius 0.0
04-08 13:22:51.362 I/eara_io@eval( 1808): [eara_io_eval] wl 7 , top 5 , req_r 60 , req_w 15 , readsz_mb 0 , writesz_mb 0
04-08 13:22:51.377 D/BLASTBufferQueue(12922): [VRI[MainActivity][com.adda247.gold/com.adda247.gold.MainActivity]#0](f:0,a:1) acquireNextBufferLocked size=1080x2400 mFrameNumber=1 applyTransaction=true mTimestamp=329210895752542(auto) mPendingTransactions.size=0 graphicBufferId=55499567398928 transform=0
04-08 13:22:51.377 D/VRI[MainActivity](12922): Received frameCommittedCallback lastAttemptedDrawFrameNum=1 didProduceBuffer=true syncBuffer=false
04-08 13:22:51.377 D/ExtensionsLoader(12922): createInstance(64bit) : createExtendedFactory
04-08 13:22:51.378 D/ExtensionsLoader(12922): Opened libSchedAssistExtImpl.so
04-08 13:22:51.379 D/VRI[MainActivity](12922): draw finished. seqId=0
04-08 13:22:51.379 I/WindowManager( 2171): Window{5a7759b u0 com.adda247.gold/com.adda247.gold.MainActivity} state from DRAW_PENDING to COMMIT_DRAW_PENDING; reason: finishDrawingLocked
04-08 13:22:51.382 I/WindowManager( 2171): Window{5a7759b u0 com.adda247.gold/com.adda247.gold.MainActivity} state from COMMIT_DRAW_PENDING to READY_TO_SHOW; reason: commitFinishDrawingLocked
04-08 13:22:51.382 D/CoreBackPreview( 2171):  return markWindowHasDrawn mComposed: false  mWaitTransition: false
04-08 13:22:51.382 D/ActivityTaskManager( 2171): Finish StartingWindow: ActivityRecord{187770924 u0 com.adda247.gold/.MainActivity t8398}first real window is shown
04-08 13:22:51.383 D/ActivityTaskManager( 2171): removeStartingWindowAnimation starting ActivityRecord{187770924 u0 com.adda247.gold/.MainActivity t8398} startingWindow=null ,startingView=com.android.server.wm.StartingSurfaceController$StartingSurface@57ecc28,Callers=com.android.server.wm.ActivityRecord.removeStartingWindow:3392 com.android.server.wm.ActivityRecord.onFirstWindowDrawn:8062 com.android.server.wm.WindowState.performShowLocked:4914 com.android.server.wm.WindowStateAnimator.commitFinishDrawingLocked:403 com.android.server.wm.DisplayContent.lambda$new$8:1150 
04-08 13:22:51.383 D/OplusStartingWindowManager( 2171): interceptRemoveStartingWindow: packageName=com.adda247.gold,  componentName=com.adda247.gold/.MainActivity, isSnapshot=false, startingSurfaceRunnable=null, isDrawCompleted=false, hasSurfaceView=false, inTransition=false
04-08 13:22:51.383 D/OplusSplitScreenDnDUI( 2171): notifyRemoveStartingWindow isSpitScreenDrag = false mDropTargetSurface = null StartingWindowpkgName = com.adda247.gold DragPkg = null isLauncherResume = false
04-08 13:22:51.383 D/OplusStartingWindowManager( 2171): interceptRemoveStartingWindow: hasSplashWindowFlag() return false for activity=ActivityRecord{187770924 u0 com.adda247.gold/.MainActivity t8398}
04-08 13:22:51.385 D/WindowManager( 2171): setFrameRateStart invalid typeId return!
04-08 13:22:51.385 D/TaskOrganizerController( 2171): TaskOrganizerController.removeStartingWindow: call wmshell to removeStartingWindow Task{7c1defb #8398 type=standard A=10932:com.adda247.gold}
04-08 13:22:51.386 D/QuickBackInputPolicy( 2171): setAppLaunchEndTime update timePair=Pair{ActivityRecord{187770924 u0 com.adda247.gold/.MainActivity t8398} 329210905}
04-08 13:22:51.386 I/OPM     ( 2171): handleNotifyLaunchTime : com.adda247.gold, :8358
04-08 13:22:51.387 I/WindowManager( 2171): Window{5a7759b u0 com.adda247.gold/com.adda247.gold.MainActivity} state from READY_TO_SHOW to HAS_DRAWN; reason: performShowLocked
04-08 13:22:51.394 D/CoreBackPreview( 2171):  return markWindowHasDrawn mComposed: false  mWaitTransition: false
04-08 13:22:51.399 I/trackiersdk(12922): XiaomiReferrer onGetAppsReferrerSetupFinished: FEATURE_NOT_SUPPORTED
04-08 13:22:51.399 D/trackiersdk(12922): TrackierSDKInstance facebook ID is 1628796561437429
04-08 13:22:51.405 W/ProcessStats( 2171): Tracking association SourceState{49a375c com.adda247.gold/10932 BTop #660601} whose proc state 2 is better than process ProcessState{5f92989 com.facebook.katana/10285 pkg=com.facebook.katana} proc state 14 (29 skipped)
04-08 13:22:51.407 I/BufferQueueProducer( 1534): [Splash Screen com.adda247.gold#84227](this:0xb400006f653ddaf8,id:-1,api:0,p:-1,c:1534) queueBuffer: fps=0.12 dur=8307.70 max=8307.70 min=8307.70
04-08 13:22:51.412 I/appium  (12866): Took 0ms to retrieve 0 matches for '//android.widget.Button[@resource-id="com.android.permissioncontroller:id/permission_allow_button"]' XPath2 query
04-08 13:22:51.414 I/appium  (12866): AppiumResponse: {"sessionId":"8958d751-e316-46a6-ae45-3b774c0f8c47","value":{"error":"no such element","message":"An element could not be located on the page using the given search parameters","stacktrace":"io.appium.uiautomator2.common.exceptions.ElementNotFoundException: An element could not be located on the page using the given search parameters\n\tat io.appium.uiautomator2.utils.ElementLocationHelpers.findElement(ElementLocationHelpers.java:153)\n\tat io.appium.uiautomator2.handler.FindElement.safeHandle(FindElement.java:60)\n\tat io.appium.uiautomator2.handler.request.SafeRequestHandler.handle(SafeRequestHandler.java:59)\n\tat io.appium.uiautomator2.server.AppiumServlet.handleRequest(AppiumServlet.java:267)\n\tat io.appium.uiautomator2.server.AppiumServlet.handleHttpRequest(AppiumServlet.java:261)\n\tat io.appium.uiautomator2.http.ServerHandler.channelRead(ServerHandler.java:77)\n\tat io.netty.channel.AbstractChannelHandlerContext.fireChannelRead(AbstractChannelHandlerContext.java:356)\n\tat io.netty.handler.codec.MessageToMessageDecoder.channelRead(MessageToMessageDecoder.java:107)\n\tat io.netty.channel.AbstractChannelHandlerContext.fireChannelRead(AbstractChannelHandlerContext.java:356)\n\tat io.netty.channel.CombinedChannelDuplexHandler$DelegatingChannelHandlerContext.fireChannelRead(CombinedChannelDuplexHandler.java:434)\n\tat io.netty.handler.codec.ByteToMessageDecoder.fireChannelRead(ByteToMessageDecoder.java:361)\n\tat io.netty.handler.codec.ByteToMessageDecoder.channelRead(ByteToMessageDecoder.java:325)\n\tat io.netty.channel.CombinedChannelDuplexHandler.channelRead(CombinedChannelDuplexHandler.java:249)\n\tat io.netty.channel.AbstractChannelHandlerContext.fireChannelRead(AbstractChannelHandlerContext.java:354)\n\tat io.netty.handler.timeout.IdleStateHandler.channelRead(IdleStateHandler.java:293)\n\tat io.netty.channel.AbstractChannelHandlerContext.fireChannelRead(AbstractChannelHandlerContext.java:354)\n\tat io.netty.channel.DefaultChannelPipeline$HeadContext.channelRead(DefaultChannelPipeline.java:1429)\n\tat io.netty.channel.DefaultChannelPipeline.fireChannelRead(DefaultChannelPipeline.java:918)\n\tat io.netty.channel.nio.AbstractNioByteChannel$NioByteUnsafe.read(AbstractNioByteChannel.java:172)\n\tat io.netty.channel.nio.AbstractNioChannel$AbstractNioUnsafe.handle(AbstractNioChannel.java:445)\n\tat io.netty.channel.nio.NioIoHandler$DefaultNioRegistration.handle(NioIoHandler.java:388)\n\tat io.netty.channel.nio.NioIoHandler.processSelectedKey(NioIoHandler.java:596)\n\tat io.netty.channel.nio.NioIoHandler.processSelectedKeysOptimized(NioIoHandler.java:571)\n\tat io.netty.channel.nio.NioIoHandler.processSelectedKeys(NioIoHandler.java:512)\n\tat io.netty.channel.nio.NioIoHandler.run(NioIoHandler.java:484)\n\tat io.netty.channel.SingleThreadIoEventLoop.runIo(SingleThreadIoEventLoop.java:225)\n\tat io.netty.channel.SingleThreadIoEventLoop.run(SingleThreadIoEventLoop.java:196)\n\tat io.netty.util.concurrent.SingleThreadEventExecutor$5.run(SingleThreadEventExecutor.java:1195)\n\tat io.netty.util.internal.ThreadExecutorMap$2.run(ThreadExecutorMap.java:74)\n\tat io.netty.util.concurrent.FastThreadLocalRunnable.run(FastThreadLocalRunnable.java:30)\n\tat java.lang.Thread.run(Thread.java:1564)\n"}}
04-08 13:22:51.416 I/InputDispatcher( 2171): updateFocusedWindow, 5a7759b com.adda247.gold/com.adda247.gold.MainActivity on display 0, reason: Window became focusable. Previous reason: NOT_VISIBLE, result:   FocusedWindows:
04-08 13:22:51.416 I/InputDispatcher( 2171):     displayId=0, name='5a7759b com.adda247.gold/com.adda247.gold.MainActivity'
04-08 13:22:51.418 W/hwcomposer( 1401): [DRMDEV] paramIsSame(), id 20122, w 1080/1080, h 2400/2400, pitch 1088/1088, format 0x2/0x1, secure 0/0  
04-08 13:22:51.418 I/AccessibilityWindowsPopulator( 2171): getInsensibleFlag flag = 0
04-08 13:22:51.418 I/AccessibilityWindowsPopulator( 2171): getInsensibleFlag flag = 0
04-08 13:22:51.428 I/flutter (12922): [38;5;12m┌───────────────────────────────────────────────────────────────────────────────────────────────────────────────────────[0m
04-08 13:22:51.429 I/flutter (12922): [38;5;12m│ #0   AppLogger.logInfo (package:adda_gold/logger/app_logger.dart:107:15)[0m
04-08 13:22:51.429 I/flutter (12922): [38;5;12m│ #1   FirebaseAnalyticsUtil.logScreenView (package:adda_gold/analytics/firebase/firebase_analytics_util.dart:135:19)[0m
04-08 13:22:51.429 I/flutter (12922): [38;5;12m├┄┄┄┄┄┄┄┄┄┄┄┄┄┄┄┄┄┄┄┄┄┄┄┄┄┄┄┄┄┄┄┄┄┄┄┄┄┄┄┄┄┄┄┄┄┄┄┄┄┄┄┄┄┄┄┄┄┄┄┄┄┄┄┄┄┄┄┄┄┄┄┄┄┄┄┄┄┄┄┄┄┄┄┄┄┄┄┄┄┄┄┄┄┄┄┄┄┄┄┄┄┄┄┄┄┄┄┄┄┄┄┄┄┄┄┄┄┄┄[0m
04-08 13:22:51.429 I/flutter (12922): [38;5;12m│ 13:22:51.428 (+0:00:04.512641)[0m
04-08 13:22:51.429 I/flutter (12922): [38;5;12m├┄┄┄┄┄┄┄┄┄┄┄┄┄┄┄┄┄┄┄┄┄┄┄┄┄┄┄┄┄┄┄┄┄┄┄┄┄┄┄┄┄┄┄┄┄┄┄┄┄┄┄┄┄┄┄┄┄┄┄┄┄┄┄┄┄┄┄┄┄┄┄┄┄┄┄┄┄┄┄┄┄┄┄┄┄┄┄┄┄┄┄┄┄┄┄┄┄┄┄┄┄┄┄┄┄┄┄┄┄┄┄┄┄┄┄┄┄┄┄[0m
04-08 13:22:51.429 I/flutter (12922): [38;5;12m│ 💡 Firebase Screen View: root[0m
04-08 13:22:51.429 I/flutter (12922): [38;5;12m└───────────────────────────────────────────────────────────────────────────────────────────────────────────────────────[0m
04-08 13:22:51.429 D/VRI[MainActivity](12922): onFocusEvent true
04-08 13:22:51.430 E/soft_error.cpp(19067): [NativePlatformInterceptors] : ; friendly_name=MIRContentProviderMutation resolve token
04-08 13:22:51.433 I/PowerHalMgrImpl(12922): perfLockAcq is supported. 
04-08 13:22:51.433 E/fb4a.GraphServiceQueryExecutor(19067): query error
04-08 13:22:51.433 E/fb4a.GraphServiceQueryExecutor(19067): X.9RH: TigonError(error=InvalidRequest, errorDomain=TigonInterceptorsErrorDomain, domainErrorCode=12, analyticsDetail="Session access token interceptor: couldn't resolve token"), queryName=MIRContentProviderMutation
04-08 13:22:51.433 E/fb4a.GraphServiceQueryExecutor(19067): 	at X.cdy.onError(Unknown Source:64)
04-08 13:22:51.433 E/fb4a.GraphServiceQueryExecutor(19067): 	at X.29s.onError(Unknown Source:250)
04-08 13:22:51.433 E/fb4a.GraphServiceQueryExecutor(19067): 	at com.facebook.common.jniexecutors.NativeRunnable.nativeRun(Native Method)
04-08 13:22:51.433 E/fb4a.GraphServiceQueryExecutor(19067): 	at com.facebook.common.jniexecutors.NativeRunnable.run(Unknown Source:8)
04-08 13:22:51.433 E/fb4a.GraphServiceQueryExecutor(19067): 	at com.facebook.common.jniexecutors.PooledNativeRunnable.run(Unknown Source:7)
04-08 13:22:51.433 E/fb4a.GraphServiceQueryExecutor(19067): 	at android.os.Handler.handleCallback(Handler.java:1027)
04-08 13:22:51.433 E/fb4a.GraphServiceQueryExecutor(19067): 	at android.os.Handler.dispatchMessage(Handler.java:108)
04-08 13:22:51.433 E/fb4a.GraphServiceQueryExecutor(19067): 	at android.os.Looper.loopOnce(Looper.java:298)
04-08 13:22:51.433 E/fb4a.GraphServiceQueryExecutor(19067): 	at android.os.Looper.loop(Looper.java:408)
04-08 13:22:51.433 E/fb4a.GraphServiceQueryExecutor(19067): 	at android.os.HandlerThread.run(HandlerThread.java:85)
04-08 13:22:51.433 E/fb4a.GraphServiceQueryExecutor(19067): 	at X.1DK.run(Unknown Source:0)
04-08 13:22:51.433 V/Adjust  (12922): Foreground timer suspended with 55.9 seconds left
04-08 13:22:51.434 V/Adjust  (12922): Subsession end
04-08 13:22:51.435 D/Adjust  (12922): Wrote Activity state: ec:0 sc:1 ssc:1 sl:4.1 ts:4.1 la:11:12:13 uuid:ffae2c3c-83e1-46ad-89dc-88743ccd3a83
04-08 13:22:51.437 D/SessionLifecycleClient(12922): Sending lifecycle 2 to service
04-08 13:22:51.438 I/flutter (12922): [38;5;12m┌───────────────────────────────────────────────────────────────────────────────────────────────────────────────────────[0m
04-08 13:22:51.438 I/flutter (12922): [38;5;12m│ #0   AppLogger.logInfo (package:adda_gold/logger/app_logger.dart:107:15)[0m
04-08 13:22:51.438 I/flutter (12922): [38;5;12m│ #1   _MyAppState.didChangeAppLifecycleState (package:adda_gold/build_variants/my_app.dart:128:17)[0m
04-08 13:22:51.438 I/flutter (12922): [38;5;12m├┄┄┄┄┄┄┄┄┄┄┄┄┄┄┄┄┄┄┄┄┄┄┄┄┄┄┄┄┄┄┄┄┄┄┄┄┄┄┄┄┄┄┄┄┄┄┄┄┄┄┄┄┄┄┄┄┄┄┄┄┄┄┄┄┄┄┄┄┄┄┄┄┄┄┄┄┄┄┄┄┄┄┄┄┄┄┄┄┄┄┄┄┄┄┄┄┄┄┄┄┄┄┄┄┄┄┄┄┄┄┄┄┄┄┄┄┄┄┄[0m
04-08 13:22:51.438 I/flutter (12922): [38;5;12m│ 13:22:51.437 (+0:00:04.521247)[0m
04-08 13:22:51.438 I/flutter (12922): [38;5;12m├┄┄┄┄┄┄┄┄┄┄┄┄┄┄┄┄┄┄┄┄┄┄┄┄┄┄┄┄┄┄┄┄┄┄┄┄┄┄┄┄┄┄┄┄┄┄┄┄┄┄┄┄┄┄┄┄┄┄┄┄┄┄┄┄┄┄┄┄┄┄┄┄┄┄┄┄┄┄┄┄┄┄┄┄┄┄┄┄┄┄┄┄┄┄┄┄┄┄┄┄┄┄┄┄┄┄┄┄┄┄┄┄┄┄┄┄┄┄┄[0m
04-08 13:22:51.438 I/flutter (12922): [38;5;12m│ 💡 🔴 APP LIFECYCLE: App going to background (state: AppLifecycleState.inactive) - Triggering session end sync...[0m
04-08 13:22:51.438 I/flutter (12922): [38;5;12m└───────────────────────────────────────────────────────────────────────────────────────────────────────────────────────[0m
04-08 13:22:51.439 D/MetaInstallReferrer(12922): No data from Meta content provider
04-08 13:22:51.442 W/MetaInstallReferrer(12922): Meta referrer query timed out or returned null on attempt 1
04-08 13:22:51.442 D/SessionLifecycleService(12922): Activity backgrounding at 329210956
04-08 13:22:51.443 I/OplusAccessController( 2171): enter isIgnoreAppSwitchActivity
04-08 13:22:51.443 I/OplusAccessController( 2171): enter isIgnoreAppSwitchActivity and intent != null
04-08 13:22:51.443 I/OplusAccessController( 2171): enter isIgnoreAppSwitchActivity and componentName != null
04-08 13:22:51.443 I/OplusAccessController( 2171): enter isIgnoreAppSwitchActivity and packageName&activity is not Empty
04-08 13:22:51.443 I/OplusHansManager ( 2171): front pkg: com.google.android.permissioncontroller, uid: 10275, prev pkg: com.adda247.gold, prev uid: 10932
04-08 13:22:51.444 W/OplusHansManager ( 2171): Failed to notify phone app uid : not register
04-08 13:22:51.444 D/JobSchedulerServiceExtImpl( 2171): updateOsenseRestrictMode for 1 true false
04-08 13:22:51.444 D/BackgroundInstallControlService( 2171): Package event received: 0
04-08 13:22:51.445 D/ActivityTaskManager( 2171): setAppVisibility(Token{aaad3d3 ActivityRecord{253737783 u0 com.google.android.permissioncontroller/com.android.permissioncontroller.permission.ui.GrantPermissionsActivity t8398}}, visible=true):  visible=false mVisibleRequested=false
04-08 13:22:51.445 D/ActivityTaskManager( 2171): setVisibility(Token{aaad3d3 ActivityRecord{253737783 u0 com.google.android.permissioncontroller/com.android.permissioncontroller.permission.ui.GrantPermissionsActivity t8398}}, visible=true) defer commitVisibility for transition collecting
04-08 13:22:51.447 D/WindowManager( 2171): rotation(ROTATION_0) no changed  displayId = 0, lastOrientation = 1
04-08 13:22:51.448 I/TaskOrganizerController( 2171): onTaskInfoChanged taskid 8398 config { mBounds=Rect(0, 0 - 1080, 2400) mAppBounds=Rect(0, 0 - 1080, 2400) mMaxBounds=Rect(0, 0 - 1080, 2400) mDisplayRotation=ROTATION_0 mWindowingMode=fullscreen mActivityType=standard mAlwaysOnTop=undefined mRotation=ROTATION_0}
04-08 13:22:51.449 D/OplusVisibleTasks( 2171):  notifyTasksNumChange no need to notify.
04-08 13:22:51.449 D/OplusFlexibleDragToSplitAnimController( 2171): visibleFlexibleTaskInfos delete:8398
04-08 13:22:51.449 E/FlexibleWindowManagerService( 2171): notifyTaskObserverToAttachController not need to notify!
04-08 13:22:51.450 I/FlexibleWindowManagerService( 2171): onFlexibleWindowTaskInfoChanged, return for cur task not embedded
04-08 13:22:51.450 D/ActivityTaskManager( 2171): setAppVisibility(Token{aaad3d3 ActivityRecord{253737783 u0 com.google.android.permissioncontroller/com.android.permissioncontroller.permission.ui.GrantPermissionsActivity t8398}}, visible=true):  visible=false mVisibleRequested=true
04-08 13:22:51.450 D/ActivityTaskManager( 2171): setVisibility(Token{aaad3d3 ActivityRecord{253737783 u0 com.google.android.permissioncontroller/com.android.permissioncontroller.permission.ui.GrantPermissionsActivity t8398}}, visible=true) defer commitVisibility for transition collecting
04-08 13:22:51.450 E/OplusDexOptimizeManager( 2171): Start app fature is off
04-08 13:22:51.450 D/ShellTaskOrganizerExt( 2940): visibleFlexibleTaskInfos delete:8398
04-08 13:22:51.450 D/ShellTaskOrganizerExt( 2940): isOnCanvas size:0
04-08 13:22:51.450 D/ShellTaskOrganizerExt( 2940): isOnThreeFlexibleCanvas size:0
04-08 13:22:51.452 I/UserAwareMgr( 2171): handleTopAppChanged: com.google.android.permissioncontroller, pid: 25465, uid: 10275
04-08 13:22:51.452 D/ActivityTaskManager( 2171): NFW_setLastResumedActivityUncheckLocked:true r:ActivityRecord{253737783 u0 com.google.android.permissioncontroller/com.android.permissioncontroller.permission.ui.GrantPermissionsActivity t8398} currentFocus:Window{5a7759b u0 com.adda247.gold/com.adda247.gold.MainActivity}
04-08 13:22:51.453 D/WindowManager( 2171): NFW_findFocusedWindowIfNeeded:null mCurrentFocus:Window{5a7759b u0 com.adda247.gold/com.adda247.gold.MainActivity}
04-08 13:22:51.453 V/WindowManager( 2171): Changing focus from Window{5a7759b u0 com.adda247.gold/com.adda247.gold.MainActivity} to null,diplayid=0
04-08 13:22:51.454 D/WindowManager( 2171): setFrameRateStart invalid typeId return!
04-08 13:22:51.455 I/OPM-Process( 2171): resume pkg: com.google.android.permissioncontroller, uid:10275, prev pkg: com.adda247.gold, prev uid: 10932
04-08 13:22:51.457 I/Osense-BaseDecisionMaker( 2171): notifySceneToAthenaPolicy: SCENE_APP_SWITCH, bundle: Bundle[{prevPkgName=com.adda247.gold, curUid=10275, isGame=false, curPkgName=com.google.android.permissioncontroller, prevUid=10932}]
04-08 13:22:51.457 D/WindowManager( 2171): setFrameRateStart invalid typeId return!
04-08 13:22:51.458 I/Osense-BaseDecisionMaker( 2171): scene: SCENE_APP_SWITCH, excutingPolicy: freezer
04-08 13:22:51.458 D/Osense-BaseDecisionMaker( 2171): invoke freezer policy,type: fast
04-08 13:22:51.458 D/OplusAppStartupConfigExt( 2171): ActivityChangedListener prePkg = com.adda247.gold  nextPkg = com.google.android.permissioncontroller
04-08 13:22:51.458 I/OplusJoystickManager( 2171): handleApplicationSwitch deprecated!
04-08 13:22:51.458 I/GameManagerServiceExt-GameManagerServiceExt( 2171): on FG change: com.adda247.gold|com.google.android.permissioncontroller
04-08 13:22:51.459 D/ActivityManager( 2171): quick sync unfreeze 25465 for 1
04-08 13:22:51.459 D/OplusAppSwitchListener( 2171): App Activity Change
04-08 13:22:51.459 D/OplusAppSwitchListener( 2171): Detect com.adda247.gold switch to background
04-08 13:22:51.459 D/OplusFeatureReduceBrightness( 2171): onAppExit , info = com.adda247.gold
04-08 13:22:51.459 D/OplusAppSwitchListener( 2171): Detect com.google.android.permissioncontroller switch to foreground
04-08 13:22:51.460 I/PowerHalWrapper( 2171): amsBoostNotify pid:25465,activity:com.android.permissioncontroller.permission.ui.GrantPermissionsActivity, package:com.google.android.permissioncontroller, mProcessCreatePackcom.adda247.gold 
04-08 13:22:51.460 I/PowerHalWrapper( 2171): state: 1 
04-08 13:22:51.461 I/IPCThreadState( 1420): oneway function results for code 2 on binder at 0xb4000072604709a0 will be dropped but finished with status UNKNOWN_TRANSACTION
04-08 13:22:51.461 I/vendor.mediatek.hardware.mtkpower_applist-service.mediatek( 1420): packName: com.google.android.permissioncontroller actName: com.android.permissioncontroller.permission.ui.GrantPermissionsActivity pid: 25465 uid: 10275 state: 1
04-08 13:22:51.461 I/MTK_APPList( 1420): [notifyAPPstate] com.google.android.permissioncontroller/com.android.permissioncontroller.permission.ui.GrantPermissionsActivity, pid=25465, uid=10275, state:RESUMED, fps:-1, win:0
04-08 13:22:51.461 I/MTK_APPList( 1420): [notifyAPPstate] multi_resumed_app_count: 1
04-08 13:22:51.461 I/MTK_APPList( 1420): [notifyAPPstate] multi_resumed_app_info[0] com.google.android.permissioncontroller/com.android.permissioncontroller.permission.ui.GrantPermissionsActivity, pid:25465, fps:-1, isMultiWindow:0
04-08 13:22:51.461 I/MTK_APPList( 1420): [getForegroundAPPCount] 1
04-08 13:22:51.461 I/MTK_APPList( 1420): [notifyAPPstate] foreground:com.google.android.permissioncontroller, pid:25465, uid:10275
04-08 13:22:51.461 I/MTK_APPList( 1420): [notifyNetdUID] 10275
04-08 13:22:51.462 I/MTK_APPList( 1420): [notifyPID] 25465
04-08 13:22:51.462 W/Battery ( 2993): AppSwitchDetectorV2: OnAppSwitchObserver: onAppExit , info = OplusAppExitInfo = {  targetName = com.adda247.gold hasResumingActivity = true resumingPackageName = com.google.android.permissioncontroller resumingActivityName = com.android.permissioncontroller.permission.ui.GrantPermissionsActivity resumingWindowMode = 1 isResumingMultiApp = false isResumingFirstStart = false extension = Bundle[mParcelledData.dataSize=592]} lastReg=1775624778686
04-08 13:22:51.462 W/Battery ( 2993): AppSwitchManager: onAppSwitch: [m4.o$d@f8f9156]
04-08 13:22:51.462 I/eara_io@eval( 1808): [eara_io_eval] wl 7 , top 1 , req_r 17 , req_w 4 , readsz_mb 0 , writesz_mb 0
04-08 13:22:51.462 D/OplusEapManager( 2171): mTargetExitName :com.adda247.gold
04-08 13:22:51.463 D/VRR [OPlusRefreshRateService]( 2171): handleFrontAppChange pkgName: null
04-08 13:22:51.463 D/ORBrightnessMarvelsDataCollector( 2171): Runnable-MarvelsAppEnterInfo[2026-04-08 13:22:51,com.google.android.permissioncontroller,38.75]
04-08 13:22:51.463 V/DCSEX-AppSwitchManager( 2881): OnAppSwitchObserver: onAppExit, resuming = com.google.android.permissioncontroller, target = com.adda247.gold, is ResumingFirstStart =  false, is ResumingMultiApp =  false, extensionInfo =  Bundle[mParcelledData.dataSize=592]
04-08 13:22:51.463 I/MTK_APPList( 1420): [notifyAPPstate] pc:1, com.adda247.gold => com.google.android.permissioncontroller
04-08 13:22:51.463 W/Battery ( 2993): ThermalControlUtils: mForegroundPkg=com.google.android.permissioncontroller mLastWindowMode=1
04-08 13:22:51.463 D/DCSEX-AppLaunchEventRecorder( 2881): onAppSwitch from = com.adda247.gold to = com.google.android.permissioncontroller
04-08 13:22:51.463 D/DCSEX-AppLaunchEventRecorder( 2881): recordExitApp = com.adda247.gold
04-08 13:22:51.464 I/PowerHalWrapper( 2171): amsBoostNotify AMS_BOOST_PROCESS_CREATE_BOOST:true 
04-08 13:22:51.464 D/OplusAppSwitchRuleInfo( 2171): generateAppEnterInfo - launch_source_type =  , launch_source_traceid = 
04-08 13:22:51.464 D/OplusAppSwitchRuleInfo( 2171): generateAppEnterInfo - launch_source_type =  , launch_source_traceid = 
04-08 13:22:51.464 D/OplusAppSwitchRuleInfo( 2171): generateAppEnterInfo - launch_source_type =  , launch_source_traceid = 
04-08 13:22:51.464 D/OplusEapManager( 2171): mTargetEnterName :com.google.android.permissioncontroller
04-08 13:22:51.464 D/VRR [OPlusRefreshRateService]( 2171): handleFrontAppChange pkgName: com.google.android.permissioncontroller
04-08 13:22:51.464 D/OplusLatencyOptimizerManager( 2171): enter pkg: com.google.android.permissioncontroller isPrevBlackAppTop: false mIsBlackAppTop: false
04-08 13:22:51.465 D/OplusAppSwitchRuleInfo( 2171): generateAppEnterInfo - launch_source_type =  , launch_source_traceid = 
04-08 13:22:51.465 D/OplusAppSwitchRuleInfo( 2171): generateAppEnterInfo - launch_source_type =  , launch_source_traceid = 
04-08 13:22:51.466 I/Athena  ( 3234): AthenaDynamicReceiver: pre_app:com.adda247.gold, next_app:com.google.android.permissioncontroller(10275|25465)
04-08 13:22:51.466 D/OplusAppSwitchRuleInfo( 2171): generateAppEnterInfo - launch_source_type =  , launch_source_traceid = 
04-08 13:22:51.466 D/OplusAppSwitchRuleInfo( 2171): generateAppEnterInfo - launch_source_type =  , launch_source_traceid = 
04-08 13:22:51.467 V/DCSEX-AppSwitchManager( 2881): OnAppSwitchObserver: onAppEnter, launchedFrom =  com.adda247.gold, target =  com.google.android.permissioncontroller, is firstStart =  false, is multiApp =  false, extensionInfo =  Bundle[mParcelledData.dataSize=1036], launch_source_type =  , launch_source_traceid =  
04-08 13:22:51.467 D/OplusAppSwitchRuleInfo( 2171): generateActivityEnterInfo - launch_source_type =  , launch_source_traceid = 
04-08 13:22:51.467 W/Battery ( 2993): ThermalControllerCenter: mSafetyState=10000,  mSafetyTestConfigList=01111,10111,11011,11101,11110,00111,01011,01101,01110,10011,10101,10110,11001,11010,11100,11111,10100
04-08 13:22:51.467 W/Battery ( 2993): ThermalControlConfig: mNonBigVersionOtaPeriodVal=2
04-08 13:22:51.467 W/Battery ( 2993): ThermalControllHandler: tempLevel=[4],userMode=2,gameUserMode=7,appType=-1,envTempType=0,appStates=[],appSwitchSafetyMode=false,split=[],float=[],full=[com.google.android.permissioncontroller], tempGear=[4],configItemName=common_config
04-08 13:22:51.468 W/Battery ( 2993): ThermalControllHandler: MSG_THERMAL_CONTROL_CATEGORY_CHANGED
04-08 13:22:51.468 I/PluginSeedling--Base( 2940): SeedlingPluginService-->onStateChange: Bundle[{app_switch_resume_pkg=com.google.android.permissioncontroller, app_switch_exit_pkg=com.adda247.gold, state=onFrontAppSwitched, isTransientHide=false, app_switch_resume_activity=com.android.permissioncontroller.permission.ui.GrantPermissionsActivity}]
04-08 13:22:51.468 D/PluginSeedling--Base( 2940): AppFrontManager-->front App changed com.google.android.permissioncontroller
04-08 13:22:51.468 D/PluginSeedling--Base( 2940): StatusBarDataManager-->onPluggableInvalidated FRONT_APP
04-08 13:22:51.468 W/Battery ( 2993): AppSceneCenter: PerfPolicy not enable!
04-08 13:22:51.469 E/OplusThermalStats( 2171): Error getting package info: com.google.android.permissioncontroller
04-08 13:22:51.476 D/SurfaceComposerClient( 2171): Transaction::apply InputWindowCommands.focusRequests timestamp=329210993873465, windowName=<null>
04-08 13:22:51.478 D/OplusKeepAliveManager( 2171): TOP_APP is ProcessRecord{2924589 25465:com.google.android.permissioncontroller/u0a275} uid is 10275
04-08 13:22:51.480 D/ActivityManager( 2171): reportOneUidFrozenStateChanged uid 10275 frozen = false
04-08 13:22:51.480 I/ssioncontroller(25465): AssetManager2(0xb4000072a4763a28) locale list changing from [] to [en-IN]
04-08 13:22:51.480 D/ActivityManager( 2171): sync unfroze 25465 com.google.android.permissioncontroller for 1
04-08 13:22:51.481 D/ResourcesManagerExtImpl(25465): applyConfigurationToAppResourcesLocked app.getDisplayId() return callback.displayId:0
04-08 13:22:51.481 I/[UAH_CLIENT]( 2171): UahEventAcquire, cmdid:2, pkg:none, identity:OplusActivityManagerServiceEnhance
04-08 13:22:51.481 D/MBrainLocalService( 2171): isVendorFreezeConditionPass is false
04-08 13:22:51.482 E/MBrainLocalService( 2171): notifyAppSwitch failed
04-08 13:22:51.483 D/OplusAtlas.OplusAudioScene( 4374): callback success event:atlas_event_on_foreground_activities_changed eventInfo:pid:25465,uid:10275,hasForegroundActivities:1
04-08 13:22:51.484 D/AudioSystem( 4374): +setParameters(): param
04-08 13:22:51.486 D/AudioBoost( 1478): audioSchedBoost, pid=1478, tid=3370, enable=1, ret=0
04-08 13:22:51.486 D/AudioFlingerExtImpl( 1478): AudioFlingerExtImpl oplusSetParameters: keyvalue onForegroundActivitiesChanged=com.google.android.permissioncontroller:foreground:1|10275:25465
04-08 13:22:51.487 D/AudioFlingerExtImpl( 1478): updateForegroundInfo, mapInf mForegroundMap(2)|[com.google.android.permissioncontroller]=1|[com.adda247.gold]=1, uidPidMapInf mForegroundUidPidMap(2)|[10275]=25465|[10932]=12922
04-08 13:22:51.487 D/OplusPredictiveBackController(25465): should not HookOnBackInvokedCallbackEnabled for application com.android.permissioncontroller.permission.ui.GrantPermissionsActivity@5c8f4b8 sdk: 36
04-08 13:22:51.487 D/OplusPredictiveBackController(25465): initPredictiveBackConfig for com.android.permissioncontroller.permission.ui.GrantPermissionsActivity@5c8f4b8 initPredictiveBackConfig mShouldInterceptKeyEvent false
04-08 13:22:51.487 D/AudioBoost( 1478): audioSchedBoost, pid=1478, tid=3370, enable=0, ret=0
04-08 13:22:51.487 D/OplusPredictiveBackController(25465): should not HookOnBackInvokedCallbackEnabled for application com.android.permissioncontroller.permission.ui.GrantPermissionsActivity@5c8f4b8 sdk: 36
04-08 13:22:51.487 D/WindowOnBackDispatcher(25465):  predictive settings is disabled for com.google.android.permissioncontroller
04-08 13:22:51.493 D/SurfaceFlinger( 1534): updateWinowInfo=1, setFocusedWindow timestamp=329210993873465, windowName=<null>
04-08 13:22:51.493 I/InputDispatcher( 2171): NFW_setFocusedWindow, <null> on display 0, same as the previous:0
04-08 13:22:51.493 I/InputDispatcher( 2171): updateFocusedWindow,  on display 0, reason: Waiting for window because NO_WINDOW, result:   FocusedWindows: <none>
04-08 13:22:51.494 E/OStatsManager_Calc( 2171): CpuCalc CPU_WEIGHT or cpuFreqTimeMs is null or cpuFreqTimeMs.length > CPU_WEIGHT.length, cpuFreqTimeMs = 41 times = [0, 0, 0, 0, 0, 0, 0, 0, 0, 0, 0, 0, 0, 0, 0, 0, 0, 0, 0, 0, 0, 0, 1275, 0, 0, 0, 0, 0, 0, 0, 0, 0, 0, 0, 0, 0, 0, 0, 0, 0, 102],  CPU_WEIGHT.length = 32
04-08 13:22:51.494 E/OStatsManager_Calc( 2171): CpuCalc CPU_WEIGHT or cpuFreqTimeMs is null or cpuFreqTimeMs.length > CPU_WEIGHT.length, cpuFreqTimeMs = 41 times = [0, 0, 0, 0, 0, 0, 0, 0, 0, 0, 0, 0, 0, 0, 0, 0, 0, 0, 0, 0, 0, 0, 3784, 0, 0, 0, 0, 0, 0, 0, 0, 0, 0, 0, 0, 0, 0, 0, 0, 0, 630],  CPU_WEIGHT.length = 32
04-08 13:22:51.494 E/OStatsManager_Calc( 2171): CpuCalc CPU_WEIGHT or cpuFreqTimeMs is null or cpuFreqTimeMs.length > CPU_WEIGHT.length, cpuFreqTimeMs = 41 times = [0, 0, 0, 0, 0, 0, 0, 0, 0, 0, 0, 0, 0, 0, 0, 0, 0, 0, 0, 0, 0, 0, 68, 0, 0, 0, 0, 0, 0, 0, 0, 0, 0, 0, 0, 0, 0, 0, 0, 0, 16],  CPU_WEIGHT.length = 32
04-08 13:22:51.494 E/OStatsManager_Calc( 2171): CpuCalc CPU_WEIGHT or cpuFreqTimeMs is null or cpuFreqTimeMs.length > CPU_WEIGHT.length, cpuFreqTimeMs = 41 times = [0, 0, 0, 0, 0, 0, 0, 0, 0, 0, 0, 0, 0, 0, 0, 0, 0, 0, 0, 0, 0, 0, 13, 0, 0, 0, 0, 0, 0, 0, 0, 0, 0, 0, 0, 0, 0, 0, 0, 0, 0],  CPU_WEIGHT.length = 32
04-08 13:22:51.495 E/OStatsManager_Calc( 2171): CpuCalc CPU_WEIGHT or cpuFreqTimeMs is null or cpuFreqTimeMs.length > CPU_WEIGHT.length, cpuFreqTimeMs = 41 times = [0, 0, 0, 0, 0, 0, 0, 0, 0, 0, 0, 0, 0, 0, 0, 0, 0, 0, 0, 0, 0, 0, 6, 0, 0, 0, 0, 0, 0, 0, 0, 0, 0, 0, 0, 0, 0, 0, 0, 0, 0],  CPU_WEIGHT.length = 32
04-08 13:22:51.495 E/OStatsManager_Calc( 2171): CpuCalc CPU_WEIGHT or cpuFreqTimeMs is null or cpuFreqTimeMs.length > CPU_WEIGHT.length, cpuFreqTimeMs = 41 times = [0, 0, 0, 0, 0, 0, 0, 0, 0, 0, 0, 0, 0, 0, 0, 0, 0, 0, 0, 0, 0, 0, 24, 0, 0, 0, 0, 0, 0, 0, 0, 0, 0, 0, 0, 0, 0, 0, 0, 0, 2],  CPU_WEIGHT.length = 32
04-08 13:22:51.495 I/oplus.android.OplusFrameworkFactoryImpl(25465): get feature:IOplusDynamicVsyncFeature
04-08 13:22:51.495 I/oplus.android.OplusFrameworkFactoryImpl(25465): get feature:IOplusDynamicVsyncFeature
04-08 13:22:51.495 I/oplus.android.OplusFrameworkFactoryImpl(25465): get feature:IOplusDynamicVsyncFeature
04-08 13:22:51.495 E/OStatsManager_Calc( 2171): CpuCalc CPU_WEIGHT or cpuFreqTimeMs is null or cpuFreqTimeMs.length > CPU_WEIGHT.length, cpuFreqTimeMs = 41 times = [0, 0, 0, 0, 0, 0, 0, 0, 0, 0, 0, 0, 0, 0, 0, 0, 0, 0, 0, 0, 0, 0, 567, 0, 0, 0, 0, 0, 0, 0, 0, 0, 0, 0, 0, 0, 0, 0, 0, 0, 0],  CPU_WEIGHT.length = 32
04-08 13:22:51.495 E/OStatsManager_Calc( 2171): CpuCalc CPU_WEIGHT or cpuFreqTimeMs is null or cpuFreqTimeMs.length > CPU_WEIGHT.length, cpuFreqTimeMs = 41 times = [0, 0, 0, 0, 0, 0, 0, 0, 0, 0, 0, 0, 0, 0, 0, 0, 0, 0, 0, 0, 0, 0, 80, 0, 0, 0, 0, 0, 0, 0, 0, 0, 0, 0, 0, 0, 0, 0, 0, 0, 2],  CPU_WEIGHT.length = 32
04-08 13:22:51.496 E/OStatsManager_Calc( 2171): CpuCalc CPU_WEIGHT or cpuFreqTimeMs is null or cpuFreqTimeMs.length > CPU_WEIGHT.length, cpuFreqTimeMs = 41 times = [0, 0, 0, 0, 0, 0, 0, 0, 0, 0, 0, 0, 0, 0, 0, 0, 0, 0, 0, 0, 0, 0, 3, 0, 0, 0, 0, 0, 0, 0, 0, 0, 0, 0, 0, 0, 0, 0, 0, 0, 0],  CPU_WEIGHT.length = 32
04-08 13:22:51.496 E/OStatsManager_Calc( 2171): CpuCalc CPU_WEIGHT or cpuFreqTimeMs is null or cpuFreqTimeMs.length > CPU_WEIGHT.length, cpuFreqTimeMs = 41 times = [0, 0, 0, 0, 0, 0, 0, 0, 0, 0, 0, 0, 0, 0, 0, 0, 0, 0, 0, 0, 0, 0, 2, 0, 0, 0, 0, 0, 0, 0, 0, 0, 0, 0, 0, 0, 0, 0, 0, 0, 0],  CPU_WEIGHT.length = 32
04-08 13:22:51.496 E/OStatsManager_Calc( 2171): CpuCalc CPU_WEIGHT or cpuFreqTimeMs is null or cpuFreqTimeMs.length > CPU_WEIGHT.length, cpuFreqTimeMs = 41 times = [0, 0, 0, 0, 0, 0, 0, 0, 0, 0, 0, 0, 0, 0, 0, 0, 0, 0, 0, 0, 0, 0, 97, 0, 0, 0, 0, 0, 0, 0, 0, 0, 0, 0, 0, 0, 0, 0, 0, 0, 8],  CPU_WEIGHT.length = 32
04-08 13:22:51.496 E/OStatsManager_Calc( 2171): CpuCalc CPU_WEIGHT or cpuFreqTimeMs is null or cpuFreqTimeMs.length > CPU_WEIGHT.length, cpuFreqTimeMs = 41 times = [0, 0, 0, 0, 0, 0, 0, 0, 0, 0, 0, 0, 0, 0, 0, 0, 0, 0, 0, 0, 0, 0, 15, 0, 0, 0, 0, 0, 0, 0, 0, 0, 0, 0, 0, 0, 0, 0, 0, 0, 0],  CPU_WEIGHT.length = 32
04-08 13:22:51.496 E/OStatsManager_Calc( 2171): CpuCalc CPU_WEIGHT or cpuFreqTimeMs is null or cpuFreqTimeMs.length > CPU_WEIGHT.length, cpuFreqTimeMs = 41 times = [0, 0, 0, 0, 0, 0, 0, 0, 0, 0, 0, 0, 0, 0, 0, 0, 0, 0, 0, 0, 0, 0, 1, 0, 0, 0, 0, 0, 0, 0, 0, 0, 0, 0, 0, 0, 0, 0, 0, 0, 0],  CPU_WEIGHT.length = 32
04-08 13:22:51.496 E/OStatsManager_Calc( 2171): CpuCalc CPU_WEIGHT or cpuFreqTimeMs is null or cpuFreqTimeMs.length > CPU_WEIGHT.length, cpuFreqTimeMs = 41 times = [0, 0, 0, 0, 0, 0, 0, 0, 0, 0, 0, 0, 0, 0, 0, 0, 0, 0, 0, 0, 0, 0, 14, 0, 0, 0, 0, 0, 0, 0, 0, 0, 0, 0, 0, 0, 0, 0, 0, 0, 0],  CPU_WEIGHT.length = 32
04-08 13:22:51.496 E/OStatsManager_Calc( 2171): CpuCalc CPU_WEIGHT or cpuFreqTimeMs is null or cpuFreqTimeMs.length > CPU_WEIGHT.length, cpuFreqTimeMs = 41 times = [0, 0, 0, 0, 0, 0, 0, 0, 0, 0, 0, 0, 0, 0, 0, 0, 0, 0, 0, 0, 0, 0, 8, 0, 0, 0, 0, 0, 0, 0, 0, 0, 0, 0, 0, 0, 0, 0, 0, 0, 0],  CPU_WEIGHT.length = 32
04-08 13:22:51.496 E/OStatsManager_Calc( 2171): CpuCalc CPU_WEIGHT or cpuFreqTimeMs is null or cpuFreqTimeMs.length > CPU_WEIGHT.length, cpuFreqTimeMs = 41 times = [0, 0, 0, 0, 0, 0, 0, 0, 0, 0, 0, 0, 0, 0, 0, 0, 0, 0, 0, 0, 0, 0, 1620, 0, 0, 0, 0, 0, 0, 0, 0, 0, 0, 0, 0, 0, 0, 0, 0, 0, 92],  CPU_WEIGHT.length = 32
04-08 13:22:51.497 E/OStatsManager_Calc( 2171): CpuCalc CPU_WEIGHT or cpuFreqTimeMs is null or cpuFreqTimeMs.length > CPU_WEIGHT.length, cpuFreqTimeMs = 41 times = [0, 0, 0, 0, 0, 0, 0, 0, 0, 0, 0, 0, 0, 0, 0, 0, 0, 0, 0, 0, 0, 0, 3, 0, 0, 0, 0, 0, 0, 0, 0, 0, 0, 0, 0, 0, 0, 0, 0, 0, 0],  CPU_WEIGHT.length = 32
04-08 13:22:51.497 E/OStatsManager_Calc( 2171): CpuCalc CPU_WEIGHT or cpuFreqTimeMs is null or cpuFreqTimeMs.length > CPU_WEIGHT.length, cpuFreqTimeMs = 41 times = [0, 0, 0, 0, 0, 0, 0, 0, 0, 0, 0, 0, 0, 0, 0, 0, 0, 0, 0, 0, 0, 0, 3, 0, 0, 0, 0, 0, 0, 0, 0, 0, 0, 0, 0, 0, 0, 0, 0, 0, 0],  CPU_WEIGHT.length = 32
04-08 13:22:51.497 E/OStatsManager_Calc( 2171): CpuCalc CPU_WEIGHT or cpuFreqTimeMs is null or cpuFreqTimeMs.length > CPU_WEIGHT.length, cpuFreqTimeMs = 41 times = [0, 0, 0, 0, 0, 0, 0, 0, 0, 0, 0, 0, 0, 0, 0, 0, 0, 0, 0, 0, 0, 0, 1, 0, 0, 0, 0, 0, 0, 0, 0, 0, 0, 0, 0, 0, 0, 0, 0, 0, 0],  CPU_WEIGHT.length = 32
04-08 13:22:51.498 E/OStatsManager_Calc( 2171): CpuCalc CPU_WEIGHT or cpuFreqTimeMs is null or cpuFreqTimeMs.length > CPU_WEIGHT.length, cpuFreqTimeMs = 41 times = [0, 0, 0, 0, 0, 0, 0, 0, 0, 0, 0, 0, 0, 0, 0, 0, 0, 0, 0, 0, 0, 0, 1, 0, 0, 0, 0, 0, 0, 0, 0, 0, 0, 0, 0, 0, 0, 0, 0, 0, 0],  CPU_WEIGHT.length = 32
04-08 13:22:51.499 E/OStatsManager_Calc( 2171): CpuCalc CPU_WEIGHT or cpuFreqTimeMs is null or cpuFreqTimeMs.length > CPU_WEIGHT.length, cpuFreqTimeMs = 41 times = [0, 0, 0, 0, 0, 0, 0, 0, 0, 0, 0, 0, 0, 0, 0, 0, 0, 0, 0, 0, 0, 0, 12, 0, 0, 0, 0, 0, 0, 0, 0, 0, 0, 0, 0, 0, 0, 0, 0, 0, 2],  CPU_WEIGHT.length = 32
04-08 13:22:51.499 E/OStatsManager_Calc( 2171): CpuCalc CPU_WEIGHT or cpuFreqTimeMs is null or cpuFreqTimeMs.length > CPU_WEIGHT.length, cpuFreqTimeMs = 41 times = [0, 0, 0, 0, 0, 0, 0, 0, 0, 0, 0, 0, 0, 0, 0, 0, 0, 0, 0, 0, 0, 0, 221, 0, 0, 0, 0, 0, 0, 0, 0, 0, 0, 0, 0, 0, 0, 0, 0, 0, 63],  CPU_WEIGHT.length = 32
04-08 13:22:51.499 E/OStatsManager_Calc( 2171): CpuCalc CPU_WEIGHT or cpuFreqTimeMs is null or cpuFreqTimeMs.length > CPU_WEIGHT.length, cpuFreqTimeMs = 41 times = [0, 0, 0, 0, 0, 0, 0, 0, 0, 0, 0, 0, 0, 0, 0, 0, 0, 0, 0, 0, 0, 0, 27, 0, 0, 0, 0, 0, 0, 0, 0, 0, 0, 0, 0, 0, 0, 0, 0, 0, 2],  CPU_WEIGHT.length = 32
04-08 13:22:51.499 E/OStatsManager_Calc( 2171): CpuCalc CPU_WEIGHT or cpuFreqTimeMs is null or cpuFreqTimeMs.length > CPU_WEIGHT.length, cpuFreqTimeMs = 41 times = [0, 0, 0, 0, 0, 0, 0, 0, 0, 0, 0, 0, 0, 0, 0, 0, 0, 0, 0, 0, 0, 0, 1, 0, 0, 0, 0, 0, 0, 0, 0, 0, 0, 0, 0, 0, 0, 0, 0, 0, 0],  CPU_WEIGHT.length = 32
04-08 13:22:51.499 E/OStatsManager_Calc( 2171): CpuCalc CPU_WEIGHT or cpuFreqTimeMs is null or cpuFreqTimeMs.length > CPU_WEIGHT.length, cpuFreqTimeMs = 41 times = [0, 0, 0, 0, 0, 0, 0, 0, 0, 0, 0, 0, 0, 0, 0, 0, 0, 0, 0, 0, 0, 0, 2, 0, 0, 0, 0, 0, 0, 0, 0, 0, 0, 0, 0, 0, 0, 0, 0, 0, 0],  CPU_WEIGHT.length = 32
04-08 13:22:51.499 E/OStatsManager_Calc( 2171): CpuCalc CPU_WEIGHT or cpuFreqTimeMs is null or cpuFreqTimeMs.length > CPU_WEIGHT.length, cpuFreqTimeMs = 41 times = [0, 0, 0, 0, 0, 0, 0, 0, 0, 0, 0, 0, 0, 0, 0, 0, 0, 0, 0, 0, 0, 0, 114, 0, 0, 0, 0, 0, 0, 0, 0, 0, 0, 0, 0, 0, 0, 0, 0, 0, 13],  CPU_WEIGHT.length = 32
04-08 13:22:51.500 D/FlexibleTaskController( 2171): not in list
04-08 13:22:51.500 E/OStatsManager_Calc( 2171): CpuCalc CPU_WEIGHT or cpuFreqTimeMs is null or cpuFreqTimeMs.length > CPU_WEIGHT.length, cpuFreqTimeMs = 41 times = [0, 0, 0, 0, 0, 0, 0, 0, 0, 0, 0, 0, 0, 0, 0, 0, 0, 0, 0, 0, 0, 0, 3, 0, 0, 0, 0, 0, 0, 0, 0, 0, 0, 0, 0, 0, 0, 0, 0, 0, 0],  CPU_WEIGHT.length = 32
04-08 13:22:51.500 E/OStatsManager_Calc( 2171): CpuCalc CPU_WEIGHT or cpuFreqTimeMs is null or cpuFreqTimeMs.length > CPU_WEIGHT.length, cpuFreqTimeMs = 41 times = [0, 0, 0, 0, 0, 0, 0, 0, 0, 0, 0, 0, 0, 0, 0, 0, 0, 0, 0, 0, 0, 0, 23, 0, 0, 0, 0, 0, 0, 0, 0, 0, 0, 0, 0, 0, 0, 0, 0, 0, 0],  CPU_WEIGHT.length = 32
04-08 13:22:51.500 E/OStatsManager_Calc( 2171): CpuCalc CPU_WEIGHT or cpuFreqTimeMs is null or cpuFreqTimeMs.length > CPU_WEIGHT.length, cpuFreqTimeMs = 41 times = [0, 0, 0, 0, 0, 0, 0, 0, 0, 0, 0, 0, 0, 0, 0, 0, 0, 0, 0, 0, 0, 0, 55, 0, 0, 0, 0, 0, 0, 0, 0, 0, 0, 0, 0, 0, 0, 0, 0, 0, 6],  CPU_WEIGHT.length = 32
04-08 13:22:51.500 E/OStatsManager_Calc( 2171): CpuCalc CPU_WEIGHT or cpuFreqTimeMs is null or cpuFreqTimeMs.length > CPU_WEIGHT.length, cpuFreqTimeMs = 41 times = [0, 0, 0, 0, 0, 0, 0, 0, 0, 0, 0, 0, 0, 0, 0, 0, 0, 0, 0, 0, 0, 0, 288, 0, 0, 0, 0, 0, 0, 0, 0, 0, 0, 0, 0, 0, 0, 0, 0, 0, 41],  CPU_WEIGHT.length = 32
04-08 13:22:51.501 E/OStatsManager_Calc( 2171): CpuCalc CPU_WEIGHT or cpuFreqTimeMs is null or cpuFreqTimeMs.length > CPU_WEIGHT.length, cpuFreqTimeMs = 41 times = [0, 0, 0, 0, 0, 0, 0, 0, 0, 0, 0, 0, 0, 0, 0, 0, 0, 0, 0, 0, 0, 0, 1, 0, 0, 0, 0, 0, 0, 0, 0, 0, 0, 0, 0, 0, 0, 0, 0, 0, 0],  CPU_WEIGHT.length = 32
04-08 13:22:51.501 E/OStatsManager_Calc( 2171): CpuCalc CPU_WEIGHT or cpuFreqTimeMs is null or cpuFreqTimeMs.length > CPU_WEIGHT.length, cpuFreqTimeMs = 41 times = [0, 0, 0, 0, 0, 0, 0, 0, 0, 0, 0, 0, 0, 0, 0, 0, 0, 0, 0, 0, 0, 0, 1, 0, 0, 0, 0, 0, 0, 0, 0, 0, 0, 0, 0, 0, 0, 0, 0, 0, 0],  CPU_WEIGHT.length = 32
04-08 13:22:51.502 D/AutofillManager(25465): Fill dialog is enabled:false, hints=[]
04-08 13:22:51.502 E/OStatsManager_Calc( 2171): CpuCalc CPU_WEIGHT or cpuFreqTimeMs is null or cpuFreqTimeMs.length > CPU_WEIGHT.length, cpuFreqTimeMs = 41 times = [0, 0, 0, 0, 0, 0, 0, 0, 0, 0, 0, 0, 0, 0, 0, 0, 0, 0, 0, 0, 0, 0, 7, 0, 0, 0, 0, 0, 0, 0, 0, 0, 0, 0, 0, 0, 0, 0, 0, 0, 1],  CPU_WEIGHT.length = 32
04-08 13:22:51.502 V/TextView(25465): notifyAutoFillManagerAfterTextChanged
04-08 13:22:51.502 V/AutofillManager(25465): notifyValueChanged(1073741824): ignoring on state UNKNOWN
04-08 13:22:51.502 E/OStatsManager_Calc( 2171): CpuCalc CPU_WEIGHT or cpuFreqTimeMs is null or cpuFreqTimeMs.length > CPU_WEIGHT.length, cpuFreqTimeMs = 41 times = [0, 0, 0, 0, 0, 0, 0, 0, 0, 0, 0, 0, 0, 0, 0, 0, 0, 0, 0, 0, 0, 0, 1, 0, 0, 0, 0, 0, 0, 0, 0, 0, 0, 0, 0, 0, 0, 0, 0, 0, 0],  CPU_WEIGHT.length = 32
04-08 13:22:51.503 V/TextView(25465): notifyAutoFillManagerAfterTextChanged
04-08 13:22:51.503 V/AutofillManager(25465): notifyValueChanged(1073741825): ignoring on state UNKNOWN
