04-08 12:13:27.284 I/flutter (23255): [38;5;12m└───────────────────────────────────────────────────────────────────────────────────────────────────────────────────────[0m
04-08 12:13:27.286 D/OplusNotificationDateTimeView( 2940): setTime mSettingTimeMillis 1775630606919, mSettingLocalDateTime 2026-04-08T12:13:00.919
04-08 12:13:27.291 D/OplusNotificationDateTimeView( 2940): setTime mSettingTimeMillis 1775630606953, mSettingLocalDateTime 2026-04-08T12:13:00.953
04-08 12:13:27.294 D/OplusNotificationDateTimeView( 2940): setTime mSettingTimeMillis 1775630606919, mSettingLocalDateTime 2026-04-08T12:13:00.919
04-08 12:13:27.296 I/SystemUi--Notification( 2940): OplusNotificationTempla-->resolveContentMargin: marginTop=96 isChildInGroup=false hasSubtitle=true params.topMargin=96
04-08 12:13:27.301 I/flutter (23255): ┌───────────────────────────────────────────────────────────────────────────────────────────────────────────────────────
04-08 12:13:27.301 I/flutter (23255): │ #0   AppLogger.logDebug (package:adda_gold/logger/app_logger.dart:122:15)
04-08 12:13:27.301 I/flutter (23255): │ #1   CoreDeeplinkManager.initialize (package:adda_gold/deeplink/core_deeplink_manager.dart:64:17)
04-08 12:13:27.301 I/flutter (23255): ├┄┄┄┄┄┄┄┄┄┄┄┄┄┄┄┄┄┄┄┄┄┄┄┄┄┄┄┄┄┄┄┄┄┄┄┄┄┄┄┄┄┄┄┄┄┄┄┄┄┄┄┄┄┄┄┄┄┄┄┄┄┄┄┄┄┄┄┄┄┄┄┄┄┄┄┄┄┄┄┄┄┄┄┄┄┄┄┄┄┄┄┄┄┄┄┄┄┄┄┄┄┄┄┄┄┄┄┄┄┄┄┄┄┄┄┄┄┄┄
04-08 12:13:27.301 I/flutter (23255): │ 12:13:27.298 (+0:00:01.631718)
04-08 12:13:27.301 I/flutter (23255): ├┄┄┄┄┄┄┄┄┄┄┄┄┄┄┄┄┄┄┄┄┄┄┄┄┄┄┄┄┄┄┄┄┄┄┄┄┄┄┄┄┄┄┄┄┄┄┄┄┄┄┄┄┄┄┄┄┄┄┄┄┄┄┄┄┄┄┄┄┄┄┄┄┄┄┄┄┄┄┄┄┄┄┄┄┄┄┄┄┄┄┄┄┄┄┄┄┄┄┄┄┄┄┄┄┄┄┄┄┄┄┄┄┄┄┄┄┄┄┄
04-08 12:13:27.301 I/flutter (23255): │ 🐛 AppLinks: Cold start link → null
04-08 12:13:27.301 I/flutter (23255): └───────────────────────────────────────────────────────────────────────────────────────────────────────────────────────
04-08 12:13:27.305 D/OplusNotificationDateTimeView( 2940): setTime mSettingTimeMillis 1775630606242, mSettingLocalDateTime 2026-04-08T12:13:00.242
04-08 12:13:27.307 D/OplusNotificationDateTimeView( 2940): setTime mSettingTimeMillis 1775630606242, mSettingLocalDateTime 2026-04-08T12:13:00.242
04-08 12:13:27.310 D/OplusNotificationDateTimeView( 2940): setTime mSettingTimeMillis 1775630606959, mSettingLocalDateTime 2026-04-08T12:13:00.959
04-08 12:13:27.314 W/SystemUi--Notification( 2940): OplusNotificationGroupExtImpl-->setChildrenExpanded: groupHeader is null
04-08 12:13:27.315 E/LockScreenNotificationDispatcherImp( 2940): updateNotificationListOnKg size:0
04-08 12:13:27.316 D/PluginSeedling--Notification( 2940): NotificationController-->isHideForCharge = false
04-08 12:13:27.316 D/PluginSeedling--Notification( 2940): NotificationController-->checkUpdateVisibleSeedingEntries， state = 3， curVisibleState=3, forceUpdate=false
04-08 12:13:27.316 D/OplusNotificationDateTimeView( 2940): setTime mSettingTimeMillis 1775630606242, mSettingLocalDateTime 2026-04-08T12:13:00.242
04-08 12:13:27.316 D/OplusNotificationDateTimeView( 2940): setTime mSettingTimeMillis 1775630606242, mSettingLocalDateTime 2026-04-08T12:13:00.242
04-08 12:13:27.323 W/VRI[MainActivity](23255): performTraversals: cancelAndRedraw, mLastPerformTraversalsSkipDrawReasonpredraw_io.flutter.embedding.android.FlutterActivityAndFragmentDelegate$2
04-08 12:13:27.324 I/m.heytap.market(31577): Explicit concurrent mark compact GC freed 68KB AllocSpace bytes, 0(0B) LOS objects, 24% free, 7973KB/10MB, paused 2.032ms,2.899ms total 113.890ms
04-08 12:13:27.325 W/VRI[MainActivity](23255): performTraversals: cancelAndRedraw, mLastPerformTraversalsSkipDrawReasonpredraw_io.flutter.embedding.android.FlutterActivityAndFragmentDelegate$2
04-08 12:13:27.331 D/FRCPlugin(23255): Sending fetchTimeout: 60
04-08 12:13:27.332 W/SystemUi--Notification( 2940): OplusNotificationGroupExtImpl-->setChildrenExpanded: groupHeader is null
04-08 12:13:27.333 I/SystemUi--Notification( 2940): LockScreenNotificationDispatcherImp-->updateNotificationListOnKg resultCode: 0
04-08 12:13:27.342 W/VRI[MainActivity](23255): performTraversals: cancelAndRedraw, mLastPerformTraversalsSkipDrawReasonpredraw_io.flutter.embedding.android.FlutterActivityAndFragmentDelegate$2
04-08 12:13:27.354 I/flutter (23255): ┌───────────────────────────────────────────────────────────────────────────────────────────────────────────────────────
04-08 12:13:27.355 I/flutter (23255): │ #0   AppLogger.logDebug (package:adda_gold/logger/app_logger.dart:122:15)
04-08 12:13:27.355 I/flutter (23255): │ #1   AppInitializer.initialize.<anonymous closure> (package:adda_gold/build_variants/app_initializer.dart:113:21)
04-08 12:13:27.355 I/flutter (23255): ├┄┄┄┄┄┄┄┄┄┄┄┄┄┄┄┄┄┄┄┄┄┄┄┄┄┄┄┄┄┄┄┄┄┄┄┄┄┄┄┄┄┄┄┄┄┄┄┄┄┄┄┄┄┄┄┄┄┄┄┄┄┄┄┄┄┄┄┄┄┄┄┄┄┄┄┄┄┄┄┄┄┄┄┄┄┄┄┄┄┄┄┄┄┄┄┄┄┄┄┄┄┄┄┄┄┄┄┄┄┄┄┄┄┄┄┄┄┄┄
04-08 12:13:27.355 I/flutter (23255): │ 12:13:27.354 (+0:00:01.688128)
04-08 12:13:27.355 I/flutter (23255): ├┄┄┄┄┄┄┄┄┄┄┄┄┄┄┄┄┄┄┄┄┄┄┄┄┄┄┄┄┄┄┄┄┄┄┄┄┄┄┄┄┄┄┄┄┄┄┄┄┄┄┄┄┄┄┄┄┄┄┄┄┄┄┄┄┄┄┄┄┄┄┄┄┄┄┄┄┄┄┄┄┄┄┄┄┄┄┄┄┄┄┄┄┄┄┄┄┄┄┄┄┄┄┄┄┄┄┄┄┄┄┄┄┄┄┄┄┄┄┄
04-08 12:13:27.355 I/flutter (23255): │ 🐛 Firebase Core initialized before app start
04-08 12:13:27.355 I/flutter (23255): └───────────────────────────────────────────────────────────────────────────────────────────────────────────────────────
04-08 12:13:27.359 W/VRI[MainActivity](23255): performTraversals: cancelAndRedraw, mLastPerformTraversalsSkipDrawReasonpredraw_io.flutter.embedding.android.FlutterActivityAndFragmentDelegate$2
04-08 12:13:27.381 D/NotificationCenter(19867): NotificationCenterService-->onDestroy: 
04-08 12:13:27.402 D/Adjust  (23255): Response string: {"app_token":"5chd8nwq2pkw","adid":"79a89432dbf500c0367c547d279279a8","timestamp":"2026-04-08T06:43:27.284Z+0000","message":"Click tracked"}
04-08 12:13:27.402 W/VRI[MainActivity](23255): performTraversals: cancelAndRedraw, mLastPerformTraversalsSkipDrawReasonpredraw_io.flutter.embedding.android.FlutterActivityAndFragmentDelegate$2
04-08 12:13:27.402 I/Adjust  (23255): Response message: Click tracked
04-08 12:13:27.402 D/Adjust  (23255): Will not retry with current url strategy, already got a valid json response
04-08 12:13:27.403 D/Adjust  (23255): Wrote Activity state: ec:0 sc:1 ssc:1 sl:0.0 ts:0.0 la:11:12:13 uuid:370f77cc-fba4-49d3-a74e-6cf0189c92c7
04-08 12:13:27.404 D/Adjust  (23255): Wrote Activity state: ec:0 sc:1 ssc:1 sl:0.0 ts:0.0 la:11:12:13 uuid:370f77cc-fba4-49d3-a74e-6cf0189c92c7
04-08 12:13:27.409 W/VRI[MainActivity](23255): performTraversals: cancelAndRedraw, mLastPerformTraversalsSkipDrawReasonpredraw_io.flutter.embedding.android.FlutterActivityAndFragmentDelegate$2
04-08 12:13:27.411 E/OplusDexOptimizeManager( 2171): Start app fature is off
04-08 12:13:27.412 W/OplusExSystemServiceHelper(23255): checkOplusExSystemService intent getComponent is null
04-08 12:13:27.437 W/VRI[MainActivity](23255): performTraversals: cancelAndRedraw, mLastPerformTraversalsSkipDrawReasonpredraw_io.flutter.embedding.android.FlutterActivityAndFragmentDelegate$2
04-08 12:13:27.446 V/MoEngage(23255): FCM_8.1.0_TokenRegistrationHandler processPushToken() : Token: c7WBdgBiRA-89b0cDFddEb:APA91bF6X4B3t2FgSs8IrYOGcKcoM3fRcPymTdp8SyCyhVsuyu5x2WRAjHPAPO_RbtqNTLXz0MIPR-tdXMd9-53Zbr3VqssTzfFA0qYaFWUBQCjILTAnw5g
04-08 12:13:27.450 W/VRI[MainActivity](23255): performTraversals: cancelAndRedraw, mLastPerformTraversalsSkipDrawReasonpredraw_io.flutter.embedding.android.FlutterActivityAndFragmentDelegate$2
04-08 12:13:27.451 V/MoEngage(23255): MoEFlutter_EventEmitterImpl emit() : event: TokenEvent(token=Token(pushToken='c7WBdgBiRA-89b0cDFddEb:APA91bF6X4B3t2FgSs8IrYOGcKcoM3fRcPymTdp8SyCyhVsuyu5x2WRAjHPAPO_RbtqNTLXz0MIPR-tdXMd9-53Zbr3VqssTzfFA0qYaFWUBQCjILTAnw5g', service=FCM))
04-08 12:13:27.451 V/MoEngage(23255): MoEFlutter_EventEmitterImpl emitPushTokenEvent() : tokenEvent: TokenEvent(token=Token(pushToken='c7WBdgBiRA-89b0cDFddEb:APA91bF6X4B3t2FgSs8IrYOGcKcoM3fRcPymTdp8SyCyhVsuyu5x2WRAjHPAPO_RbtqNTLXz0MIPR-tdXMd9-53Zbr3VqssTzfFA0qYaFWUBQCjILTAnw5g', service=FCM))
04-08 12:13:27.452 V/MoEngage(23255): Core_Properties processObjectAttribute() : Will process: registered_by : MoE
04-08 12:13:27.452 V/MoEngage(23255): MoEFlutter_EventEmitterImpl emit() : methodName: onPushTokenGenerated , payload: {"platform":"android","token":"c7WBdgBiRA-89b0cDFddEb:APA91bF6X4B3t2FgSs8IrYOGcKcoM3fRcPymTdp8SyCyhVsuyu5x2WRAjHPAPO_RbtqNTLXz0MIPR-tdXMd9-53Zbr3VqssTzfFA0qYaFWUBQCjILTAnw5g","pushService":"FCM"}
04-08 12:13:27.454 V/MoEngage(23255): FCM_8.1.0_MoEFireBaseMessagingService onNewToken() : Push Token c7WBdgBiRA-89b0cDFddEb:APA91bF6X4B3t2FgSs8IrYOGcKcoM3fRcPymTdp8SyCyhVsuyu5x2WRAjHPAPO_RbtqNTLXz0MIPR-tdXMd9-53Zbr3VqssTzfFA0qYaFWUBQCjILTAnw5g
04-08 12:13:27.454 V/MoEngage(23255): FCM_8.1.0_TokenRegistrationHandler processPushToken() : Token: c7WBdgBiRA-89b0cDFddEb:APA91bF6X4B3t2FgSs8IrYOGcKcoM3fRcPymTdp8SyCyhVsuyu5x2WRAjHPAPO_RbtqNTLXz0MIPR-tdXMd9-53Zbr3VqssTzfFA0qYaFWUBQCjILTAnw5g
04-08 12:13:27.459 W/VRI[MainActivity](23255): performTraversals: cancelAndRedraw, mLastPerformTraversalsSkipDrawReasonpredraw_io.flutter.embedding.android.FlutterActivityAndFragmentDelegate$2
04-08 12:13:27.460 V/MoEngage(23255): MoEFlutter_EventEmitterImpl emit() : event: TokenEvent(token=Token(pushToken='c7WBdgBiRA-89b0cDFddEb:APA91bF6X4B3t2FgSs8IrYOGcKcoM3fRcPymTdp8SyCyhVsuyu5x2WRAjHPAPO_RbtqNTLXz0MIPR-tdXMd9-53Zbr3VqssTzfFA0qYaFWUBQCjILTAnw5g', service=FCM))
04-08 12:13:27.460 V/MoEngage(23255): MoEFlutter_EventEmitterImpl emitPushTokenEvent() : tokenEvent: TokenEvent(token=Token(pushToken='c7WBdgBiRA-89b0cDFddEb:APA91bF6X4B3t2FgSs8IrYOGcKcoM3fRcPymTdp8SyCyhVsuyu5x2WRAjHPAPO_RbtqNTLXz0MIPR-tdXMd9-53Zbr3VqssTzfFA0qYaFWUBQCjILTAnw5g', service=FCM))
04-08 12:13:27.460 V/MoEngage(23255): MoEFlutter_EventEmitterImpl emit() : methodName: onPushTokenGenerated , payload: {"platform":"android","token":"c7WBdgBiRA-89b0cDFddEb:APA91bF6X4B3t2FgSs8IrYOGcKcoM3fRcPymTdp8SyCyhVsuyu5x2WRAjHPAPO_RbtqNTLXz0MIPR-tdXMd9-53Zbr3VqssTzfFA0qYaFWUBQCjILTAnw5g","pushService":"FCM"}
04-08 12:13:27.463 I/flutter (23255): [38;5;12m┌───────────────────────────────────────────────────────────────────────────────────────────────────────────────────────[0m
04-08 12:13:27.463 I/flutter (23255): [38;5;12m│ #0   AppLogger.logInfo (package:adda_gold/logger/app_logger.dart:107:15)[0m
04-08 12:13:27.463 I/flutter (23255): [38;5;12m│ #1   EventSdkService.initialize (package:adda_gold/analytics/event_sdk/event_sdk_service.dart:63:17)[0m
04-08 12:13:27.463 I/flutter (23255): [38;5;12m├┄┄┄┄┄┄┄┄┄┄┄┄┄┄┄┄┄┄┄┄┄┄┄┄┄┄┄┄┄┄┄┄┄┄┄┄┄┄┄┄┄┄┄┄┄┄┄┄┄┄┄┄┄┄┄┄┄┄┄┄┄┄┄┄┄┄┄┄┄┄┄┄┄┄┄┄┄┄┄┄┄┄┄┄┄┄┄┄┄┄┄┄┄┄┄┄┄┄┄┄┄┄┄┄┄┄┄┄┄┄┄┄┄┄┄┄┄┄┄[0m
04-08 12:13:27.463 I/flutter (23255): [38;5;12m│ 12:13:27.462 (+0:00:01.796517)[0m
04-08 12:13:27.463 I/flutter (23255): [38;5;12m├┄┄┄┄┄┄┄┄┄┄┄┄┄┄┄┄┄┄┄┄┄┄┄┄┄┄┄┄┄┄┄┄┄┄┄┄┄┄┄┄┄┄┄┄┄┄┄┄┄┄┄┄┄┄┄┄┄┄┄┄┄┄┄┄┄┄┄┄┄┄┄┄┄┄┄┄┄┄┄┄┄┄┄┄┄┄┄┄┄┄┄┄┄┄┄┄┄┄┄┄┄┄┄┄┄┄┄┄┄┄┄┄┄┄┄┄┄┄┄[0m
04-08 12:13:27.463 I/flutter (23255): [38;5;12m│ 💡 EventSDK: Initialized successfully[0m
04-08 12:13:27.463 I/flutter (23255): [38;5;12m└───────────────────────────────────────────────────────────────────────────────────────────────────────────────────────[0m
04-08 12:13:27.463 I/flutter (23255): ┌───────────────────────────────────────────────────────────────────────────────────────────────────────────────────────
04-08 12:13:27.464 I/flutter (23255): │ #0   AppLogger.logDebug (package:adda_gold/logger/app_logger.dart:122:15)
04-08 12:13:27.464 I/flutter (23255): │ #1   AppInitializer.initialize.<anonymous closure> (package:adda_gold/build_variants/app_initializer.dart:119:19)
04-08 12:13:27.464 I/flutter (23255): ├┄┄┄┄┄┄┄┄┄┄┄┄┄┄┄┄┄┄┄┄┄┄┄┄┄┄┄┄┄┄┄┄┄┄┄┄┄┄┄┄┄┄┄┄┄┄┄┄┄┄┄┄┄┄┄┄┄┄┄┄┄┄┄┄┄┄┄┄┄┄┄┄┄┄┄┄┄┄┄┄┄┄┄┄┄┄┄┄┄┄┄┄┄┄┄┄┄┄┄┄┄┄┄┄┄┄┄┄┄┄┄┄┄┄┄┄┄┄┄
04-08 12:13:27.464 I/flutter (23255): │ 12:13:27.463 (+0:00:01.797141)
04-08 12:13:27.464 I/flutter (23255): ├┄┄┄┄┄┄┄┄┄┄┄┄┄┄┄┄┄┄┄┄┄┄┄┄┄┄┄┄┄┄┄┄┄┄┄┄┄┄┄┄┄┄┄┄┄┄┄┄┄┄┄┄┄┄┄┄┄┄┄┄┄┄┄┄┄┄┄┄┄┄┄┄┄┄┄┄┄┄┄┄┄┄┄┄┄┄┄┄┄┄┄┄┄┄┄┄┄┄┄┄┄┄┄┄┄┄┄┄┄┄┄┄┄┄┄┄┄┄┄
04-08 12:13:27.464 I/flutter (23255): │ 🐛 EventSDK initialized before app start
04-08 12:13:27.464 I/flutter (23255): └───────────────────────────────────────────────────────────────────────────────────────────────────────────────────────
04-08 12:13:27.477 I/flutter (23255): [38;5;12m┌───────────────────────────────────────────────────────────────────────────────────────────────────────────────────────[0m
04-08 12:13:27.477 I/flutter (23255): [38;5;12m│ #0   AppLogger.logInfo (package:adda_gold/logger/app_logger.dart:107:15)[0m
04-08 12:13:27.477 I/flutter (23255): [38;5;12m│ #1   CoreTrackierManager.initialiseTrackier (package:adda_gold/analytics/trackier/manager/core_trackier_manager.dart:28:15)[0m
04-08 12:13:27.477 I/flutter (23255): [38;5;12m├┄┄┄┄┄┄┄┄┄┄┄┄┄┄┄┄┄┄┄┄┄┄┄┄┄┄┄┄┄┄┄┄┄┄┄┄┄┄┄┄┄┄┄┄┄┄┄┄┄┄┄┄┄┄┄┄┄┄┄┄┄┄┄┄┄┄┄┄┄┄┄┄┄┄┄┄┄┄┄┄┄┄┄┄┄┄┄┄┄┄┄┄┄┄┄┄┄┄┄┄┄┄┄┄┄┄┄┄┄┄┄┄┄┄┄┄┄┄┄[0m
04-08 12:13:27.477 I/flutter (23255): [38;5;12m│ 12:13:27.476 (+0:00:01.810499)[0m
04-08 12:13:27.477 I/flutter (23255): [38;5;12m├┄┄┄┄┄┄┄┄┄┄┄┄┄┄┄┄┄┄┄┄┄┄┄┄┄┄┄┄┄┄┄┄┄┄┄┄┄┄┄┄┄┄┄┄┄┄┄┄┄┄┄┄┄┄┄┄┄┄┄┄┄┄┄┄┄┄┄┄┄┄┄┄┄┄┄┄┄┄┄┄┄┄┄┄┄┄┄┄┄┄┄┄┄┄┄┄┄┄┄┄┄┄┄┄┄┄┄┄┄┄┄┄┄┄┄┄┄┄┄[0m
04-08 12:13:27.477 I/flutter (23255): [38;5;12m│ 💡 Trackier: Facebook App ID set for Meta Install Referrer integration[0m
04-08 12:13:27.477 I/flutter (23255): [38;5;12m└───────────────────────────────────────────────────────────────────────────────────────────────────────────────────────[0m
04-08 12:13:27.479 I/flutter (23255): [38;5;12m┌───────────────────────────────────────────────────────────────────────────────────────────────────────────────────────[0m
04-08 12:13:27.479 I/flutter (23255): [38;5;12m│ #0   AppLogger.logInfo (package:adda_gold/logger/app_logger.dart:107:15)[0m
04-08 12:13:27.479 I/flutter (23255): [38;5;12m│ #1   CoreTrackierManager.initialiseTrackier (package:adda_gold/analytics/trackier/manager/core_trackier_manager.dart:40:15)[0m
04-08 12:13:27.479 I/flutter (23255): [38;5;12m├┄┄┄┄┄┄┄┄┄┄┄┄┄┄┄┄┄┄┄┄┄┄┄┄┄┄┄┄┄┄┄┄┄┄┄┄┄┄┄┄┄┄┄┄┄┄┄┄┄┄┄┄┄┄┄┄┄┄┄┄┄┄┄┄┄┄┄┄┄┄┄┄┄┄┄┄┄┄┄┄┄┄┄┄┄┄┄┄┄┄┄┄┄┄┄┄┄┄┄┄┄┄┄┄┄┄┄┄┄┄┄┄┄┄┄┄┄┄┄[0m
04-08 12:13:27.479 I/flutter (23255): [38;5;12m│ 12:13:27.479 (+0:00:01.812587)[0m
04-08 12:13:27.479 I/flutter (23255): [38;5;12m├┄┄┄┄┄┄┄┄┄┄┄┄┄┄┄┄┄┄┄┄┄┄┄┄┄┄┄┄┄┄┄┄┄┄┄┄┄┄┄┄┄┄┄┄┄┄┄┄┄┄┄┄┄┄┄┄┄┄┄┄┄┄┄┄┄┄┄┄┄┄┄┄┄┄┄┄┄┄┄┄┄┄┄┄┄┄┄┄┄┄┄┄┄┄┄┄┄┄┄┄┄┄┄┄┄┄┄┄┄┄┄┄┄┄┄┄┄┄┄[0m
04-08 12:13:27.479 I/flutter (23255): [38;5;12m│ 💡 Trackier SDK initialized with Meta integration[0m
04-08 12:13:27.479 I/flutter (23255): [38;5;12m└───────────────────────────────────────────────────────────────────────────────────────────────────────────────────────[0m
04-08 12:13:27.485 I/trackiersdk(23255): Trackier SDK 1.6.77 initialized
04-08 12:13:27.495 D/AudioSystem(23255): onNewServiceWithAdapter: media.audio_flinger service obtained 0xb40000713da50e80
04-08 12:13:27.496 D/AudioSystem(23255): getService: checking for service media.audio_flinger: 0xb40000713da1cc40
04-08 12:13:27.496 D/AudioFlinger( 1478): updateWakeLockUids_l AudioOut_15 uids:
04-08 12:13:27.496 D/AudioFlinger( 1478): updateWakeLockUids_l AudioOut_1D uids:
04-08 12:13:27.496 D/AudioFlinger( 1478): updateWakeLockUids_l AudioOut_D uids:
04-08 12:13:27.496 D/AudioFlinger( 1478): updateWakeLockUids_l AudioOut_25 uids:
04-08 12:13:27.496 D/AudioFlinger( 1478): updateWakeLockUids_l AudioOut_2D uids:
04-08 12:13:27.496 V/AudioServiceExtImpl( 2171): isOplusRedirectOutputEnable: false
04-08 12:13:27.497 D/AudioManagerExtImpl(23255): getStreamVolume packageName=com.adda247.gold, index=0, streamType=3
04-08 12:13:27.685 I/sensors-hal-HfLooper( 1407): ambient light  42.000000
04-08 12:13:27.708 I/appium  (23208): channel read: POST /session/356b7982-405f-4000-a380-7c7d263494ed/element
04-08 12:13:27.708 I/appium  (23208): FindElement command
04-08 12:13:27.710 I/appium  (23208): method: 'xpath', selector: '//android.widget.Button[@resource-id="com.android.permissioncontroller:id/permission_allow_button"]'
04-08 12:13:27.710 I/appium  (23208): Waiting up to 10000ms for the device to idle
04-08 12:13:27.712 I/appium  (23208): The following attributes will be included to the page source: [resource-id]
04-08 12:13:27.753 W/JobService( 8413): onNetworkChanged() not implemented in androidx.work.impl.background.systemjob.SystemJobService. Must override in a subclass.
04-08 12:13:27.755 D/OplusSlaFastSwitch( 2171): Network Capabiliteis changed 174
04-08 12:13:27.755 D/WifiStatusTracker( 2940): mNetworkCallback onCapabilitiesChanged network:174 mPrimaryNetworkId:174
04-08 12:13:27.756 D/SubsysEventListenerManager( 3453): mDefaultNetworkCb onCapabilitiesChanged
04-08 12:13:27.756 D/NetworkService[0]( 3453): default onCapabilitiesChanged
04-08 12:13:27.756 D/SubsysEventListenerManager( 3453): onCapabilitiesChanged
04-08 12:13:27.758 D/ScorerUtils( 2171): isLowTraffic: txTputKBps=9, rxTputKBps=11
04-08 12:13:27.758 D/OplusWifiPower_TriggerCenter( 2171): mComponentCallback: wifistat
04-08 12:13:27.758 D/MultiNetworkStatsMonitor( 2171): wifi network 174 nc changed, primary=true, iface=wlan0
04-08 12:13:27.758 D/OplusInterfaceMonitor( 2171): interface:wlan0 primary:true
04-08 12:13:27.760 D/OplusSlaNetworkManager( 2171): isPrimaryWifi:true network:174
04-08 12:13:27.762 D/WifiStatusTracker( 2940): mNetworkCallback onCapabilitiesChanged network:174 mPrimaryNetworkId:174
04-08 12:13:27.763 D/WifiPickerTracker( 2940): handleNetworkCapabilitiesChanged network:174
04-08 12:13:27.765 I/WifiPickerTracker( 2940): wifi connected status realConnectedWifiEntry not null: true
04-08 12:13:27.766 I/SystemUi--Statusbar( 2940): NetworkController.WifiSignalController-->handleStatusUpdated state=3 enabled=true connected=true isDefaultNetwork=true rssi=-38 level=4 statusLabel=null isDirty=false
04-08 12:13:27.766 I/SystemUi--Statusbar( 2940): NetworkController.WifiSignalController-->handleStatusUpdated state=3 enabled=true connected=true isDefaultNetwork=true rssi=-38 level=4 statusLabel=null isDirty=false
04-08 12:13:27.766 I/SystemUi--Statusbar( 2940): NetworkController.WifiSignalController-->handleStatusUpdated state=3 enabled=true connected=true isDefaultNetwork=true rssi=-38 level=4 statusLabel=null isDirty=false
04-08 12:13:27.772 I/BugleRcsEngine(31493): Connected state: [1], networkType: [WIFI] [CONTEXT thread_id=573 ]
04-08 12:13:27.772 I/BugleRcsEngine(31493): handleMessage processing message:[NOTIFY_UPTIME_IGNORE_STATE_CHANGED] with [non-null]:RcsEngineImpl reference [CONTEXT log_prefix="RcsEngineImpl[DUAL_REG]:[d6e82ddd-3d0a]>Handler" thread_id=575 ]
04-08 12:13:27.773 I/NullBinder(18199): NullBinder for android.net.action.RECOMMEND_NETWORKS triggering remote TransactionTooLargeException due to Service without Chimera impl, calling uid: 1000, calling pid: 0
04-08 12:13:27.773 W/.gms.persistent(18199): Large reply transaction of 2113536 bytes, interface descriptor , code 1
04-08 12:13:27.774 E/PhoneInterfaceManager( 3408): getCarrierPrivilegeStatusForUid: Invalid subId
04-08 12:13:27.775 I/BugleRcsEngine(31493): No RCS Configuration was found in Bugle for simID: redacted-pii:sim_id[chars:0,last3:] [CONTEXT log_prefix="ProvisioningEngineDataRetriever" thread_id=575 ]
04-08 12:13:27.778 D/WM-NetworkStateTracker( 8413): Network capabilities changed: [ Transports: WIFI Capabilities: NOT_METERED&INTERNET&NOT_RESTRICTED&TRUSTED&NOT_VPN&VALIDATED&NOT_ROAMING&FOREGROUND&NOT_CONGESTED&NOT_SUSPENDED&NOT_VCN_MANAGED&NOT_BANDWIDTH_CONSTRAINED LinkUpBandwidth>=12000Kbps LinkDnBandwidth>=60000Kbps TransportInfo: <SSID: <unknown ssid>, BSSID: 02:00:00:00:00:00, MAC: 02:00:00:00:00:00, IP: /192.168.0.55, Security type: 2, Supplicant state: COMPLETED, Wi-Fi standard: 11ac, RSSI: -38, Link speed: 263Mbps, Tx Link speed: 263Mbps, Max Supported Tx Link speed: 433Mbps, Rx Link speed: 433Mbps, Max Supported Rx Link speed: 433Mbps, Frequency: 5765MHz, Net ID: -1, Metered hint: false, score: 60, isUsable: true, CarrierMerged: false, SubscriptionId: -1, IsPrimary: -1, Trusted: true, Restricted: false, Ephemeral: false, OEM paid: false, OEM private: false, OSU AP: false, FQDN: <none>, Provider friendly name: <none>, Requesting package name: <none><none>MLO Information: , Is TID-To-Link negotiation supported by the AP: false, AP MLD Address: <none>, AP MLO Link Id: <none>, AP MLO Affiliated links: <none>, Vendor Data: <none>> SignalStrength: -38 UnderlyingNetworks: Null]
04-08 12:13:27.778 W/ONET_cdo_connect(31577): onCapabilitiesChanged 174,cellular:false,wifi:true,metered:false
04-08 12:13:27.783 I/NullBinder(18199): NullBinder for android.net.action.RECOMMEND_NETWORKS triggering remote TransactionTooLargeException due to Service without Chimera impl, calling uid: 1000, calling pid: 0
04-08 12:13:27.783 W/.gms.persistent(18199): Large reply transaction of 2113536 bytes, interface descriptor , code 1
04-08 12:13:27.793 I/NullBinder(18199): NullBinder for android.net.action.RECOMMEND_NETWORKS triggering remote TransactionTooLargeException due to Service without Chimera impl, calling uid: 1000, calling pid: 0
04-08 12:13:27.793 W/.gms.persistent(18199): Large reply transaction of 2113536 bytes, interface descriptor , code 1
04-08 12:13:27.803 I/NullBinder(18199): NullBinder for android.net.action.RECOMMEND_NETWORKS triggering remote TransactionTooLargeException due to Service without Chimera impl, calling uid: 1000, calling pid: 0
04-08 12:13:27.803 W/.gms.persistent(18199): Large reply transaction of 2113536 bytes, interface descriptor , code 1
04-08 12:13:27.818 V/AlarmManager( 2171): sending alarm Alarm{342a455 type 1 origWhen 1775630607819 whenElapsed 1498592256 android} uid 1000 whenElapsed 1498592256 windowLength 0 maxWhenElapsed 1498592256 repeatInterval 0 action null component null tag StorgaeBandInfoAlarmTag flags 0x9 procName system_server
04-08 12:13:27.819 E/OplusStorageUFSBandwidth( 2171): storage_io_metrics_path is /proc/oplus_storage/io_metrics/forever/
04-08 12:13:27.821 E/OplusStorageUFSBandwidth( 2171): Bandwidth - Read: 1.00 MB/s, Write: 0.50 MB/s
04-08 12:13:27.821 E/OplusStorageUFSBandwidth( 2171): Task time: 2ms
04-08 12:13:27.822 E/OplusStorageUFSBandwidth( 2171): Alarm set to trigger in 10 seconds
04-08 12:13:27.824 D/OplusWmBlackDetector( 2171): Timeout for display ar:ActivityRecord{260910467 u0 com.adda247.gold/.MainActivity t8379}, uiTimeout=true
04-08 12:13:27.826 E/system_server( 2171): Could not open /dev/binderfs/binder_logs/transactions. Likely a permissions issue. errno: 2
04-08 12:13:27.826 E/android.os.Debug( 2171): Failed to get binder state info for pid: 23255 status: -2: No such file or directory
04-08 12:13:27.833 I/system_server( 2171): libdebuggerd_client: started dumping process 23255
04-08 12:13:27.834 I/tombstoned(  773): registered intercept for pid 23255 and type kDebuggerdNativeBacktrace
04-08 12:13:27.834 I/libc    (23255): Requested dump for pid 23255 (om.adda247.gold)
04-08 12:13:27.961 D/ActivityManager( 2171): freezing 22431 com.google.android.apps.wellbeing
04-08 12:13:27.963 D/ActivityManager( 2171): reportOneUidFrozenStateChanged uid 10104 frozen = true
04-08 12:13:27.964 D/InetDiagMessage( 2171): Destroyed 0 sockets, proto=IPPROTO_TCP, family=AF_INET, states=14
04-08 12:13:27.966 D/InetDiagMessage( 2171): Destroyed 0 sockets, proto=IPPROTO_TCP, family=AF_INET6, states=14
04-08 12:13:27.966 D/InetDiagMessage( 2171): Destroyed live tcp sockets for uids={10104} in 3ms
04-08 12:13:27.973 I/crash_dump64(23487): obtaining output fd from tombstoned, type: kDebuggerdNativeBacktrace
04-08 12:13:27.974 I/tombstoned(  773): received crash request for pid 23255
04-08 12:13:27.974 I/tombstoned(  773): found intercept fd 512 for pid 23255 and type kDebuggerdNativeBacktrace
04-08 12:13:27.974 I/crash_dump64(23487): performing dump of process 23255 (target tid = 23255)
04-08 12:13:27.982 I/crash_dump64(23487): ***crash_dump->dump_backtrace***
04-08 12:13:28.081 D/ActivityManager( 2171): Async freezing 6395 com.coloros.weather2
04-08 12:13:28.192 I/eara_io@service( 1808): [scnDetStart] 
04-08 12:13:28.268 I/NearbySharing(18199): Network state changed: NetworkState(isRestricted=false, isOnline=true, isCongested=false, isMetered=false, isWifiConnected=true)
04-08 12:13:28.293 I/eara_io@eval( 1808): [eara_io_eval] wl 100 , top 97 , req_r 40 , req_w 360 , readsz_mb 2 , writesz_mb 98
04-08 12:13:28.293 I/eara_io@boost( 1808): [eara_io_boost] notify: boost=1
04-08 12:13:28.294 I/[UAH_CLIENT]( 1422): UahPlatformResAcquire
04-08 12:13:28.294 I/[UAH_CLIENT]( 1422): UahEventAcquire, cmdid:-3, pkg:1808 23490, identity:mtk-powerd
04-08 12:13:28.357 D/connection::usb::device(10438): [usb_device]current proxy server is running
04-08 12:13:28.357 D/connection::usb::device(10438): [usb_device]current ipsync server is running
04-08 12:13:28.362 I/system_server( 2171): libdebuggerd_client: done dumping process 23255
04-08 12:13:28.362 W/tombstoned(  773): skipping tombstone file creation due to intercept
04-08 12:13:28.393 I/eara_io@eval( 1808): [eara_io_eval] wl 22 , top 81 , req_r 32 , req_w 3 , readsz_mb 2 , writesz_mb 0
04-08 12:13:28.394 I/[UAH_CLIENT]( 1422): UahRelease, handle:-1
04-08 12:13:28.395 I/[UAH_CLIENT]( 1422): UahPlatformResAcquire
04-08 12:13:28.395 I/[UAH_CLIENT]( 1422): UahEventAcquire, cmdid:-3, pkg:1808 23490, identity:mtk-powerd
04-08 12:13:28.493 I/eara_io@eval( 1808): [eara_io_eval] wl 3 , top 100 , req_r 6 , req_w 2 , readsz_mb 0 , writesz_mb 0
04-08 12:13:28.494 I/[UAH_CLIENT]( 1422): UahRelease, handle:-1
04-08 12:13:28.495 I/[UAH_CLIENT]( 1422): UahPlatformResAcquire
04-08 12:13:28.495 I/[UAH_CLIENT]( 1422): UahEventAcquire, cmdid:-3, pkg:1808 23490, identity:mtk-powerd
04-08 12:13:28.516 I/flutter (23255): ┌───────────────────────────────────────────────────────────────────────────────────────────────────────────────────────
04-08 12:13:28.516 I/flutter (23255): │ #0   AppLogger.logDebug (package:adda_gold/logger/app_logger.dart:122:15)
04-08 12:13:28.516 I/flutter (23255): │ #1   ScreenJourneyObserver._trackScreenView (package:adda_gold/analytics/screen_journey_observer.dart:68:17)
04-08 12:13:28.516 I/flutter (23255): ├┄┄┄┄┄┄┄┄┄┄┄┄┄┄┄┄┄┄┄┄┄┄┄┄┄┄┄┄┄┄┄┄┄┄┄┄┄┄┄┄┄┄┄┄┄┄┄┄┄┄┄┄┄┄┄┄┄┄┄┄┄┄┄┄┄┄┄┄┄┄┄┄┄┄┄┄┄┄┄┄┄┄┄┄┄┄┄┄┄┄┄┄┄┄┄┄┄┄┄┄┄┄┄┄┄┄┄┄┄┄┄┄┄┄┄┄┄┄┄
04-08 12:13:28.516 I/flutter (23255): │ 12:13:28.511 (+0:00:02.844736)
04-08 12:13:28.516 I/flutter (23255): ├┄┄┄┄┄┄┄┄┄┄┄┄┄┄┄┄┄┄┄┄┄┄┄┄┄┄┄┄┄┄┄┄┄┄┄┄┄┄┄┄┄┄┄┄┄┄┄┄┄┄┄┄┄┄┄┄┄┄┄┄┄┄┄┄┄┄┄┄┄┄┄┄┄┄┄┄┄┄┄┄┄┄┄┄┄┄┄┄┄┄┄┄┄┄┄┄┄┄┄┄┄┄┄┄┄┄┄┄┄┄┄┄┄┄┄┄┄┄┄
04-08 12:13:28.516 I/flutter (23255): │ 🐛 Screen View: root -> root
04-08 12:13:28.516 I/flutter (23255): └───────────────────────────────────────────────────────────────────────────────────────────────────────────────────────
04-08 12:13:28.593 I/eara_io@eval( 1808): [eara_io_eval] wl 0 , top 0 , req_r 0 , req_w 0 , readsz_mb 0 , writesz_mb 0
04-08 12:13:28.594 I/[UAH_CLIENT]( 1422): UahRelease, handle:-1
04-08 12:13:28.595 I/[UAH_CLIENT]( 1422): UahPlatformResAcquire
04-08 12:13:28.595 I/[UAH_CLIENT]( 1422): UahEventAcquire, cmdid:-3, pkg:1808 23490, identity:mtk-powerd
04-08 12:13:28.693 I/eara_io@eval( 1808): [eara_io_eval] wl 1 , top 0 , req_r 0 , req_w 1 , readsz_mb 0 , writesz_mb 0
04-08 12:13:28.694 I/[UAH_CLIENT]( 1422): UahRelease, handle:-1
04-08 12:13:28.695 I/[UAH_CLIENT]( 1422): UahPlatformResAcquire
04-08 12:13:28.695 I/[UAH_CLIENT]( 1422): UahEventAcquire, cmdid:-3, pkg:1808 23490, identity:mtk-powerd
04-08 12:13:28.776 D/ActivityManager( 2171): freezing 19880 com.android.chrome
04-08 12:13:28.778 D/ActivityManager( 2171): freezing 22957 com.heytap.cloud
04-08 12:13:28.779 D/ActivityManager( 2171): reportOneUidFrozenStateChanged uid 10147 frozen = true
04-08 12:13:28.780 D/ActivityManager( 2171): reportOneUidFrozenStateChanged uid 10251 frozen = true
04-08 12:13:28.782 D/InetDiagMessage( 2171): Destroyed 0 sockets, proto=IPPROTO_TCP, family=AF_INET, states=14
04-08 12:13:28.783 D/InetDiagMessage( 2171): Destroyed 0 sockets, proto=IPPROTO_TCP, family=AF_INET6, states=14
04-08 12:13:28.783 D/InetDiagMessage( 2171): Destroyed live tcp sockets for uids={10147} in 3ms
04-08 12:13:28.785 D/InetDiagMessage( 2171): Destroyed 0 sockets, proto=IPPROTO_TCP, family=AF_INET, states=14
04-08 12:13:28.786 D/InetDiagMessage( 2171): Destroyed 0 sockets, proto=IPPROTO_TCP, family=AF_INET6, states=14
04-08 12:13:28.786 D/InetDiagMessage( 2171): Destroyed live tcp sockets for uids={10251} in 3ms
04-08 12:13:28.793 I/eara_io@eval( 1808): [eara_io_eval] wl 1 , top 0 , req_r 0 , req_w 1 , readsz_mb 0 , writesz_mb 0
04-08 12:13:28.793 I/eara_io@boost( 1808): [eara_io_boost] notify: boost=0
04-08 12:13:28.813 D/ActivityManager( 2171): freezing 19915 com.google.android.documentsui
04-08 12:13:28.815 D/ActivityManager( 2171): reportOneUidFrozenStateChanged uid 10075 frozen = true
04-08 12:13:28.817 D/InetDiagMessage( 2171): Destroyed 0 sockets, proto=IPPROTO_TCP, family=AF_INET, states=14
04-08 12:13:28.818 D/InetDiagMessage( 2171): Destroyed 0 sockets, proto=IPPROTO_TCP, family=AF_INET6, states=14
04-08 12:13:28.818 D/InetDiagMessage( 2171): Destroyed live tcp sockets for uids={10075} in 3ms
04-08 12:13:28.822 D/ActivityManager( 2171): freezing 19951 com.oplus.safecenter
04-08 12:13:28.893 I/eara_io@eval( 1808): [eara_io_eval] wl 0 , top 0 , req_r 0 , req_w 0 , readsz_mb 0 , writesz_mb 0
04-08 12:13:28.969 I/Process (23150): Quit itself,  Pid:23150  StackTrace:com.heytap.mcs.biz.appservice.a.a:27 com.heytap.mcs.biz.appservice.a.a:3 com.heytap.mcs.biz.appservice.a$a.handleMessage:3 android.os.Handler.dispatchMessage:111 android.os.Looper.loopOnce:298 android.os.Looper.loop:408 android.app.ActivityThread.main:9964 java.lang.reflect.Method.invoke:-2 com.android.internal.os.RuntimeInit$MethodAndArgsCaller.run:613 com.android.internal.os.ZygoteInit.main:1074 
04-08 12:13:28.970 I/Process (23150): Sending signal. PID: 23150 SIG: 9
04-08 12:13:28.984 I/ActivityManager( 2171): Death received, pid = 23150, processName = com.heytap.mcs.appservice for thread android.os.BinderProxy@351c3f8
04-08 12:13:28.984 I/Zygote  ( 1371): Process 23150 exited due to signal 9 (Killed)
04-08 12:13:28.984 I/ActivityManager( 2171): Process com.heytap.mcs.appservice (pid 23150) has died: vis IMPF
04-08 12:13:28.985 D/OplusAppStartupManager( 2171): prevent restart service, pkgName = com.heytap.mcs, scenePriority = -1
04-08 12:13:28.985 I/libprocessgroup( 2171): Removed cgroup /sys/fs/cgroup/system/uid_1000/pid_23150
04-08 12:13:28.987 I/ActivityThread(30138): Removing dead content provider:android.content.ContentProviderProxy@fae4892
04-08 12:13:28.987 I/IPCThreadState( 1420): oneway function results for code 2 on binder at 0xb4000072604709a0 will be dropped but finished with status UNKNOWN_TRANSACTION
04-08 12:13:28.988 D/IModule ( 2171): notifyEvent: GAME_PROCESS_DIE
04-08 12:13:28.988 I/vendor.mediatek.hardware.mtkpower_applist-service.mediatek( 1420): packName: com.heytap.mcs actName: com.heytap.mcs pid: 23150 uid: 1000 state: 3
04-08 12:13:28.988 I/MTK_APPList( 1420): [notifyAPPstate] com.heytap.mcs/com.heytap.mcs, pid=23150, uid=1000, state:DEAD, fps:-1, win:0
04-08 12:13:28.988 I/MTK_APPList( 1420): [notifyAPPstate] multi_resumed_app_count: 1
04-08 12:13:28.988 I/MTK_APPList( 1420): [notifyAPPstate] multi_resumed_app_info[0] com.adda247.gold/com.adda247.gold.MainActivity, pid:23255, fps:-1, isMultiWindow:0
04-08 12:13:28.988 I/MTK_APPList( 1420): [getForegroundAPPCount] 1
04-08 12:13:28.988 I/MTK_APPList( 1420): [notifyAPPstate] pack:com.heytap.mcs, pid:23150, STATE_DEAD
04-08 12:13:28.988 I/MTK_APPList( 1420): [notifyNetdUID] 10932
04-08 12:13:28.989 I/PluginSeedling--Base( 2940): SeedlingPluginService-->onStateChange: Bundle[{pkgName=android.uid.system:1000, pid=23150, uid=1000, state=onProcessDied}]
04-08 12:13:28.989 I/PluginSeedling--Origin( 2940): PidManger-->diedPkg: android.uid.system:1000
04-08 12:13:28.989 I/PantaCard.SysUi.PantanalClient( 2940):  sendKilledPid, pidInfo = PidInfo(hostPidMap={}, umsPidSet=[], extras={diedPkg=android.uid.system:1000})[sdk:v1.2.120-1234567] [SystemUIPlugin|1.5.3-11143a1]
04-08 12:13:28.989 D/PantaCard.SysUi.NoUMSSeedlingManager( 2940):  sendKilledPid:PidInfo(hostPidMap={}, umsPidSet=[], extras={diedPkg=android.uid.system:1000})[sdk:v1.2.120-1234567]
04-08 12:13:28.989 W/PantaCard.SysUi.SeedlingSdkInterface( 2940):  8 8 gainSeedlingManager no callback invoke failed, since it is not init[sdk:v1.2.120-1234567]
04-08 12:13:28.989 W/PantaCard.SysUi.PantanalClient( 2940):  getSeedlingManager failed,entrance = [statusbar,type=8,hostId=20][sdk:v1.2.120-1234567]
04-08 12:13:28.990 I/PantaCard.SysUi.PantanalClient( 2940):  sendKilledPid failed, cause seedlingmanger is null.[sdk:v1.2.120-1234567]
04-08 12:13:28.990 I/MTK_APPList( 1420): [notifyPID] 23255
04-08 12:13:28.991 E/WindowProcessControllerExtImpl( 2171): shouldMakeAbnormalActivityFinishing, list may empty, mHasActivities: false
04-08 12:13:28.992 W/Athena  ( 2171): athena_optimize: recordTime, mLastDeathTime: 1498583
04-08 12:13:28.992 W/Athena  ( 2171): athena_optimize: recordInterval,  intervalTime: 0
04-08 12:13:28.992 E/Athena  ( 2171): athena_optimize: pkg: com.heytap.mcs, processName: com.heytap.mcs.appservicegetPercentage: 54
04-08 12:13:28.993 I/eara_io@eval( 1808): [eara_io_eval] wl 0 , top 0 , req_r 0 , req_w 0 , readsz_mb 0 , writesz_mb 0
04-08 12:13:29.027 D/ActivityManager( 2171): freezing 7858 com.google.android.permissioncontroller
04-08 12:13:29.029 D/ActivityManager( 2171): reportOneUidFrozenStateChanged uid 10275 frozen = true
04-08 12:13:29.032 D/InetDiagMessage( 2171): Destroyed 0 sockets, proto=IPPROTO_TCP, family=AF_INET, states=14
04-08 12:13:29.034 D/InetDiagMessage( 2171): Destroyed 0 sockets, proto=IPPROTO_TCP, family=AF_INET6, states=14
04-08 12:13:29.034 D/InetDiagMessage( 2171): Destroyed live tcp sockets for uids={10275} in 5ms
04-08 12:13:29.093 I/eara_io@eval( 1808): [eara_io_eval] wl 0 , top 0 , req_r 0 , req_w 0 , readsz_mb 0 , writesz_mb 0
04-08 12:13:29.193 I/eara_io@eval( 1808): [eara_io_eval] wl 0 , top 0 , req_r 0 , req_w 0 , readsz_mb 0 , writesz_mb 0
04-08 12:13:29.196 I/mtkpower@impl( 1422): [powerd_req] TIMER_MSG_PERF_LOCK_TIMEOUT hdl:162614
04-08 12:13:29.196 I/[UAH_CLIENT]( 1422): UahRelease, handle:-1
04-08 12:13:29.293 I/eara_io@eval( 1808): [eara_io_eval] wl 0 , top 0 , req_r 0 , req_w 0 , readsz_mb 0 , writesz_mb 0
04-08 12:13:29.296 D/ChargerInfo( 1447): getInfo: type: 0x1, update: 1
04-08 12:13:29.296 D/ChargerInfo( 1447): chargerInfoUpdateThread: update start
04-08 12:13:29.297 D/ChargerInfo( 1447): enableTx: path(/proc/wireless/enable_tx): not exist
04-08 12:13:29.298 D/ChargerInfo( 1447): get_ui_charge_icon_type: 0 0 0 0
04-08 12:13:29.299 D/ChargerInfo( 1447): cpaPower:7500 isChargeOnline:1 isSupportRetentionTopic:0
04-08 12:13:29.299 E/ChargerInfo( 1447): SingleHyperPath not found
04-08 12:13:29.299 D/ChargerInfo( 1447): CarC: path(/sys/class/oplus_chg/battery/gauge_car_c): not exist
04-08 12:13:29.299 D/ChargerInfo( 1447): chargerInfoUpdateThread: update end
04-08 12:13:29.299 D/ChargerInfo( 1447): chargerInfoUpdateThread: update wait
04-08 12:13:29.299 D/ChargerInfo( 1447): enableTx: path(/proc/wireless/enable_tx): not exist
04-08 12:13:29.299 D/ChargerInfo( 1447): getInfo: {"Update":{"batteryFcc":4831,"batteryRm":4836,"bddLeakCurr":0,"bmsStatus":0,"bypassChgStatus":0,"chargeTimeRemaining":0,"cpaPower":7,"enableTx":true,"fastCharge":0,"isSupportSpeedCharge":0,"notifyCode":1048704,"otgOnline":0,"ppsChargePower":0,"ppsCharging":0,"shortCHwStatus":0,"shortIcOtpStatus":0,"uiIconType":0,"uiPower":0,"usbStatus":0,"wlsAdapterPower":0}}
04-08 12:13:29.303 D/ChargerInfo( 1447): getInfo: type: 0x1, update: 1
04-08 12:13:29.303 D/ChargerInfo( 1447): chargerInfoUpdateThread: update start
04-08 12:13:29.304 D/ChargerInfo( 1447): enableTx: path(/proc/wireless/enable_tx): not exist
04-08 12:13:29.305 D/ChargerInfo( 1447): get_ui_charge_icon_type: 0 0 0 0
04-08 12:13:29.306 D/ChargerInfo( 1447): cpaPower:7500 isChargeOnline:1 isSupportRetentionTopic:0
04-08 12:13:29.306 E/ChargerInfo( 1447): SingleHyperPath not found
04-08 12:13:29.306 D/ChargerInfo( 1447): CarC: path(/sys/class/oplus_chg/battery/gauge_car_c): not exist
04-08 12:13:29.306 D/ChargerInfo( 1447): chargerInfoUpdateThread: update end
04-08 12:13:29.306 D/ChargerInfo( 1447): chargerInfoUpdateThread: update wait
04-08 12:13:29.307 D/ChargerInfo( 1447): enableTx: path(/proc/wireless/enable_tx): not exist
04-08 12:13:29.307 D/ChargerInfo( 1447): getInfo: {"Update":{"batteryFcc":4831,"batteryRm":4836,"bddLeakCurr":0,"bmsStatus":0,"bypassChgStatus":0,"chargeTimeRemaining":0,"cpaPower":7,"enableTx":true,"fastCharge":0,"isSupportSpeedCharge":0,"notifyCode":1048704,"otgOnline":0,"ppsChargePower":0,"ppsCharging":0,"shortCHwStatus":0,"shortIcOtpStatus":0,"uiIconType":0,"uiPower":0,"usbStatus":0,"wlsAdapterPower":0}}
04-08 12:13:29.335 I/GrallocExtra(23255): gralloc_extra_query:is_SW3D 0
04-08 12:13:29.335 D/BoundBrokerSvc(18400): onUnbind: Intent { act=com.google.android.gms.onboardingconsent.api.ConsentManagerApiService.START dat=chimera-action:/... xflg=0x4 cmp=com.google.android.gms/.chimera.GmsApiService mCallingUid=10108 }
04-08 12:13:29.336 D/BLASTBufferQueue(23255): [b514da7 SurfaceView[com.adda247.gold/com.adda247.gold.MainActivity]#1](f:0,a:1) acquireNextBufferLocked size=1080x2400 mFrameNumber=1 applyTransaction=true mTimestamp=325048854060294(auto) mPendingTransactions.size=0 graphicBufferId=99879464468490 transform=0
04-08 12:13:29.337 I/ClientCache( 1534): add: Cache owner=0xb400006f65276be0
04-08 12:13:29.350 D/LibMBrainProxy(23255): Init Paramters
04-08 12:13:29.350 W/ServiceManagerCppClient(23255): Failed to get isDeclared for vendor.mediatek.hardware.mbrain.IMBrain/default: Status(-1, EX_SECURITY): 'SELinux denied for service.'
04-08 12:13:29.385 I/AccessibilityWindowsPopulator( 2171): getInsensibleFlag flag = 0
04-08 12:13:29.393 I/eara_io@eval( 1808): [eara_io_eval] wl 0 , top 0 , req_r 0 , req_w 0 , readsz_mb 0 , writesz_mb 0
04-08 12:13:29.423 I/AccessibilityWindowsPopulator( 2171): getInsensibleFlag flag = 0
04-08 12:13:29.424 I/AccessibilityWindowsPopulator( 2171): getInsensibleFlag flag = 0
04-08 12:13:29.442 I/Choreographer(23255): Skipped 118 frames!  The application may be doing too much work on its main thread.
04-08 12:13:29.443 W/VRI[MainActivity](23255): performTraversals: cancelAndRedraw, mLastPerformTraversalsSkipDrawReasonpredraw_io.flutter.embedding.android.FlutterActivityAndFragmentDelegate$2
04-08 12:13:29.448 D/SurfaceView(23255): 189877671 finishedDrawing
04-08 12:13:29.448 D/SurfaceView(23255): 189877671 performDrawFinished mAttachedToWindow true
04-08 12:13:29.462 I/flutter (23255): [38;5;12m┌───────────────────────────────────────────────────────────────────────────────────────────────────────────────────────[0m
04-08 12:13:29.462 I/flutter (23255): [38;5;12m│ #0   AppLogger.logInfo (package:adda_gold/logger/app_logger.dart:107:15)[0m
04-08 12:13:29.462 I/flutter (23255): [38;5;12m│ #1   CoreTrackierManager.initialiseTrackier (package:adda_gold/analytics/trackier/manager/core_trackier_manager.dart:49:17)[0m
04-08 12:13:29.462 I/flutter (23255): [38;5;12m├┄┄┄┄┄┄┄┄┄┄┄┄┄┄┄┄┄┄┄┄┄┄┄┄┄┄┄┄┄┄┄┄┄┄┄┄┄┄┄┄┄┄┄┄┄┄┄┄┄┄┄┄┄┄┄┄┄┄┄┄┄┄┄┄┄┄┄┄┄┄┄┄┄┄┄┄┄┄┄┄┄┄┄┄┄┄┄┄┄┄┄┄┄┄┄┄┄┄┄┄┄┄┄┄┄┄┄┄┄┄┄┄┄┄┄┄┄┄┄[0m
04-08 12:13:29.462 I/flutter (23255): [38;5;12m│ 12:13:29.461 (+0:00:03.794785)[0m
04-08 12:13:29.462 I/flutter (23255): [38;5;12m├┄┄┄┄┄┄┄┄┄┄┄┄┄┄┄┄┄┄┄┄┄┄┄┄┄┄┄┄┄┄┄┄┄┄┄┄┄┄┄┄┄┄┄┄┄┄┄┄┄┄┄┄┄┄┄┄┄┄┄┄┄┄┄┄┄┄┄┄┄┄┄┄┄┄┄┄┄┄┄┄┄┄┄┄┄┄┄┄┄┄┄┄┄┄┄┄┄┄┄┄┄┄┄┄┄┄┄┄┄┄┄┄┄┄┄┄┄┄┄[0m
04-08 12:13:29.462 I/flutter (23255): [38;5;12m│ 💡 Trackier Install Id saved to local storage: 689441c4-e623-4a11-b9ee-bf1f29deca6e[0m
04-08 12:13:29.462 I/flutter (23255): [38;5;12m└───────────────────────────────────────────────────────────────────────────────────────────────────────────────────────[0m
04-08 12:13:29.463 I/flutter (23255): [38;5;12m┌───────────────────────────────────────────────────────────────────────────────────────────────────────────────────────[0m
04-08 12:13:29.463 I/flutter (23255): [38;5;12m│ #0   AppLogger.logInfo (package:adda_gold/logger/app_logger.dart:107:15)[0m
04-08 12:13:29.463 I/flutter (23255): [38;5;12m│ #1   CoreTrackierManager.initialiseTrackier (package:adda_gold/analytics/trackier/manager/core_trackier_manager.dart:54:15)[0m
04-08 12:13:29.463 I/flutter (23255): [38;5;12m├┄┄┄┄┄┄┄┄┄┄┄┄┄┄┄┄┄┄┄┄┄┄┄┄┄┄┄┄┄┄┄┄┄┄┄┄┄┄┄┄┄┄┄┄┄┄┄┄┄┄┄┄┄┄┄┄┄┄┄┄┄┄┄┄┄┄┄┄┄┄┄┄┄┄┄┄┄┄┄┄┄┄┄┄┄┄┄┄┄┄┄┄┄┄┄┄┄┄┄┄┄┄┄┄┄┄┄┄┄┄┄┄┄┄┄┄┄┄┄[0m
04-08 12:13:29.463 I/flutter (23255): [38;5;12m│ 12:13:29.462 (+0:00:03.796260)[0m
04-08 12:13:29.463 I/flutter (23255): [38;5;12m├┄┄┄┄┄┄┄┄┄┄┄┄┄┄┄┄┄┄┄┄┄┄┄┄┄┄┄┄┄┄┄┄┄┄┄┄┄┄┄┄┄┄┄┄┄┄┄┄┄┄┄┄┄┄┄┄┄┄┄┄┄┄┄┄┄┄┄┄┄┄┄┄┄┄┄┄┄┄┄┄┄┄┄┄┄┄┄┄┄┄┄┄┄┄┄┄┄┄┄┄┄┄┄┄┄┄┄┄┄┄┄┄┄┄┄┄┄┄┄[0m
04-08 12:13:29.463 I/flutter (23255): [38;5;12m│ 💡 Trackier Install Id: 689441c4-e623-4a11-b9ee-bf1f29deca6e[0m
04-08 12:13:29.463 I/flutter (23255): [38;5;12m└───────────────────────────────────────────────────────────────────────────────────────────────────────────────────────[0m
04-08 12:13:29.470 D/ActivityManager( 2171): Cancel freezing 22596 com.android.vending
04-08 12:13:29.471 D/ActivityManager( 2171): Cancel freezing 30745 com.android.vending:background
04-08 12:13:29.472 E/OplusDexOptimizeManager( 2171): Start app fature is off
04-08 12:13:29.481 D/OplusPredictiveBackController(23255): should not HookOnBackInvokedCallbackEnabled for application com.adda247.gold.MainActivity@b455ff8 hasOnBackInvokedCallBackEnabled
04-08 12:13:29.481 D/WindowOnBackDispatcher(23255):  predictive settings is disabled for com.adda247.gold
04-08 12:13:29.481 W/WindowOnBackDispatcher(23255): OnBackInvokedCallback is not enabled for the application.
04-08 12:13:29.481 W/WindowOnBackDispatcher(23255): Set 'android:enableOnBackInvokedCallback="true"' in the application manifest.
04-08 12:13:29.488 I/[UAH_CLIENT]( 2171): UahEventAcquire, cmdid:2, pkg:none, identity:com.android.server.wm
04-08 12:13:29.488 D/WindowManager( 2171): NFW_setClientVisible:ActivityRecord{238815501 u0 com.google.android.permissioncontroller/com.android.permissioncontroller.permission.ui.GrantPermissionsActivity clientVisible:true
04-08 12:13:29.489 D/CompatChangeReporter( 2171): Compat change id reported: 358129114; UID 10932; state: ENABLED
04-08 12:13:29.489 D/FlexibleTaskController( 2171): isSupportFlexibleWindow target = com.google.android.permissioncontroller/com.android.permissioncontroller.permission.ui.GrantPermissionsActivity callPkg = FlexibleTaskController support = true ,caller = 2171
04-08 12:13:29.493 I/eara_io@eval( 1808): [eara_io_eval] wl 3 , top 13 , req_r 12 , req_w 5 , readsz_mb 0 , writesz_mb 0
04-08 12:13:29.501 I/system_server( 2171): AssetManager2(0xb400007066384c28) locale list changing from [] to [en-IN]
04-08 12:13:29.502 W/QosScheduler( 2171): executeSceneQosStrategy failed! qos feature no enable
04-08 12:13:29.502 D/FlexibleWindowManagerService( 2171): isIgnoreAppearedAcrossTask:false
04-08 12:13:29.502 D/ActivityStarterExtImpl( 2171): setForceUpdateWindow, targetTask = Task{c38897e #8379 type=standard A=10932:com.adda247.gold} r = ActivityRecord{238815501 u0 com.google.android.permissioncontroller/com.android.permissioncontroller.permission.ui.GrantPermissionsActivity t-1} notFinish =false
04-08 12:13:29.502 D/FlexibleWindowManagerService( 2171): isIgnoreAppearedAcrossTask:false
04-08 12:13:29.502 D/FlexibleTaskController( 2171): findSourceTaskForFreeForm: sourceRecord = ActivityRecord{260910467 u0 com.adda247.gold/.MainActivity t8379} ,realCallingPid:23255 ,launchFromZoomMode:false ,prevTopTask:Task{c38897e #8379 type=standard A=10932:com.adda247.gold}
04-08 12:13:29.502 D/FlexibleTaskController( 2171): adjustOptionsForFlexibleTask not allow options follow process task's options, reason:8 ,reusedOptions:null
04-08 12:13:29.502 I/InsensibleTaskController( 2171): adjustOptionsForInsensibleTask targetTask is resuse so not pureInsensibleOptions
04-08 12:13:29.502 D/FlexibleTaskController( 2171): isSupportFlexibleWindow target = com.google.android.permissioncontroller/com.android.permissioncontroller.permission.ui.GrantPermissionsActivity callPkg = FlexibleTaskController support = true ,caller = 2171
04-08 12:13:29.503 D/FlexibleWindowManagerService( 2171): no reused task found for ActivityRecord{238815501 u0 com.google.android.permissioncontroller/com.android.permissioncontroller.permission.ui.GrantPermissionsActivity t-1}
04-08 12:13:29.503 D/ActivityStarterExtImpl( 2171): isLaunchingRootActivity = false
04-08 12:13:29.503 D/ActivityStarterExtImpl( 2171): resume targetTask isVisibleRequested is true or in SkipCheckedList, need resume:targetTask=Task{c38897e #8379 type=standard A=10932:com.adda247.gold}
04-08 12:13:29.507 D/SecondaryPageStartupPolicy( 2171): checkSecondaryPageStartupStatus not support sourcePackage=com.adda247.gold
04-08 12:13:29.507 D/OplusStartingWindowManager( 2171): reviseWindowFlagsForStarting: newTask=false, taskSwitch=false, processRunning=true, processState=0, preloadAppInfo=null
04-08 12:13:29.507 D/OplusStartingWindowManager( 2171): not support SnapshotSplash, don't revise window flags for activity:ActivityRecord{238815501 u0 com.google.android.permissioncontroller/com.android.permissioncontroller.permission.ui.GrantPermissionsActivity t8379}
04-08 12:13:29.507 D/ActivityTaskManager( 2171): validateStartingWindowTheme:  Pkg=com.google.android.permissioncontroller, Translucent=true, Floating=true, ShowWallpaper=false, Disable=false, LaunchSource=4, Prev=ActivityRecord{260910467 u0 com.adda247.gold/.MainActivity t8379}, LaunchedFromPackage=com.adda247.gold
04-08 12:13:29.507 D/ActivityTaskManager( 2171): addStartingWindow for ActivityRecord{238815501 u0 com.google.android.permissioncontroller/com.android.permissioncontroller.permission.ui.GrantPermissionsActivity t8379}, mainWin=null, state=INITIALIZING, isKeyguardLocked=false, isKeyguardGoingAway=false
04-08 12:13:29.507 D/ActivityTaskManager( 2171): getStartingWindowType: , newTask=false, taskSwitch=false, processRunning=true, allowTaskSnapshot=true, activityCreated=false, activityAllDrawn=false, snapshot exist: false
04-08 12:13:29.507 D/ActivityRecordExtImpl( 2171): handleStartingWindowForCompactWindow origin type:0, adjustType : 0
04-08 12:13:29.507 D/ActivityTaskManager( 2171): skip addStartingWindow due to resolvedTheme: 0, theme: 2132017652
04-08 12:13:29.508 D/OplusWindowAnimationManager( 2171): applyNoAnimationForResumed resumed: ActivityRecord{260910467 u0 com.adda247.gold/.MainActivity t8379}
04-08 12:13:29.508 I/PowerHalWrapper( 2171): amsBoostNotify pid:23255,activity:com.adda247.gold.MainActivity, package:com.adda247.gold, mProcessCreatePackcom.adda247.gold 
04-08 12:13:29.508 I/PowerHalWrapper( 2171): state: 0 
04-08 12:13:29.509 I/IPCThreadState( 1420): oneway function results for code 2 on binder at 0xb4000072604709a0 will be dropped but finished with status UNKNOWN_TRANSACTION
04-08 12:13:29.509 I/vendor.mediatek.hardware.mtkpower_applist-service.mediatek( 1420): packName: com.adda247.gold actName: com.adda247.gold.MainActivity pid: 23255 uid: 10932 state: 0
04-08 12:13:29.509 I/MTK_APPList( 1420): [notifyAPPstate] com.adda247.gold/com.adda247.gold.MainActivity, pid=23255, uid=10932, state:PAUSED, fps:-1, win:0
04-08 12:13:29.509 I/MTK_APPList( 1420): [notifyAPPstate] multi_resumed_app_count: 0
04-08 12:13:29.509 I/MTK_APPList( 1420): [getForegroundAPPCount] 1
04-08 12:13:29.509 I/MTK_APPList( 1420): [notifyNetdUID] 10932
04-08 12:13:29.510 I/MTK_APPList( 1420): [notifyPID] 23255
04-08 12:13:29.511 I/PowerHalWrapper( 2171): amsBoostNotify AMS_BOOST_PROCESS_CREATE_BOOST:true 
04-08 12:13:29.511 D/MBrainLocalService( 2171): isVendorFreezeConditionPass is false
04-08 12:13:29.511 E/MBrainLocalService( 2171): notifyAppSwitch failed
04-08 12:13:29.511 I/PowerHalWrapper( 2171): <amsBoostResume> last:com.adda247.gold, next:com.google.android.permissioncontrollerhasATProcess:false 
04-08 12:13:29.514 I/ActivityTaskManager( 2171): START u0 {act=android.content.pm.action.REQUEST_PERMISSIONS xflg=0x4 pkg=com.google.android.permissioncontroller cmp=com.google.android.permissioncontroller/com.android.permissioncontroller.permission.ui.GrantPermissionsActivity (has extras) mCallingUid=10932} with LAUNCH_MULTIPLE from uid 10932 (rr=260910467) (BAL_ALLOW_VISIBLE_WINDOW (callingUid has visible window)) result code=0
04-08 12:13:29.513 I/[UAH_CLIENT]( 1422): UahPlatformResAcquire
04-08 12:13:29.514 I/[UAH_CLIENT]( 1422): UahEventAcquire, cmdid:-3, pkg:1422 0, identity:mtk-powerd
04-08 12:13:29.515 I/Quality ( 2171): LaunchTime2.0: com.adda247.gold/.MainActivity 1 7812 com.android.shell 96 120
04-08 12:13:29.514 V/WindowManagerShell( 2940): Transition requested (#6852): android.os.BinderProxy@88345fb TransitionRequestInfo { type = OPEN, triggerTask = TaskInfo{userId=0 taskId=8379 effectiveUid=10932 displayId=0 isRunning=true baseIntent=Intent { act=android.intent.action.MAIN cat=[android.intent.category.LAUNCHER] flg=0x10200000 cmp=com.adda247.gold/.MainActivity mCallingUid=2000 } baseActivity=ComponentInfo{com.adda247.gold/com.adda247.gold.MainActivity} topActivity=ComponentInfo{com.google.android.permissioncontroller/com.android.permissioncontroller.permission.ui.GrantPermissionsActivity} origActivity=null realActivity=ComponentInfo{com.adda247.gold/com.adda247.gold.MainActivity}
04-08 12:13:29.514 V/WindowManagerShell( 2940):  numActivities=2 lastActiveTime=1498593946 supportsSplitScreenMultiWindow=true supportsMultiWindow=true supportsPocketStudioMultiWindow=true isInFlexibleEmbedded = false uid = 10275 pid = 0 resizeMode=1 isResizeable=true minWidth=-1 minHeight=-1 defaultMinSize=220 token=WCT{android.window.IWindowContainerToken$Stub$Proxy@a597618} topActivityType=1 pictureInPictureParams=null shouldDockBigOverlays=false launchIntoPipHostTaskId=-1 lastParentTaskIdBeforePip=-1 displayCutoutSafeInsets=Rect(0, 0 - 0, 0)
