04-16 15:30:31.822 D/vulkan  (22907): added global layer 'VK_LAYER_KHRONOS_validation' from library '/data/app/~~e6mJaQXxq-w-OhRso5uwHw==/com.adda247.gold-77YhSOBjFYDxhmTzzQlQ9Q==/base.apk!/lib/arm64-v8a/libVkLayer_khronos_validation.so'
04-16 15:30:31.824 D/colorx  (22907): I can't find colorx layer , let's enumerate colorx layers first.
04-16 15:30:31.833 I/flutter (22907): [IMPORTANT:flutter/shell/platform/android/android_context_vk_impeller.cc(62)] Using the Impeller rendering backend (Vulkan).
04-16 15:30:31.839 E/LockScreenNotificationDispatcherImp( 2818): updateNotificationListOnKg size:0
04-16 15:30:31.840 D/PluginSeedling--Notification( 2818): NotificationController-->isHideForCharge = false
04-16 15:30:31.841 D/PluginSeedling--Notification( 2818): NotificationController-->checkUpdateVisibleSeedingEntries， state = 3， curVisibleState=3, forceUpdate=false
04-16 15:30:31.850 I/SystemUi--Notification( 2818): LockScreenNotificationDispatcherImp-->updateNotificationListOnKg resultCode: 0
04-16 15:30:31.900 I/AppsFilter( 2246): interaction: PackageSetting{92f3b9d com.android.microdroid.empty_payload/10268} -> PackageSetting{9c60a99 com.adda247.gold/10975} BLOCKED
04-16 15:30:31.900 I/AppsFilter( 2246): interaction: PackageSetting{571fbe3 io.appium.uiautomator2.server.test/10792} -> PackageSetting{9c60a99 com.adda247.gold/10975} BLOCKED
04-16 15:30:31.900 I/AppsFilter( 2246): interaction: PackageSetting{d999e0 com.oplus.locationproxy/10168} -> PackageSetting{9c60a99 com.adda247.gold/10975} BLOCKED
04-16 15:30:31.900 I/AppsFilter( 2246): interaction: PackageSetting{cc8f499 com.labs.ustaadtv/10347} -> PackageSetting{9c60a99 com.adda247.gold/10975} BLOCKED
04-16 15:30:31.900 I/AppsFilter( 2246): interaction: PackageSetting{36cf35e com.android.certinstaller/10204} -> PackageSetting{9c60a99 com.adda247.gold/10975} BLOCKED
04-16 15:30:31.900 I/AppsFilter( 2246): interaction: PackageSetting{3e733f com.oplus.location/10219} -> PackageSetting{9c60a99 com.adda247.gold/10975} BLOCKED
04-16 15:30:31.911 I/system_server( 2246): AssetManager2(0xb400007302eb7628) locale list changing from [] to [en-IN]
04-16 15:30:31.913 I/system_server( 2246): AssetManager2(0xb400007302eb9128) locale list changing from [] to [en-IN]
04-16 15:30:31.917 D/ShortcutService( 2246): Getting shortcuts for launcher= com.android.launcheruserId=0 pkg=com.adda247.gold
04-16 15:30:31.917 D/ShortcutService( 2246): getShortcutsInnerLocked() returned empty results because com.adda247.gold isn't loaded
04-16 15:30:31.923 I/system_server( 2246): AssetManager2(0xb400007302ef4128) locale list changing from [] to [en-IN]
04-16 15:30:31.927 D/SessionConfigFetcher(22907): Fetching settings from server.
04-16 15:30:31.928 I/system_server( 2246): AssetManager2(0xb400007302f01b28) locale list changing from [] to [en-IN]
04-16 15:30:31.934 I/system_server( 2246): AssetManager2(0xb400007302f02d28) locale list changing from [] to [en-IN]
04-16 15:30:31.934 V/AccessibilityManagerService( 2246): onUserStateChangedLocked for user 0 with forceUpdate: false mEnabledServices = [] mCrashedServices = [] hasMagnificationConnection=false
04-16 15:30:31.934 W/MagnificationConnectionManager( 2246): requestConnection duplicated request: connect=false, mConnectionState=DISCONNECTED
04-16 15:30:31.942 I/system_server( 2246): AssetManager2(0xb400007302f85328) locale list changing from [] to [en-IN]
04-16 15:30:31.949 I/system_server( 2246): AssetManager2(0xb40000724c5a6d28) locale list changing from [] to [en-IN]
04-16 15:30:31.956 I/system_server( 2246): AssetManager2(0xb40000711f670928) locale list changing from [] to [en-IN]
04-16 15:30:31.960 I/sensors-hal-HfLooper( 1402): ambient light  37.000000
04-16 15:30:31.976 I/system_server( 2246): AssetManager2(0xb40000711f670c28) locale list changing from [] to [en-IN]
04-16 15:30:31.980 I/system_server( 2246): AssetManager2(0xb40000711f671228) locale list changing from [] to [en-IN]
04-16 15:30:31.991 W/Searchables( 2246): No web search activity found
04-16 15:30:31.992 V/AutofillManagerService( 2246): onPackageModified(): com.adda247.gold
04-16 15:30:32.027 I/flutter (22907): The Dart VM service is listening on http://127.0.0.1:38179/Bit9RBFssFI=/
04-16 15:30:32.260 I/eara_io@service( 1773): [scnDetStart] 
04-16 15:30:32.307 D/SessionConfigFetcher(22907): Fetched settings: {"settings_version":3,"cache_duration":161667,"features":{"collect_logged_exceptions":true,"collect_reports":true,"collect_analytics":false,"prompt_enabled":false,"push_enabled":false,"firebase_crashlytics_enabled":false,"collect_anrs":true,"collect_metric_kit":false,"collect_build_ids":true},"app":{"status":"activated","update_required":false,"report_upload_variant":2,"native_report_upload_variant":2},"fabric":{"org_id":"692da7549b34c9c8f06024ce","bundle_id":"com.adda247.gold"},"on_demand_upload_rate_per_minute":10,"on_demand_backoff_base":1.2,"on_demand_backoff_step_duration_seconds":60,"app_quality":{"sessions_enabled":true,"sampling_rate":1,"session_timeout_seconds":1800},"on_demand_thread_recording_suspension_enabled":true}
04-16 15:30:32.316 D/com.llfbandit.app_links(22907): Intent { act=android.intent.action.MAIN cat=[android.intent.category.LAUNCHER] flg=0x10200000 xflg=0x4 cmp=com.adda247.gold/.MainActivity mCallingUid=2000 }
04-16 15:30:32.323 D/AudioSystem(22907): onNewService: media.audio_policy service obtained 0xb400007275bfb300
04-16 15:30:32.324 D/AudioSystem(22907): getService: checking for service media.audio_policy: 0xb400007275bfb300
04-16 15:30:32.325 D/NativePermissionController( 1491): checkPermission: missing 13 for 10975
04-16 15:30:32.326 D/NativePermissionController( 1491): checkPermission: missing 13 for 10975
04-16 15:30:32.331 D/NativePermissionController( 1491): checkPermission: missing 13 for 10975
04-16 15:30:32.332 D/NativePermissionController( 1491): checkPermission: missing 13 for 10975
04-16 15:30:32.334 D/AudioManagerExtImpl(22907): mLastUnFakeScoUid 10975 mFakeScoUid -1
04-16 15:30:32.341 D/FLTFireContextHolder(22907): received application context.
04-16 15:30:32.351 D/NotificationCenter(10825): NotificationCenterService-->onDestroy: 
04-16 15:30:32.361 I/eara_io@eval( 1773): [eara_io_eval] wl 100 , top 99 , req_r 3 , req_w 299 , readsz_mb 0 , writesz_mb 97
04-16 15:30:32.361 I/eara_io@boost( 1773): [eara_io_boost] notify: boost=1
04-16 15:30:32.361 I/om.adda247.gold(22907): AssetManager2(0xb400007275b7c828) locale list changing from [] to [en-IN]
04-16 15:30:32.362 I/[UAH_CLIENT]( 1414): UahPlatformResAcquire
04-16 15:30:32.363 I/[UAH_CLIENT]( 1414): UahEventAcquire, cmdid:-3, pkg:1773 23086, identity:mtk-powerd
04-16 15:30:32.363 I/TextToSpeech(22907): Sucessfully bound to com.google.android.tts
04-16 15:30:32.363 D/TextToSpeechManagerPerUserService( 2246): Trying to start connection to TTS engine: com.google.android.tts
04-16 15:30:32.366 D/ActivityManager( 2246): reportOneUidFrozenStateChanged uid 10146 frozen = false
04-16 15:30:32.367 D/ActivityManager( 2246): sync unfroze 18889 com.google.android.tts for 6
04-16 15:30:32.368 E/OplusDexOptimizeManager( 2246): Start app fature is off
04-16 15:30:32.371 W/OplusExSystemServiceHelper(18889): checkOplusExSystemService intent getComponent is null
04-16 15:30:32.371 I/egip    ( 6661): (REDACTED) appOpsListener %s %s
04-16 15:30:32.372 I/egip    ( 6661): (REDACTED) Ignoring irrelevant audio permission changes for package %s
04-16 15:30:32.373 I/GoogleTtsServicePeer(18889): Creating Google TTS service, version googletts.google-speech-apk_20260316.02_p0.884694279
04-16 15:30:32.373 I/ExoPlayerImpl(18889): Init 99f7a69 [AndroidXMedia3/1.10.0-rc02] [RE6070L1, RMX3951, realme, 36]
04-16 15:30:32.373 V/MoEngage(22907): MoEFlutter_MoEngageFlutterPlugin onAttachedToEngine() : Registering MoEngageFlutterPlugin
04-16 15:30:32.374 V/MoEngage(22907): MoEFlutter_MoEngageFlutterPlugin initPlugin(): Initializing MoEngage Flutter Plugin
04-16 15:30:32.375 V/MoEngage(22907): MoEFlutter_MoEngageFlutterPlugin onAttachedToActivity() : Attached To Activity
04-16 15:30:32.375 V/MoEngage(22907): MoEFlutter_MoEngageFlutterPlugin initPlugin(): Initializing MoEngage Flutter Plugin
04-16 15:30:32.382 I/ExoPlayerImpl(18889): Init 6694cee [AndroidXMedia3/1.10.0-rc02] [RE6070L1, RMX3951, realme, 36]
04-16 15:30:32.384 I/VoiceDataManager(18889): checkData: Refreshing list of all available voices...
04-16 15:30:32.404 I/VoiceDataDownloader(18889): getAvailableVoicesInfo en-us
04-16 15:30:32.406 I/SurfaceFactory(22907): [static] sSurfaceFactory = com.mediatek.view.impl.SurfaceFactoryImpl@473d7f6
04-16 15:30:32.410 I/VoiceDataDownloader(18889): getAvailableVoicesInfo en-in
04-16 15:30:32.410 I/VoiceDataDownloader(18889): getAvailableVoicesInfo en-au
04-16 15:30:32.410 I/VoiceDataDownloader(18889): getAvailableVoicesInfo en-gb
04-16 15:30:32.411 I/VoiceGenerator(18889): Cache cleared
04-16 15:30:32.411 I/VoiceDataManager(18889): Calling onVoicesDataChange: updated voices
04-16 15:30:32.411 I/VoiceDataManager(18889): Calling onVoicesDataChange: updated voices
04-16 15:30:32.411 I/VoiceDataManager(18889): Calling onVoicesDataChange: updated voices
04-16 15:30:32.411 I/VoiceDataManager(18889): Calling onVoicesDataChange: updated voices
04-16 15:30:32.413 D/OplusInputMethodUtil(22907): init sDebug to false, init sDebugIme to false, init sAlwaysOn to false
04-16 15:30:32.413 D/OplusInputMethodUtil(22907): updateDebugToClass InputMethodManager.DEBUG = false
04-16 15:30:32.413 D/OplusInputMethodUtil(22907): updateDebugToClass ImeFocusController.DEBUG = false
04-16 15:30:32.413 D/OplusInputMethodUtil(22907): updateDebugToClass OnBackInvokedDispatcher.DEBUG = false
04-16 15:30:32.413 D/OplusInputMethodUtil(22907): updateDebugToClass InsetsController.DEBUG = false
04-16 15:30:32.413 D/OplusInputMethodUtil(22907): updateDebugToClass BaseInputConnection.DEBUG = false
04-16 15:30:32.437 I/om.adda247.gold(22907): hiddenapi: Accessing hidden method Landroid/view/accessibility/AccessibilityNodeInfo;->getSourceNodeId()J (runtime_flags=0, domain=platform, api=unsupported,test-api) from Lio/flutter/view/AccessibilityViewEmbedder$ReflectionAccessors; (domain=app, TargetSdkVersion=36) using reflection: allowed
04-16 15:30:32.437 I/om.adda247.gold(22907): hiddenapi: Accessing hidden method Landroid/view/accessibility/AccessibilityRecord;->getSourceNodeId()J (runtime_flags=0, domain=platform, api=unsupported) from Lio/flutter/view/AccessibilityViewEmbedder$ReflectionAccessors; (domain=app, TargetSdkVersion=36) using reflection: allowed
04-16 15:30:32.437 I/om.adda247.gold(22907): hiddenapi: Accessing hidden field Landroid/view/accessibility/AccessibilityNodeInfo;->mChildNodeIds:Landroid/util/LongArray; (runtime_flags=0, domain=platform, api=unsupported) from Lio/flutter/view/AccessibilityViewEmbedder$ReflectionAccessors; (domain=app, TargetSdkVersion=36) using reflection: allowed
04-16 15:30:32.437 I/om.adda247.gold(22907): hiddenapi: Accessing hidden method Landroid/util/LongArray;->get(I)J (runtime_flags=0, domain=platform, api=unsupported) from Lio/flutter/view/AccessibilityViewEmbedder$ReflectionAccessors; (domain=app, TargetSdkVersion=36) using reflection: allowed
04-16 15:30:32.438 D/LifecycleServiceBinder(22907): Binding service to application.
04-16 15:30:32.439 E/OplusDexOptimizeManager( 2246): Start app fature is off
04-16 15:30:32.461 I/eara_io@eval( 1773): [eara_io_eval] wl 14 , top 5 , req_r 0 , req_w 62 , readsz_mb 0 , writesz_mb 0
04-16 15:30:32.462 I/[UAH_CLIENT]( 1414): UahRelease, handle:-1
04-16 15:30:32.462 I/[UAH_CLIENT]( 1414): UahPlatformResAcquire
04-16 15:30:32.462 I/[UAH_CLIENT]( 1414): UahEventAcquire, cmdid:-3, pkg:1773 23086, identity:mtk-powerd
04-16 15:30:32.473 V/MoEngage(22907): Core_LifecycleManager onAppForeground() : Application in foreground.
04-16 15:30:32.473 V/MoEngage(22907): Core_LifecycleManager onAppForeground() : Executing App foreground task
04-16 15:30:32.473 V/MoEngage(22907): Core_ReportsManager onAppOpen() : 
04-16 15:30:32.474 V/MoEngage(22907): Core_ReportsManager setupForegroundPeriodicFlush() : 
04-16 15:30:32.474 V/MoEngage(22907): Core_DataUtils getPeriodicSyncInterval() : Sync Interval: 60
04-16 15:30:32.474 V/MoEngage(22907): Core_ReportsManager setupForegroundPeriodicFlush() : Scheduling sync, time: 60
04-16 15:30:32.474 D/ActivityThread(22907): ComponentInfo{com.adda247.gold/com.adda247.gold.MainActivity} checkFinished=false 2
04-16 15:30:32.475 D/ResourcesManagerExtImpl(22907): applyConfigurationToAppResourcesLocked app.getDisplayId() return callback.displayId:0
04-16 15:30:32.475 V/MoEngage(22907): Core_SyncHandler scheduleAppCloseSync() : Sync Type - SYNC_TYPE_APP_BACKGROUND_FALLBACK_SYNC
04-16 15:30:32.475 V/MoEngage(22907): Core_SyncHandler scheduleDataSending() : Sync Meta SyncMeta(syncInterval=1200, syncType=SYNC_TYPE_APP_BACKGROUND_FALLBACK_SYNC, triggerPoint=APP_BACKGROUND_FALLBACK, extras={})
04-16 15:30:32.485 D/SessionLifecycleClient(22907): Queued message 1. Queue size 1
04-16 15:30:32.487 V/MoEngage(22907): Core_GlobalActivityLifecycleObserver onActivityResumed(): MainActivity
04-16 15:30:32.487 V/MoEngage(22907): InApp_9.5.0_InAppModuleManager onResume() : com.adda247.gold.MainActivity
04-16 15:30:32.487 V/MoEngage(22907): InApp_9.5.0_InAppModuleManager registerActivity() : com.adda247.gold.MainActivity, fromOnResume: true
04-16 15:30:32.487 V/MoEngage(22907): InApp_9.5.0_InAppModuleManager clearIsShowInAppCalledForInstanceCache() : 
04-16 15:30:32.487 V/MoEngage(22907): InApp_9.5.0_InAppModuleManager getCurrentActivityName() : Activity Name: com.adda247.gold.MainActivity
04-16 15:30:32.488 V/AutofillClientController(22907): onActivityResumed()
04-16 15:30:32.488 V/AutofillClientController(22907): onActivityPostResumed()
04-16 15:30:32.488 V/AutofillClientController(22907): onActivityPostResumed(): Relayout fix enabled
04-16 15:30:32.488 V/AutofillClientController(22907): forResume(): Not attempting refill.
04-16 15:30:32.491 V/MoEngage(22907): Core_GlobalApplicationLifecycleHandler onResume() : 
04-16 15:30:32.492 V/MoEngage(22907): InApp_9.5.0_InAppModuleManager getCurrentActivityName() : Activity Name: com.adda247.gold.MainActivity
04-16 15:30:32.506 D/ExtensionsLoader(22907): createInstance(64bit) : createExtendedFactory
04-16 15:30:32.506 W/UserAwareMgr( 2246): process owner is not matched: 10, threadName: HwUiTask, pid: 22907,tid=23110,owner=fg1
04-16 15:30:32.506 W/UserAwareMgr( 2246): process owner is not matched: 10, threadName: HwUiTask, pid: 22907,tid=23111,owner=fg1
04-16 15:30:32.507 D/WindowManager(22907): Add to mViews: com.android.internal.policy.DecorView{bad7c42 I.E...... R.....ID 0,0-0,0 alpha=1.0 viewInfo = }[MainActivity],pkg= com.adda247.gold
04-16 15:30:32.507 D/ExtensionsLoader(22907): Opened libSchedAssistExtImpl.so
04-16 15:30:32.509 W/HWUI    (22907): Unknown dataspace 0
04-16 15:30:32.509 D/ExtensionsLoader(22907): createInstance(64bit) : createExtendedFactory
04-16 15:30:32.512 V/MoEngage(22907): FCM_8.1.0_TokenRegistrationHandler registerForPush() : Will try to register for push
04-16 15:30:32.513 I/PowerHalWrapper(22907): PowerHalWrapper.getInstance 
04-16 15:30:32.516 D/ExtensionsLoader(22907): Opened libhwuiextimpl.so
04-16 15:30:32.517 D/skia    (22907): setRusSupported enable 0
04-16 15:30:32.519 W/UserAwareMgr( 2246): process owner is not matched: 10, threadName: RenderThread, pid: 22907,tid=23034,owner=fg1
04-16 15:30:32.523 V/MoEngage(22907): InApp_9.5.0_InAppModuleManager setupOnAppForeground() : Will setup module if needed.
04-16 15:30:32.523 V/MoEngage(22907): InApp_9.5.0_InAppModuleManager setupOnAppForeground() : Starting setup for InApp module
04-16 15:30:32.523 V/MoEngage(22907): FCM_8.1.0_FcmModuleManager setupOnAppForeground() : Starting setup for FCM module
04-16 15:30:32.523 V/MoEngage(22907): Core_LifecycleManager onAppForeground() : Executed App foreground task
04-16 15:30:32.524 D/WM-SystemJobScheduler(22907): Scheduling work ID 13756e90-46e3-4262-8d54-5923cf4a2289Job ID 0
04-16 15:30:32.530 I/WindowManager( 2246): addWindow: New client android.os.BinderProxy@54217b5 : window=Window{b5b6e4a u0 com.adda247.gold/com.adda247.gold.MainActivity}
04-16 15:30:32.533 D/ViewRootImplExtImpl(22907): onDisplayChanged -1 for VRI android.view.ViewRootImpl@d0fb997
04-16 15:30:32.534 W/PackageManager( 2246): package com.adda247.gold uid 10975 pid 22907 call SetEnabledSetting(com.adda247.gold component = androidx.work.impl.background.systemalarm.RescheduleReceiver, 1, 0)
04-16 15:30:32.548 I/NearbyDiscovery(22774): (REDACTED) [trigger-id=Scan33C2CA6E] FastPairCache: First time advertise data with bloom filter, %s, %s, %s
04-16 15:30:32.548 I/NearbyDiscovery(22774): (REDACTED) BloomFilterAdvManager: Detected bloom filter but too far away, ignoring. %sm, %s
04-16 15:30:32.549 D/WM-PackageManagerHelper(22907): androidx.work.impl.background.systemalarm.RescheduleReceiver enabled
04-16 15:30:32.554 I/TaskOrganizerController( 2246): onTaskInfoChanged taskid 8775 config { mBounds=Rect(0, 0 - 1080, 2400) mAppBounds=Rect(0, 0 - 1080, 2400) mMaxBounds=Rect(0, 0 - 1080, 2400) mDisplayRotation=ROTATION_0 mWindowingMode=fullscreen mActivityType=standard mAlwaysOnTop=undefined mRotation=ROTATION_0}
04-16 15:30:32.556 D/OplusFlexibleDragToSplitAnimController( 2246): visibleFlexibleTaskInfos delete:8775
04-16 15:30:32.556 E/FlexibleWindowManagerService( 2246): notifyTaskObserverToAttachController not need to notify!
04-16 15:30:32.556 I/FlexibleWindowManagerService( 2246): onFlexibleWindowTaskInfoChanged, return for cur task not embedded
04-16 15:30:32.557 D/ShellTaskOrganizerExt( 2818): visibleFlexibleTaskInfos delete:8775
04-16 15:30:32.557 D/ShellTaskOrganizerExt( 2818): isOnCanvas size:0
04-16 15:30:32.557 D/ShellTaskOrganizerExt( 2818): isOnThreeFlexibleCanvas size:0
04-16 15:30:32.561 I/eara_io@eval( 1773): [eara_io_eval] wl 4 , top 100 , req_r 5 , req_w 9 , readsz_mb 0 , writesz_mb 0
04-16 15:30:32.562 I/[UAH_CLIENT]( 1414): UahRelease, handle:-1
04-16 15:30:32.562 I/[UAH_CLIENT]( 1414): UahPlatformResAcquire
04-16 15:30:32.562 I/[UAH_CLIENT]( 1414): UahEventAcquire, cmdid:-3, pkg:1773 23086, identity:mtk-powerd
04-16 15:30:32.661 I/eara_io@eval( 1773): [eara_io_eval] wl 2 , top 66 , req_r 0 , req_w 6 , readsz_mb 0 , writesz_mb 0
04-16 15:30:32.662 I/[UAH_CLIENT]( 1414): UahRelease, handle:-1
04-16 15:30:32.662 I/[UAH_CLIENT]( 1414): UahPlatformResAcquire
04-16 15:30:32.662 I/[UAH_CLIENT]( 1414): UahEventAcquire, cmdid:-3, pkg:1773 23086, identity:mtk-powerd
04-16 15:30:32.715 D/ScorerUtils( 2246): isLowTraffic: txTputKBps=4, rxTputKBps=14
04-16 15:30:32.717 D/OplusWifiPower_TriggerCenter( 2246): mComponentCallback: wifistat
04-16 15:30:32.718 D/ResourcesManagerExtImpl(22907): applyConfigurationToAppResourcesLocked app.getDisplayId() return callback.displayId:0
04-16 15:30:32.719 D/WM-RescheduleReceiver(22907): Received intent Intent { act=android.intent.action.BOOT_COMPLETED flg=0x9000030 pkg=com.adda247.gold cmp=com.adda247.gold/androidx.work.impl.background.systemalarm.RescheduleReceiver (has extras) }
04-16 15:30:32.720 I/BroadcastQueue( 2246): BOOT_COMPLETED_BROADCAST_COMPLETION_LATENCY_REPORTED action:android.intent.action.BOOT_COMPLETED dispatchLatency:7 completeLatency:2955 dispatchRealLatency:7 completeRealLatency:2954 receiversSize:1 userId:0 userType:android.os.usertype.full.SYSTEM
04-16 15:30:32.724 I/Choreographer(22907): Skipped 118 frames!  The application may be doing too much work on its main thread.
04-16 15:30:32.726 E/OplusBracketLog(22907): [OplusViewMirrorManager] updateHostViewRootIfNeeded, not support android.view.ViewRootImpl@d0fb997
04-16 15:30:32.731 I/WindowExtensionsImpl(22907): Initializing Window Extensions, vendor API level=9, activity embedding enabled=true
04-16 15:30:32.743 I/SurfaceView(22907): 254428303 onAttachedToWindow
04-16 15:30:32.743 I/LocalSynthesizer(18889): Attempting to load synthesizer for voice: en-in-x-enc-seanet-embedded
04-16 15:30:32.743 I/LocalSynthesizer(18889): Voice en-in-x-enc-seanet-embedded is not supported by any existing synthesizers.
04-16 15:30:32.743 D/vendor.oplus.hardware.charger-V9-service( 1454): ret_value:140, read content:,333,321,4462,4443,-258,1500,2200,100,100,1,6,-1,4929,100,1,1048704,1,1,0,0,4465,0,0,0,0,0,0,0,-2740,0,4,1,0,0,40,40,40,0,0,0,0,0,0,0,0,0,0
04-16 15:30:32.743 I/ComposerWrapperImpl(18889): Initializing new monolithic pipeline. New voice: en-in-x-enc-seanet-embedded
04-16 15:30:32.743 I/PipelineReaderImpl(18889): Initializing monolithic pipeline from disk: /data/user_de/0/com.google.android.tts/files/superpacks/en-in/en-in-x-multi-seanet-r65/pipeline.pb
04-16 15:30:32.743 D/vendor.oplus.hardware.charger-V9-service( 1454): gmtime: 2026-04-16-15-30-32
04-16 15:30:32.745 I/native  (18889): I0000 00:00:1776333632.745078   18889 android_resource_loader.cc:109] Loading resources for en_in_x_embedded_havoc/16720205611605732671
04-16 15:30:32.745 I/native  (18889): I0000 00:00:1776333632.745232   18889 data_source.cc:95] Opening data source "/data/user_de/0/com.google.android.tts/files/superpacks/en-in/en-in-x-multi-seanet-r65/../en-in-x-multi-r65/burdock_frame_config.pb" (as: FILE) ...
04-16 15:30:32.745 I/native  (18889): I0000 00:00:1776333632.745293   18889 data_source.cc:99] ... Opened data source "/data/user_de/0/com.google.android.tts/files/superpacks/en-in/en-in-x-multi-seanet-r65/../en-in-x-multi-r65/burdock_frame_config.pb" of size 68
04-16 15:30:32.745 I/native  (18889): I0000 00:00:1776333632.745399   18889 android_resource_loader.cc:100] Built resource acoustic_frame_config
04-16 15:30:32.745 I/native  (18889): I0000 00:00:1776333632.745416   18889 android_resource_loader.cc:116] Loaded resource:acoustic_frame_config
04-16 15:30:32.745 I/native  (18889): I0000 00:00:1776333632.745440   18889 data_source.cc:95] Opening data source "/data/user_de/0/com.google.android.tts/files/superpacks/en-in/en-in-x-multi-seanet-r65/../en-in-x-multi-r65/affixes_en_in_android.far" (as: FILE) ...
04-16 15:30:32.745 I/native  (18889): I0000 00:00:1776333632.745480   18889 data_source.cc:99] ... Opened data source "/data/user_de/0/com.google.android.tts/files/superpacks/en-in/en-in-x-multi-seanet-r65/../en-in-x-multi-r65/affixes_en_in_android.far" of size 52398
04-16 15:30:32.745 D/vendor.oplus.hardware.charger-V9-service( 1454): usb_online:1, ac_online:0, wireless_online:-2147483648
04-16 15:30:32.746 I/native  (18889): I0000 00:00:1776333632.746557   18889 android_resource_loader.cc:100] Built resource affix_word_splitter_grm
04-16 15:30:32.746 I/native  (18889): I0000 00:00:1776333632.746614   18889 android_resource_loader.cc:116] Loaded resource:affix_word_splitter_grm
04-16 15:30:32.746 I/native  (18889): I0000 00:00:1776333632.746644   18889 data_source.cc:95] Opening data source "/data/user_de/0/com.google.android.tts/files/superpacks/en-in/en-in-x-multi-seanet-r65/../en-in-x-multi-r65/affixes_params_en_in.pb" (as: FILE) ...
04-16 15:30:32.746 I/native  (18889): I0000 00:00:1776333632.746698   18889 data_source.cc:99] ... Opened data source "/data/user_de/0/com.google.android.tts/files/superpacks/en-in/en-in-x-multi-seanet-r65/../en-in-x-multi-r65/affixes_params_en_in.pb" of size 410
04-16 15:30:32.746 I/native  (18889): I0000 00:00:1776333632.746777   18889 affix_word_splitter_data.cc:33] Ambiguous affix entries for spelling ['s] -- their grammars should disambiguate them.
04-16 15:30:32.746 I/native  (18889): I0000 00:00:1776333632.746795   18889 affix_word_splitter_data.cc:33] Ambiguous affix entries for spelling ['s] -- their grammars should disambiguate them.
04-16 15:30:32.746 I/native  (18889): I0000 00:00:1776333632.746807   18889 affix_word_splitter_data.cc:33] Ambiguous affix entries for spelling ['s] -- their grammars should disambiguate them.
04-16 15:30:32.746 I/native  (18889): I0000 00:00:1776333632.746821   18889 affix_word_splitter_data.cc:33] Ambiguous affix entries for spelling [s] -- their grammars should disambiguate them.
04-16 15:30:32.746 I/native  (18889): I0000 00:00:1776333632.746832   18889 affix_word_splitter_data.cc:33] Ambiguous affix entries for spelling [s] -- their grammars should disambiguate them.
04-16 15:30:32.746 I/native  (18889): I0000 00:00:1776333632.746843   18889 affix_word_splitter_data.cc:33] Ambiguous affix entries for spelling [s] -- their grammars should disambiguate them.
04-16 15:30:32.746 I/native  (18889): I0000 00:00:1776333632.746859   18889 affix_word_splitter_data.cc:33] Ambiguous affix entries for spelling [ed] -- their grammars should disambiguate them.
04-16 15:30:32.746 D/OplusPredictiveBackController(22907): should not HookOnBackInvokedCallbackEnabled for application com.adda247.gold.MainActivity@4a9dd93 hasOnBackInvokedCallBackEnabled
04-16 15:30:32.746 I/native  (18889): I0000 00:00:1776333632.746882   18889 affix_word_splitter_data.cc:33] Ambiguous affix entries for spelling [ed] -- their grammars should disambiguate them.
04-16 15:30:32.746 D/WindowOnBackDispatcher(22907):  predictive settings is disabled for com.adda247.gold
04-16 15:30:32.746 I/native  (18889): I0000 00:00:1776333632.746898   18889 affix_word_splitter_data.cc:33] Ambiguous affix entries for spelling [ed] -- their grammars should disambiguate them.
04-16 15:30:32.746 I/native  (18889): I0000 00:00:1776333632.746914   18889 affix_word_splitter_data.cc:89] Loaded affixes in [/data/user_de/0/com.google.android.tts/files/superpacks/en-in/en-in-x-multi-seanet-r65/../en-in-x-multi-r65/affixes_params_en_in.pb].
04-16 15:30:32.746 I/native  (18889): I0000 00:00:1776333632.746946   18889 android_resource_loader.cc:100] Built resource affix_word_splitter
04-16 15:30:32.746 I/native  (18889): I0000 00:00:1776333632.746960   18889 android_resource_loader.cc:116] Loaded resource:affix_word_splitter
04-16 15:30:32.746 D/OplusPredictiveBackController(22907): should not HookOnBackInvokedCallbackEnabled for application com.adda247.gold.MainActivity@4a9dd93 hasOnBackInvokedCallBackEnabled
04-16 15:30:32.746 I/native  (18889): I0000 00:00:1776333632.746984   18889 data_source.cc:95] Opening data source "/data/user_de/0/com.google.android.tts/files/superpacks/en-in/en-in-x-multi-seanet-r65/../en-in-x-multi-r65/roman_numeral_android.far" (as: FILE) ...
04-16 15:30:32.746 D/WindowOnBackDispatcher(22907):  predictive settings is disabled for com.adda247.gold
04-16 15:30:32.747 I/native  (18889): I0000 00:00:1776333632.747033   18889 data_source.cc:99] ... Opened data source "/data/user_de/0/com.google.android.tts/files/superpacks/en-in/en-in-x-multi-seanet-r65/../en-in-x-multi-r65/roman_numeral_android.far" of size 5112
04-16 15:30:32.747 I/native  (18889): I0000 00:00:1776333632.747359   18889 android_resource_loader.cc:100] Built resource classify_roman_numerals_grm_fst
04-16 15:30:32.747 I/native  (18889): I0000 00:00:1776333632.747388   18889 android_resource_loader.cc:116] Loaded resource:classify_roman_numerals_grm_fst
04-16 15:30:32.747 I/native  (18889): I0000 00:00:1776333632.747410   18889 data_source.cc:95] Opening data source "/data/user_de/0/com.google.android.tts/files/superpacks/en-in/en-in-x-multi-seanet-r65/../en-in-x-multi-r65/en_in_pronounce.far" (as: FILE) ...
04-16 15:30:32.747 I/native  (18889): I0000 00:00:1776333632.747455   18889 data_source.cc:99] ... Opened data source "/data/user_de/0/com.google.android.tts/files/superpacks/en-in/en-in-x-multi-seanet-r65/../en-in-x-multi-r65/en_in_pronounce.far" of size 5040
04-16 15:30:32.747 I/native  (18889): I0000 00:00:1776333632.747612   18889 android_resource_loader.cc:100] Built resource compound_pronounce_grm_fst
04-16 15:30:32.747 I/native  (18889): I0000 00:00:1776333632.747633   18889 android_resource_loader.cc:116] Loaded resource:compound_pronounce_grm_fst
04-16 15:30:32.747 I/native  (18889): I0000 00:00:1776333632.747658   18889 data_source.cc:95] Opening data source "/data/user_de/0/com.google.android.tts/files/superpacks/en-in/en-in-x-multi-seanet-r65/../en-in-x-multi-r65/disambiguation_rules_en_in.pb" (as: FILE) ...
04-16 15:30:32.747 I/native  (18889): I0000 00:00:1776333632.747700   18889 data_source.cc:99] ... Opened data source "/data/user_de/0/com.google.android.tts/files/superpacks/en-in/en-in-x-multi-seanet-r65/../en-in-x-multi-r65/disambiguation_rules_en_in.pb" of size 81556
04-16 15:30:32.748 D/CoreBackPreview( 2246): Window{b5b6e4a u0 com.adda247.gold/com.adda247.gold.MainActivity}: Setting back callback OnBackInvokedCallbackInfo{mCallback=android.window.IOnBackInvokedCallback$Stub$Proxy@3e95825, mPriority=0, mIsAnimationCallback=false, mOverrideBehavior=0}
04-16 15:30:32.748 D/ViewRootImplExtImpl(22907): wrapConfigInfoIntoFlags rotation=0, smallestScreenWidthDp=0, residentWS=false, scenario=0, bounds=Rect(0, 0 - 1080, 2400), relayoutAsync=false, flags=0, newFlags=1258291200, title=com.adda247.gold/com.adda247.gold.MainActivity
04-16 15:30:32.749 V/WindowManager( 2246): Relayout Window{b5b6e4a u0 com.adda247.gold/com.adda247.gold.MainActivity}: viewVisibility=0, oldvis=4, req=1080x2400 , apr = 0, vsysui=LAYOUT_STABLE LAYOUT_FULLSCREEN, x=0, y=0
04-16 15:30:32.750 I/WindowManager( 2246): Window{b5b6e4a u0 com.adda247.gold/com.adda247.gold.MainActivity} state from NO_SURFACE to DRAW_PENDING; reason: resetDrawState
04-16 15:30:32.754 I/native  (18889): I0000 00:00:1776333632.754276   18889 android_resource_loader.cc:100] Built resource disambiguation_rules
04-16 15:30:32.754 I/native  (18889): I0000 00:00:1776333632.754344   18889 android_resource_loader.cc:116] Loaded resource:disambiguation_rules
04-16 15:30:32.754 I/native  (18889): I0000 00:00:1776333632.754377   18889 data_source.cc:95] Opening data source "/data/user_de/0/com.google.android.tts/files/superpacks/en-in/en-in-x-multi-seanet-r65/../en-in-x-multi-r65/disambiguation_rules_hi_in.pb" (as: FILE) ...
04-16 15:30:32.754 I/native  (18889): I0000 00:00:1776333632.754432   18889 data_source.cc:99] ... Opened data source "/data/user_de/0/com.google.android.tts/files/superpacks/en-in/en-in-x-multi-seanet-r65/../en-in-x-multi-r65/disambiguation_rules_hi_in.pb" of size 580
04-16 15:30:32.754 I/native  (18889): I0000 00:00:1776333632.754572   18889 android_resource_loader.cc:100] Built resource disambiguation_rules_hi_in
04-16 15:30:32.754 I/native  (18889): I0000 00:00:1776333632.754591   18889 android_resource_loader.cc:116] Loaded resource:disambiguation_rules_hi_in
04-16 15:30:32.754 I/native  (18889): I0000 00:00:1776333632.754616   18889 data_source.cc:95] Opening data source "/data/user_de/0/com.google.android.tts/files/superpacks/en-in/en-in-x-multi-seanet-r65/engine_config_en_in_x_embedded_havoc.pb" (as: FILE) ...
04-16 15:30:32.754 I/native  (18889): I0000 00:00:1776333632.754659   18889 data_source.cc:99] ... Opened data source "/data/user_de/0/com.google.android.tts/files/superpacks/en-in/en-in-x-multi-seanet-r65/engine_config_en_in_x_embedded_havoc.pb" of size 54
04-16 15:30:32.754 I/native  (18889): I0000 00:00:1776333632.754716   18889 android_resource_loader.cc:100] Built resource engine_config
04-16 15:30:32.754 I/native  (18889): I0000 00:00:1776333632.754731   18889 android_resource_loader.cc:116] Loaded resource:engine_config
04-16 15:30:32.754 I/native  (18889): I0000 00:00:1776333632.754755   18889 android_resource_loader.cc:100] Built resource guided_synthesis
04-16 15:30:32.754 I/native  (18889): I0000 00:00:1776333632.754769   18889 android_resource_loader.cc:116] Loaded resource:guided_synthesis
04-16 15:30:32.754 I/native  (18889): I0000 00:00:1776333632.754788   18889 data_source.cc:95] Opening data source "/data/user_de/0/com.google.android.tts/files/superpacks/en-in/en-in-x-multi-seanet-r65/../en-in-x-multi-r65/mapping_grammar_en.far" (as: FILE) ...
04-16 15:30:32.754 I/native  (18889): I0000 00:00:1776333632.754819   18889 data_source.cc:99] ... Opened data source "/data/user_de/0/com.google.android.tts/files/superpacks/en-in/en-in-x-multi-seanet-r65/../en-in-x-multi-r65/mapping_grammar_en.far" of size 863
04-16 15:30:32.754 I/native  (18889): I0000 00:00:1776333632.754966   18889 android_resource_loader.cc:100] Built resource homograph_mapping_grammar
04-16 15:30:32.754 I/native  (18889): I0000 00:00:1776333632.754985   18889 android_resource_loader.cc:116] Loaded resource:homograph_mapping_grammar
04-16 15:30:32.755 I/native  (18889): I0000 00:00:1776333632.755007   18889 data_source.cc:95] Opening data source "/data/user_de/0/com.google.android.tts/files/superpacks/en-in/en-in-x-multi-seanet-r65/../en-in-x-multi-r65/lettuce_model.fb" (as: MEMORY) ...
04-16 15:30:32.755 I/native  (18889): I0000 00:00:1776333632.755063   18889 data_source.cc:99] ... Opened data source "/data/user_de/0/com.google.android.tts/files/superpacks/en-in/en-in-x-multi-seanet-r65/../en-in-x-multi-r65/lettuce_model.fb" of size 1851008
04-16 15:30:32.755 I/native  (18889): I0000 00:00:1776333632.755234   18889 android_resource_loader.cc:100] Built resource lettuce_model_resource
04-16 15:30:32.755 I/native  (18889): I0000 00:00:1776333632.755256   18889 android_resource_loader.cc:116] Loaded resource:lettuce_model_resource
04-16 15:30:32.755 I/native  (18889): I0000 00:00:1776333632.755280   18889 android_resource_loader.cc:100] Built resource lettuce_model_scorer
04-16 15:30:32.755 I/native  (18889): I0000 00:00:1776333632.755293   18889 android_resource_loader.cc:116] Loaded resource:lettuce_model_scorer
04-16 15:30:32.755 I/native  (18889): I0000 00:00:1776333632.755313   18889 data_source.cc:95] Opening data source "/data/user_de/0/com.google.android.tts/files/superpacks/en-in/en-in-x-multi-seanet-r65/../en-in-x-multi-r65/lettuce_classify_embedded_in_generated_android.far" (as: FILE) ...
04-16 15:30:32.755 I/native  (18889): I0000 00:00:1776333632.755351   18889 data_source.cc:99] ... Opened data source "/data/user_de/0/com.google.android.tts/files/superpacks/en-in/en-in-x-multi-seanet-r65/../en-in-x-multi-r65/lettuce_classify_embedded_in_generated_android.far" of size 5989185
04-16 15:30:32.757 D/WindowManager( 2246): NFW_findFocusedWindowIfNeeded:Window{b5b6e4a u0 com.adda247.gold/com.adda247.gold.MainActivity} mCurrentFocus:null
04-16 15:30:32.758 V/WindowManager( 2246): Changing focus from null to Window{b5b6e4a u0 com.adda247.gold/com.adda247.gold.MainActivity},diplayid=0
04-16 15:30:32.759 D/WindowManager( 2246): setFrameRateStart invalid typeId return!
04-16 15:30:32.761 D/WindowManager( 2246): setFrameRateStart invalid typeId return!
04-16 15:30:32.762 D/Theia.NoFocusWindow( 2246): FocusWindowErrorScene cancelCheckFreezeScreen
04-16 15:30:32.762 W/TheiaWindowMonitor( 2246): [check] focusedWindow is null or enable is false
04-16 15:30:32.764 I/AccessibilityWindowsPopulator( 2246): getInsensibleFlag flag = 0
04-16 15:30:32.765 I/eara_io@eval( 1773): [eara_io_eval] wl 0 , top 0 , req_r 0 , req_w 0 , readsz_mb 0 , writesz_mb 0
04-16 15:30:32.765 D/VRI[MainActivity](22907): relayoutWindow result, sizeChanged:true, surfaceControlChanged:true, transformHintChanged:false, mSurfaceSize:Point(1080, 2400), mLastSurfaceSize:Point(0, 0), mWidth:-1, mHeight:-1, requestedWidth:1080, requestedHeight:2400, transformHint:0, installOrientation:0, displayRotation:0, isSurfaceValid:true, attr.flag:-2122252032, tmpFrames:ClientWindowFrames{frame=[0,0][1080,2400] display=[0,0][1080,2400] parentFrame=[0,0][0,0]}, relayoutAsync:false, mSyncSeqId:0
04-16 15:30:32.765 W/VRI[MainActivity](22907): updateBlastSurfaceIfNeeded, surfaceSize:Point(1080, 2400), lastSurfaceSize:Point(0, 0), format:-3, blastBufferQueue:null
04-16 15:30:32.766 D/[OSIE]  ( 1532): scltmLayer_name VRI[MainActivity][com.adda247.gold/com.adda247.gold.MainActivity]
04-16 15:30:32.766 D/[OSIE]  ( 1532): IsSCLTMLayer=0 
04-16 15:30:32.766 I/[UAH_CLIENT]( 1414): UahRelease, handle:-1
04-16 15:30:32.767 I/[UAH_CLIENT]( 1414): UahPlatformResAcquire
04-16 15:30:32.767 I/[UAH_CLIENT]( 1414): UahEventAcquire, cmdid:-3, pkg:1773 23086, identity:mtk-powerd
04-16 15:30:32.767 E/om.adda247.gold(22907): [perfctl] 22907 22907 FPSGO ver:0
04-16 15:30:32.767 E/om.adda247.gold(22907): [perfctl] 0 0 0 0
04-16 15:30:32.767 D/BufferQueueConsumer(22907): [](id:597b00000000,api:0,p:-1,c:22907) connect: controlledByApp=false
04-16 15:30:32.767 D/BufferQueueConsumer(22907): [VRI[MainActivity][com.adda247.gold/com.adda247.gold.MainActivity]#0(BLAST Consumer)0](id:597b00000000,api:0,p:-1,c:22907) setMaxAcquiredBufferCount: 3
04-16 15:30:32.770 D/SurfaceComposerClient( 2246): Transaction::apply InputWindowCommands.focusRequests timestamp=50627898299247, windowName=b5b6e4a com.adda247.gold/com.adda247.gold.MainActivity
04-16 15:30:32.771 D/HWUI    (22907): createSurface new attribs array
04-16 15:30:32.772 D/libEGL  (22907): this is from skia gles
04-16 15:30:32.781 I/SurfaceFlinger( 1532): [SF client] NEW(0xb40000758c8fb620) for (22907:com.adda247.gold)
04-16 15:30:32.781 I/AccessibilityWindowsPopulator( 2246): getInsensibleFlag flag = 0
04-16 15:30:32.786 D/SurfaceView(22907): 254428303, SurfaceView[com.adda247.gold/com.adda247.gold.MainActivity], layerid: 10395 createBlastSurfaceControls
04-16 15:30:32.786 D/[OSIE]  ( 1532): scltmLayer_name f2a448f SurfaceView[com.adda247.gold/com.adda247.gold.MainActivity]
04-16 15:30:32.786 D/[OSIE]  ( 1532): IsSCLTMLayer=0 
04-16 15:30:32.786 D/BufferQueueConsumer(22907): [](id:597b00000001,api:0,p:-1,c:22907) connect: controlledByApp=false
04-16 15:30:32.787 D/BufferQueueConsumer(22907): [f2a448f SurfaceView[com.adda247.gold/com.adda247.gold.MainActivity]#1(BLAST Consumer)1](id:597b00000001,api:0,p:-1,c:22907) setMaxAcquiredBufferCount: 3
04-16 15:30:32.787 I/SurfaceView(22907): 254428303 visibleChanged -- surfaceCreated 
04-16 15:30:32.788 D/Surface (22907): Surface::dispatchSetGameApi
04-16 15:30:32.789 D/SurfaceFlinger( 1532): updateWinowInfo=1, setFocusedWindow timestamp=50627898299247, windowName=b5b6e4a com.adda247.gold/com.adda247.gold.MainActivity
04-16 15:30:32.789 I/InputDispatcher( 2246): NFW_setFocusedWindow, b5b6e4a com.adda247.gold/com.adda247.gold.MainActivity on display 0, same as the previous:0
04-16 15:30:32.790 I/appium  (22848): channel read: POST /session/e96e631d-be04-45b2-b12c-62c6bb41bd20/element
04-16 15:30:32.791 I/appium  (22848): FindElement command
04-16 15:30:32.792 I/appium  (22848): method: 'xpath', selector: '//android.widget.Button[@resource-id="com.android.permissioncontroller:id/permission_allow_button"]'
04-16 15:30:32.793 I/appium  (22848): Waiting up to 10000ms for the device to idle
04-16 15:30:32.797 D/Surface (22907): dispatchSetGameApi pid[22907] tid[23057] GameApi[1]
04-16 15:30:32.797 D/Surface (22907): dispatchSetGameApi res:0
04-16 15:30:32.797 D/vulkan  (22907): set game api vulkan successfully
04-16 15:30:32.798 D/BLASTBufferQueue(22907): f2a448f SurfaceView[com.adda247.gold/com.adda247.gold.MainActivity]#1 getBufferCacheFlag 0
04-16 15:30:32.798 D/BLASTBufferQueue(22907): f2a448f SurfaceView[com.adda247.gold/com.adda247.gold.MainActivity]#1 getMaxAcquireBufferCount 3
04-16 15:30:32.798 I/native  (18889): I0000 00:00:1776333632.798320   18889 android_resource_loader.cc:100] Built resource lettuce_node_generator_grm
04-16 15:30:32.798 I/native  (18889): I0000 00:00:1776333632.798376   18889 android_resource_loader.cc:116] Loaded resource:lettuce_node_generator_grm
04-16 15:30:32.798 D/BLASTBufferQueue(22907): f2a448f SurfaceView[com.adda247.gold/com.adda247.gold.MainActivity]#1 getOrignalMaxAcquireBufferCount 3
04-16 15:30:32.798 I/native  (18889): I0000 00:00:1776333632.798410   18889 data_source.cc:95] Opening data source "/data/user_de/0/com.google.android.tts/files/superpacks/en-in/en-in-x-multi-seanet-r65/../en-in-x-multi-r65/feats_android.far" (as: FILE) ...
04-16 15:30:32.798 I/native  (18889): I0000 00:00:1776333632.798475   18889 data_source.cc:99] ... Opened data source "/data/user_de/0/com.google.android.tts/files/superpacks/en-in/en-in-x-multi-seanet-r65/../en-in-x-multi-r65/feats_android.far" of size 950
04-16 15:30:32.798 I/native  (18889): I0000 00:00:1776333632.798663   18889 android_resource_loader.cc:100] Built resource lseq_classifier_grammar
04-16 15:30:32.798 I/native  (18889): I0000 00:00:1776333632.798689   18889 android_resource_loader.cc:116] Loaded resource:lseq_classifier_grammar
04-16 15:30:32.798 I/native  (18889): I0000 00:00:1776333632.798714   18889 data_source.cc:95] Opening data source "/data/user_de/0/com.google.android.tts/files/superpacks/en-in/en-in-x-multi-seanet-r65/../en-in-x-multi-r65/lucid_collection_android.far" (as: FILE) ...
04-16 15:30:32.798 I/native  (18889): I0000 00:00:1776333632.798767   18889 data_source.cc:99] ... Opened data source "/data/user_de/0/com.google.android.tts/files/superpacks/en-in/en-in-x-multi-seanet-r65/../en-in-x-multi-r65/lucid_collection_android.far" of size 306120
04-16 15:30:32.799 E/mali_gralloc(22907): ERROR: Format allocation info not found for format: 38
04-16 15:30:32.799 E/mali_gralloc(22907): ERROR: Format allocation info not found for format: 0
04-16 15:30:32.799 E/om.adda247.gold(22907): Invalid base format! req_base_format = 0x0, req_format = 0x38
04-16 15:30:32.799 E/mali_gralloc(22907): ERROR: Unrecognized and/or unsupported format 0x38 and usage 0xb00
04-16 15:30:32.799 E/mali_gralloc(22907): ERROR: Format allocation info not found for format: 3b
04-16 15:30:32.799 E/mali_gralloc(22907): ERROR: Format allocation info not found for format: 0
04-16 15:30:32.799 E/om.adda247.gold(22907): Invalid base format! req_base_format = 0x0, req_format = 0x3b
04-16 15:30:32.799 E/mali_gralloc(22907): ERROR: Unrecognized and/or unsupported format 0x3b and usage 0xb00
04-16 15:30:32.799 E/mali_gralloc(22907): ERROR: Format allocation info not found for format: 38
04-16 15:30:32.799 E/mali_gralloc(22907): ERROR: Format allocation info not found for format: 0
04-16 15:30:32.799 E/om.adda247.gold(22907): Invalid base format! req_base_format = 0x0, req_format = 0x38
04-16 15:30:32.799 E/mali_gralloc(22907): ERROR: Unrecognized and/or unsupported format 0x38 and usage 0xb00
04-16 15:30:32.799 E/mali_gralloc(22907): ERROR: Format allocation info not found for format: 3b
04-16 15:30:32.799 E/mali_gralloc(22907): ERROR: Format allocation info not found for format: 0
04-16 15:30:32.799 E/om.adda247.gold(22907): Invalid base format! req_base_format = 0x0, req_format = 0x3b
04-16 15:30:32.799 E/mali_gralloc(22907): ERROR: Unrecognized and/or unsupported format 0x3b and usage 0xb00
04-16 15:30:32.799 D/BLASTBufferQueue(22907): f2a448f SurfaceView[com.adda247.gold/com.adda247.gold.MainActivity]#1 getBufferCacheFlag 0
04-16 15:30:32.800 D/BLASTBufferQueue(22907): f2a448f SurfaceView[com.adda247.gold/com.adda247.gold.MainActivity]#1 getMaxAcquireBufferCount 3
04-16 15:30:32.800 I/native  (18889): I0000 00:00:1776333632.800306   18889 android_resource_loader.cc:100] Built resource lucid_parser_grm_fst
04-16 15:30:32.800 I/native  (18889): I0000 00:00:1776333632.800351   18889 android_resource_loader.cc:116] Loaded resource:lucid_parser_grm_fst
04-16 15:30:32.800 I/native  (18889): I0000 00:00:1776333632.800378   18889 data_source.cc:95] Opening data source "/data/user_de/0/com.google.android.tts/files/superpacks/en-in/en-in-x-multi-seanet-r65/../en-in-x-multi-r65/markup_triggers.pb" (as: FILE) ...
04-16 15:30:32.800 D/BLASTBufferQueue(22907): f2a448f SurfaceView[com.adda247.gold/com.adda247.gold.MainActivity]#1 getOrignalMaxAcquireBufferCount 3
04-16 15:30:32.800 I/native  (18889): I0000 00:00:1776333632.800430   18889 data_source.cc:99] ... Opened data source "/data/user_de/0/com.google.android.tts/files/superpacks/en-in/en-in-x-multi-seanet-r65/../en-in-x-multi-r65/markup_triggers.pb" of size 930
04-16 15:30:32.800 I/native  (18889): I0000 00:00:1776333632.800581   18889 android_resource_loader.cc:100] Built resource markup_triggers
04-16 15:30:32.800 I/native  (18889): I0000 00:00:1776333632.800618   18889 android_resource_loader.cc:116] Loaded resource:markup_triggers
04-16 15:30:32.800 I/native  (18889): I0000 00:00:1776333632.800651   18889 data_source.cc:95] Opening data source "/data/user_de/0/com.google.android.tts/files/superpacks/en-in/en-in-x-multi-seanet-r65/../en-in-x-multi-r65/morphosyntactic_mapping.pb" (as: FILE) ...
04-16 15:30:32.800 I/native  (18889): I0000 00:00:1776333632.800700   18889 data_source.cc:99] ... Opened data source "/data/user_de/0/com.google.android.tts/files/superpacks/en-in/en-in-x-multi-seanet-r65/../en-in-x-multi-r65/morphosyntactic_mapping.pb" of size 6
04-16 15:30:32.800 I/native  (18889): I0000 00:00:1776333632.800766   18889 android_resource_loader.cc:100] Built resource morph_analyzer_attribute_map
04-16 15:30:32.800 I/native  (18889): I0000 00:00:1776333632.800791   18889 android_resource_loader.cc:116] Loaded resource:morph_analyzer_attribute_map
04-16 15:30:32.800 I/native  (18889): I0000 00:00:1776333632.800832   18889 android_resource_loader.cc:100] Built resource multilingual_capabilities
04-16 15:30:32.800 I/native  (18889): I0000 00:00:1776333632.800855   18889 android_resource_loader.cc:116] Loaded resource:multilingual_capabilities
04-16 15:30:32.800 I/native  (18889): I0000 00:00:1776333632.800876   18889 data_source.cc:95] Opening data source "/data/user_de/0/com.google.android.tts/files/superpacks/en-in/en-in-x-multi-seanet-r65/../en-in-x-multi-r65/en_in_phonology.pb" (as: FILE) ...
04-16 15:30:32.800 I/native  (18889): I0000 00:00:1776333632.800919   18889 data_source.cc:99] ... Opened data source "/data/user_de/0/com.google.android.tts/files/superpacks/en-in/en-in-x-multi-seanet-r65/../en-in-x-multi-r65/en_in_phonology.pb" of size 3440
04-16 15:30:32.801 W/native  (18889): W0000 00:00:1776333632.801333   18889 phonology.cc:80] Phonemes t`, t`_h have non-distinctive features. See b/111971558.
04-16 15:30:32.801 W/native  (18889): W0000 00:00:1776333632.801369   18889 phonology.cc:80] Phonemes l, r\ have non-distinctive features. See b/111971558.
04-16 15:30:32.801 W/native  (18889): W0000 00:00:1776333632.801390   18889 phonology.cc:80] Phonemes k, k_h have non-distinctive features. See b/111971558.
04-16 15:30:32.801 W/native  (18889): W0000 00:00:1776333632.801405   18889 phonology.cc:80] Phonemes A, a:~ have non-distinctive features. See b/111971558.
04-16 15:30:32.801 W/native  (18889): W0000 00:00:1776333632.801416   18889 phonology.cc:80] Phonemes @, @~ have non-distinctive features. See b/111971558.
04-16 15:30:32.801 W/native  (18889): W0000 00:00:1776333632.801427   18889 phonology.cc:80] Phonemes g, g_h have non-distinctive features. See b/111971558.
04-16 15:30:32.801 W/native  (18889): W0000 00:00:1776333632.801437   18889 phonology.cc:80] Phonemes dZ, dZ_h have non-distinctive features. See b/111971558.
04-16 15:30:32.801 W/native  (18889): W0000 00:00:1776333632.801447   18889 phonology.cc:80] Phonemes eI, e:, e:~, e@ have non-distinctive features. See b/111971558.
04-16 15:30:32.801 W/native  (18889): W0000 00:00:1776333632.801456   18889 phonology.cc:80] Phonemes E, E:~ have non-distinctive features. See b/111971558.
04-16 15:30:32.801 W/native  (18889): W0000 00:00:1776333632.801466   18889 phonology.cc:80] Phonemes i:, I:~ have non-distinctive features. See b/111971558.
04-16 15:30:32.801 W/native  (18889): W0000 00:00:1776333632.801476   18889 phonology.cc:80] Phonemes n, n` have non-distinctive features. See b/111971558.
04-16 15:30:32.801 W/native  (18889): W0000 00:00:1776333632.801486   18889 phonology.cc:80] Phonemes t_d, t_d_h have non-distinctive features. See b/111971558.
04-16 15:30:32.801 W/native  (18889): W0000 00:00:1776333632.801496   18889 phonology.cc:80] Phonemes tS, tS_h have non-distinctive features. See b/111971558.
04-16 15:30:32.801 W/native  (18889): W0000 00:00:1776333632.801505   18889 phonology.cc:80] Phonemes d_d, d_d_h, d`_h have non-distinctive features. See b/111971558.
04-16 15:30:32.801 W/native  (18889): W0000 00:00:1776333632.801514   18889 phonology.cc:80] Phonemes u:, u:~ have non-distinctive features. See b/111971558.
04-16 15:30:32.801 W/native  (18889): W0000 00:00:1776333632.801524   18889 phonology.cc:80] Phonemes Q, O:~ have non-distinctive features. See b/111971558.
04-16 15:30:32.801 W/native  (18889): W0000 00:00:1776333632.801534   18889 phonology.cc:80] Phonemes b, b_h have non-distinctive features. See b/111971558.
04-16 15:30:32.801 I/native  (18889): I0000 00:00:1776333632.801962   18889 android_resource_loader.cc:100] Built resource phonology
04-16 15:30:32.802 I/native  (18889): I0000 00:00:1776333632.802000   18889 android_resource_loader.cc:116] Loaded resource:phonology
04-16 15:30:32.802 I/native  (18889): I0000 00:00:1776333632.802035   18889 data_source.cc:95] Opening data source "/data/user_de/0/com.google.android.tts/files/superpacks/en-in/en-in-x-multi-seanet-r65/../en-in-x-multi-r65/en_morphology" (as: FILE) ...
04-16 15:30:32.802 I/native  (18889): I0000 00:00:1776333632.802089   18889 data_source.cc:99] ... Opened data source "/data/user_de/0/com.google.android.tts/files/superpacks/en-in/en-in-x-multi-seanet-r65/../en-in-x-multi-r65/en_morphology" of size 2753822
04-16 15:30:32.804 I/native  (18889): I0000 00:00:1776333632.804912   18889 model-api.cc:46] Registered model under key morphology
04-16 15:30:32.807 I/native  (18889): I0000 00:00:1776333632.807774   18889 android_resource_loader.cc:100] Built resource analyze_morphology_saft_portable_algo
04-16 15:30:32.807 I/native  (18889): I0000 00:00:1776333632.807846   18889 android_resource_loader.cc:116] Loaded resource:analyze_morphology_saft_portable_algo
04-16 15:30:32.807 I/native  (18889): I0000 00:00:1776333632.807907   18889 data_source.cc:95] Opening data source "/data/user_de/0/com.google.android.tts/files/superpacks/en-in/en-in-x-multi-seanet-r65/../en-in-x-multi-r65/ipa_to_tts_to-en_in.far" (as: FILE) ...
