04-16 15:29:18.988 V/WindowManagerShell( 2818):  OplusTransitionExtendedInfo{mTmpFinishT=null, mInOplusCompatMode=false, mIsProcessRunning=false, mHasMismatchBoundsTarget=false, mRecentsController=null, mRemoteTransition=null, mIsTranslucentActivityToHome=false, mAvoidInterceptKeyEventToHome=false, mIsFromHome=false, mParentLeash=null, mBackAnimClosingLeash=null, mIsOplusAnimRes=false, mKeepBgForContinuous=false, mIsBalAllow=false, mTaskNotInRecent=false, mIsPredictiveBackAnim=false, mIsMergedWithPredictive=false, mIsLaunchFromSpruce=false, mIsLaunchFromDrive=false, mGlobalSearchPageSwitch=false, mNeedNoAlphaGlobalSearchScene=false, mAssistScreenShowing=false, mSwipeUpBrowserScreenShowing=false, mUserIdTransition=0
04-16 15:29:18.988 V/WindowManagerShell( 2818): , mInRemoteScene=false, mInPreReady=false, mPreStart=false, mToken=null, mAbortByRemoteFromHome=false, mShellApplyToken=null, mRequestTransitionTaskId=5, mAbortTransitionOnShell=0, mStartFromShortcut=false, mRemovedTaskId=-1, mTransitionInterruptType=0, mMergeSecondTaskId=-1, mTaskIdStartFromRecents=0, mTransitionId=812, mCanUseSpringSlideAnim=false, mTransitionLaunchFrom=0, mFoldChangeType=-1, mAnimStartingPosition=[0, 0, 0, 0], mIsOpeningStkDialogActivity=false, mIsNeedApplyStartTForEmbedded=false, mMergeSecondTaskAnimation=false, mIsLaunchUnityStart=false, mIsLaunchFromAssistantByDefault=false, mSkipRemoteTransitionfalse, mIsStartFromKeyguard=false flags=0x0, mWCT=null, mIsOpenMergeToInValidPredictive=false}]}
04-16 15:29:18.989 V/WindowManagerShell( 2818): Playing animation for (#812) android.os.BinderProxy@d284064@0
04-16 15:29:18.990 V/ShellRecents( 2818): RecentsTransitionHandler.startAnimation: no controller found
04-16 15:29:18.990 V/WindowManagerShell( 2818): start OnePuttTransition animation, info = {id=812 t=OPEN f=0x0 trk=0 r=[0@Point(0, 0)] c=[{m=TO_FRONT f=SHOW_WALLPAPER|MOVE_TO_TOP leash=Surface(name=Task=1)/@0x85afed0 sb=Rect(0, 0 - 1080, 2400) eb=Rect(0, 0 - 1080, 2400) epz=Point(1080, 2400) d=0 taskParent=-1},{m=TO_BACK f=NONE leash=Surface(name=Task=8770)/@0xd420ec9 sb=Rect(0, 0 - 1080, 2400) eb=Rect(0, 0 - 1080, 2400) epz=Point(1080, 2400) d=0 taskParent=-1},{m=TO_FRONT f=IS_WALLPAPER leash=Surface(name=WallpaperWindowToken{67beb3f showWhenLocked=false})/@0xe17b9ce sb=Rect(0, 0 - 1080, 2400) eb=Rect(0, 0 - 1080, 2400) epz=Point(1080, 2400) d=0}] 
04-16 15:29:18.990 V/WindowManagerShell( 2818): extendInfo=[
04-16 15:29:18.990 V/WindowManagerShell( 2818):  OplusTransitionExtendedInfo{mTmpFinishT=null, mInOplusCompatMode=false, mIsProcessRunning=false, mHasMismatchBoundsTarget=false, mRecentsController=null, mRemoteTransition=null, mIsTranslucentActivityToHome=false, mAvoidInterceptKeyEventToHome=false, mIsFromHome=false, mParentLeash=null, mBackAnimClosingLeash=null, mIsOplusAnimRes=false, mKeepBgForContinuous=false, mIsBalAllow=false, mTaskNotInRecent=false, mIsPredictiveBackAnim=false, mIsMergedWithPredictive=false, mIsLaunchFromSpruce=false, mIsLaunchFromDrive=false, mGlobalSearchPageSwitch=false, mNeedNoAlphaGlobalSearchScene=false, mAssistScreenShowing=false, mSwipeUpBrowserScreenShowing=false, mUserIdTransition=0
04-16 15:29:18.990 V/WindowManagerShell( 2818): , mInRemoteScene=false, mInPreReady=false, mPreStart=false, mToken=null, mAbortByRemoteFromHome=false, mShellApplyToken=null, mRequestTransitionTaskId=5, mAbortTransitionOnShell=0, mStartFromShortcut=false, mRemovedTaskId=-1, mTransitionInterruptType=0, mMergeSecondTaskId=-1, mTaskIdStartFromRecents=0, mTransitionId=812, mCanUseSpringSlideAnim=false, mTransitionLaunchFrom=0, mFoldChangeType=-1, mAnimStartingPosition=[0, 0, 0, 0], mIsOpeningStkDialogActivity=false, mIsNeedApplyStartTForEmbedded=false, mMergeSecondTaskAnimation=false, mIsLaunchUnityStart=false, mIsLaunchFromAssistantByDefault=false, mSkipRemoteTransitionfalse, mIsStartFromKeyguard=false flags=0x0, mWCT=null, mIsOpenMergeToInValidPredictive=false}]}
04-16 15:29:18.991 V/WindowManagerShell( 2818): Transition doesn't have explicit remote, search filters for match for {id=812 t=OPEN f=0x0 trk=0 r=[0@Point(0, 0)] c=[{m=TO_FRONT f=SHOW_WALLPAPER|MOVE_TO_TOP leash=Surface(name=Task=1)/@0x85afed0 sb=Rect(0, 0 - 1080, 2400) eb=Rect(0, 0 - 1080, 2400) epz=Point(1080, 2400) d=0 taskParent=-1},{m=TO_BACK f=NONE leash=Surface(name=Task=8770)/@0xd420ec9 sb=Rect(0, 0 - 1080, 2400) eb=Rect(0, 0 - 1080, 2400) epz=Point(1080, 2400) d=0 taskParent=-1},{m=TO_FRONT f=IS_WALLPAPER leash=Surface(name=WallpaperWindowToken{67beb3f showWhenLocked=false})/@0xe17b9ce sb=Rect(0, 0 - 1080, 2400) eb=Rect(0, 0 - 1080, 2400) epz=Point(1080, 2400) d=0}] 
04-16 15:29:18.991 V/WindowManagerShell( 2818): extendInfo=[
04-16 15:29:18.991 V/WindowManagerShell( 2818):  OplusTransitionExtendedInfo{mTmpFinishT=null, mInOplusCompatMode=false, mIsProcessRunning=false, mHasMismatchBoundsTarget=false, mRecentsController=null, mRemoteTransition=null, mIsTranslucentActivityToHome=false, mAvoidInterceptKeyEventToHome=false, mIsFromHome=false, mParentLeash=null, mBackAnimClosingLeash=null, mIsOplusAnimRes=false, mKeepBgForContinuous=false, mIsBalAllow=false, mTaskNotInRecent=false, mIsPredictiveBackAnim=false, mIsMergedWithPredictive=false, mIsLaunchFromSpruce=false, mIsLaunchFromDrive=false, mGlobalSearchPageSwitch=false, mNeedNoAlphaGlobalSearchScene=false, mAssistScreenShowing=false, mSwipeUpBrowserScreenShowing=false, mUserIdTransition=0
04-16 15:29:18.991 V/WindowManagerShell( 2818): , mInRemoteScene=false, mInPreReady=false, mPreStart=false, mToken=null, mAbortByRemoteFromHome=false, mShellApplyToken=null, mRequestTransitionTaskId=5, mAbortTransitionOnShell=0, mStartFromShortcut=false, mRemovedTaskId=-1, mTransitionInterruptType=0, mMergeSecondTaskId=-1, mTaskIdStartFromRecents=0, mTransitionId=812, mCanUseSpringSlideAnim=false, mTransitionLaunchFrom=0, mFoldChangeType=-1, mAnimStartingPosition=[0, 0, 0, 0], mIsOpeningStkDialogActivity=false, mIsNeedApplyStartTForEmbedded=false, mMergeSecondTaskAnimation=false, mIsLaunchUnityStart=false, mIsLaunchFromAssistantByDefault=false, mSkipRemoteTransitionfalse, mIsStartFromKeyguard=false flags=0x0, mWCT=null, mIsOpenMergeToInValidPredictive=false}]}
04-16 15:29:18.991 V/WindowManagerShell( 2818):  Checking filter Pair{{types=[] flags=0x0] notFlags=0x100 checks=[{atype=home independent=true modes=[OPEN,TO_FRONT] flags=NONE mustBeTask=false order=TOP topActivity=ComponentInfo{com.android.launcher/com.android.launcher.Launcher} launchCookie=null windowingMode=undefined},{atype=standard independent=true modes=[CLOSE,TO_BACK] flags=NONE mustBeTask=false order=ANY topActivity=null launchCookie=null windowingMode=undefined}]} RemoteTransition { remoteTransition = android.window.IRemoteTransition$Stub$Proxy@cf7a1c3, appThread = android.app.IApplicationThread$Stub$Proxy@88b7a40, debugName = QuickstepLaunchHome }}
04-16 15:29:18.991 D/RemoteTransitionHandler( 2818): Found filterPair{{types=[] flags=0x0] notFlags=0x100 checks=[{atype=home independent=true modes=[OPEN,TO_FRONT] flags=NONE mustBeTask=false order=TOP topActivity=ComponentInfo{com.android.launcher/com.android.launcher.Launcher} launchCookie=null windowingMode=undefined},{atype=standard independent=true modes=[CLOSE,TO_BACK] flags=NONE mustBeTask=false order=ANY topActivity=null launchCookie=null windowingMode=undefined}]} RemoteTransition { remoteTransition = android.window.IRemoteTransition$Stub$Proxy@cf7a1c3, appThread = android.app.IApplicationThread$Stub$Proxy@88b7a40, debugName = QuickstepLaunchHome }}
04-16 15:29:18.991 V/WindowManagerShell( 2818):  Delegate animation for (#812) to RemoteTransition { remoteTransition = android.window.IRemoteTransition$Stub$Proxy@cf7a1c3, appThread = android.app.IApplicationThread$Stub$Proxy@88b7a40, debugName = QuickstepLaunchHome }
04-16 15:29:18.994 D/ActivityThread( 3247): ComponentInfo{com.android.launcher/com.android.launcher.Launcher} checkFinished=false 2
04-16 15:29:18.994 D/ResourcesManagerExtImpl( 3247): applyConfigurationToAppResourcesLocked app.getDisplayId() return callback.displayId:0
04-16 15:29:18.997 D/TaskSnapshotCache( 2246): putSnapshot mRunningCache top= ActivityRecord{46495924 u0 com.android.settings/.SubSettings t8770}, mTaskId=8770, snapshot=TaskSnapshot{ mId=1776333558986 mCaptureTime=215220753250996 mTopActivityComponent=com.android.settings/.SubSettings mSnapshot=android.hardware.HardwareBuffer@e6f848e (756x1680) mColorSpace=sRGB IEC61966-2.1 (id=0, model=RGB) mOrientation=1 mRotation=0 mTaskSize=Point(1080, 2400) mOplusCompatMode=false mTopActivityBounds=[0,0][1080,2400] mHasDimLayer=false mContentInsets=[0,110][0,132] mLetterboxInsets=[0,0][0,0] mIsLowResolution=false mIsRealSnapshot=true mWindowingMode=1 mAppearance=0 mIsTranslucent=false mHasImeSurface=false mInternalReferences=2 mUiMode=21, mAppIdMap size= 5
04-16 15:29:18.998 D/VRI[Launcher]( 3247): relayoutWindow result, sizeChanged:false, surfaceControlChanged:false, transformHintChanged:false, mSurfaceSize:Point(1080, 2400), mLastSurfaceSize:Point(1080, 2400), mWidth:1080, mHeight:2400, requestedWidth:1080, requestedHeight:2400, transformHint:0, installOrientation:0, displayRotation:0, isSurfaceValid:true, attr.flag:-2121203456, tmpFrames:ClientWindowFrames{frame=[0,0][1080,2400] display=[0,0][1080,2400] parentFrame=[0,0][1080,2400]}, relayoutAsync:true, mSyncSeqId:0
04-16 15:29:18.998 W/VRI[Launcher]( 3247): updateBlastSurfaceIfNeeded, surfaceSize:Point(1080, 2400), lastSurfaceSize:Point(1080, 2400), format:-2, blastBufferQueue:android.graphics.BLASTBufferQueue@40e6bd7
04-16 15:29:18.999 I/TaskOrganizerController( 2246): onTaskInfoChanged taskid 1 config { mBounds=Rect(0, 0 - 1080, 2400) mAppBounds=Rect(0, 0 - 1080, 2400) mMaxBounds=Rect(0, 0 - 1080, 2400) mDisplayRotation=ROTATION_0 mWindowingMode=fullscreen mActivityType=home mAlwaysOnTop=undefined mRotation=ROTATION_0}
04-16 15:29:18.999 E/OplusDexOptimizeManager( 2246): Start app fature is off
04-16 15:29:19.000 D/OplusVisibleTasks( 2246):  notifyTasksNumChange no need to notify.
04-16 15:29:19.000 D/OplusFlexibleDragToSplitAnimController( 2246): visibleFlexibleTaskInfos delete:1
04-16 15:29:19.000 E/FlexibleWindowManagerService( 2246): notifyTaskObserverToAttachController not need to notify!
04-16 15:29:19.000 I/FlexibleWindowManagerService( 2246): onFlexibleWindowTaskInfoChanged, return for cur task not embedded
04-16 15:29:19.000 D/OplusKeepAliveManager( 2246): TOP_APP is ProcessRecord{58ffab3 3247:com.android.launcher/u0a199} uid is 10199
04-16 15:29:19.000 I/ActivityTaskManager( 2246): START u0 {act=android.intent.action.MAIN cat=[android.intent.category.HOME] flg=0x10000100 cmp=com.android.launcher/.Launcher (has extras) mCallingUid=1000} with LAUNCH_SINGLE_TASK from uid 0 (BAL_ALLOW_ALLOWLISTED_UID (Important callingUid)) result code=2
04-16 15:29:19.001 V/WindowManager( 2246): Sent Transition (#812) createdAt=04-16 15:29:18.954 via request=TransitionRequestInfo { type = OPEN, triggerTask = TaskInfo{userId=0 taskId=5 effectiveUid=10199 displayId=0 isRunning=true baseIntent=Intent { act=android.intent.action.MAIN cat=[android.intent.category.HOME] flg=0x10000100 cmp=com.android.launcher/.Launcher mCallingUid=1000 } baseActivity=ComponentInfo{com.android.launcher/com.android.launcher.Launcher} topActivity=ComponentInfo{com.android.launcher/com.android.launcher.Launcher} origActivity=null realActivity=ComponentInfo{com.android.launcher/com.android.launcher.Launcher}
04-16 15:29:19.001 V/WindowManager( 2246):  numActivities=1 lastActiveTime=215220721 supportsSplitScreenMultiWindow=false supportsMultiWindow=true supportsPocketStudioMultiWindow=false isInFlexibleEmbedded = false uid = 10199 pid = 3247 resizeMode=2 isResizeable=true minWidth=-1 minHeight=-1 defaultMinSize=220 token=WCT{RemoteToken{9e1d5ac Task{70b5e90 #5 type=home I=com.android.launcher/.Launcher}}} topActivityType=2 pictureInPictureParams=null shouldDockBigOverlays=false launchIntoPipHostTaskId=-1 lastParentTaskIdBeforePip=-1 displayCutoutSafeInsets=Rect(0, 0 - 0, 0)
04-16 15:29:19.001 V/WindowManager( 2246):  topActivityInfo=ActivityInfo{34a9275 com.android.launcher.Launcher} launchCookies=[] positionInParent=Point(0, 0) parentTaskId=-1 isFocused=true isVisible=false isVisibleRequested=true isTopActivityNoDisplay=false isSleeping=false locusId=LocusId[17_chars] displayAreaFeatureId=1 isTopActivityTransparent=false isActivityStackTransparent=false lastNonFullscreenBounds=Rect(270, 649 - 810, 1729) capturedLink=null capturedLinkTimestamp=0 requestedVisibleTypes=-9 topActivityRequestOpenInBrowserEducationTimestamp=0
04-16 15:29:19.001 V/WindowManager( 2246):  appCompatTaskInfo=AppCompatTaskInfo { topActivityInSizeCompat=false topActivityInOplusCompatMode=false eligibleForLetterboxEducation= false isLetterboxEducationEnabled= false isLetterboxDoubleTapEnabled= false eligibleForUserAspectRatioButton= false topActivityBoundsLetterboxed= false isFromLetterboxDoubleTap= false topActivityLetterboxVerticalPosition= -1 topActivityLetterboxHorizontalPosition= -1 topActivityLetterboxWidth=-1 topActivityLetterboxHeight=-1 topActivityAppBounds=Rect(0, 0 - 1080, 2400) isUserFullscreenOverrideEnabled=false isSystemFullscreenOverrideEnabled=false hasMinAspectRatioOverride=false topActivityLetterboxBounds=null cameraCompatTaskInfo=CameraCompatTaskInfo { freeformCameraCompatMode=inactive}} topActivityMainWindowFrame=null topActivityLetterboxInsets=Rect(0, 0 - 0, 0)
04-16 15:29:19.001 V/WindowManager( 2246):  mOplusExtraBundle = Bundle[{androidx.flexible.taskFrame=Rect(0, 0 - 0, 0), topOpaqueSystemBarsAppearance=0, androidx.flexible.Alpha=1.0, androidx.activity.task.attach.blur=0, androidx.activity.LaunchInsensible=0, androidx.activity.LaunchCornerRadius=0, key_flexible_task_state=0, topActivitySupportAppInnerSplit=false, key_flexible_task_animating_type=-1, key_flexible_task_root_activity_processname=com.android.launcher, androidx.activity.LaunchScenario=0, is_oplus_clone_task=false, flexible_super_mini_state=false, topRunningActivityHash=23866559, androidx.activity.LaunchScale=1.0, androidx.activity.LaunchShadowRadius=0, is_transient_hide_for_task_info=false, key_flexible_task_root_activity_pid=3247, key_flexible_task_root_activity_uid=10199}]}, pipChange = null, remoteTransition = null, displayChange = null, flags = 0, debugId = 812 }
04-16 15:29:19.001 V/WindowManager( 2246):     startWCT=null
04-16 15:29:19.001 V/WindowManager( 2246):     info={id=812 t=OPEN f=0x0 trk=0 r=[0@Point(0, 0)] c=[
04-16 15:29:19.001 V/WindowManager( 2246):         {WCT{RemoteToken{fb50f6a Task{762b289 #1 type=home}}} m=TO_FRONT f=SHOW_WALLPAPER|MOVE_TO_TOP leash=Surface(name=Task=1)/@0x912fb3f sb=Rect(0, 0 - 1080, 2400) eb=Rect(0, 0 - 1080, 2400) epz=Point(1080, 2400) d=0 taskParent=-1},
04-16 15:29:19.001 V/WindowManager( 2246):         {WCT{RemoteToken{404371a Task{987f186 #8770 type=standard A=1000:.applications.InstalledAppDetailsTop}}} m=TO_BACK f=NONE leash=Surface(name=Task=8770)/@0xe8041c5 sb=Rect(0, 0 - 1080, 2400) eb=Rect(0, 0 - 1080, 2400) epz=Point(1080, 2400) d=0 taskParent=-1},
04-16 15:29:19.001 V/WindowManager( 2246):         {m=TO_FRONT f=IS_WALLPAPER leash=Surface(name=WallpaperWindowToken{67beb3f showWhenLocked=false})/@0x4e25f5e sb=Rect(0, 0 - 1080, 2400) eb=Rect(0, 0 - 1080, 2400) epz=Point(1080, 2400) d=0}
04-16 15:29:19.001 V/WindowManager( 2246):     ] 
04-16 15:29:19.001 V/WindowManager( 2246): extendInfo=[
04-16 15:29:19.001 V/WindowManager( 2246):  OplusTransitionExtendedInfo{mTmpFinishT=null, mInOplusCompatMode=false, mIsProcessRunning=false, mHasMismatchBoundsTarget=false, mRecentsController=null, mRemoteTransition=null, mIsTranslucentActivityToHome=false, mAvoidInterceptKeyEventToHome=false, mIsFromHome=false, mParentLeash=null, mBackAnimClosingLeash=null, mIsOplusAnimRes=false, mKeepBgForContinuous=false, mIsBalAllow=false, mTaskNotInRecent=false, mIsPredictiveBackAnim=false, mIsMergedWithPredictive=false, mIsLaunchFromSpruce=false, mIsLaunchFromDrive=false, mGlobalSearchPageSwitch=false, mNeedNoAlphaGlobalSearchScene=false, mAssistScreenShowing=false, mSwipeUpBrowserScreenShowing=false, mUserIdTransition=0
04-16 15:29:19.001 V/WindowManager( 2246): , mInRemoteScene=false, mInPreReady=false, mPreStart=false, mToken=null, mAbortByRemoteFromHome=false, mShellApplyToken=null, mRequestTransitionTaskId=5, mAbortTransitionOnShell=0, mStartFromShortcut=false, mRemovedTaskId=-1, mTransitionInterruptType=0, mMergeSecondTaskId=-1, mTaskIdStartFromRecents=0, mTransitionId=812, mCanUseSpringSlideAnim=false, mTransitionLaunchFrom=0, mFoldChangeType=-1, mAnimStartingPosition=[0, 0, 0, 0], mIsOpeningStkDialogActivity=false, mIsNeedApplyStartTForEmbedded=false, mMergeSecondTaskAnimation=false, mIsLaunchUnityStart=false, mIsLaunchFromAssistantByDefault=false, mSkipRemoteTransitionfalse, mIsStartFromKeyguard=false flags=0x0, mWCT=null, mIsOpenMergeToInValidPredictive=false}]}
04-16 15:29:19.001 I/OplusJoystickManager( 2246): handleApplicationSwitch deprecated!
04-16 15:29:19.001 I/GameManagerServiceExt-GameManagerServiceExt( 2246): on FG change: com.android.settings|com.android.launcher
04-16 15:29:19.002 D/OplusAppSwitchListener( 2246): App Activity Change
04-16 15:29:19.002 D/OplusAppSwitchListener( 2246): Detect com.android.settings switch to background
04-16 15:29:19.002 D/OplusFeatureReduceBrightness( 2246): onAppExit , info = com.android.settings
04-16 15:29:19.002 D/OplusAppSwitchListener( 2246): Detect com.android.launcher switch to foreground
04-16 15:29:19.002 D/ORBrightnessMarvelsDataCollector( 2246): Runnable-MarvelsAppEnterInfo[2026-04-16 15:29:19,com.android.launcher,16.0]
04-16 15:29:19.005 D/ActivityManager( 2246): Cancel freezing 10805 com.coloros.alarmclock:clockWidget
04-16 15:29:19.006 E/OplusThermalStats( 2246): Error getting package info: com.android.launcher
04-16 15:29:19.006 V/WindowManagerShell( 2818):  animated by com.android.wm.shell.transition.RemoteTransitionHandler@2fc8770
04-16 15:29:19.007 V/WindowManager( 2246): Relayout Window{687f7d4 u0 com.android.launcher/com.android.launcher.Launcher}: viewVisibility=0, oldvis=0, req=1080x2400 , apr = 0, vsysui=LAYOUT_STABLE LAYOUT_HIDE_NAVIGATION LAYOUT_FULLSCREEN, x=0, y=0
04-16 15:29:19.011 I/BLASTSyncEngine( 2246): onCommitted syncId: 812, timeout: false ran: false
04-16 15:29:19.016 D/VRR [OPlusRefreshRateService]( 2246): handleFrontAppChange pkgName: null
04-16 15:29:19.017 D/VRR [OPlusSurfaceFlingerController]( 2246):  setTouchIdleShouldPause : false
04-16 15:29:19.017 D/OplusEapManager( 2246): mTargetExitName :com.android.settings
04-16 15:29:19.018 D/OplusAppSwitchRuleInfo( 2246): generateAppEnterInfo - launch_source_type =  , launch_source_traceid = 
04-16 15:29:19.020 D/UsageStatsService( 2246): User[0] type=0 b=1776333293954 e=1776333559010 cb=1776323296460 ce=1776333543023 disk=0 all=21
04-16 15:29:19.021 D/OplusAppSwitchRuleInfo( 2246): generateAppEnterInfo - launch_source_type =  , launch_source_traceid = 
04-16 15:29:19.024 D/OplusAppSwitchRuleInfo( 2246): generateAppEnterInfo - launch_source_type =  , launch_source_traceid = 
04-16 15:29:19.024 D/OplusAppSwitchRuleInfo( 2246): generateAppEnterInfo - launch_source_type =  , launch_source_traceid = 
04-16 15:29:19.026 D/OplusAppSwitchRuleInfo( 2246): generateAppEnterInfo - launch_source_type =  , launch_source_traceid = 
04-16 15:29:19.027 D/OplusAppSwitchRuleInfo( 2246): generateAppEnterInfo - launch_source_type =  , launch_source_traceid = 
04-16 15:29:19.028 I/OPM     ( 2246): home scene change to true
04-16 15:29:19.028 D/OplusEapManager( 2246): mTargetEnterName :com.android.launcher
04-16 15:29:19.028 D/OplusAppSwitchRuleInfo( 2246): generateAppEnterInfo - launch_source_type =  , launch_source_traceid = 
04-16 15:29:19.028 D/VRR [OPlusRefreshRateService]( 2246): handleFrontAppChange pkgName: com.android.launcher
04-16 15:29:19.029 D/OplusAppSwitchRuleInfo( 2246): generateActivityEnterInfo - launch_source_type =  , launch_source_traceid = 
04-16 15:29:19.029 D/OplusAppSwitchRuleInfo( 2246): generateActivityEnterInfo - launch_source_type =  , launch_source_traceid = 
04-16 15:29:19.029 D/OplusAppSwitchRuleInfo( 2246): generateActivityEnterInfo - launch_source_type =  , launch_source_traceid = 
04-16 15:29:19.039 D/ResourcesManagerExtImpl( 3247): applyConfigurationToAppResourcesLocked app.getDisplayId() return callback.displayId:0
04-16 15:29:19.047 D/WindowManagerShell( 2818): setLauncherKeepClearAreaHeight: visible=true, height=240
04-16 15:29:19.052 D/InputMethodManagerService( 2246): isSecurity: attribute.packageName = com.android.launcher mCurMethodId = com.google.android.inputmethod.latin/com.android.inputmethod.latin.LatinIME isSecurity = false ( enable = false needShow = false inBlackList = false isExist = true )
04-16 15:29:19.060 D/FlexibleTaskController( 2246): check task which not have enough child, isInSingleWhiteList:false isCloneTask:false
04-16 15:29:19.061 D/ActivityManager( 2246): Async freezing 10805 com.coloros.alarmclock:clockWidget
04-16 15:29:19.070 D/BackgroundInstallControlService( 2246): Package event received: 0
04-16 15:29:19.073 I/ActivityManager( 2246): Start proc 22269:com.google.android.apps.tachyon/u0a259 for service {com.google.android.apps.tachyon/androidx.work.impl.background.systemjob.SystemJobService}
04-16 15:29:19.074 I/ActivityManager( 2246): ProcessObserver broadcast disabled
04-16 15:29:19.075 V/AutofillInlineSuggestionsRequestSession( 2246): onInputMethodFinishInput() received
04-16 15:29:19.076 D/UsageStatsService( 2246): User[0] type=3 b=0 e=9223372036854775807 cb=1758533027502 ce=1776409620936 disk=0 all=417
04-16 15:29:19.079 V/AutofillInlineSuggestionsRequestSession( 2246): onInputMethodStartInput() received on 0
04-16 15:29:19.084 D/WindowManager( 2246): setFrameRateStart invalid typeId return!
04-16 15:29:19.084 D/BackgroundInstallControlService( 2246): Package event received: 0
04-16 15:29:19.086 D/WindowManagerShell( 2818): onActivityRestartAttempt: topActivity=ComponentInfo{com.android.launcher/com.android.launcher.Launcher}, wasVisible=true
04-16 15:29:19.090 D/ActivityManager( 2246): Cancel freezing 10805 com.coloros.alarmclock:clockWidget
04-16 15:29:19.091 E/OplusDexOptimizeManager( 2246): Start app fature is off
04-16 15:29:19.099 W/PackageConfigPersister( 2246): App-specific configuration not found for packageName: com.android.launcher and userId: 0
04-16 15:29:19.116 D/ActivityManager( 2246): reportOneUidFrozenStateChanged uid 10347 frozen = false
04-16 15:29:19.118 D/ActivityManager( 2246): sync unfroze 19174 com.labs.ustaadtv for 6
04-16 15:29:19.123 E/OplusDexOptimizeManager( 2246): Start app fature is off
04-16 15:29:19.150 W/JobServiceContext( 2246): Sending onNetworkChanged for a job that isn't started. JobStatus{a96df1e androidx.work.systemjobscheduler:u0a347/459 @androidx.work.systemjobscheduler@com.labs.ustaadtv/androidx.work.impl.background.systemjob.SystemJobService u=0 s=10347 TIME=-2m35s128ms:none NET READY}
04-16 15:29:19.163 D/AppProfilerExtImpl( 2246): Skipped pss collection for CPU busy
04-16 15:29:19.216 E/OplusDexOptimizeManager( 2246): Start app fature is off
04-16 15:29:19.216 E/OplusDexOptimizeManager( 2246): Start app fature is off
04-16 15:29:19.216 E/OplusDexOptimizeManager( 2246): Start app fature is off
04-16 15:29:19.216 E/OplusDexOptimizeManager( 2246): Start app fature is off
04-16 15:29:19.216 E/OplusDexOptimizeManager( 2246): Start app fature is off
04-16 15:29:19.217 D/ActivityTaskManagerServiceExtImpl( 2246): preBindApplication record is null
04-16 15:29:19.225 E/OplusDexOptimizeManager( 2246): Start app fature is off
04-16 15:29:19.254 D/UsageStatsService( 2246): User[0] type=0 b=1776333294112 e=1776333559240 cb=1776323296460 ce=1776333559050 disk=0 all=22
04-16 15:29:19.261 V/Configuration(22269): Updating configuration, locales updated from [] to [en_IN]
04-16 15:29:19.274 I/AppWidgetManager(10805): updateAppWidgetIds, mPackageName: com.coloros.alarmclock, appWidgetIds: [2], views:android.widget.RemoteViews@82f9f31
04-16 15:29:19.276 D/AppWidgetServiceImpl( 2246): updateAppWidgetIds remoteViews = android.widget.RemoteViews@cda1a26
04-16 15:29:19.276 D/AppWidgetServiceImpl( 2246): action size = 13
04-16 15:29:19.276 I/AppWidgetServiceImpl( 2246): lookupWidgetLocked widgetId=2, uid=10162, packageName=com.coloros.alarmclock, mWidgets.size=2
04-16 15:29:19.276 I/AppWidgetServiceImpl( 2246): isDifferentPackageFromProvider provider.id=ProviderId{user:0, app:10162, cmp:ComponentInfo{com.coloros.alarmclock/com.coloros.widget.smallweather.RealmeWeather}}, provider.id.componentName=ComponentInfo{com.coloros.alarmclock/com.coloros.widget.smallweather.RealmeWeather}, packageName=com.coloros.alarmclock, providerpackgename=com.coloros.alarmclock
04-16 15:29:19.276 I/AppWidgetServiceImpl( 2246): updateViews: 205055591 widget:AppWidgetId{2:Host{HostId{user:0, app:10199, hostId:1024, pkg:com.android.launcher}}:Provider{ProviderId{user:0, app:10162, cmp:ComponentInfo{com.coloros.alarmclock/com.coloros.widget.smallweather.RealmeWeather}}}}
04-16 15:29:19.276 I/AppWidgetServiceImpl( 2246): handleNotifyUpdateAppWidget,appWidgetId: 2,packageName:com.coloros.alarmclock
04-16 15:29:19.276 D/AppWidgetServiceImpl( 2246): Trying to notify widget update for package com.coloros.alarmclock with widget id: 2
04-16 15:29:19.279 D/AppWidgetHostView( 3247): inflateAsync(rvToApply), appWidgetId: 2
04-16 15:29:19.284 D/ActivityManager( 2246): reportOneUidFrozenStateChanged uid 10177 frozen = false
04-16 15:29:19.286 D/ActivityManager( 2246): sync unfroze 18293 com.coloros.weather.service for 6
04-16 15:29:19.291 E/OplusDexOptimizeManager( 2246): Start app fature is off
04-16 15:29:19.304 W/ProcessStats( 2246): Tracking association SourceState{bcd7580 com.coloros.alarmclock:clockWidget/10162 Service #110088} whose proc state 8 is better than process ProcessState{c4a5954 com.coloros.weather.service/10177 pkg=com.coloros.weather.service} proc state 14 (18 skipped)
04-16 15:29:19.334 E/OplusDexOptimizeManager( 2246): Start app fature is off
04-16 15:29:19.337 W/JobScheduler( 2246): Job didn't exist in JobStore: #com.labs.ustaadtv/459
04-16 15:29:19.345 D/ActivityManager( 2246): Async freezing 19174 com.labs.ustaadtv
04-16 15:29:19.347 D/PowerManagerService( 2246): userActivityNoUpdateLocked: groupId=0, eventTime=50554475, event=touch, flags=0x0, uid=1000
04-16 15:29:19.351 I/OplusPreStartController( 2246): preStartActivity Intent { act=android.intent.action.MAIN cat=[android.intent.category.LAUNCHER] flg=0x10200000 cmp=com.google.android.apps.tachyon/.MainActivity }
04-16 15:29:19.353 I/OplusPreStartController( 2246): isCapBitmapExists intent: Intent { act=android.intent.action.MAIN cat=[android.intent.category.LAUNCHER] flg=0x10200000 cmp=com.google.android.apps.tachyon/.MainActivity }, requestRotation: SCREEN_ORIENTATION_UNSPECIFIED, surfaceRotation: ROTATION_0, targetRotation: ROTATION_0, uiMode: 33, found captures: false
04-16 15:29:19.367 D/ResourcesManagerExtImpl(22269): applyConfigurationToAppResourcesLocked app.getDisplayId() return callback.displayId:-1
04-16 15:29:19.378 W/QosScheduler( 2246): executeSceneQosStrategy failed! qos feature no enable
04-16 15:29:19.384 V/WindowManagerShell( 2818): Transition animation finished (aborted=false), notifying core (#812) android.os.BinderProxy@d284064@0
04-16 15:29:19.384 D/SplitScreen-->AppLockManager( 2818): setStartFromSafeControl mStartFromSafeControl=false
04-16 15:29:19.388 D/Transition( 2246): finishTransition ar ActivityRecord{23866559 u0 com.android.launcher/.Launcher t5}, isVisibleRequested=true, state=RESUMED, visibleAtTransitionEndTokens={ActivityRecord{23866559 u0 com.android.launcher/.Launcher t5}, WallpaperWindowToken{67beb3f showWhenLocked=false}}, this=TransitionRecord{cdab356 id=812 track=0 type=OPEN flags=0x0 state=2 c=[
04-16 15:29:19.388 D/Transition( 2246):    ChangeInfo{26b9578 container=ActivityRecord{23866559 u0 com.android.launcher/.Launcher t5} flags=0x0}
04-16 15:29:19.388 D/Transition( 2246):    ChangeInfo{2296451 container=ActivityRecord{46495924 u0 com.android.settings/.SubSettings t8770} flags=0x0}
04-16 15:29:19.388 D/Transition( 2246):    ChangeInfo{60223ea container=WallpaperWindowToken{67beb3f showWhenLocked=false} flags=0x0}
04-16 15:29:19.388 D/Transition( 2246):    ChangeInfo{fd694b6 container=Task{70b5e90 #5 type=home I=com.android.launcher/.Launcher} flags=0x30}
04-16 15:29:19.388 D/Transition( 2246):    ChangeInfo{1a13c8c container=Task{762b289 #1 type=home} flags=0x30}
04-16 15:29:19.388 D/Transition( 2246):    ChangeInfo{646bfd7 container=ActivityRecord{156473482 u0 com.android.launcher/.Launcher t-1} flags=0x0}
04-16 15:29:19.388 D/Transition( 2246):    ChangeInfo{2619fd5 container=Task{987f186 #8770 type=standard A=1000:.applications.InstalledAppDetailsTop} flags=0x10}
04-16 15:29:19.388 D/Transition( 2246):    ChangeInfo{a70f5b7 container=DefaultTaskDisplayArea@164767059 flags=0x0}
04-16 15:29:19.388 D/Transition( 2246):    ChangeInfo{f809124 container=Display{#0 state=ON size=1080x2400 ROTATION_0} flags=0x0}
04-16 15:29:19.388 D/Transition( 2246): ]
04-16 15:29:19.388 D/Transition( 2246): }
04-16 15:29:19.389 D/Transition( 2246): finishTransition ar ActivityRecord{46495924 u0 com.android.settings/.SubSettings t8770}, isVisibleRequested=false, state=PAUSED, visibleAtTransitionEndTokens={ActivityRecord{23866559 u0 com.android.launcher/.Launcher t5}, WallpaperWindowToken{67beb3f showWhenLocked=false}}, this=TransitionRecord{cdab356 id=812 track=0 type=OPEN flags=0x0 state=2 c=[
04-16 15:29:19.389 D/Transition( 2246):    ChangeInfo{26b9578 container=ActivityRecord{23866559 u0 com.android.launcher/.Launcher t5} flags=0x0}
04-16 15:29:19.389 D/Transition( 2246):    ChangeInfo{2296451 container=ActivityRecord{46495924 u0 com.android.settings/.SubSettings t8770} flags=0x0}
04-16 15:29:19.389 D/Transition( 2246):    ChangeInfo{60223ea container=WallpaperWindowToken{67beb3f showWhenLocked=false} flags=0x0}
04-16 15:29:19.389 D/Transition( 2246):    ChangeInfo{fd694b6 container=Task{70b5e90 #5 type=home I=com.android.launcher/.Launcher} flags=0x30}
04-16 15:29:19.389 D/Transition( 2246):    ChangeInfo{1a13c8c container=Task{762b289 #1 type=home} flags=0x30}
04-16 15:29:19.389 D/Transition( 2246):    ChangeInfo{646bfd7 container=ActivityRecord{156473482 u0 com.android.launcher/.Launcher t-1} flags=0x0}
04-16 15:29:19.389 D/Transition( 2246):    ChangeInfo{2619fd5 container=Task{987f186 #8770 type=standard A=1000:.applications.InstalledAppDetailsTop} flags=0x10}
04-16 15:29:19.389 D/Transition( 2246):    ChangeInfo{a70f5b7 container=DefaultTaskDisplayArea@164767059 flags=0x0}
04-16 15:29:19.389 D/Transition( 2246):    ChangeInfo{f809124 container=Display{#0 state=ON size=1080x2400 ROTATION_0} flags=0x0}
04-16 15:29:19.389 D/Transition( 2246): ]
04-16 15:29:19.389 D/Transition( 2246): }
04-16 15:29:19.389 D/ActivityTaskManager( 2246): commitVisibility: ActivityRecord{46495924 u0 com.android.settings/.SubSettings t8770}: visible=false visibleRequested=false, isInTransition=false 
04-16 15:29:19.390 D/WindowManager( 2246): NFW_setClientVisible:ActivityRecord{46495924 u0 com.android.settings/.SubSettings t8770} clientVisible:false
04-16 15:29:19.391 I/WindowManager( 2246): Window{a48b9fd u0 com.android.settings/com.android.settings.SubSettings} state from HAS_DRAWN to DRAW_PENDING; reason: resetDrawState
04-16 15:29:19.392 I/OplusAppSwitchManagerService( 2246):  handleAppVisible , r = ActivityRecord{23866559 u0 com.android.launcher/.Launcher t5}
04-16 15:29:19.393 D/OplusTransitionController( 2246): finishTransition, transition: TransitionRecord{cdab356 id=812 track=0 type=OPEN flags=0x0 state=4 c=[
04-16 15:29:19.393 D/OplusTransitionController( 2246):    ChangeInfo{26b9578 container=ActivityRecord{23866559 u0 com.android.launcher/.Launcher t5} flags=0x0}
04-16 15:29:19.393 D/OplusTransitionController( 2246):    ChangeInfo{2296451 container=ActivityRecord{46495924 u0 com.android.settings/.SubSettings t8770} flags=0x0}
04-16 15:29:19.393 D/OplusTransitionController( 2246):    ChangeInfo{60223ea container=WallpaperWindowToken{67beb3f showWhenLocked=false} flags=0x0}
04-16 15:29:19.393 D/OplusTransitionController( 2246):    ChangeInfo{fd694b6 container=Task{70b5e90 #5 type=home I=com.android.launcher/.Launcher} flags=0x30}
04-16 15:29:19.393 D/OplusTransitionController( 2246):    ChangeInfo{1a13c8c container=Task{762b289 #1 type=home} flags=0x30}
04-16 15:29:19.393 D/OplusTransitionController( 2246):    ChangeInfo{646bfd7 container=ActivityRecord{156473482 u0 com.android.launcher/.Launcher t-1} flags=0x0}
04-16 15:29:19.393 D/OplusTransitionController( 2246):    ChangeInfo{2619fd5 container=Task{987f186 #8770 type=standard A=1000:.applications.InstalledAppDetailsTop} flags=0x10}
04-16 15:29:19.393 D/OplusTransitionController( 2246):    ChangeInfo{a70f5b7 container=DefaultTaskDisplayArea@164767059 flags=0x0}
04-16 15:29:19.393 D/OplusTransitionController( 2246):    ChangeInfo{f809124 container=Display{#0 state=ON size=1080x2400 ROTATION_0} flags=0x0}
04-16 15:29:19.393 D/OplusTransitionController( 2246): ]
04-16 15:29:19.393 D/OplusTransitionController( 2246): }
04-16 15:29:19.394 D/FlexibleTaskTransitionController( 2246):  finishTransition pendingRecentToFlexibleTask:null,isRotationTransition:false ,pendingRecentToFlexible:null ,transition:TransitionRecord{cdab356 id=812 track=0 type=OPEN flags=0x0 state=4 c=[
04-16 15:29:19.394 D/FlexibleTaskTransitionController( 2246):    ChangeInfo{26b9578 container=ActivityRecord{23866559 u0 com.android.launcher/.Launcher t5} flags=0x0}
04-16 15:29:19.394 D/FlexibleTaskTransitionController( 2246):    ChangeInfo{2296451 container=ActivityRecord{46495924 u0 com.android.settings/.SubSettings t8770} flags=0x0}
04-16 15:29:19.394 D/FlexibleTaskTransitionController( 2246):    ChangeInfo{60223ea container=WallpaperWindowToken{67beb3f showWhenLocked=false} flags=0x0}
04-16 15:29:19.394 D/FlexibleTaskTransitionController( 2246):    ChangeInfo{fd694b6 container=Task{70b5e90 #5 type=home I=com.android.launcher/.Launcher} flags=0x30}
04-16 15:29:19.394 D/FlexibleTaskTransitionController( 2246):    ChangeInfo{1a13c8c container=Task{762b289 #1 type=home} flags=0x30}
04-16 15:29:19.394 D/FlexibleTaskTransitionController( 2246):    ChangeInfo{646bfd7 container=ActivityRecord{156473482 u0 com.android.launcher/.Launcher t-1} flags=0x0}
04-16 15:29:19.394 D/FlexibleTaskTransitionController( 2246):    ChangeInfo{2619fd5 container=Task{987f186 #8770 type=standard A=1000:.applications.InstalledAppDetailsTop} flags=0x10}
04-16 15:29:19.394 D/FlexibleTaskTransitionController( 2246):    ChangeInfo{a70f5b7 container=DefaultTaskDisplayArea@164767059 flags=0x0}
04-16 15:29:19.394 D/FlexibleTaskTransitionController( 2246):    ChangeInfo{f809124 container=Display{#0 state=ON size=1080x2400 ROTATION_0} flags=0x0}
04-16 15:29:19.394 D/FlexibleTaskTransitionController( 2246): ]
04-16 15:29:19.394 D/FlexibleTaskTransitionController( 2246): }
04-16 15:29:19.395 D/Transition( 2246): finishTransaction-onCommitted syncId=812
04-16 15:29:19.396 D/SnapshotCache( 2246): removeRunningEntry id: 266149197, callers=com.android.server.wm.SnapshotCache.onIdRemoved:107 com.android.server.wm.ActivitySnapshotController.removeCachedFiles:686 com.android.server.wm.ActivitySnapshotController.postProcess:272 
04-16 15:29:19.397 D/TransitionControllerExtImpl( 2246): NFW_send RECOMPUTE_FOCUS in finishTransition
04-16 15:29:19.397 D/ShellTaskOrganizer( 2818): onTransitionFinish, isRecent:false
04-16 15:29:19.398 V/WindowManagerShell( 2818): Track 0 became idle
04-16 15:29:19.398 D/WindowManagerShell( 2818): setLauncherKeepClearAreaHeight: visible=false, height=240
04-16 15:29:19.404 D/OplusSplitScreenManagerService( 2246): com.android.settings unSupportsSplitScreen by blockList or ForbidActivityList
04-16 15:29:19.404 D/OplusSplitScreenManagerService( 2246): com.android.settings unSupportsSplitScreen by blockList or ForbidActivityList
04-16 15:29:19.405 I/TaskOrganizerController( 2246): onTaskInfoChanged taskid 8770 config { mBounds=Rect(0, 0 - 1080, 2400) mAppBounds=Rect(0, 0 - 1080, 2400) mMaxBounds=Rect(0, 0 - 1080, 2400) mDisplayRotation=ROTATION_0 mWindowingMode=fullscreen mActivityType=standard mAlwaysOnTop=undefined mRotation=ROTATION_0}
04-16 15:29:19.408 D/OplusFlexibleDragToSplitAnimController( 2246): visibleFlexibleTaskInfos delete:8770
04-16 15:29:19.409 E/FlexibleWindowManagerService( 2246): notifyTaskObserverToAttachController not need to notify!
04-16 15:29:19.409 I/FlexibleWindowManagerService( 2246): onFlexibleWindowTaskInfoChanged, return for cur task not embedded
04-16 15:29:19.411 V/WindowManager( 2246): Relayout Window{a48b9fd u0 com.android.settings/com.android.settings.SubSettings}: viewVisibility=8, oldvis=0, req=1080x2400 , apr = 0, vsysui=LAYOUT_STABLE LAYOUT_FULLSCREEN
04-16 15:29:19.412 E/ActivityThread( 3247): Failed to find provider info for com.oplus.metis.app_recommend_provider
04-16 15:29:19.416 D/QuickBackInputPolicy( 2246): hasMultiChildrenInTask: false
04-16 15:29:19.416 D/WindowManager( 2246): NFW_findFocusedWindowIfNeeded:Window{687f7d4 u0 com.android.launcher/com.android.launcher.Launcher} mCurrentFocus:Window{687f7d4 u0 com.android.launcher/com.android.launcher.Launcher}
04-16 15:29:19.419 D/VRI[SubSettings](13147): relayoutWindow result, sizeChanged:false, surfaceControlChanged:true, transformHintChanged:false, mSurfaceSize:Point(1080, 2400), mLastSurfaceSize:Point(1080, 2400), mWidth:1080, mHeight:2400, requestedWidth:1080, requestedHeight:2400, transformHint:0, installOrientation:0, displayRotation:0, isSurfaceValid:false, attr.flag:-2122252032, tmpFrames:ClientWindowFrames{frame=[0,0][1080,2400] display=[0,0][1080,2400] parentFrame=[0,0][0,0]}, relayoutAsync:false, mSyncSeqId:0
04-16 15:29:19.426 D/QuickBackInputPolicy( 2246): hasMultiChildrenInTask: false
04-16 15:29:19.426 D/WindowManager( 2246): NFW_findFocusedWindowIfNeeded:Window{687f7d4 u0 com.android.launcher/com.android.launcher.Launcher} mCurrentFocus:Window{687f7d4 u0 com.android.launcher/com.android.launcher.Launcher}
04-16 15:29:19.429 I/UserAwareMgr( 2246): handleAppChangedToBg, pkgName: com.android.settings, pid: 13147
04-16 15:29:19.437 D/OplusPanoramaWorkBranchController( 2246): notifyMotionUpOrCancel
04-16 15:29:19.449 V/WindowManager( 2246): Relayout Window{a48b9fd u0 com.android.settings/com.android.settings.SubSettings}: viewVisibility=8, oldvis=8, req=1080x2400 , apr = 0, vsysui=LAYOUT_STABLE LAYOUT_FULLSCREEN, x=0, y=0
04-16 15:29:19.458 D/VRI[SubSettings](13147): relayoutWindow result, sizeChanged:false, surfaceControlChanged:true, transformHintChanged:false, mSurfaceSize:Point(1080, 2400), mLastSurfaceSize:Point(1080, 2400), mWidth:1080, mHeight:2400, requestedWidth:1080, requestedHeight:2400, transformHint:0, installOrientation:0, displayRotation:0, isSurfaceValid:false, attr.flag:-2122252032, tmpFrames:ClientWindowFrames{frame=[0,0][1080,2400] display=[0,0][1080,2400] parentFrame=[0,0][0,0]}, relayoutAsync:false, mSyncSeqId:0
04-16 15:29:19.475 I/WindowManager( 2246): Window{a48b9fd u0 com.android.settings/com.android.settings.SubSettings} state from DRAW_PENDING to NO_SURFACE; reason: destroySurface
04-16 15:29:19.476 D/OplusStartingWindowManager( 2246): skip remove starting window for activity = ActivityRecord{46495924 u0 com.android.settings/.SubSettings t8770} ,ar != topActivityContainsStartingWindow on activityStopped
04-16 15:29:19.478 D/BackgroundInstallControlService( 2246): Package event received: 0
04-16 15:29:19.518 I/AppWidgetManager(10805): updateAppWidgetIds, mPackageName: com.coloros.alarmclock, appWidgetIds: [2], views:android.widget.RemoteViews@b7beefa
04-16 15:29:19.520 D/AppWidgetServiceImpl( 2246): updateAppWidgetIds remoteViews = android.widget.RemoteViews@dc7865b
04-16 15:29:19.520 D/AppWidgetServiceImpl( 2246): action size = 13
04-16 15:29:19.520 I/AppWidgetServiceImpl( 2246): lookupWidgetLocked widgetId=2, uid=10162, packageName=com.coloros.alarmclock, mWidgets.size=2
04-16 15:29:19.520 I/AppWidgetServiceImpl( 2246): isDifferentPackageFromProvider provider.id=ProviderId{user:0, app:10162, cmp:ComponentInfo{com.coloros.alarmclock/com.coloros.widget.smallweather.RealmeWeather}}, provider.id.componentName=ComponentInfo{com.coloros.alarmclock/com.coloros.widget.smallweather.RealmeWeather}, packageName=com.coloros.alarmclock, providerpackgename=com.coloros.alarmclock
04-16 15:29:19.520 I/AppWidgetServiceImpl( 2246): updateViews: 239476472 widget:AppWidgetId{2:Host{HostId{user:0, app:10199, hostId:1024, pkg:com.android.launcher}}:Provider{ProviderId{user:0, app:10162, cmp:ComponentInfo{com.coloros.alarmclock/com.coloros.widget.smallweather.RealmeWeather}}}}
04-16 15:29:19.520 I/AppWidgetServiceImpl( 2246): handleNotifyUpdateAppWidget,appWidgetId: 2,packageName:com.coloros.alarmclock
04-16 15:29:19.520 D/AppWidgetServiceImpl( 2246): Trying to notify widget update for package com.coloros.alarmclock with widget id: 2
04-16 15:29:19.668 I/Quality ( 2246): BitmapCompressInfo:540,1200,3,95,171325615
04-16 15:29:19.783 D/AppWidgetHostView( 3247): inflateAsync(rvToApply), appWidgetId: 2
04-16 15:29:19.791 D/ActivityManager( 2246): sync unfroze 20081 com.google.android.gms for 4
04-16 15:29:19.853 E/OplusDexOptimizeManager( 2246): Start app fature is off
04-16 15:29:19.892 E/OplusDexOptimizeManager( 2246): Start app fature is off
04-16 15:29:19.936 W/PackageManager( 2246): package com.google.android.apps.tachyon uid 10259 pid 22269 call SetEnabledSetting(com.google.android.apps.tachyon component = com.google.android.libraries.communications.conference.ui.intents.ChitChatGatewayActivity, 1, 0)
04-16 15:29:19.937 W/PackageManager( 2246): package com.google.android.apps.tachyon uid 10259 pid 22269 call SetEnabledSetting(com.google.android.apps.tachyon component = com.google.android.libraries.communications.conference.ui.intents.TelecomCallBackGatewayActivity, 1, 0)
04-16 15:29:19.938 W/PackageManager( 2246): package com.google.android.apps.tachyon uid 10259 pid 22269 call SetEnabledSetting(com.google.android.apps.tachyon component = com.google.android.libraries.communications.conference.ui.intents.ChitChatGatewayActivity, 1, 0)
04-16 15:29:19.939 W/PackageManager( 2246): package com.google.android.apps.tachyon uid 10259 pid 22269 call SetEnabledSetting(com.google.android.apps.tachyon component = com.google.android.libraries.communications.conference.ui.intents.TransferCallHandlerActivity, 1, 0)
04-16 15:29:19.939 W/PackageManager( 2246): package com.google.android.apps.tachyon uid 10259 pid 22269 call SetEnabledSetting(com.google.android.apps.tachyon component = com.google.android.libraries.communications.conference.ui.intents.ConferenceGatewayActivity, 1, 0)
04-16 15:29:19.940 W/PackageManager( 2246): package com.google.android.apps.tachyon uid 10259 pid 22269 call SetEnabledSetting(com.google.android.apps.tachyon component = com.google.android.libraries.communications.conference.ui.intents.LivestreamHandlerActivity, 1, 0)
04-16 15:29:19.941 W/PackageManager( 2246): package com.google.android.apps.tachyon uid 10259 pid 22269 call SetEnabledSetting(com.google.android.apps.tachyon component = com.google.android.libraries.communications.conference.ui.intents.ConferenceUrlHandlerActivity, 1, 0)
04-16 15:29:19.942 W/PackageManager( 2246): package com.google.android.apps.tachyon uid 10259 pid 22269 call SetEnabledSetting(com.google.android.apps.tachyon component = com.google.android.libraries.communications.conference.ui.intents.AssistantNewUrlHandlerActivity, 1, 0)
04-16 15:29:19.956 I/ActivityManager( 2246): Flag disabled. Ignoring finishAttachApplication from uid: 10259. pid: 22269
04-16 15:29:20.019 I/ActivityManager( 2246): Start proc 22365:com.google.android.projection.gearhead:provider/u0a101 for content provider {com.google.android.projection.gearhead/com.google.android.apps.auto.components.projectionstate.ProjectionStateProvider}
04-16 15:29:20.019 I/ActivityManager( 2246): ProcessObserver broadcast disabled
04-16 15:29:20.070 E/OplusDexOptimizeManager( 2246): Start app fature is off
04-16 15:29:20.071 D/ActivityTaskManagerServiceExtImpl( 2246): preBindApplication record is null
04-16 15:29:20.084 E/OplusDexOptimizeManager( 2246): Start app fature is off
04-16 15:29:20.094 E/OplusDexOptimizeManager( 2246): Start app fature is off
04-16 15:29:20.136 V/Configuration(22365): Updating configuration, locales updated from [] to [en_IN]
04-16 15:29:20.188 E/OplusDexOptimizeManager( 2246): Start app fature is off
04-16 15:29:20.267 E/OplusDexOptimizeManager( 2246): Start app fature is off
04-16 15:29:20.273 D/PowerManagerService( 2246): userActivityNoUpdateLocked: groupId=0, eventTime=50555400, event=touch, flags=0x0, uid=1000
04-16 15:29:20.279 I/OplusPreStartController( 2246): preStartActivity Intent { act=android.intent.action.MAIN cat=[android.intent.category.LAUNCHER] flg=0x10200000 cmp=com.adda247.gold/.MainActivity }
04-16 15:29:20.280 I/OplusPreStartController( 2246): isCapBitmapExists intent: Intent { act=android.intent.action.MAIN cat=[android.intent.category.LAUNCHER] flg=0x10200000 cmp=com.adda247.gold/.MainActivity }, requestRotation: SCREEN_ORIENTATION_PORTRAIT, surfaceRotation: ROTATION_0, targetRotation: ROTATION_0, uiMode: 33, found captures: false
04-16 15:29:20.322 D/ResourcesManagerExtImpl(22365): applyConfigurationToAppResourcesLocked app.getDisplayId() return callback.displayId:-1
04-16 15:29:20.370 D/ActivityManager( 2246): Async freezing 18293 com.coloros.weather.service
04-16 15:29:20.394 D/PowerManagerService( 2246): userActivityNoUpdateLocked: groupId=0, eventTime=50555523, event=touch, flags=0x0, uid=1000
04-16 15:29:20.445 I/ActivityManager( 2246): Flag disabled. Ignoring finishAttachApplication from uid: 10101. pid: 22365
04-16 15:29:20.502 D/PowerManagerService( 2246): userActivityNoUpdateLocked: groupId=0, eventTime=50555631, event=touch, flags=0x0, uid=1000
04-16 15:29:20.698 I/VibratorManagerServiceExtImpl( 2246): vibrate is uid=10199, pid=3247, opPkg=com.android.launcher, effect=Mono{mEffect=Composed{segments=[Step{amplitude=-1.0, frequencyHz=0.0, duration=50}], repeat=-1}}, attributes=VibrationAttributes{mUsage=TOUCH, mAudioUsage= USAGE_UNKNOWN, mFlags=0}, reason=null, token=202490989
04-16 15:29:20.699 D/ShortcutService( 2246): Getting shortcuts for launcher= com.android.launcheruserId=0 pkg=null
04-16 15:29:20.719 D/ShortcutService( 2246): Getting shortcuts for launcher= com.android.launcheruserId=0 pkg=null
04-16 15:29:20.866 D/PowerManagerService( 2246): userActivityNoUpdateLocked: groupId=0, eventTime=50555994, event=touch, flags=0x0, uid=1000
04-16 15:29:20.946 W/QosScheduler( 2246): executeSceneQosStrategy failed! qos feature no enable
04-16 15:29:20.972 D/PowerManagerService( 2246): userActivityNoUpdateLocked: groupId=0, eventTime=50556101, event=touch, flags=0x0, uid=1000
04-16 15:29:20.998 D/OplusPanoramaWorkBranchController( 2246): notifyMotionUpOrCancel
04-16 15:29:21.027 E/AppOps  ( 2246): attributionTag OplusLBS not declared in manifest of android
04-16 15:29:21.355 D/PowerManagerService( 2246): userActivityNoUpdateLocked: groupId=0, eventTime=50556483, event=touch, flags=0x0, uid=1000
04-16 15:29:21.356 D/ShortcutService( 2246): Getting shortcuts for launcher= com.android.launcheruserId=0 pkg=null
04-16 15:29:21.470 D/OplusPanoramaWorkBranchController( 2246): notifyMotionUpOrCancel
04-16 15:29:21.470 D/PowerManagerService( 2246): userActivityNoUpdateLocked: groupId=0, eventTime=50556599, event=touch, flags=0x0, uid=1000
04-16 15:29:21.475 D/WindowManager( 2246): NFW_setClientVisible:ActivityRecord{84743408 u0 com.android.settings/.applications.InstalledAppDetails clientVisible:true
04-16 15:29:21.476 D/FlexibleTaskController( 2246): isSupportFlexibleWindow target = com.android.settings/.applications.InstalledAppDetailsTop callPkg = FlexibleTaskController support = false ,caller = 2246
04-16 15:29:21.477 W/QosScheduler( 2246): executeSceneQosStrategy failed! qos feature no enable
04-16 15:29:21.478 D/FlexibleWindowManagerService( 2246): isIgnoreAppearedAcrossTask:false
04-16 15:29:21.478 D/ActivityStarterExtImpl( 2246): setForceUpdateWindow, targetTask = Task{987f186 #8770 type=standard A=1000:.applications.InstalledAppDetailsTop} r = ActivityRecord{84743408 u0 com.android.settings/.applications.InstalledAppDetails t-1} notFinish =false
04-16 15:29:21.478 D/FlexibleWindowManagerService( 2246): isIgnoreAppearedAcrossTask:false
04-16 15:29:21.478 D/FlexibleTaskController( 2246): adjustOptionsForFlexibleTask not allow options follow process task's options, reason:9 ,reusedOptions:null
04-16 15:29:21.479 I/TaskFragmentExtImpl( 2246): reset pause in recents anim for mTaskFragment: Task{987f186 #8770 type=standard A=1000:.applications.InstalledAppDetailsTop}
04-16 15:29:21.479 D/FlexibleTaskController( 2246): isSupportFlexibleWindow target = com.android.settings/.applications.InstalledAppDetailsTop callPkg = FlexibleTaskController support = false ,caller = 2246
04-16 15:29:21.479 D/FlexibleTaskController( 2246): shouldKeepFlexibleTask flexibleTask not active.
04-16 15:29:21.479 D/BackgroundActivityStartControllerExtImpl( 2246): The realCallingUid is home, start activity from background is allowed.
04-16 15:29:21.479 D/ActivityStarterExtImpl( 2246): isLaunchingRootActivity = true
04-16 15:29:21.480 D/OplusSplitScreenManagerService( 2246): com.android.settings unSupportsSplitScreen by blockList or ForbidActivityList
04-16 15:29:21.480 D/OplusSplitScreenManagerService( 2246): com.android.settings unSupportsSplitScreen by blockList or ForbidActivityList
04-16 15:29:21.481 D/OplusSplitScreenManagerService( 2246): com.android.settings unSupportsSplitScreen by blockList or ForbidActivityList
04-16 15:29:21.481 D/OplusSplitScreenManagerService( 2246): com.android.settings unSupportsSplitScreen by blockList or ForbidActivityList
