04-16 15:29:21.581 V/WindowManagerShell( 2818): , mInRemoteScene=false, mInPreReady=false, mPreStart=false, mToken=null, mAbortByRemoteFromHome=false, mShellApplyToken=null, mRequestTransitionTaskId=8770, mAbortTransitionOnShell=0, mStartFromShortcut=false, mRemovedTaskId=-1, mTransitionInterruptType=0, mMergeSecondTaskId=-1, mTaskIdStartFromRecents=0, mTransitionId=813, mCanUseSpringSlideAnim=false, mTransitionLaunchFrom=0, mFoldChangeType=-1, mAnimStartingPosition=[0, 0, 0, 0], mIsOpeningStkDialogActivity=false, mIsNeedApplyStartTForEmbedded=false, mMergeSecondTaskAnimation=false, mIsLaunchUnityStart=false, mIsLaunchFromAssistantByDefault=false, mSkipRemoteTransitionfalse, mIsStartFromKeyguard=false flags=0x0, mWCT=null, mIsOpenMergeToInValidPredictive=false}]}
04-16 15:29:21.586 D/OplusSplitScreenManagerService( 2246): com.android.settings unSupportsSplitScreen by blockList or ForbidActivityList
04-16 15:29:21.586 D/OplusSplitScreenManagerService( 2246): com.android.settings unSupportsSplitScreen by blockList or ForbidActivityList
04-16 15:29:21.586 I/TaskOrganizerController( 2246): onTaskInfoChanged taskid 8770 config { mBounds=Rect(0, 0 - 1080, 2400) mAppBounds=Rect(0, 0 - 1080, 2400) mMaxBounds=Rect(0, 0 - 1080, 2400) mDisplayRotation=ROTATION_0 mWindowingMode=fullscreen mActivityType=standard mAlwaysOnTop=undefined mRotation=ROTATION_0}
04-16 15:29:21.587 D/OplusSplitScreenManagerService( 2246): com.android.settings unSupportsSplitScreen by blockList or ForbidActivityList
04-16 15:29:21.587 D/OplusSplitScreenManagerService( 2246): com.android.settings unSupportsSplitScreen by blockList or ForbidActivityList
04-16 15:29:21.587 D/OplusSplitScreenManagerService( 2246): com.android.settings unSupportsSplitScreen by blockList or ForbidActivityList
04-16 15:29:21.587 D/OplusSplitScreenManagerService( 2246): com.android.settings unSupportsSplitScreen by blockList or ForbidActivityList
04-16 15:29:21.587 D/OplusVisibleTasks( 2246):  notifyTasksNumChange no need to notify.
04-16 15:29:21.587 D/OplusFlexibleDragToSplitAnimController( 2246): visibleFlexibleTaskInfos delete:8770
04-16 15:29:21.587 E/FlexibleWindowManagerService( 2246): notifyTaskObserverToAttachController not need to notify!
04-16 15:29:21.587 I/FlexibleWindowManagerService( 2246): onFlexibleWindowTaskInfoChanged, return for cur task not embedded
04-16 15:29:21.590 V/WindowManagerShell( 2818):  animated by com.android.wm.shell.transition.DefaultTransitionHandler@7ea3153
04-16 15:29:21.593 I/BLASTSyncEngine( 2246): onCommitted syncId: 813, timeout: false ran: false
04-16 15:29:21.600 D/OplusSplitScreenManagerService( 2246): com.android.settings unSupportsSplitScreen by blockList or ForbidActivityList
04-16 15:29:21.600 D/OplusSplitScreenManagerService( 2246): com.android.settings unSupportsSplitScreen by blockList or ForbidActivityList
04-16 15:29:21.616 D/OplusSplitScreenManagerService( 2246): com.android.settings unSupportsSplitScreen by blockList or ForbidActivityList
04-16 15:29:21.617 D/OplusSplitScreenManagerService( 2246): com.android.settings unSupportsSplitScreen by blockList or ForbidActivityList
04-16 15:29:21.618 D/OplusSplitScreenManagerService( 2246): com.android.settings unSupportsSplitScreen by blockList or ForbidActivityList
04-16 15:29:21.618 D/OplusSplitScreenManagerService( 2246): com.android.settings unSupportsSplitScreen by blockList or ForbidActivityList
04-16 15:29:21.620 D/OplusSplitScreenManagerService( 2246): com.android.settings unSupportsSplitScreen by blockList or ForbidActivityList
04-16 15:29:21.621 D/OplusSplitScreenManagerService( 2246): com.android.settings unSupportsSplitScreen by blockList or ForbidActivityList
04-16 15:29:21.621 D/ActivityTaskManager( 2246): Skipping, invisible task: Task{70b5e90 #5 type=home I=com.android.launcher/.Launcher}
04-16 15:29:21.626 D/ActivityTaskManager( 2246): after skip size:7,pre-Filtered:com.android.settings # com.adda247.gold # com.google.android.apps.messaging # com.google.android.packageinstaller # com.google.android.gm # com.android.vending # com.oppo.quicksearchbox # 
04-16 15:29:21.660 E/ActivityThread(13147): Failed to find provider info for com.oplusos.provider.PermissionProvider
04-16 15:29:21.743 W/PackageConfigPersister( 2246): App-specific configuration not found for packageName: com.adda247.gold and userId: 0
04-16 15:29:21.772 E/OplusCustomizePackageManagerInternal( 2246): getAppUninstallationPolicies:unknown mode!
04-16 15:29:21.775 D/ActivityManager( 2246): Async freezing 22269 com.google.android.apps.tachyon
04-16 15:29:21.776 D/ActivityManager( 2246): Async freezing 20081 com.google.android.gms
04-16 15:29:21.776 D/ActivityManager( 2246): Async freezing 22365 com.google.android.projection.gearhead:provider
04-16 15:29:21.777 I/ActivityManager( 2246): Killing 15904:com.oplus.romupdate/u0a178 (adj 985): empty #25
04-16 15:29:21.793 D/ActivityThread(13147): ComponentInfo{com.android.settings/com.android.settings.applications.InstalledAppDetails} checkFinished=false 2
04-16 15:29:21.805 E/OplusCustomizePackageManagerInternal( 2246): getAppUninstallationPolicies:unknown mode!
04-16 15:29:21.815 I/ActivityManager( 2246): Death received, pid = 15904, processName = com.oplus.romupdate for thread android.os.BinderProxy@4fd2d12
04-16 15:29:21.820 D/ActivityManager( 2246): reportOneUidFrozenStateChanged uid 10178 frozen = false
04-16 15:29:21.855 W/PackageConfigPersister( 2246): App-specific configuration not found for packageName: com.adda247.gold and userId: 0
04-16 15:29:21.864 V/WindowManagerShell( 2818): Transition animation finished (aborted=false), notifying core (#813) android.os.BinderProxy@22493d@0
04-16 15:29:21.864 D/SplitScreen-->AppLockManager( 2818): setStartFromSafeControl mStartFromSafeControl=false
04-16 15:29:21.867 E/OplusCustomizePackageManagerInternal( 2246): getAppUninstallationPolicies:unknown mode!
04-16 15:29:21.870 D/Transition( 2246): finishTransition ar ActivityRecord{23866559 u0 com.android.launcher/.Launcher t5}, isVisibleRequested=false, state=PAUSED, visibleAtTransitionEndTokens={ActivityRecord{84743408 u0 com.android.settings/.applications.InstalledAppDetails t8770}, WallpaperWindowToken{67beb3f showWhenLocked=false}}, this=TransitionRecord{f98d53c id=813 track=0 type=OPEN flags=0x0 state=2 c=[
04-16 15:29:21.870 D/Transition( 2246):    ChangeInfo{d7342c5 container=ActivityRecord{23866559 u0 com.android.launcher/.Launcher t5} flags=0x0}
04-16 15:29:21.870 D/Transition( 2246):    ChangeInfo{1c9a41a container=ActivityRecord{46495924 u0 com.android.settings/.SubSettings t-1 f}} flags=0x0}
04-16 15:29:21.870 D/Transition( 2246):    ChangeInfo{8f6fb4b container=ActivityRecord{84743408 u0 com.android.settings/.applications.InstalledAppDetails t8770} flags=0x0}
04-16 15:29:21.870 D/Transition( 2246):    ChangeInfo{8bc0928 container=WallpaperWindowToken{67beb3f showWhenLocked=false} flags=0x0}
04-16 15:29:21.870 D/Transition( 2246):    ChangeInfo{fca4641 container=Task{70b5e90 #5 type=home I=com.android.launcher/.Launcher} flags=0x10}
04-16 15:29:21.870 D/Transition( 2246):    ChangeInfo{70dfd4d container=Task{762b289 #1 type=home} flags=0x10}
04-16 15:29:21.870 D/Transition( 2246):    ChangeInfo{f2744e4 container=Task{987f186 #8770 type=standard A=1000:.applications.InstalledAppDetailsTop} flags=0x30}
04-16 15:29:21.870 D/Transition( 2246):    ChangeInfo{1cde7e6 container=DefaultTaskDisplayArea@164767059 flags=0x0}
04-16 15:29:21.870 D/Transition( 2246):    ChangeInfo{3380127 container=Display{#0 state=ON size=1080x2400 ROTATION_0} flags=0x0}
04-16 15:29:21.870 D/Transition( 2246):    ChangeInfo{a5c8fd4 container=WallpaperWindowToken{cdd3336 showWhenLocked=true} flags=0x0}
04-16 15:29:21.870 D/Transition( 2246):    ChangeInfo{f34057d container=ActivityRecord{266149197 u0 com.android.settings/.applications.InstalledAppDetails t-1 f}} flags=0x0}
04-16 15:29:21.870 D/Transition( 2246): ]
04-16 15:29:21.870 D/Transition( 2246): }
--------- beginning of main
04-16 15:30:29.900 I/BufferQueueProducer( 1532): [NavigationBar_displayId_0#89](this:0xb40000758c84aaf8,id:-1,api:0,p:-1,c:1532) queueBuffer: fps=0.06 dur=16158.62 max=16158.62 min=16158.62
04-16 15:30:29.958 I/sensors-hal-HfLooper( 1402): ambient light  36.000000
04-16 15:30:30.039 D/OplusShellTransition( 2818): DefaultTransitionHandler#onAnimFinish=> transition=android.os.BinderProxy@6ded005, backAnimContinue=false
04-16 15:30:30.040 V/WindowManagerShell( 2818): Transition animation finished (aborted=false), notifying core (#815) android.os.BinderProxy@6ded005@0
04-16 15:30:30.040 D/SplitScreen-->AppLockManager( 2818): setStartFromSafeControl mStartFromSafeControl=false
04-16 15:30:30.041 D/ShellTaskOrganizerExt( 2818): adjust change for exiting mini task: -1
04-16 15:30:30.044 D/Transition( 2246): finishTransition ar ActivityRecord{121757123 u0 com.android.settings/.SubSettings t8770}, isVisibleRequested=false, state=PAUSED, visibleAtTransitionEndTokens={ActivityRecord{178163535 u0 com.adda247.gold/.MainActivity t8775}}, this=TransitionRecord{cce816d id=815 track=0 type=OPEN flags=0x0 state=2 c=[
04-16 15:30:30.044 D/Transition( 2246):    ChangeInfo{2702f90 container=Task{4966039 #8775 type=standard A=10975:com.adda247.gold} flags=0x10}
04-16 15:30:30.044 D/Transition( 2246):    ChangeInfo{6aa81a2 container=ActivityRecord{121757123 u0 com.android.settings/.SubSettings t8770} flags=0x0}
04-16 15:30:30.044 D/Transition( 2246):    ChangeInfo{1a25089 container=Task{987f186 #8770 type=standard A=1000:.applications.InstalledAppDetailsTop} flags=0x10}
04-16 15:30:30.044 D/Transition( 2246):    ChangeInfo{f64be33 container=DefaultTaskDisplayArea@164767059 flags=0x0}
04-16 15:30:30.044 D/Transition( 2246):    ChangeInfo{e4ab5f0 container=Display{#0 state=ON size=1080x2400 ROTATION_0} flags=0x0}
04-16 15:30:30.044 D/Transition( 2246):    ChangeInfo{dec769 container=ActivityRecord{178163535 u0 com.adda247.gold/.MainActivity t8775} flags=0x0}
04-16 15:30:30.044 D/Transition( 2246): ]
04-16 15:30:30.044 D/Transition( 2246): }
04-16 15:30:30.044 D/ActivityTaskManager( 2246): commitVisibility: ActivityRecord{121757123 u0 com.android.settings/.SubSettings t8770}: visible=false visibleRequested=false, isInTransition=false 
04-16 15:30:30.045 D/WindowManager( 2246): NFW_setClientVisible:ActivityRecord{121757123 u0 com.android.settings/.SubSettings t8770} clientVisible:false
04-16 15:30:30.046 D/VRI[SubSettings](13147): dispatchAppVisibility visible:false mUpcomingWindowFocus:false
04-16 15:30:30.046 I/WindowManager( 2246): Window{334778a u0 com.android.settings/com.android.settings.SubSettings} state from HAS_DRAWN to DRAW_PENDING; reason: resetDrawState
04-16 15:30:30.046 D/VRI[SubSettings](13147): visibilityChanged oldVisibility=true newVisibility=false
04-16 15:30:30.046 D/Transition( 2246): finishTransition ar ActivityRecord{178163535 u0 com.adda247.gold/.MainActivity t8775}, isVisibleRequested=true, state=RESUMED, visibleAtTransitionEndTokens={ActivityRecord{178163535 u0 com.adda247.gold/.MainActivity t8775}}, this=TransitionRecord{cce816d id=815 track=0 type=OPEN flags=0x0 state=2 c=[
04-16 15:30:30.046 D/Transition( 2246):    ChangeInfo{2702f90 container=Task{4966039 #8775 type=standard A=10975:com.adda247.gold} flags=0x10}
04-16 15:30:30.046 D/Transition( 2246):    ChangeInfo{6aa81a2 container=ActivityRecord{121757123 u0 com.android.settings/.SubSettings t8770} flags=0x0}
04-16 15:30:30.046 D/Transition( 2246):    ChangeInfo{1a25089 container=Task{987f186 #8770 type=standard A=1000:.applications.InstalledAppDetailsTop} flags=0x10}
04-16 15:30:30.046 D/Transition( 2246):    ChangeInfo{f64be33 container=DefaultTaskDisplayArea@164767059 flags=0x0}
04-16 15:30:30.046 D/Transition( 2246):    ChangeInfo{e4ab5f0 container=Display{#0 state=ON size=1080x2400 ROTATION_0} flags=0x0}
04-16 15:30:30.046 D/Transition( 2246):    ChangeInfo{dec769 container=ActivityRecord{178163535 u0 com.adda247.gold/.MainActivity t8775} flags=0x0}
04-16 15:30:30.046 D/Transition( 2246): ]
04-16 15:30:30.046 D/Transition( 2246): }
04-16 15:30:30.047 I/OplusAppSwitchManagerService( 2246):  handleAppVisible , r = ActivityRecord{178163535 u0 com.adda247.gold/.MainActivity t8775}
04-16 15:30:30.048 D/OplusTransitionController( 2246): finishTransition, transition: TransitionRecord{cce816d id=815 track=0 type=OPEN flags=0x0 state=4 c=[
04-16 15:30:30.048 D/OplusTransitionController( 2246):    ChangeInfo{2702f90 container=Task{4966039 #8775 type=standard A=10975:com.adda247.gold} flags=0x10}
04-16 15:30:30.048 D/OplusTransitionController( 2246):    ChangeInfo{6aa81a2 container=ActivityRecord{121757123 u0 com.android.settings/.SubSettings t8770} flags=0x0}
04-16 15:30:30.048 D/OplusTransitionController( 2246):    ChangeInfo{1a25089 container=Task{987f186 #8770 type=standard A=1000:.applications.InstalledAppDetailsTop} flags=0x10}
04-16 15:30:30.048 D/OplusTransitionController( 2246):    ChangeInfo{f64be33 container=DefaultTaskDisplayArea@164767059 flags=0x0}
04-16 15:30:30.048 D/OplusTransitionController( 2246):    ChangeInfo{e4ab5f0 container=Display{#0 state=ON size=1080x2400 ROTATION_0} flags=0x0}
04-16 15:30:30.048 D/OplusTransitionController( 2246):    ChangeInfo{dec769 container=ActivityRecord{178163535 u0 com.adda247.gold/.MainActivity t8775} flags=0x0}
04-16 15:30:30.048 D/OplusTransitionController( 2246): ]
04-16 15:30:30.048 D/OplusTransitionController( 2246): }
04-16 15:30:30.048 D/FlexibleTaskTransitionController( 2246):  finishTransition pendingRecentToFlexibleTask:null,isRotationTransition:false ,pendingRecentToFlexible:null ,transition:TransitionRecord{cce816d id=815 track=0 type=OPEN flags=0x0 state=4 c=[
04-16 15:30:30.048 D/FlexibleTaskTransitionController( 2246):    ChangeInfo{2702f90 container=Task{4966039 #8775 type=standard A=10975:com.adda247.gold} flags=0x10}
04-16 15:30:30.048 D/FlexibleTaskTransitionController( 2246):    ChangeInfo{6aa81a2 container=ActivityRecord{121757123 u0 com.android.settings/.SubSettings t8770} flags=0x0}
04-16 15:30:30.048 D/FlexibleTaskTransitionController( 2246):    ChangeInfo{1a25089 container=Task{987f186 #8770 type=standard A=1000:.applications.InstalledAppDetailsTop} flags=0x10}
04-16 15:30:30.048 D/FlexibleTaskTransitionController( 2246):    ChangeInfo{f64be33 container=DefaultTaskDisplayArea@164767059 flags=0x0}
04-16 15:30:30.048 D/FlexibleTaskTransitionController( 2246):    ChangeInfo{e4ab5f0 container=Display{#0 state=ON size=1080x2400 ROTATION_0} flags=0x0}
04-16 15:30:30.048 D/FlexibleTaskTransitionController( 2246):    ChangeInfo{dec769 container=ActivityRecord{178163535 u0 com.adda247.gold/.MainActivity t8775} flags=0x0}
04-16 15:30:30.048 D/FlexibleTaskTransitionController( 2246): ]
04-16 15:30:30.048 D/FlexibleTaskTransitionController( 2246): }
04-16 15:30:30.050 D/SnapshotCache( 2246): removeRunningEntry id: 84743408, callers=com.android.server.wm.SnapshotCache.onIdRemoved:107 com.android.server.wm.ActivitySnapshotController.removeCachedFiles:686 com.android.server.wm.ActivitySnapshotController.postProcess:272 
04-16 15:30:30.051 D/RefreshRate( 2246): ***** request traversal for refresh rate change, reason is highTempRefreshRateChanged: false, windowRefreshRateChanged: true, flexibleWindowStateChanged: false, has float/zoom window *****
04-16 15:30:30.051 D/TransitionControllerExtImpl( 2246): NFW_send RECOMPUTE_FOCUS in finishTransition
04-16 15:30:30.051 D/Transition( 2246): finishTransaction-onCommitted syncId=815
04-16 15:30:30.051 D/ShellTaskOrganizer( 2818): onTransitionFinish, isRecent:false
04-16 15:30:30.052 V/WindowManagerShell( 2818): Track 0 became idle
04-16 15:30:30.053 W/hwcomposer( 1395): [DRMDEV] paramIsSame(), id 2466, w 1080/1080, h 2400/2400, pitch 1088/1088, format 0x1/0x2, secure 0/0  
04-16 15:30:30.057 D/HWUI    (13147): RenderProxy::destroy: this=0xb4000073407fd700, mContext=0xb40000727709e040
04-16 15:30:30.057 D/HWUI    (13147): SkiaOpenGLPipeline::setSurface: this=0xb40000727a2b3280, surface=NULL
04-16 15:30:30.059 I/TaskOrganizerController( 2246): onTaskInfoChanged taskid 8775 config { mBounds=Rect(0, 0 - 1080, 2400) mAppBounds=Rect(0, 0 - 1080, 2400) mMaxBounds=Rect(0, 0 - 1080, 2400) mDisplayRotation=ROTATION_0 mWindowingMode=fullscreen mActivityType=standard mAlwaysOnTop=undefined mRotation=ROTATION_0}
04-16 15:30:30.060 D/OplusFlexibleDragToSplitAnimController( 2246): visibleFlexibleTaskInfos delete:8775
04-16 15:30:30.060 D/ViewRootImplExtImpl(13147): wrapConfigInfoIntoFlags rotation=0, smallestScreenWidthDp=360, residentWS=false, scenario=0, bounds=Rect(0, 0 - 1080, 2400), relayoutAsync=false, flags=0, newFlags=1258302720, title=com.android.settings/com.android.settings.SubSettings
04-16 15:30:30.060 D/ShellTaskOrganizerExt( 2818): visibleFlexibleTaskInfos delete:8775
04-16 15:30:30.060 D/ShellTaskOrganizerExt( 2818): isOnCanvas size:0
04-16 15:30:30.060 D/ShellTaskOrganizerExt( 2818): isOnThreeFlexibleCanvas size:0
04-16 15:30:30.061 E/FlexibleWindowManagerService( 2246): notifyTaskObserverToAttachController not need to notify!
04-16 15:30:30.061 I/FlexibleWindowManagerService( 2246): onFlexibleWindowTaskInfoChanged, return for cur task not embedded
04-16 15:30:30.061 D/OplusSplitScreenManagerService( 2246): com.android.settings unSupportsSplitScreen by blockList or ForbidActivityList
04-16 15:30:30.061 D/OplusSplitScreenManagerService( 2246): com.android.settings unSupportsSplitScreen by blockList or ForbidActivityList
04-16 15:30:30.062 I/TaskOrganizerController( 2246): onTaskInfoChanged taskid 8770 config { mBounds=Rect(0, 0 - 1080, 2400) mAppBounds=Rect(0, 0 - 1080, 2400) mMaxBounds=Rect(0, 0 - 1080, 2400) mDisplayRotation=ROTATION_0 mWindowingMode=fullscreen mActivityType=standard mAlwaysOnTop=undefined mRotation=ROTATION_0}
04-16 15:30:30.064 D/OplusFlexibleDragToSplitAnimController( 2246): visibleFlexibleTaskInfos delete:8770
04-16 15:30:30.064 E/FlexibleWindowManagerService( 2246): notifyTaskObserverToAttachController not need to notify!
04-16 15:30:30.064 I/FlexibleWindowManagerService( 2246): onFlexibleWindowTaskInfoChanged, return for cur task not embedded
04-16 15:30:30.064 D/WindowManager( 2246): NFW_findFocusedWindowIfNeeded:null mCurrentFocus:null
04-16 15:30:30.065 D/ShellTaskOrganizerExt( 2818): visibleFlexibleTaskInfos delete:8770
04-16 15:30:30.065 D/ShellTaskOrganizerExt( 2818): isOnCanvas size:0
04-16 15:30:30.065 D/ShellTaskOrganizerExt( 2818): isOnThreeFlexibleCanvas size:0
04-16 15:30:30.065 V/WindowManager( 2246): Relayout Window{334778a u0 com.android.settings/com.android.settings.SubSettings}: viewVisibility=8, oldvis=0, req=1080x2400 , apr = 0, vsysui=LAYOUT_STABLE LAYOUT_FULLSCREEN
04-16 15:30:30.068 D/RefreshRate( 2246): Refresh rate changing from 120.00001 to 60.0,maxRefreshRate=60.0 FOR:{
04-16 15:30:30.068 D/RefreshRate( 2246):     | COURSE[; Win preferred rateId=0, appReqFirst=false, data= RateData{} ;win name:Splash Screen com.adda247.gold]
04-16 15:30:30.068 D/RefreshRate( 2246):     | VOTES[PRIORITY_WINDOW_REQUEST -> Vote{mRefreshRate=60.0, mMinRefreshRate=60.0, mRequestSource=null};]
04-16 15:30:30.068 D/RefreshRate( 2246):     | TIME:2026-04-16 10:00:30}
04-16 15:30:30.068 D/DisplayModeDirector( 2246): setAppRequest displayId : 0  modeId: 3  requestedRefreshRate: 0.0  requestedMinRefreshRateRange: 0.0  requestedMaxRefreshRateRange: 60.0
04-16 15:30:30.068 D/DisplayManagerServiceExtImpl( 2246): scheduleTraversalLocked intraversal=false
04-16 15:30:30.069 D/DisplayManagerService( 2246): MSG_REQUEST_TRAVERSAL pendingCompleted=false
04-16 15:30:30.069 D/DisplayManagerService( 2246): performTraversalInternal pendingTraversal
04-16 15:30:30.069 D/DisplayDevice( 2246): setLayerStackLocked id=local:4627039422300187648 token=android.os.BinderProxy@9388610 stack=0->0
04-16 15:30:30.070 D/WindowManager( 2246): NFW_findFocusedWindowIfNeeded:null mCurrentFocus:null
04-16 15:30:30.071 D/LocalDisplayAdapter( 2246): setDesiredDisplayModeSpecsAsync: display unique id = local:4627039422300187648, display mode specs = defaultMode=2 allowGroupSwitching=false primaryRanges=physical: (0.0 120.0) render:  (0.0 60.0) appRequestRanges=physical: (0.0 120.0) render:  (0.0 60.0) idleScreenRefreshRate=null
04-16 15:30:30.071 D/VRI[SubSettings](13147): relayoutWindow result, sizeChanged:false, surfaceControlChanged:true, transformHintChanged:false, mSurfaceSize:Point(1080, 2400), mLastSurfaceSize:Point(1080, 2400), mWidth:1080, mHeight:2400, requestedWidth:1080, requestedHeight:2400, transformHint:0, installOrientation:0, displayRotation:0, isSurfaceValid:false, attr.flag:-2122252032, tmpFrames:ClientWindowFrames{frame=[0,0][1080,2400] display=[0,0][1080,2400] parentFrame=[0,0][0,0]}, relayoutAsync:false, mSyncSeqId:0
04-16 15:30:30.071 D/BLASTBufferQueue(13147): [VRI[SubSettings][com.android.settings/com.android.settings.SubSettings]#13](f:0,a:2) destructor()
04-16 15:30:30.072 D/BufferQueueConsumer(13147): [VRI[SubSettings][com.android.settings/com.android.settings.SubSettings]#13(BLAST Consumer)13](id:335b0000000d,api:0,p:-1,c:13147) disconnect
04-16 15:30:30.072 I/SurfaceFlinger( 1532): setDesiredDisplayModeSpecs: calling_process=system_server
04-16 15:30:30.072 D/SurfaceFlinger( 1532): VRR [SurfaceFlinger] setDesiredDisplayModeSpecs, from process 2246, 2, 0, primaryRanges = [ 0.000000, 120.000000, 0.000000, 60.000000 ], appRequestRanges = [ 0.000000, 120.000000, 0.000000 60.000000 ]
04-16 15:30:30.072 I/SurfaceFlinger( 1532): setDesiredDisplayModeSpecs: policy={defaultModeId=2, allowGroupSwitching=false, primaryRanges={physical=[0.00 Hz, 120.00 Hz], render=[0.00 Hz, 60.00 Hz]}, appRequestRanges={physical=[0.00 Hz, 120.00 Hz], render=[0.00 Hz, 60.00 Hz]} idleScreenConfig=nullptr}
04-16 15:30:30.072 I/RefreshRateSelector( 1532): Display 4627039422300187648 policy changed
04-16 15:30:30.072 I/RefreshRateSelector( 1532): Previous: {defaultModeId=0, allowGroupSwitching=false, primaryRanges={physical=[120.00 Hz, 120.00 Hz], render=[120.00 Hz, 120.00 Hz]}, appRequestRanges={physical=[120.00 Hz, 120.00 Hz], render=[120.00 Hz, 120.00 Hz]} idleScreenConfig=nullptr}
04-16 15:30:30.072 I/RefreshRateSelector( 1532): Current:  DisplayManagerPolicy{defaultModeId=2, allowGroupSwitching=false, primaryRanges={physical=[0.00 Hz, 120.00 Hz], render=[0.00 Hz, 60.00 Hz]}, appRequestRanges={physical=[0.00 Hz, 120.00 Hz], render=[0.00 Hz, 60.00 Hz]} idleScreenConfig=nullptr}
04-16 15:30:30.072 I/RefreshRateSelector( 1532): 0 mode changes were performed under the previous policy
04-16 15:30:30.072 D/SurfaceFlinger( 1532): VRR [SurfaceFlinger] applyRefreshRateSelectorPolicy: 2 (60.00 Hz), policy: {defaultModeId=2, allowGroupSwitching=false, primaryRanges={physical=[0.00 Hz, 120.00 Hz], render=[0.00 Hz, 60.00 Hz]}, appRequestRanges={physical=[0.00 Hz, 120.00 Hz], render=[0.00 Hz, 60.00 Hz]} idleScreenConfig=nullptr}
04-16 15:30:30.072 D/SurfaceFlinger( 1532): VRR [SurfaceFlinger] setDesiredActiveMode: displayId: 4627039422300187648, renderRate: 60, vsyncRate: 60, event: 1
04-16 15:30:30.072 D/DisplayModeController( 1532): setDesiredMode 4627039422300187648 {mode={fps=60.00 Hz, modePtr={id=2, vsyncRate=60.00 Hz, peakRefreshRate=60.00 Hz}}, emitEvent=true, force=false}
04-16 15:30:30.073 D/Scheduler( 1532): frame_rate = 60, set halftime to 32ms
04-16 15:30:30.073 I/PowerHalWrapper( 1532): updateFps(): 60
04-16 15:30:30.074 I/HWC2    ( 1532): [0] setActiveConfigWithConstraints[2]
04-16 15:30:30.074 I/hwcomposer( 1395): [HWC] number Config: 7  
04-16 15:30:30.074 I/hwcomposer( 1395): [HWC] (0) Attribute: config:2, attr:1, value:1080  
04-16 15:30:30.074 I/hwcomposer( 1395): [HWC] number Config: 7  
04-16 15:30:30.074 I/hwcomposer( 1395): [HWC] (0) Attribute: config:2, attr:2, value:2400  
04-16 15:30:30.074 I/hwcomposer( 1395): [HWCDisplay] (0) setActiveConfigWithConstraints config:2  
04-16 15:30:30.074 I/hwcomposer( 1395): [HWCDisplay] setActiveConfigWithConstraints(), now 50625205255785, diff 329153, estimated_applied_time 8333333 queued_size:0  
04-16 15:30:30.087 I/hwcomposer( 1395): [HWCDisplay] updateAppliedConfigState: applied config complete[idx:50625213589118, config:2]  
04-16 15:30:30.097 I/DisplayDeviceRepository( 2246): Display device changed render timings: "Built-in screen", renderFrameRate=60.000004, presentationDeadlineNanos=16600000, appVsyncOffsetNanos=1133334, frameRateOverrides=[]
04-16 15:30:30.097 D/LogicalDisplayExt( 2246): set displayInfo flag FLAG_ROTATES_WITH_CONTENT
04-16 15:30:30.098 D/DisplayManagerService( 2246): Delivering display event: displayId=0, event=EVENT_DISPLAY_REFRESH_RATE_CHANGED
04-16 15:30:30.098 D/AudioSystem( 2246): +setParameters(): screen_state=on 
04-16 15:30:30.101 D/AudioBoost( 1491): audioSchedBoost, pid=1491, tid=3283, enable=1, ret=0
04-16 15:30:30.101 D/AudioFlingerExtImpl( 1491): AudioFlingerExtImpl oplusSetParameters: keyvalue screen_state=on
04-16 15:30:30.102 D/WindowManager( 2246): DeferredDisplayUpdater: partially applying DisplayInfo(1080 x 2400) immediately
04-16 15:30:30.102 D/AudioALSAHardware( 1386): +setParameters(): screen_state=on
04-16 15:30:30.102 D/AudioALSAHardware( 1386): =====>GetInstance()->MMI_Auto_Test
04-16 15:30:30.102 D/audio_engineer_test( 1386): do_audio_test_process Enter all_test[0]:NoneTest in_call:false
04-16 15:30:30.102 D/OplusAudioALSASuperVolume( 1386): parseAudioSuperVolumeParam(), not support set Audio Super Volume Param!
04-16 15:30:30.102 D/AudioALSAStreamOut( 1386): +setScreenState(), flag 2, mode 1
04-16 15:30:30.102 D/AudioALSAStreamOut( 1386): +setScreenState(), flag 8, mode 1
04-16 15:30:30.102 D/AudioALSAStreamOut( 1386): +setScreenState(), flag 4, mode 1
04-16 15:30:30.102 D/AudioALSAStreamOut( 1386): +setScreenState(), flag 32768, mode 1
04-16 15:30:30.102 D/AudioALSAStreamOut( 1386): +setScreenState(), flag 65536, mode 1
04-16 15:30:30.103 D/AudioALSAHardware( 1386): -setParameters(): screen_state=on
04-16 15:30:30.103 D/OplusVFXScreenEffectFeature( 2246): notifySFCompatWindowStateChange entered false
04-16 15:30:30.103 D/FSS_FoldScreenBlackCoverController( 2246): displayChangeToOn, dc:Display{#0 state=ON size=1080x2400 ROTATION_0}
04-16 15:30:30.103 D/[PREVIEW]( 1532): SF obtain preview_adapter: 0
04-16 15:30:30.103 D/[PREVIEW]( 1532): TabletPreviewAdapter::parallel world 0
04-16 15:30:30.104 D/AudioBoost( 1491): audioSchedBoost, pid=1491, tid=3283, enable=0, ret=0
04-16 15:30:30.105 E/OplusGestureAnimationManagerPolicy( 2246): mScreenHeight:2400 mScreenWidth:1080 mRotation:0
04-16 15:30:30.110 I/KeyguardDisplayManager( 2818): onDisplayChanged displayId: 0
04-16 15:30:30.110 I/SystemUi--Keyguard( 2818): KeyguardDisplayManagerExImpl-->orientationChanged=false, presentationDisplayChanged=false, lastPresentationWidth=0, lastPresentationHeight=0, lastPresentationDensity=0
04-16 15:30:30.147 D/VRR [OPlusRefreshRateService]( 2246): handleConfigIdChange physicalDisplayId: 4627039422300187648 configId: 2 renderPeriod: 16666666
04-16 15:30:30.190 W/OPLUS_LOG_LOAD( 2246): ==LOGS PROG INFO, prog(system_server) ==
04-16 15:30:30.190 W/AccessibilityManagerService( 2246):  wait for adding window timeout: 307
04-16 15:30:30.330 I/Quality ( 2246): BitmapCompressInfo:540,1200,3,95,214602230
04-16 15:30:30.368 D/ActivityAdapter( 3333): mTaskInfoList is empty
04-16 15:30:30.368 D/ActivityAdapter( 3333): taskChange: pre: 0, cur: 0, changed:false
04-16 15:30:30.444 D/nativeloader(22907): Configuring clns-9 for other apk /data/app/~~e6mJaQXxq-w-OhRso5uwHw==/com.adda247.gold-77YhSOBjFYDxhmTzzQlQ9Q==/base.apk. target_sdk_version=36, uses_libraries=, library_path=/data/app/~~e6mJaQXxq-w-OhRso5uwHw==/com.adda247.gold-77YhSOBjFYDxhmTzzQlQ9Q==/lib/arm64:/data/app/~~e6mJaQXxq-w-OhRso5uwHw==/com.adda247.gold-77YhSOBjFYDxhmTzzQlQ9Q==/base.apk!/lib/arm64-v8a, permitted_path=/data:/mnt/expand:/data/user/0/com.adda247.gold
04-16 15:30:30.451 I/om.adda247.gold(22907): AssetManager2(0xb4000073e2bb0428) locale list changing from [] to [en-IN]
04-16 15:30:30.458 V/GraphicsEnvironment(22907): Currently set values for:
04-16 15:30:30.458 V/GraphicsEnvironment(22907):   angle_gl_driver_selection_pkgs=[]
04-16 15:30:30.458 V/GraphicsEnvironment(22907):   angle_gl_driver_selection_values=[]
04-16 15:30:30.458 V/GraphicsEnvironment(22907): com.adda247.gold is not listed in per-application setting
04-16 15:30:30.458 V/GraphicsEnvironment(22907): ANGLE allowlist from config: 
04-16 15:30:30.458 V/GraphicsEnvironment(22907): com.adda247.gold is not listed in ANGLE allowlist or settings, returning default
04-16 15:30:30.458 V/GraphicsEnvironment(22907): Neither updatable production driver nor prerelease driver is supported.
04-16 15:30:30.462 D/ResourcesManagerExtImpl(22907): applyConfigurationToAppResourcesLocked app.getDisplayId() return callback.displayId:-1
04-16 15:30:30.502 D/SessionsDependencies(22907): Dependency to CRASHLYTICS added.
04-16 15:30:30.508 I/FirebaseApp(22907): Device unlocked: initializing all Firebase APIs for app [DEFAULT]
04-16 15:30:30.556 E/OplusDexOptimizeManager( 2246): Start app fature is off
04-16 15:30:30.558 W/OplusExSystemServiceHelper(22774): checkOplusExSystemService intent getComponent is null
04-16 15:30:30.564 I/FirebaseCrashlytics(22907): Initializing Firebase Crashlytics 19.2.1 for com.adda247.gold
04-16 15:30:30.572 W/om.adda247.gold(22907): ClassLoaderContext classpath size mismatch. expected=1, found=0 (DLC[];PCL[base.apk*3395480911]{PCL[/system/framework/org.apache.http.legacy.jar*2241503858]#PCL[/system/framework/com.android.location.provider.jar*1570284764]#PCL[/system/framework/com.android.media.remotedisplay.jar*487574312]#PCL[/system_ext/framework/com.android.extensions.appfunctions.jar*2880224042]#PCL[/system_ext/framework/androidx.window.extensions.jar*2427015362]#PCL[/system_ext/framework/androidx.window.sidecar.jar*621982722]} | DLC[];PCL[])
04-16 15:30:30.579 I/DynamiteModule(22907): Considering local module com.google.android.gms.measurement.dynamite:127 and remote module com.google.android.gms.measurement.dynamite:185
04-16 15:30:30.579 I/DynamiteModule(22907): Selected remote version of com.google.android.gms.measurement.dynamite, version >= 185
04-16 15:30:30.579 V/DynamiteModule(22907): Dynamite loader version >= 2, using loadModule2NoCrashUtils
04-16 15:30:30.585 D/SessionsDependencies(22907): Subscriber CRASHLYTICS registered.
04-16 15:30:30.608 W/System  (22907): ClassLoader referenced unknown path: 
04-16 15:30:30.609 D/nativeloader(22907): Configuring clns-10 for other apk . target_sdk_version=37, uses_libraries=, library_path=/data/app/~~y9KNIYXIt75Gevl9T8n9vg==/com.google.android.gms-jkfV6bEt_MyM6WPyOga1KA==/lib/arm64:/data/app/~~y9KNIYXIt75Gevl9T8n9vg==/com.google.android.gms-jkfV6bEt_MyM6WPyOga1KA==/base.apk!/lib/arm64-v8a, permitted_path=/data:/mnt/expand:/data/user/0/com.google.android.gms
04-16 15:30:30.619 I/om.adda247.gold(22907): AssetManager2(0xb40000739fe9d028) locale list changing from [] to [en-IN]
04-16 15:30:30.632 W/om.adda247.gold(22907): ClassLoaderContext classpath element checksum mismatch. expected=3395480911, found=2380972614 (DLC[];PCL[base.apk*3395480911]{PCL[/system/framework/org.apache.http.legacy.jar*2241503858]#PCL[/system/framework/com.android.location.provider.jar*1570284764]#PCL[/system/framework/com.android.media.remotedisplay.jar*487574312]#PCL[/system_ext/framework/com.android.extensions.appfunctions.jar*2880224042]#PCL[/system_ext/framework/androidx.window.extensions.jar*2427015362]#PCL[/system_ext/framework/androidx.window.sidecar.jar*621982722]} | DLC[];PCL[/data/app/~~e6mJaQXxq-w-OhRso5uwHw==/com.adda247.gold-77YhSOBjFYDxhmTzzQlQ9Q==/base.apk*2380972614]{PCL[/system/framework/org.apache.http.legacy.jar*2241503858]#PCL[/system_ext/framework/androidx.window.extensions.jar*2427015362]#PCL[/system_ext/framework/androidx.window.sidecar.jar*621982722]})
04-16 15:30:30.633 E/ashmem  (22907): Pinning is deprecated since Android Q. Please use trim or other methods.
04-16 15:30:30.637 D/DnsDomainBlock( 3316): onDnsEvent: latencyMs=17, returnCode=0, uid=10975
04-16 15:30:30.641 I/om.adda247.gold(22907): AssetManager2(0xb40000739fe9d628) locale list changing from [] to [en-IN]
04-16 15:30:30.643 I/om.adda247.gold(22907): AssetManager2(0xb40000739fe9dc28) locale list changing from [] to [en-IN]
04-16 15:30:30.646 D/DnsDomainBlock( 3316): onDnsEvent: latencyMs=20, returnCode=0, uid=10975
04-16 15:30:30.675 D/OplusScrollToTopManager(13147): com.android.settings/com.android.settings.SubSettings,This com.android.internal.policy.DecorView{cfe8919 V.E...... R.....ID 0,0-1080,2400 aid=9 alpha=1.0 viewInfo = }[SubSettings] change focus to false
04-16 15:30:30.682 D/FirebaseSessions(22907): Initializing Firebase Sessions SDK.
04-16 15:30:30.687 I/FirebaseInitProvider(22907): FirebaseApp initialization successful
04-16 15:30:30.687 D/FLTFireContextHolder(22907): received application context.
04-16 15:30:30.692 D/WM-WrkMgrInitializer(22907): Initializing WorkManager with default configuration.
04-16 15:30:30.714 I/PhenotypeResourceReader(22774): unable to find any Phenotype resource metadata for com.adda247.gold
04-16 15:30:30.716 D/WM-PackageManagerHelper(22907): Skipping component enablement for androidx.work.impl.background.systemjob.SystemJobService
04-16 15:30:30.716 D/WM-Schedulers(22907): Created SystemJobScheduler and enabled SystemJobService
04-16 15:30:30.732 D/WM-ForceStopRunnable(22907): The default process name was not specified.
04-16 15:30:30.733 D/WM-ForceStopRunnable(22907): Performing cleanup operations.
04-16 15:30:30.734 I/om.adda247.gold(22907): hiddenapi: Accessing hidden method Ldalvik/system/VMStack;->getStackClass2()Ljava/lang/Class; (runtime_flags=0, domain=core-platform, api=unsupported) from Lm7/apn; (domain=app, TargetSdkVersion=36) using reflection: allowed
04-16 15:30:30.738 D/gaia-GaiaConnectChecker( 6751): start connect check++
04-16 15:30:30.739 D/OplusGraphicsEvent(22907): OplusGraphicsEventListener create now!
04-16 15:30:30.740 D/OplusGraphicsEvent(22907): addEventListener success!
04-16 15:30:30.742 E/[UAH_CLIENT](22907): uahInit enter
04-16 15:30:30.745 W/om.adda247.gold(22907): AIBinder_linkToDeath is being called with a non-null cookie and no onUnlink callback set. This might not be intended. AIBinder_DeathRecipient_setOnUnlinked should be called first.
04-16 15:30:30.746 I/UrccFramework-halservice( 1474): Urcc::init is called 
04-16 15:30:30.746 I/[UAH_CLIENT](22907): UahGetFeatureStatus enter
04-16 15:30:30.750 D/nativeloader(22907): Load libpowerhalwrap_jni.so using system ns (caller=/system_ext/framework/mediatek-framework.jar): ok
04-16 15:30:30.750 I/PowerHalWrapper(22907): PowerHalWrapper.getInstance 
04-16 15:30:30.750 I/PowerHalWrapper(22907): PowerHalWrapper.getInstance 
04-16 15:30:30.750 I/M-ProMotion(22907): M-ProMotion is disabled
04-16 15:30:30.773 W/com.facebook.UserSettingsManager(22907): You haven't set a value for AdvertiserIDCollectionEnabled. Set the flag to TRUE if you want to collect Advertiser ID for better advertising and analytics results. To request user consent before collecting data, set the flag value to FALSE, then change to TRUE once user consent is received. Learn more: https://developers.facebook.com/docs/app-events/getting-started-app-events-android#disable-auto-events.
04-16 15:30:30.774 E/om.adda247.gold(22907): No package ID 6a found for resource ID 0x6a0b0013.
04-16 15:30:30.775 I/FA      (22907): App measurement initialized, version: 161007
04-16 15:30:30.776 I/FA      (22907): To enable debug logging run: adb shell setprop log.tag.FA VERBOSE
04-16 15:30:30.776 I/FA      (22907): To enable faster debug mode event logging run:
04-16 15:30:30.776 I/FA      (22907):   adb shell setprop debug.firebase.analytics.app com.adda247.gold
04-16 15:30:30.780 I/TcpSyn  ( 3316): updateFrontUidsToKernel, uids = [10975]
04-16 15:30:30.787 D/CompatChangeReporter(22907): Compat change id reported: 288912692; UID 10975; state: ENABLED
04-16 15:30:30.799 D/WM-ForceStopRunnable(22907): Application was force-stopped, rescheduling.
04-16 15:30:30.801 D/ActivityManager( 2246): pid 18726 com.facebook.katana received async transactions while frozen
04-16 15:30:30.801 D/ActivityManager( 2246): reportOneUidFrozenStateChanged uid 10285 frozen = false
04-16 15:30:30.810 D/ActivityManager( 2246): sync unfroze 18726 com.facebook.katana for 7
04-16 15:30:30.815 V/AudioServiceExtImpl( 2246): isOplusRedirectOutputEnable: false
04-16 15:30:30.815 D/AudioManagerExtImpl(18726): getStreamVolume packageName=com.facebook.katana, index=9, streamType=1
04-16 15:30:30.822 I/SystemUi--Notification( 2818): OplusLiveAlertNotificationsRepository-->onNotificationChannelModified: com.adda247.gold 0 MoEngage Notifications 1
04-16 15:30:30.827 E/OplusDexOptimizeManager( 2246): Start app fature is off
04-16 15:30:30.827 W/OplusExSystemServiceHelper(20081): checkOplusExSystemService intent getComponent is null
04-16 15:30:30.837 D/DnsDomainBlock( 3316): onDnsEvent: latencyMs=18, returnCode=0, uid=10975
04-16 15:30:30.843 E/OplusDexOptimizeManager( 2246): Start app fature is off
04-16 15:30:30.845 W/Service (10825): setForeground: ignoring old API call on com.oplus.notification.NotificationCenterService
04-16 15:30:30.845 D/NotificationCenter(10825): NotificationCenterService-->onBind:0
04-16 15:30:30.855 V/MoEngage(22907): Core_SdkInstanceManager addInstanceIfPossible() Current Instance Count: 0
04-16 15:30:30.856 V/MoEngage(22907): Core_SdkInstanceManager addInstanceIfPossible() Is default instance initialised? false
04-16 15:30:30.856 V/MoEngage(22907): Core_SdkInstanceManager addInstanceIfPossible() Is incoming instance default? true
04-16 15:30:30.858 V/MoEngage(22907): Core_LifecycleManager registerForObservers() : 
04-16 15:30:30.858 V/MoEngage(22907): Core_LifecycleManager registerForApplicationLifecycle() : 
04-16 15:30:30.859 V/MoEngage(22907): Core_LifecycleManager addObserver() : 
04-16 15:30:30.859 V/MoEngage(22907): Core_GlobalApplicationLifecycleHandler onCreate() : 
04-16 15:30:30.859 V/MoEngage(22907): Core_LifecycleManager registerActivityLifecycleObserver() : 
04-16 15:30:30.860 I/MoEngage(22907): WMDA2A8JEH4S8FJ1LB96WMJW Core_InitialisationHandler initialiseSdk() : SDK version : 140401
04-16 15:30:30.870 I/MoEngage(22907): WMDA2A8JEH4S8FJ1LB96WMJW Core_InitialisationHandler initialiseSdk() : InitConfig: {"appId":"WMDA2A8JEH4S8FJ1LB96WMJW_DEBUG","dataCenter":"DATA_CENTER_1","cardConfig":{"cardPlaceHolderImage":-1,"inboxEmptyImage":-1,"cardsDateFormat":"MMM dd, hh:mm a","isSwipeRefreshEnabled":true},"push":{"tokenRetryInterval":20,"meta":{"smallIcon":2131755008,"largeIcon":2131755008,"notificationColor":2131099774,"isMultipleNotificationInDrawerEnabled":true,"isBuildingBackStackEnabled":true,"isLargeIconDisplayEnabled":true,"isDirectPostingForHeadsUpEnabled":true},"fcm":{"isRegistrationEnabled":true},"pushKit":{"isRegistrationEnabled":false}},"log":{"level":3,"isEnabledForReleaseBuild":false},"trackingOptOut":{"isCarrierTrackingEnabled":true,"isDeviceAttributeTrackingEnabled":true,"optOutActivities":[],"screenNameTrackingConfig":{"isPackageFilteringEnabled":false,"whitelistedPackages":[]},"optedOutActivityNames":["com.moengage.pushbase.internal.activity.PermissionActivity"]},"rtt":{"isBackgroundSyncEnabled":true},"inApp":{"optOutActivities":[],"isShowInAppInNewActivityEnabled":false,"activityNames":["com.moengage.pushbase.activities.PushTracker","com.moengage.pushbase.activities.SnoozeTracker","com.moengage.pushbase.internal.activity.PermissionActivity","com.moengage.inapp.internal.activity.MoEInAppActivity","com.moengage.sdk.debugger.MoEDebuggerActivity"]},"dataSync":{"isPeriodicSyncEnabled":true,"periodicSyncInterval":-1,"isBackgroundSyncEnabled":true},"integrationPartner":null,"storageSecurityConfig":{"storageEncryptionConfig":{"isEncryptionEnabled":false}},"networkRequestConfig":{"networkDataSecurityConfig":{"isEncryptionEnabled":false,"encryptionEncodedDebugKey":"","encryptionEncodedReleaseKey":""},"networkAuthorizationConfig":{"isJwtEnabled":false,"shouldEnableForAllUsers":false},"shouldCacheConnection":true},"userRegistrationConfig":{"isRegistrationEnabled":false},"environmentConfig":{"environment":"DEFAULT"},"source":"SOURCE_CODE","projectConfig":{"projectId":""}}
04-16 15:30:30.870 I/MoEngage(22907): WMDA2A8JEH4S8FJ1LB96WMJW Core_InitialisationHandler initialiseSdk(): initialisation process started
04-16 15:30:30.870 I/MoEngage(22907): WMDA2A8JEH4S8FJ1LB96WMJW Core_InitialisationHandler initialiseSdk(): Is SDK initialised on main thread: true
04-16 15:30:30.871 V/MoEPluginBase_5.2.0_(22907): MoEPluginBase_5.2.0_PluginInitializer configureBasePlugin() : 
04-16 15:30:30.873 I/MoEngage(22907): Core_PushManager loadPushKitHandler() : PushKit module not present.
04-16 15:30:30.876 I/MoEngage(22907): WMDA2A8JEH4S8FJ1LB96WMJW Core_InitialisationHandler setupSDKEnvironment(): 
04-16 15:30:30.881 I/SystemUi--Notification( 2818): OplusLiveAlertNotificationsRepository-->onNotificationChannelModified: com.adda247.gold 0 MoEngage Notifications 2
04-16 15:30:30.882 I/SystemUi--Notification( 2818): OplusLiveAlertNotificationsRepository-->onNotificationChannelModified: com.adda247.gold 0 MoEngage Notifications 2
04-16 15:30:30.882 I/MoEngage(22907): Core_CardManager loadHandler() : Card module not found.
04-16 15:30:30.892 I/ActivityManager( 2246): Flag disabled. Ignoring finishAttachApplication from uid: 10975. pid: 22907
04-16 15:30:30.883 V/MoEngage(22907): Core_CrashTrackerManager register(): 
04-16 15:30:30.892 V/MoEngage(22907): Core_Utils postOnMainThread() : class com.moengage.core.internal.CoreController$$ExternalSyntheticLambda2
04-16 15:30:30.892 V/MoEngage(22907): Core_CrashTrackerManager registerUnCaughtExceptionHandler(): 
04-16 15:30:30.892 V/MoEngage(22907): MoEFlutter_MoEInitializer addIntegrationMeta(): Add Integration Meta for AppId : WMDA2A8JEH4S8FJ1LB96WMJW
04-16 15:30:30.895 I/[UAH_CLIENT]( 2246): UahEventAcquire, cmdid:2, pkg:none, identity:OplusActivityManagerServiceEnhance
04-16 15:30:30.898 D/GpuServiceExtImpl( 1502): getRUSWhiteList  size 0
04-16 15:30:30.898 I/HWUI    (22907): SupportApps size 0
04-16 15:30:30.899 W/PackageManager( 2246): package com.adda247.gold uid 10975 pid 22907 call SetEnabledSetting(com.adda247.gold component = androidx.work.impl.background.systemalarm.RescheduleReceiver, 2, 0)
04-16 15:30:30.900 D/WM-PackageManagerHelper(22907): androidx.work.impl.background.systemalarm.RescheduleReceiver disabled
04-16 15:30:30.901 D/ExtensionsLoader(22907): createInstance(64bit) : createExtendedFactory
04-16 15:30:30.901 I/om.adda247.gold(22907): AssetManager2(0xb400007340b5b028) locale list changing from [] to [en-IN]
04-16 15:30:30.902 D/ExtensionsLoader(22907): Opened libSchedAssistExtImpl.so
04-16 15:30:30.902 D/ResourcesManagerExtImpl(22907): applyConfigurationToAppResourcesLocked app.getDisplayId() return callback.displayId:0
04-16 15:30:30.902 E/SchedAssist(22907): open sharedFd failed with error=Permission denied
04-16 15:30:30.902 E/SchedAssist(22907): open sharedFd failed with error=Permission denied
04-16 15:30:30.902 E/SchedAssist(22907): open sharedFd failed with error=Permission denied
04-16 15:30:30.903 I/DisplayManager(22907): Choreographer implicitly registered for the refresh rate.
04-16 15:30:30.907 V/MoEngage(22907): Core_Utils cancelPendingJobSchedulers() : 
04-16 15:30:30.915 E/OplusDexOptimizeManager( 2246): Start app fature is off
04-16 15:30:30.918 W/OplusExSystemServiceHelper(20081): checkOplusExSystemService intent getComponent is null
04-16 15:30:30.922 D/BoundBrokerSvc(20081): onBind: Intent { act=com.google.android.gms.measurement.START xflg=0x4 pkg=com.google.android.gms mCallingUid=10975 }
04-16 15:30:30.922 D/BoundBrokerSvc(20081): Loading bound service for intent: Intent { act=com.google.android.gms.measurement.START xflg=0x4 pkg=com.google.android.gms mCallingUid=10975 }
04-16 15:30:30.931 I/hwservicemanager(  619): getTransport: Cannot find entry android.hardware.configstore@1.0::ISurfaceFlingerConfigs/default in either framework or device VINTF manifest.
04-16 15:30:30.952 V/MoEngage(22907): Core_GlobalActivityLifecycleObserver onActivityCreated(): MainActivity
04-16 15:30:30.953 D/ExtensionsLoader(22907): createInstance(64bit) : createExtendedFactory
04-16 15:30:30.953 D/ExtensionsLoader(22907): Opened libeglextimpl.so
04-16 15:30:30.954 D/PreCache(22907): [IPreCacheRus]loadRUSConfigs#102 failed to transact: -22 prc:com.adda247.gold
04-16 15:30:30.954 V/MoEngage(22907): InApp_9.5.0_InAppModuleManager onCreateActivity(): com.adda247.gold.MainActivity
04-16 15:30:30.955 V/MoEngage(22907): InApp_9.5.0_InAppModuleManager clearNudgesCache() : Activity name: com.adda247.gold.MainActivity
04-16 15:30:30.956 E/OplusPredictiveBackController(22907):  NoSuchMethodException 
04-16 15:30:30.956 D/OplusPredictiveBackController(22907): should not HookOnBackInvokedCallbackEnabled for application com.adda247.gold.MainActivity@4a9dd93 hasOnBackInvokedCallBackEnabled
04-16 15:30:30.956 D/OplusPredictiveBackController(22907): initPredictiveBackConfig for com.adda247.gold.MainActivity@4a9dd93 initPredictiveBackConfig mShouldInterceptKeyEvent false
04-16 15:30:30.956 D/OplusPredictiveBackController(22907): should not HookOnBackInvokedCallbackEnabled for application com.adda247.gold.MainActivity@4a9dd93 hasOnBackInvokedCallBackEnabled
04-16 15:30:30.956 D/WindowOnBackDispatcher(22907):  predictive settings is disabled for com.adda247.gold
04-16 15:30:30.957 I/oplus.android.OplusFrameworkFactoryImpl(22907): Unknow feature:IOplusTextViewRTLUtilForUG
04-16 15:30:30.968 D/CompatChangeReporter(22907): Compat change id reported: 377864165; UID 10975; state: ENABLED
04-16 15:30:30.970 D/DesktopModeFlags(22907): Toggle override initialized to: OVERRIDE_UNSET
04-16 15:30:30.973 I/FA      (22907): Tag Manager is not found and thus will not be used
04-16 15:30:30.974 V/MoEPluginBase_5.2.0_(22907): MoEPluginBase_5.2.0__PluginHelper addIntegrationMeta() : integrationMeta: IntegrationMeta(type=flutter, version=10.3.0), appId: WMDA2A8JEH4S8FJ1LB96WMJW
04-16 15:30:30.991 I/MoEngage(22907): WMDA2A8JEH4S8FJ1LB96WMJW Core_InitialisationHandler processInitialization(): 
04-16 15:30:30.996 I/FirebaseCrashlytics(22907): No version control information found
04-16 15:30:30.996 V/MoEngage(22907): Core_GlobalActivityLifecycleObserver onActivityStarted(): MainActivity
04-16 15:30:30.996 V/MoEngage(22907): InApp_9.5.0_InAppModuleManager registerActivity() : com.adda247.gold.MainActivity, fromOnResume: false
04-16 15:30:30.996 V/MoEngage(22907): InApp_9.5.0_InAppModuleManager clearIsShowInAppCalledForInstanceCache() : 
04-16 15:30:30.996 V/MoEngage(22907): InApp_9.5.0_InAppModuleManager clearIsShowInAppCalledForInstanceCache() : clearing.. []
04-16 15:30:30.996 V/MoEngage(22907): InApp_9.5.0_InAppModuleManager resetShowInAppShowState() : Resetting show state.
04-16 15:30:31.012 V/MoEngage(22907): InApp_9.5.0_ConfigurationChangeHandler onConfigurationChanged() : false 
04-16 15:30:31.012 V/MoEngage(22907): InApp_9.5.0_ConfigurationChangeHandler handleInAppsOnOrientationChange() : Dismiss & Re-render InApp if required
04-16 15:30:31.012 V/MoEngage(22907): InApp_9.5.0_ConfigurationChangeHandler updateActivityData() : configChangeMeta: configChangeMeta:[com.adda247.gold.MainActivity, 1]
04-16 15:30:31.027 I/ResourceExtractor(22907): Resource version mismatch res_timestamp-39-1776332278809
04-16 15:30:31.029 D/FlutterJNI(22907): Beginning load of flutter...
04-16 15:30:31.041 V/MoEngage(22907): InApp_9.5.0_Utils getTestInAppMeta() :
04-16 15:30:31.041 V/MoEngage(22907): InApp_9.5.0_InAppModuleManager getCurrentActivityName() : Activity Name: com.adda247.gold.MainActivity
04-16 15:30:31.046 I/MoEngage(22907): Core_RttManager loadHandler() : Rtt module not found
04-16 15:30:31.049 I/MoEngage(22907): null loadHandler() : Security module not found
04-16 15:30:31.050 D/nativeloader(22907): Load /data/app/~~e6mJaQXxq-w-OhRso5uwHw==/com.adda247.gold-77YhSOBjFYDxhmTzzQlQ9Q==/base.apk!/lib/arm64-v8a/libflutter.so using class loader ns clns-9 (caller=/data/app/~~e6mJaQXxq-w-OhRso5uwHw==/com.adda247.gold-77YhSOBjFYDxhmTzzQlQ9Q==/base.apk!classes24.dex): ok
04-16 15:30:31.051 D/FlutterJNI(22907): flutter (null) was loaded normally!
04-16 15:30:31.062 I/MoEngage(22907): Core_PushAmpManager loadHandler() : Push Amp Module not found.
04-16 15:30:31.064 I/MoEngage(22907): Core_GeoManager loadHandler() :  Geofence module not found.
04-16 15:30:31.075 V/MoEngage(22907): InApp_9.5.0_InAppModuleManager getCurrentActivityName() : Activity Name: com.adda247.gold.MainActivity
04-16 15:30:31.545 E/OplusDexOptimizeManager( 2246): Start app fature is off
04-16 15:30:31.546 W/OplusExSystemServiceHelper(18726): checkOplusExSystemService intent getComponent is null
04-16 15:30:31.546 W/fb4a.AppComponentFactory(18726): Instantiating Service
04-16 15:30:31.643 D/JobSchedulerServiceExtImpl( 2246): updateOsenseRestrictMode for 1 false false
04-16 15:30:31.658 D/Osense-BaseDecisionMaker( 2246): notifyDelayedSceneToPolicy
04-16 15:30:31.672 I/ResourceExtractor(22907): Extracted baseline resource assets/flutter_assets/kernel_blob.bin
04-16 15:30:31.673 I/ResourceExtractor(22907): Extracted baseline resource assets/flutter_assets/vm_snapshot_data
04-16 15:30:31.748 I/ResourceExtractor(22907): Extracted baseline resource assets/flutter_assets/isolate_snapshot_data
04-16 15:30:31.760 I/om.adda247.gold(22907): AssetManager2(0xb400007340b5da28) locale list changing from [] to [en-IN]
04-16 15:30:31.816 D/colorx  (22907): VulkanExtImpl Init
04-16 15:30:31.817 D/vulkan  (22907): searching for layers in '/data/app/~~e6mJaQXxq-w-OhRso5uwHw==/com.adda247.gold-77YhSOBjFYDxhmTzzQlQ9Q==/lib/arm64'
04-16 15:30:31.818 D/vulkan  (22907): searching for layers in '/data/app/~~e6mJaQXxq-w-OhRso5uwHw==/com.adda247.gold-77YhSOBjFYDxhmTzzQlQ9Q==/base.apk!/lib/arm64-v8a'
