04-08 12:13:29.950 I/appium  (23208): AppiumResponse: {"sessionId":"356b7982-405f-4000-a380-7c7d263494ed","value":{"error":"no such element","message":"An element could not be located on the page using the given search parameters","stacktrace":"io.appium.uiautomator2.common.exceptions.ElementNotFoundException: An element could not be located on the page using the given search parameters\n\tat io.appium.uiautomator2.utils.ElementLocationHelpers.findElement(ElementLocationHelpers.java:153)\n\tat io.appium.uiautomator2.handler.FindElement.safeHandle(FindElement.java:60)\n\tat io.appium.uiautomator2.handler.request.SafeRequestHandler.handle(SafeRequestHandler.java:59)\n\tat io.appium.uiautomator2.server.AppiumServlet.handleRequest(AppiumServlet.java:267)\n\tat io.appium.uiautomator2.server.AppiumServlet.handleHttpRequest(AppiumServlet.java:261)\n\tat io.appium.uiautomator2.http.ServerHandler.channelRead(ServerHandler.java:77)\n\tat io.netty.channel.AbstractChannelHandlerContext.fireChannelRead(AbstractChannelHandlerContext.java:356)\n\tat io.netty.handler.codec.MessageToMessageDecoder.channelRead(MessageToMessageDecoder.java:107)\n\tat io.netty.channel.AbstractChannelHandlerContext.fireChannelRead(AbstractChannelHandlerContext.java:356)\n\tat io.netty.channel.CombinedChannelDuplexHandler$DelegatingChannelHandlerContext.fireChannelRead(CombinedChannelDuplexHandler.java:434)\n\tat io.netty.handler.codec.ByteToMessageDecoder.fireChannelRead(ByteToMessageDecoder.java:361)\n\tat io.netty.handler.codec.ByteToMessageDecoder.channelRead(ByteToMessageDecoder.java:325)\n\tat io.netty.channel.CombinedChannelDuplexHandler.channelRead(CombinedChannelDuplexHandler.java:249)\n\tat io.netty.channel.AbstractChannelHandlerContext.fireChannelRead(AbstractChannelHandlerContext.java:354)\n\tat io.netty.handler.timeout.IdleStateHandler.channelRead(IdleStateHandler.java:293)\n\tat io.netty.channel.AbstractChannelHandlerContext.fireChannelRead(AbstractChannelHandlerContext.java:354)\n\tat io.netty.channel.DefaultChannelPipeline$HeadContext.channelRead(DefaultChannelPipeline.java:1429)\n\tat io.netty.channel.DefaultChannelPipeline.fireChannelRead(DefaultChannelPipeline.java:918)\n\tat io.netty.channel.nio.AbstractNioByteChannel$NioByteUnsafe.read(AbstractNioByteChannel.java:172)\n\tat io.netty.channel.nio.AbstractNioChannel$AbstractNioUnsafe.handle(AbstractNioChannel.java:445)\n\tat io.netty.channel.nio.NioIoHandler$DefaultNioRegistration.handle(NioIoHandler.java:388)\n\tat io.netty.channel.nio.NioIoHandler.processSelectedKey(NioIoHandler.java:596)\n\tat io.netty.channel.nio.NioIoHandler.processSelectedKeysOptimized(NioIoHandler.java:571)\n\tat io.netty.channel.nio.NioIoHandler.processSelectedKeys(NioIoHandler.java:512)\n\tat io.netty.channel.nio.NioIoHandler.run(NioIoHandler.java:484)\n\tat io.netty.channel.SingleThreadIoEventLoop.runIo(SingleThreadIoEventLoop.java:225)\n\tat io.netty.channel.SingleThreadIoEventLoop.run(SingleThreadIoEventLoop.java:196)\n\tat io.netty.util.concurrent.SingleThreadEventExecutor$5.run(SingleThreadEventExecutor.java:1195)\n\tat io.netty.util.internal.ThreadExecutorMap$2.run(ThreadExecutorMap.java:74)\n\tat io.netty.util.concurrent.FastThreadLocalRunnable.run(FastThreadLocalRunnable.java:30)\n\tat java.lang.Thread.run(Thread.java:1564)\n"}}
04-08 12:13:29.950 D/WindowManager( 2171): setFrameRateStart invalid typeId return!
04-08 12:13:29.955 D/WindowManager( 2171): NFW_findFocusedWindowIfNeeded:Window{fdf2e15 u0 com.google.android.permissioncontroller/com.android.permissioncontroller.permission.ui.GrantPermissionsActivity} mCurrentFocus:Window{fdf2e15 u0 com.google.android.permissioncontroller/com.android.permissioncontroller.permission.ui.GrantPermissionsActivity}
04-08 12:13:29.956 I/AccessibilityWindowsPopulator( 2171): getInsensibleFlag flag = 0
04-08 12:13:29.956 I/AccessibilityWindowsPopulator( 2171): getInsensibleFlag flag = 0
04-08 12:13:29.957 D/SurfaceAnimationRunner( 2171): onAnimationStart:Surface(name=Surface(name=6ff7dcf Splash Screen com.adda247.gold)/@0x4a44bdf - animation-leash of window_animation)/@0x68c702c
04-08 12:13:29.957 D/SurfaceAnimationRunner( 2171): onAnimationEnd:Surface(name=Surface(name=6ff7dcf Splash Screen com.adda247.gold)/@0x4a44bdf - animation-leash of window_animation)/@0x68c702c
04-08 12:13:29.957 D/BLASTBufferQueue( 2940): [VRI[gold][Splash Screen com.adda247.gold]#2789](f:0,a:3) destructor()
04-08 12:13:29.957 D/BufferQueueConsumer( 2940): [VRI[gold][Splash Screen com.adda247.gold]#2789(BLAST Consumer)2789](id:b7c00000af1,api:0,p:-1,c:2940) disconnect
04-08 12:13:29.958 D/SurfaceFlinger( 1534): calculateTimeoutTime, triggerInterval = 2 sec + 999999769 nsec
04-08 12:13:29.958 I/BufferQueueProducer( 1534): [StatusBar#93](this:0xb400006f6c101af8,id:-1,api:0,p:-1,c:1534) queueBuffer: fps=0.37 dur=8189.17 max=8140.90 min=6.36
04-08 12:13:29.958 D/Transition( 2171): finishTransition ar ActivityRecord{238815501 u0 com.google.android.permissioncontroller/com.android.permissioncontroller.permission.ui.GrantPermissionsActivity t8379}, isVisibleRequested=true, state=RESUMED, visibleAtTransitionEndTokens={ActivityRecord{238815501 u0 com.google.android.permissioncontroller/com.android.permissioncontroller.permission.ui.GrantPermissionsActivity t8379}}, this=TransitionRecord{a666318 id=6852 track=0 type=OPEN flags=0x0 state=2 c=[
04-08 12:13:29.958 D/Transition( 2171):    ChangeInfo{c59b171 container=Display{#0 state=ON size=1080x2400 ROTATION_0} flags=0x0}
04-08 12:13:29.958 D/Transition( 2171):    ChangeInfo{4a72b56 container=DefaultTaskDisplayArea@164275376 flags=0x0}
04-08 12:13:29.958 D/Transition( 2171):    ChangeInfo{4e5d7d7 container=Task{c38897e #8379 type=standard A=10932:com.adda247.gold} flags=0x0}
04-08 12:13:29.958 D/Transition( 2171):    ChangeInfo{ea8c685 container=ActivityRecord{238815501 u0 com.google.android.permissioncontroller/com.android.permissioncontroller.permission.ui.GrantPermissionsActivity t8379} flags=0x0}
04-08 12:13:29.958 D/Transition( 2171): ]
04-08 12:13:29.958 D/Transition( 2171): }
04-08 12:13:29.958 I/OplusAppSwitchManagerService( 2171):  handleAppVisible , r = ActivityRecord{238815501 u0 com.google.android.permissioncontroller/com.android.permissioncontroller.permission.ui.GrantPermissionsActivity t8379}
04-08 12:13:29.961 D/OplusTransitionController( 2171): finishTransition, transition: TransitionRecord{a666318 id=6852 track=0 type=OPEN flags=0x0 state=4 c=[
04-08 12:13:29.961 D/OplusTransitionController( 2171):    ChangeInfo{c59b171 container=Display{#0 state=ON size=1080x2400 ROTATION_0} flags=0x0}
04-08 12:13:29.961 D/OplusTransitionController( 2171):    ChangeInfo{4a72b56 container=DefaultTaskDisplayArea@164275376 flags=0x0}
04-08 12:13:29.961 D/OplusTransitionController( 2171):    ChangeInfo{4e5d7d7 container=Task{c38897e #8379 type=standard A=10932:com.adda247.gold} flags=0x0}
04-08 12:13:29.961 D/OplusTransitionController( 2171):    ChangeInfo{ea8c685 container=ActivityRecord{238815501 u0 com.google.android.permissioncontroller/com.android.permissioncontroller.permission.ui.GrantPermissionsActivity t8379} flags=0x0}
04-08 12:13:29.961 D/OplusTransitionController( 2171): ]
04-08 12:13:29.961 D/OplusTransitionController( 2171): }
04-08 12:13:29.961 D/FlexibleTaskTransitionController( 2171):  finishTransition pendingRecentToFlexibleTask:null,isRotationTransition:false ,pendingRecentToFlexible:null ,transition:TransitionRecord{a666318 id=6852 track=0 type=OPEN flags=0x0 state=4 c=[
04-08 12:13:29.961 D/FlexibleTaskTransitionController( 2171):    ChangeInfo{c59b171 container=Display{#0 state=ON size=1080x2400 ROTATION_0} flags=0x0}
04-08 12:13:29.961 D/FlexibleTaskTransitionController( 2171):    ChangeInfo{4a72b56 container=DefaultTaskDisplayArea@164275376 flags=0x0}
04-08 12:13:29.961 D/FlexibleTaskTransitionController( 2171):    ChangeInfo{4e5d7d7 container=Task{c38897e #8379 type=standard A=10932:com.adda247.gold} flags=0x0}
04-08 12:13:29.961 D/FlexibleTaskTransitionController( 2171):    ChangeInfo{ea8c685 container=ActivityRecord{238815501 u0 com.google.android.permissioncontroller/com.android.permissioncontroller.permission.ui.GrantPermissionsActivity t8379} flags=0x0}
04-08 12:13:29.961 D/FlexibleTaskTransitionController( 2171): ]
04-08 12:13:29.961 D/FlexibleTaskTransitionController( 2171): }
04-08 12:13:29.963 I/Osense-BaseDecisionMaker( 2171): notifySceneToAthenaPolicy: SCENE_ACTIVITY_IDLE, bundle: Bundle[{scene=SCENE_ACTIVITY_IDLE}]
04-08 12:13:29.963 D/TransitionControllerExtImpl( 2171): NFW_send RECOMPUTE_FOCUS in finishTransition
04-08 12:13:29.964 D/ShellTaskOrganizer( 2940): onTransitionFinish, isRecent:false
04-08 12:13:29.965 W/UserAwareMgr( 2171): event can not be released, id: 5005, count: 2, releasePid: 2171
04-08 12:13:29.966 V/WindowManagerShell( 2940): Track 0 became idle
04-08 12:13:29.966 V/WindowManagerShell( 2940):  animated by com.android.wm.shell.transition.DefaultTransitionHandler@606f0e8
04-08 12:13:29.966 D/OplusShellTransition( 2940): dispatchTransition, animated mHandler: com.android.wm.shell.transition.DefaultTransitionHandler@606f0e8
04-08 12:13:29.966 V/WindowManagerShell( 2940): Track 0 became idle
04-08 12:13:29.966 D/ShellTaskOrganizerExt( 2940): visibleFlexibleTaskInfos delete:8379
04-08 12:13:29.966 D/ShellTaskOrganizerExt( 2940): isOnCanvas size:0
04-08 12:13:29.966 D/ShellTaskOrganizerExt( 2940): isOnThreeFlexibleCanvas size:0
04-08 12:13:29.968 I/Osense-BaseDecisionMaker( 2171): OSense not supported scene! SCENE_ACTIVITY_IDLE
04-08 12:13:29.981 D/ShortcutService( 2171): Getting shortcuts for launcher= com.android.launcheruserId=0 pkg=com.google.android.gm
04-08 12:13:29.983 I/ssioncontroller( 7858): AssetManager2(0xb4000072496e0328) locale list changing from [] to [en-IN]
04-08 12:13:29.993 I/eara_io@eval( 1808): [eara_io_eval] wl 2 , top 0 , req_r 0 , req_w 2 , readsz_mb 0 , writesz_mb 0
04-08 12:13:30.009 D/WindowManager( 2171): NFW_findFocusedWindowIfNeeded:Window{fdf2e15 u0 com.google.android.permissioncontroller/com.android.permissioncontroller.permission.ui.GrantPermissionsActivity} mCurrentFocus:Window{fdf2e15 u0 com.google.android.permissioncontroller/com.android.permissioncontroller.permission.ui.GrantPermissionsActivity}
04-08 12:13:30.015 D/RefreshRate( 2171): Refresh rate changing from 60.0 to 90.0,maxRefreshRate=90.0 FOR:{
04-08 12:13:30.015 D/RefreshRate( 2171):     | COURSE[; Win preferred rateId=1, appReqFirst=false, data= RateData{PreferredRefreshRateData{mPreferredRefreshRateId=[1, 1, 2, 3],isAnimBoost=true}} ;win name:com.google.android.permissioncontroller/com.android.permissioncontroller.permission.ui.GrantPermissionsActivity]
04-08 12:13:30.015 D/RefreshRate( 2171):     | VOTES[PRIORITY_WINDOW_REQUEST -> Vote{mRefreshRate=90.0, mMinRefreshRate=90.0, mRequestSource=null};]
04-08 12:13:30.015 D/RefreshRate( 2171):     | TIME:2026-04-08 06:43:30}
04-08 12:13:30.016 D/DisplayModeDirector( 2171): setAppRequest displayId : 0  modeId: 2  requestedRefreshRate: 0.0  requestedMinRefreshRateRange: 0.0  requestedMaxRefreshRateRange: 90.0
04-08 12:13:30.018 I/WindowStateExtImpl( 2171): onSurfaceShowChange show = false mPackageName = com.adda247.gold parentPkgName = com.adda247.gold
04-08 12:13:30.020 I/WindowManager( 2171): Window{6ff7dcf u0 Splash Screen com.adda247.gold EXITING} state from HAS_DRAWN to NO_SURFACE; reason: destroySurface
04-08 12:13:30.028 I/System.out( 3345): ASDADASDSDASD CALLING
04-08 12:13:30.028 I/System.out( 3345): DONE CALLING {"success":true}
04-08 12:13:30.030 D/ActivityManager( 2171): Freezer deadlock watchdog
04-08 12:13:30.040 I/flutter (23255): ┌───────────────────────────────────────────────────────────────────────────────────────────────────────────────────────
04-08 12:13:30.040 I/flutter (23255): │ #0   AppLogger.logDebug (package:adda_gold/logger/app_logger.dart:122:15)
04-08 12:13:30.040 I/flutter (23255): │ #1   AppRemoteConfig.initialize (package:adda_gold/app_remote_config/app_remote_config.dart:166:17)
04-08 12:13:30.040 I/flutter (23255): ├┄┄┄┄┄┄┄┄┄┄┄┄┄┄┄┄┄┄┄┄┄┄┄┄┄┄┄┄┄┄┄┄┄┄┄┄┄┄┄┄┄┄┄┄┄┄┄┄┄┄┄┄┄┄┄┄┄┄┄┄┄┄┄┄┄┄┄┄┄┄┄┄┄┄┄┄┄┄┄┄┄┄┄┄┄┄┄┄┄┄┄┄┄┄┄┄┄┄┄┄┄┄┄┄┄┄┄┄┄┄┄┄┄┄┄┄┄┄┄
04-08 12:13:30.040 I/flutter (23255): │ 12:13:30.040 (+0:00:04.373935)
04-08 12:13:30.041 I/flutter (23255): ├┄┄┄┄┄┄┄┄┄┄┄┄┄┄┄┄┄┄┄┄┄┄┄┄┄┄┄┄┄┄┄┄┄┄┄┄┄┄┄┄┄┄┄┄┄┄┄┄┄┄┄┄┄┄┄┄┄┄┄┄┄┄┄┄┄┄┄┄┄┄┄┄┄┄┄┄┄┄┄┄┄┄┄┄┄┄┄┄┄┄┄┄┄┄┄┄┄┄┄┄┄┄┄┄┄┄┄┄┄┄┄┄┄┄┄┄┄┄┄
04-08 12:13:30.041 I/flutter (23255): │ 🐛 RemoteConfig initialized with cached/default values
04-08 12:13:30.041 I/flutter (23255): └───────────────────────────────────────────────────────────────────────────────────────────────────────────────────────
04-08 12:13:30.041 D/Pluto-ANR-watcher( 8413): Check for ANR...
04-08 12:13:30.046 D/Pluto-ANR-watcher( 8413): UI Thread responded within 1s
04-08 12:13:30.048 I/AccessibilityWindowsPopulator( 2171): getInsensibleFlag flag = 0
04-08 12:13:30.049 V/WindowManager( 2171): Relayout Window{fdf2e15 u0 com.google.android.permissioncontroller/com.android.permissioncontroller.permission.ui.GrantPermissionsActivity}: viewVisibility=0, oldvis=0, req=1026x700 , apr = 0, vsysui=, x=0, y=0
04-08 12:13:30.057 D/WindowManager( 2171): setFrameRateStart invalid typeId return!
04-08 12:13:30.069 I/SurfaceControl( 7858):  setExtendedRangeBrightness sc=Surface(name=com.google.android.permissioncontroller/com.android.permissioncontroller.permission.ui.GrantPermissionsActivity)/@0xe7c8ab4,currentBufferRatio=1.0,desiredRatio=1.0
04-08 12:13:30.069 D/HWUI    ( 7858): createSurface new attribs array
04-08 12:13:30.069 D/libEGL  ( 7858): this is from skia gles
04-08 12:13:30.069 I/InputDispatcher( 2171): updateFocusedWindow, fdf2e15 com.google.android.permissioncontroller/com.android.permissioncontroller.permission.ui.GrantPermissionsActivity on display 0, reason: Window became focusable. Previous reason: NOT_VISIBLE, result:   FocusedWindows:
04-08 12:13:30.069 I/InputDispatcher( 2171):     displayId=0, name='fdf2e15 com.google.android.permissioncontroller/com.android.permissioncontroller.permission.ui.GrantPermissionsActivity'
04-08 12:13:30.072 D/VRI[GrantPermissionsActivity]( 7858): onFocusEvent true
04-08 12:13:30.072 W/VRI[GrantPermissionsActivity]( 7858): handleResized abandoned!
04-08 12:13:30.074 I/AccessibilityWindowsPopulator( 2171): getInsensibleFlag flag = 0
04-08 12:13:30.074 D/SurfaceAnimationRunner( 2171): onAnimationStart:Surface(name=Surface(name=fdf2e15 com.google.android.permissioncontroller/com.android.permissioncontroller.permission.ui.GrantPermissionsActivity)/@0xc61a73 - animation-leash of window_animation)/@0x85a7d30
04-08 12:13:30.074 D/SurfaceAnimationRunner( 2171): onAnimationStart:Surface(name=Dim Layer for - Task=8379)/@0x7a23c5c
04-08 12:13:30.081 W/System  (23255): Ignoring header If-None-Match because its value was null.
04-08 12:13:30.081 D/BLASTBufferQueue( 7858): [VRI[GrantPermissionsActivity][com.google.android.permissioncontroller/com.android.permissioncontroller.permission.ui.GrantPermissionsActivity]#5](f:0,a:1) producer disconnected before acquireNextBufferLocked
04-08 12:13:30.082 D/BLASTBufferQueue( 7858): [VRI[GrantPermissionsActivity][com.google.android.permissioncontroller/com.android.permissioncontroller.permission.ui.GrantPermissionsActivity]#5](f:0,a:1) acquireNextBufferLocked size=1218x892 mFrameNumber=1 applyTransaction=true mTimestamp=325049600574986(auto) mPendingTransactions.size=0 graphicBufferId=33749853012023 transform=0
04-08 12:13:30.085 I/AccessibilityWindowsPopulator( 2171): getInsensibleFlag flag = 0
04-08 12:13:30.085 D/InputMethodManagerService( 2171): isSecurity: attribute.packageName = com.google.android.permissioncontroller mCurMethodId = com.google.android.inputmethod.latin/com.android.inputmethod.latin.LatinIME isSecurity = false ( enable = false needShow = false inBlackList = false isExist = true )
04-08 12:13:30.089 I/GoogleInputMethodService(19811): GoogleInputMethodService.onFinishInput():2159 
04-08 12:13:30.089 V/AutofillInlineSuggestionsRequestSession( 2171): onInputMethodFinishInput() received
04-08 12:13:30.090 I/Module  (19811): DeviceLockedStatusModuleProvider$Module.updateDeviceLockedStatus():103 repeatCheckTimes = 0, locked = false
04-08 12:13:30.091 I/GoogleInputMethodService(19811): GoogleInputMethodService.onStartInput():1434 onStartInput(EditorInfo{EditorInfo{packageName=com.google.android.permissioncontroller, inputType=0, inputTypeString=NULL, enableLearning=false, autoCorrection=false, autoComplete=false, imeOptions=0, privateImeOptions=null, actionName=UNSPECIFIED, actionLabel=null, initialSelStart=-1, initialSelEnd=-1, initialCapsMode=0, label=null, fieldId=0, fieldName=null, extras=Bundle[{com.oplus.im.WINDOW_MODE=1, com.oplus.im.SCENES=0}], hintText=null, hintLocales=[]}}, false)
04-08 12:13:30.092 I/AndroidIME(19811): LatinIMEBase.updateInputViewCoverNavigation():312 Update input view padding, isNavbarOverInputWindow=true, bottom inset=132
04-08 12:13:30.092 V/AutofillInlineSuggestionsRequestSession( 2171): onInputMethodStartInput() received on 0
04-08 12:13:30.092 D/WindowManager( 2171): setFrameRateStart invalid typeId return!
04-08 12:13:30.093 I/Module  (19811): DeviceLockedStatusModuleProvider$Module.updateDeviceLockedStatus():103 repeatCheckTimes = 1, locked = false
04-08 12:13:30.093 I/eara_io@eval( 1808): [eara_io_eval] wl 0 , top 0 , req_r 0 , req_w 0 , readsz_mb 0 , writesz_mb 0
04-08 12:13:30.094 I/ImeTracker( 2171): system_server:1e1a05e5: onRequestHide at ORIGIN_SERVER reason IME_REQUESTED_CHANGED_LISTENER fromUser false
04-08 12:13:30.098 I/ImeTracker( 2171): system_server:1e1a05e5: onCancelled at PHASE_SERVER_SHOULD_HIDE
04-08 12:13:30.103 W/PackageConfigPersister( 2171): App-specific configuration not found for packageName: com.google.android.permissioncontroller and userId: 0
04-08 12:13:30.105 D/WindowManager( 2171): NFW_findFocusedWindowIfNeeded:Window{fdf2e15 u0 com.google.android.permissioncontroller/com.android.permissioncontroller.permission.ui.GrantPermissionsActivity} mCurrentFocus:Window{fdf2e15 u0 com.google.android.permissioncontroller/com.android.permissioncontroller.permission.ui.GrantPermissionsActivity}
04-08 12:13:30.107 D/DisplayManagerServiceExtImpl( 2171): scheduleTraversalLocked intraversal=false
04-08 12:13:30.108 D/OplusTouch( 1435): in_deviceId = 0,in_nodeFlag = 9,data = 180,len = 3
04-08 12:13:30.108 D/OplusTouch( 1435): path = /proc/touchpanel/report_rate_white_list,len = 256
04-08 12:13:30.110 D/OplusTouch( 1435): write 3 bytes
04-08 12:13:30.112 I/AccessibilityWindowsPopulator( 2171): getInsensibleFlag flag = 0
04-08 12:13:30.113 I/AccessibilityWindowsPopulator( 2171): getInsensibleFlag flag = 0
04-08 12:13:30.114 D/DisplayManagerService( 2171): MSG_REQUEST_TRAVERSAL pendingCompleted=false
04-08 12:13:30.114 W/Binder  ( 2171): Outgoing transactions from this process must be FLAG_ONEWAY
04-08 12:13:30.114 W/Binder  ( 2171): java.lang.Throwable
04-08 12:13:30.114 W/Binder  ( 2171): 	at android.os.BinderProxy.transact(BinderProxy.java:639)
04-08 12:13:30.114 W/Binder  ( 2171): 	at android.content.ContentProviderProxy.insert(ContentProviderNative.java:587)
04-08 12:13:30.114 W/Binder  ( 2171): 	at android.content.ContentProviderClient.insert(ContentProviderClient.java:347)
04-08 12:13:30.114 W/Binder  ( 2171): 	at android.content.ContentProviderClient.insert(ContentProviderClient.java:336)
04-08 12:13:30.114 W/Binder  ( 2171): 	at com.oplus.util.OplusStatisticsImpl.insert(OplusStatisticsImpl.java:307)
04-08 12:13:30.114 W/Binder  ( 2171): 	at com.oplus.util.OplusStatisticsImpl.sendDataToDCS(OplusStatisticsImpl.java:287)
04-08 12:13:30.114 W/Binder  ( 2171): 	at com.oplus.util.OplusStatisticsImpl.flushInternal(OplusStatisticsImpl.java:264)
04-08 12:13:30.114 W/Binder  ( 2171): 	at com.oplus.util.OplusStatisticsImpl.lambda$setDelayFlushJobIfNeed$4(OplusStatisticsImpl.java:211)
04-08 12:13:30.114 W/Binder  ( 2171): 	at com.oplus.util.OplusStatisticsImpl.$r8$lambda$4UYTp2NCu6Rml69JNqEuK7o54SI(Unknown Source:0)
04-08 12:13:30.114 W/Binder  ( 2171): 	at com.oplus.util.OplusStatisticsImpl$$ExternalSyntheticLambda5.run(D8$$SyntheticClass:0)
04-08 12:13:30.114 W/Binder  ( 2171): 	at java.util.concurrent.Executors$RunnableAdapter.call(Executors.java:520)
04-08 12:13:30.114 W/Binder  ( 2171): 	at java.util.concurrent.FutureTask.run(FutureTask.java:317)
04-08 12:13:30.114 W/Binder  ( 2171): 	at java.util.concurrent.ScheduledThreadPoolExecutor$ScheduledFutureTask.run(ScheduledThreadPoolExecutor.java:348)
04-08 12:13:30.114 W/Binder  ( 2171): 	at java.util.concurrent.ThreadPoolExecutor.runWorker(ThreadPoolExecutor.java:1154)
04-08 12:13:30.114 W/Binder  ( 2171): 	at java.util.concurrent.ThreadPoolExecutor$Worker.run(ThreadPoolExecutor.java:652)
04-08 12:13:30.114 W/Binder  ( 2171): 	at java.lang.Thread.run(Thread.java:1564)
04-08 12:13:30.116 D/DisplayManagerService( 2171): performTraversalInternal pendingTraversal
04-08 12:13:30.117 D/DisplayDevice( 2171): setLayerStackLocked id=local:4627039422300187648 token=android.os.BinderProxy@af2e824 stack=0->0
04-08 12:13:30.117 D/LocalDisplayAdapter( 2171): setDesiredDisplayModeSpecsAsync: display unique id = local:4627039422300187648, display mode specs = defaultMode=1 allowGroupSwitching=false primaryRanges=physical: (0.0 120.0) render:  (0.0 90.0) appRequestRanges=physical: (0.0 120.0) render:  (0.0 90.0) idleScreenRefreshRate=null
04-08 12:13:30.118 I/SurfaceFlinger( 1534): setDesiredDisplayModeSpecs: calling_process=system_server
04-08 12:13:30.118 D/SurfaceFlinger( 1534): VRR [SurfaceFlinger] setDesiredDisplayModeSpecs, from process 2171, 1, 0, primaryRanges = [ 0.000000, 120.000000, 0.000000, 90.000000 ], appRequestRanges = [ 0.000000, 120.000000, 0.000000 90.000000 ]
04-08 12:13:30.118 I/SurfaceFlinger( 1534): setDesiredDisplayModeSpecs: policy={defaultModeId=1, allowGroupSwitching=false, primaryRanges={physical=[0.00 Hz, 120.00 Hz], render=[0.00 Hz, 90.00 Hz]}, appRequestRanges={physical=[0.00 Hz, 120.00 Hz], render=[0.00 Hz, 90.00 Hz]} idleScreenConfig=nullptr}
04-08 12:13:30.118 I/RefreshRateSelector( 1534): Display 4627039422300187648 policy changed
04-08 12:13:30.118 I/RefreshRateSelector( 1534): Previous: {defaultModeId=2, allowGroupSwitching=false, primaryRanges={physical=[0.00 Hz, 120.00 Hz], render=[0.00 Hz, 60.00 Hz]}, appRequestRanges={physical=[0.00 Hz, 120.00 Hz], render=[0.00 Hz, 60.00 Hz]} idleScreenConfig=nullptr}
04-08 12:13:30.118 I/RefreshRateSelector( 1534): Current:  DisplayManagerPolicy{defaultModeId=1, allowGroupSwitching=false, primaryRanges={physical=[0.00 Hz, 120.00 Hz], render=[0.00 Hz, 90.00 Hz]}, appRequestRanges={physical=[0.00 Hz, 120.00 Hz], render=[0.00 Hz, 90.00 Hz]} idleScreenConfig=nullptr}
04-08 12:13:30.118 I/RefreshRateSelector( 1534): 1 mode changes were performed under the previous policy
04-08 12:13:30.118 D/SurfaceFlinger( 1534): VRR [SurfaceFlinger] applyRefreshRateSelectorPolicy: 1 (90.00 Hz), policy: {defaultModeId=1, allowGroupSwitching=false, primaryRanges={physical=[0.00 Hz, 120.00 Hz], render=[0.00 Hz, 90.00 Hz]}, appRequestRanges={physical=[0.00 Hz, 120.00 Hz], render=[0.00 Hz, 90.00 Hz]} idleScreenConfig=nullptr}
04-08 12:13:30.118 D/SurfaceFlinger( 1534): VRR [SurfaceFlinger] setDesiredActiveMode: displayId: 4627039422300187648, renderRate: 90, vsyncRate: 90, event: 1
04-08 12:13:30.119 D/DisplayModeController( 1534): setDesiredMode 4627039422300187648 {mode={fps=90.00 Hz, modePtr={id=1, vsyncRate=90.00 Hz, peakRefreshRate=90.00 Hz}}, emitEvent=true, force=false}
04-08 12:13:30.119 D/Scheduler( 1534): frame_rate = 90, set halftime to 16ms
04-08 12:13:30.119 I/PowerHalWrapper( 1534): updateFps(): 90
04-08 12:13:30.124 I/BufferQueueProducer( 1534): [NavigationBar_displayId_0#83](this:0xb400006f6c3adaf8,id:-1,api:0,p:-1,c:1534) queueBuffer: fps=1.87 dur=8011.38 max=7762.00 min=14.89
04-08 12:13:30.125 I/HWC2    ( 1534): [0] setActiveConfigWithConstraints[1]
04-08 12:13:30.125 I/hwcomposer( 1401): [HWC] number Config: 7  
04-08 12:13:30.126 I/hwcomposer( 1401): [HWC] (0) Attribute: config:1, attr:1, value:1080  
04-08 12:13:30.126 I/hwcomposer( 1401): [HWC] number Config: 7  
04-08 12:13:30.126 I/hwcomposer( 1401): [HWC] (0) Attribute: config:1, attr:2, value:2400  
04-08 12:13:30.126 I/hwcomposer( 1401): [HWCDisplay] (0) setActiveConfigWithConstraints config:1  
04-08 12:13:30.126 I/hwcomposer( 1401): [HWCDisplay] setActiveConfigWithConstraints(), now 325049645093217, diff 451384, estimated_applied_time 16666667 queued_size:0  
04-08 12:13:30.131 D/DnsDomainBlock( 3431): onDnsEvent: latencyMs=12, returnCode=0, uid=10932
04-08 12:13:30.139 I/hwcomposer( 1401): [HWCDisplay] updateAppliedConfigState: applied config complete[idx:325049661759884, config:1]  
04-08 12:13:30.140 W/Choreographer( 2171): Frame time is 0.057448998 ms in the future!  Check that graphics HAL is generating vsync timestamps using the correct timebase.
04-08 12:13:30.140 W/Choreographer( 2171): Frame time is 0.016526 ms in the future!  Check that graphics HAL is generating vsync timestamps using the correct timebase.
04-08 12:13:30.147 I/DisplayDeviceRepository( 2171): Display device changed render timings: "Built-in screen", renderFrameRate=90.0, presentationDeadlineNanos=16100000, appVsyncOffsetNanos=1033333, frameRateOverrides=[]
04-08 12:13:30.147 D/LogicalDisplayExt( 2171): set displayInfo flag FLAG_ROTATES_WITH_CONTENT
04-08 12:13:30.148 D/DisplayManagerService( 2171): Delivering display event: displayId=0, event=EVENT_DISPLAY_REFRESH_RATE_CHANGED
04-08 12:13:30.149 D/WindowManager( 2171): DeferredDisplayUpdater: partially applying DisplayInfo(1080 x 2400) immediately
04-08 12:13:30.149 E/OplusGestureAnimationManagerPolicy( 2171): mScreenHeight:2400 mScreenWidth:1080 mRotation:0
04-08 12:13:30.150 D/OplusVFXScreenEffectFeature( 2171): notifySFCompatWindowStateChange entered false
04-08 12:13:30.151 D/FSS_FoldScreenBlackCoverController( 2171): displayChangeToOn, dc:Display{#0 state=ON size=1080x2400 ROTATION_0}
04-08 12:13:30.151 D/[PREVIEW]( 1534): SF obtain preview_adapter: 0
04-08 12:13:30.151 D/[PREVIEW]( 1534): TabletPreviewAdapter::parallel world 0
04-08 12:13:30.151 D/AudioSystem( 2171): +setParameters(): screen_state=on 
04-08 12:13:30.152 D/AudioBoost( 1478): audioSchedBoost, pid=1478, tid=12002, enable=1, ret=0
04-08 12:13:30.152 D/AudioFlingerExtImpl( 1478): AudioFlingerExtImpl oplusSetParameters: keyvalue screen_state=on
04-08 12:13:30.153 D/AudioALSAHardware( 1393): +setParameters(): screen_state=on
04-08 12:13:30.153 D/AudioALSAHardware( 1393): =====>GetInstance()->MMI_Auto_Test
04-08 12:13:30.153 D/audio_engineer_test( 1393): do_audio_test_process Enter all_test[0]:NoneTest in_call:false
04-08 12:13:30.153 D/OplusAudioALSASuperVolume( 1393): parseAudioSuperVolumeParam(), not support set Audio Super Volume Param!
04-08 12:13:30.153 D/AudioALSAStreamOut( 1393): +setScreenState(), flag 2, mode 1
04-08 12:13:30.153 D/AudioALSAStreamOut( 1393): +setScreenState(), flag 8, mode 1
04-08 12:13:30.153 D/AudioALSAStreamOut( 1393): +setScreenState(), flag 4, mode 1
04-08 12:13:30.154 D/AudioALSAStreamOut( 1393): +setScreenState(), flag 32768, mode 1
04-08 12:13:30.154 D/AudioALSAStreamOut( 1393): +setScreenState(), flag 65536, mode 1
04-08 12:13:30.154 D/AudioALSAHardware( 1393): -setParameters(): screen_state=on
04-08 12:13:30.156 D/AudioBoost( 1478): audioSchedBoost, pid=1478, tid=12002, enable=0, ret=0
04-08 12:13:30.160 I/KeyguardDisplayManager( 2940): onDisplayChanged displayId: 0
04-08 12:13:30.161 I/SystemUi--Keyguard( 2940): KeyguardDisplayManagerExImpl-->orientationChanged=false, presentationDisplayChanged=false, lastPresentationWidth=0, lastPresentationHeight=0, lastPresentationDensity=0
04-08 12:13:30.166 I/system_server( 2171): Background young concurrent mark compact GC freed 18MB AllocSpace bytes, 18(408KB) LOS objects, 13% free, 118MB/137MB, paused 17.181ms,11.915ms total 414.870ms
04-08 12:13:30.191 D/VRR [OPlusRefreshRateService]( 2171): handleConfigIdChange physicalDisplayId: 4627039422300187648 configId: 1 renderPeriod: 11111111
04-08 12:13:30.193 I/eara_io@eval( 1808): [eara_io_eval] wl 1 , top 0 , req_r 1 , req_w 0 , readsz_mb 0 , writesz_mb 0
04-08 12:13:30.196 W/System  ( 2171): A resource failed to call release. 
04-08 12:13:30.269 D/ActivityAdapter( 3453): taskChange: pre: 0, cur: 1, changed:true
04-08 12:13:30.270 D/ActivityAdapter( 3453): notifyActivityQuery: [com.adda247.gold; com.google.android.permissioncontroller/com.android.permissioncontroller.permission.ui.GrantPermissionsActivity; 1; COMMON; 10275]
04-08 12:13:30.270 D/OPlusFrontAppManager( 3453): useAdapterResult, pkg=com.adda247.gold,activity=com.google.android.permissioncontroller/com.android.permissioncontroller.permission.ui.GrantPermissionsActivity,result=true
04-08 12:13:30.270 D/OPlusFrontAppManager( 3453): decide -->> [com.adda247.gold; com.google.android.permissioncontroller/com.android.permissioncontroller.permission.ui.GrantPermissionsActivity; 1; COMMON; 10275]
04-08 12:13:30.271 D/ConferenceScene( 3453): pkg:com.adda247.gold, activity:com.google.android.permissioncontroller/com.android.permissioncontroller.permission.ui.GrantPermissionsActivity, appSense:COMMON
04-08 12:13:30.271 D/NetworkUtils( 3453): list1 size 1,list2 size0
04-08 12:13:30.271 D/AtomHighLoadSenseInfo( 3453): handleMessage what:1000
04-08 12:13:30.271 D/AtomHighLoadSenseInfo( 3453): handleAppSenseChanged original mode:{live:0,video:0,voice call:0,video call:0,live host:0,meeting:0}
04-08 12:13:30.271 D/AtomHighLoadSenseInfo( 3453): handleAppSenseChanged appInfoUnit:{pkgName:com.adda247.gold,activityName:,winMode:1,event:COMMON,type:0,subEvent:0,pid:7858,uid:10275}
04-08 12:13:30.271 D/SceneService( 3453): handleMessage what:1004
04-08 12:13:30.271 D/SceneService( 3453): notifyAppSceneChanged original mode:{live:0,video:0,voice call:0,video call:0,live host:0,game:0,meeting:0,news:0,file transfer:0},appInfoUnit:[{pkgName:com.adda247.gold,activityName:,winMode:1,event:COMMON,type:0,subEvent:0,pid:7858,uid:10275}]
04-08 12:13:30.271 D/AtomNetworkScoreInfo( 3453): handleMessage: 1006
04-08 12:13:30.271 D/AtomNetworkScoreInfo( 3453): top app size: 1
04-08 12:13:30.271 D/AtomNetworkScoreInfo( 3453): Front app state: 1
04-08 12:13:30.272 D/Subsys-ScoreAppManager( 3453): handleMessage what:2
04-08 12:13:30.272 D/Subsys-ScoreAppManager( 3453): EVENT_ID_APP_SENSE_CHANGE  onFrontActivityChanged
04-08 12:13:30.272 D/Subsys-ScoreAppManager( 3453): appSceneChange fgAppUnits size 1 fgAppUnits [{pkgName:com.adda247.gold,activityName:,winMode:1,event:COMMON,type:0,subEvent:0,pid:7858,uid:10275}] mLastNetworkList[174]
04-08 12:13:30.272 D/Subsys-ScoreAppManager( 3453): createApp
04-08 12:13:30.272 D/CommonApp-174-10275( 3453): init22
04-08 12:13:30.272 D/NetworkService[0]( 3453): getIfIndexByNetid netId:174,ifName:wlan0,ifIndex:37
04-08 12:13:30.272 D/NetworkService[0]( 3453): getIfIndexByNetid netId:174,ifName:wlan0,ifIndex:37
04-08 12:13:30.272 D/CommonApp-174-10275( 3453): BaseApp init, mNetId 174 mIfIndex 37 network 174
04-08 12:13:30.272 D/AppSenseClient( 3442): handleMessage: 100
04-08 12:13:30.272 D/AppSenseClient( 3442): handleSenseEvent appInfoUnits: {pkgName:com.adda247.gold,activityName:com.google.android.permissioncontroller/com.android.permissioncontroller.permission.ui.GrantPermissionsActivity,winMode:1,event:COMMON,type:0,subEvent:0,pid:7858,uid:10275},
04-08 12:13:30.273 D/AppSenseClient( 3442): handleSenseEvent clients: 1
04-08 12:13:30.273 D/AppSenseClient( 3442): handleSenseEvent clientId: 92391543
04-08 12:13:30.273 D/AppSenseClient( 3442): notifyAppEvent: pkgName: com.adda247.gold,activityName:com.google.android.permissioncontroller/com.android.permissioncontroller.permission.ui.GrantPermissionsActivity;state: 1;event: COMMON;type: 0;subEvent: 0;pid: 7858;uid: 10275
04-08 12:13:30.273 D/AppSenseClient( 3442): notifyAppChanges: [{pkgName:com.adda247.gold,activityName:com.google.android.permissioncontroller/com.android.permissioncontroller.permission.ui.GrantPermissionsActivity,winMode:1,event:COMMON,type:0,subEvent:0,pid:7858,uid:10275}]
04-08 12:13:30.273 D/NhsAppSenseListener( 3442): onAppEvent enter
04-08 12:13:30.273 E/PhoneInterfaceManager( 3408): getServiceStateForSlot retuning null for invalid slotIndex=-1
04-08 12:13:30.273 D/NhsAppSenseListener( 3442): new event: event=0, state=1, pkg=com.adda247.gold, type=0, subEvent=0
04-08 12:13:30.273 D/NhsAppSenseListener( 3442): onAppChanged, app list size: 1
04-08 12:13:30.273 D/CommonApp-174-10275( 3453): choiceScoreWay
04-08 12:13:30.273 D/AppSenseService( 3453): notifySenseEvent: {pkgName:com.adda247.gold,activityName:com.google.android.permissioncontroller/com.android.permissioncontroller.permission.ui.GrantPermissionsActivity,winMode:1,event:COMMON,type:0,subEvent:0,pid:7858,uid:10275},
04-08 12:13:30.273 D/CommonApp-174-10275( 3453): useTraditionalScore
04-08 12:13:30.273 D/CommonApp-174-10275( 3453): initState
04-08 12:13:30.273 D/CommonApp-174-10275( 3453): createScenarios
04-08 12:13:30.273 D/CommonApp-174-10275( 3453): init end
04-08 12:13:30.273 D/AppSenseClient( 3431): handleMessage: 100
04-08 12:13:30.273 D/AppSenseClient( 3431): handleSenseEvent appInfoUnits: {pkgName:com.adda247.gold,activityName:com.google.android.permissioncontroller/com.android.permissioncontroller.permission.ui.GrantPermissionsActivity,winMode:1,event:COMMON,type:0,subEvent:0,pid:7858,uid:10275},
04-08 12:13:30.273 D/Subsys-ScoreAppManager( 3453): unit: {pkgName:com.adda247.gold,activityName:,winMode:1,event:COMMON,type:0,subEvent:0,pid:7858,uid:10275}
04-08 12:13:30.273 D/AppSenseClient( 3431): handleSenseEvent clients: 1
04-08 12:13:30.273 D/AppSenseClient( 3431): handleSenseEvent clientId: 163645626
04-08 12:13:30.273 D/CommonApp-174-10275( 3453): CommonState enter
04-08 12:13:30.273 D/AppSenseClient( 3431): notifyAppEvent: pkgName: com.adda247.gold,activityName:com.google.android.permissioncontroller/com.android.permissioncontroller.permission.ui.GrantPermissionsActivity;state: 1;event: COMMON;type: 0;subEvent: 0;pid: 7858;uid: 10275
04-08 12:13:30.273 D/CommonApp-174-10275( 3453): DefaultState EVENT_INIT_STATE_COMPLETE
04-08 12:13:30.273 D/CommonApp-174-10275( 3453): startDataCollection
04-08 12:13:30.273 D/CommonApp-174-10275( 3453): current network isn't cellular,not need enable modem report
04-08 12:13:30.273 D/AppSenseClient( 3431): notifyAppChanges: [{pkgName:com.adda247.gold,activityName:com.google.android.permissioncontroller/com.android.permissioncontroller.permission.ui.GrantPermissionsActivity,winMode:1,event:COMMON,type:0,subEvent:0,pid:7858,uid:10275}]
04-08 12:13:30.273 D/NAS-DataSceneEvent( 3431): onAppEvent enter
04-08 12:13:30.273 D/NAS-DataSceneEvent( 3431): new event: event=0, state=1, pkg=com.adda247.gold, type=0, subEvent=0
04-08 12:13:30.273 D/NAS-DataSceneEvent( 3431): onAppChanged, app list size: 1
04-08 12:13:30.273 D/NAS-DataSceneEvent( 3431): updateAppSenseChange [{pkgName:com.adda247.gold,activityName:com.google.android.permissioncontroller/com.android.permissioncontroller.permission.ui.GrantPermissionsActivity,winMode:1,event:COMMON,type:0,subEvent:0,pid:7858,uid:10275}]
04-08 12:13:30.273 D/NetlinkUtils( 3453): sendToKernel byteBuffer:java.nio.HeapByteBuffer[pos=32 lim=32 cap=32],nlmsg_pid:3453,nlmsg_type:48,cmdType:1,type:9,nla_len:12
04-08 12:13:30.273 D/AppSenseClient( 2171): handleMessage: 100
04-08 12:13:30.274 D/AppSenseClient( 2171): handleSenseEvent appInfoUnits: {pkgName:com.adda247.gold,activityName:com.google.android.permissioncontroller/com.android.permissioncontroller.permission.ui.GrantPermissionsActivity,winMode:1,event:COMMON,type:0,subEvent:0,pid:7858,uid:10275},
04-08 12:13:30.274 D/AppSenseClient( 2171): handleSenseEvent clients: 1
04-08 12:13:30.274 D/AppSenseClient( 2171): handleSenseEvent clientId: 147842039
04-08 12:13:30.274 D/AppSenseClient( 2171): notifyAppEvent: pkgName: com.adda247.gold,activityName:com.google.android.permissioncontroller/com.android.permissioncontroller.permission.ui.GrantPermissionsActivity;state: 1;event: COMMON;type: 0;subEvent: 0;pid: 7858;uid: 10275
04-08 12:13:30.274 D/AppSenseClient( 2171): notifyAppChanges: [{pkgName:com.adda247.gold,activityName:com.google.android.permissioncontroller/com.android.permissioncontroller.permission.ui.GrantPermissionsActivity,winMode:1,event:COMMON,type:0,subEvent:0,pid:7858,uid:10275}]
04-08 12:13:30.274 D/NetlinkUtils( 3453): sendTransportScoreInfo result:true
04-08 12:13:30.274 D/Subsys-ScoreAppManager( 3453): handleMessage what:40
04-08 12:13:30.275 D/Subsys-ScoreAppManager( 3453): EVENT_SCORE_STATE_INFOtrue
04-08 12:13:30.275 D/ScorePolicyManager( 3453): handleMessage: SCORE_STATE_CHANGEtrue
04-08 12:13:30.285 D/AALLightSensor( 1812): oldLux=42 [SA:-1 LA:-1] newLux=42 (oriLux: 40)
04-08 12:13:30.293 I/eara_io@eval( 1808): [eara_io_eval] wl 0 , top 0 , req_r 0 , req_w 0 , readsz_mb 0 , writesz_mb 0
04-08 12:13:30.296 I/mtkpower@impl( 1422): [powerd_req] TIMER_MSG_PERF_LOCK_TIMEOUT hdl:162616
04-08 12:13:30.296 I/[UAH_CLIENT]( 1422): UahRelease, handle:206131
04-08 12:13:30.301 W/AccessibilityManagerService( 2171):  wait for adding window timeout: 1568
04-08 12:13:30.347 D/ProfileInstaller(23255): Installing profile for com.adda247.gold
04-08 12:13:30.393 I/eara_io@eval( 1808): [eara_io_eval] wl 0 , top 0 , req_r 0 , req_w 0 , readsz_mb 0 , writesz_mb 0
04-08 12:13:30.422 V/MoEngage(23255): Core_GlobalApplicationLifecycleHandler onPause() : 
04-08 12:13:30.480 D/SurfaceAnimationRunner( 2171): onAnimationEnd:Surface(name=Surface(name=fdf2e15 com.google.android.permissioncontroller/com.android.permissioncontroller.permission.ui.GrantPermissionsActivity)/@0xc61a73 - animation-leash of window_animation)/@0x85a7d30
04-08 12:13:30.480 D/SurfaceAnimationRunner( 2171): onAnimationEnd:Surface(name=Dim Layer for - Task=8379)/@0x7a23c5c
04-08 12:13:30.487 I/appium  (23208): channel read: POST /session/356b7982-405f-4000-a380-7c7d263494ed/element
04-08 12:13:30.487 I/appium  (23208): FindElement command
04-08 12:13:30.488 I/appium  (23208): method: 'xpath', selector: '//android.widget.Button[@resource-id="com.android.permissioncontroller:id/permission_allow_button"]'
04-08 12:13:30.488 I/appium  (23208): Waiting up to 10000ms for the device to idle
04-08 12:13:30.493 I/eara_io@eval( 1808): [eara_io_eval] wl 0 , top 0 , req_r 0 , req_w 0 , readsz_mb 0 , writesz_mb 0
04-08 12:13:30.555 I/AccessibilityWindowsPopulator( 2171): getInsensibleFlag flag = 0
04-08 12:13:30.555 I/AccessibilityWindowsPopulator( 2171): getInsensibleFlag flag = 0
04-08 12:13:30.593 I/eara_io@eval( 1808): [eara_io_eval] wl 0 , top 0 , req_r 0 , req_w 0 , readsz_mb 0 , writesz_mb 0
04-08 12:13:30.693 I/eara_io@eval( 1808): [eara_io_eval] wl 0 , top 0 , req_r 0 , req_w 0 , readsz_mb 0 , writesz_mb 0
04-08 12:13:30.722 E/soft_error.cpp(19067): [NativePlatformInterceptors] : ; friendly_name=MIRContentProviderMutation resolve token
04-08 12:13:30.723 E/fb4a.GraphServiceQueryExecutor(19067): query error
04-08 12:13:30.723 E/fb4a.GraphServiceQueryExecutor(19067): X.9RH: TigonError(error=InvalidRequest, errorDomain=TigonInterceptorsErrorDomain, domainErrorCode=12, analyticsDetail="Session access token interceptor: couldn't resolve token"), queryName=MIRContentProviderMutation
04-08 12:13:30.723 E/fb4a.GraphServiceQueryExecutor(19067): 	at X.cdy.onError(Unknown Source:64)
04-08 12:13:30.723 E/fb4a.GraphServiceQueryExecutor(19067): 	at X.29s.onError(Unknown Source:250)
04-08 12:13:30.723 E/fb4a.GraphServiceQueryExecutor(19067): 	at com.facebook.common.jniexecutors.NativeRunnable.nativeRun(Native Method)
04-08 12:13:30.723 E/fb4a.GraphServiceQueryExecutor(19067): 	at com.facebook.common.jniexecutors.NativeRunnable.run(Unknown Source:8)
04-08 12:13:30.723 E/fb4a.GraphServiceQueryExecutor(19067): 	at com.facebook.common.jniexecutors.PooledNativeRunnable.run(Unknown Source:7)
04-08 12:13:30.723 E/fb4a.GraphServiceQueryExecutor(19067): 	at android.os.Handler.handleCallback(Handler.java:1027)
04-08 12:13:30.723 E/fb4a.GraphServiceQueryExecutor(19067): 	at android.os.Handler.dispatchMessage(Handler.java:108)
04-08 12:13:30.723 E/fb4a.GraphServiceQueryExecutor(19067): 	at android.os.Looper.loopOnce(Looper.java:298)
04-08 12:13:30.723 E/fb4a.GraphServiceQueryExecutor(19067): 	at android.os.Looper.loop(Looper.java:408)
04-08 12:13:30.723 E/fb4a.GraphServiceQueryExecutor(19067): 	at android.os.HandlerThread.run(HandlerThread.java:85)
04-08 12:13:30.723 E/fb4a.GraphServiceQueryExecutor(19067): 	at X.1DK.run(Unknown Source:0)
04-08 12:13:30.725 D/MetaInstallReferrer(23255): No data from Meta content provider
04-08 12:13:30.727 W/MetaInstallReferrer(23255): Meta referrer query timed out or returned null on attempt 2
04-08 12:13:30.763 D/ScorerUtils( 2171): isLowTraffic: txTputKBps=2, rxTputKBps=10
04-08 12:13:30.763 D/OplusWifiPower_TriggerCenter( 2171): mComponentCallback: wifistat
04-08 12:13:30.785 D/OplusScrollToTopManager(23255): com.adda247.gold/com.adda247.gold.MainActivity,This com.android.internal.policy.DecorView{180afeb V.E...... R....... 0,0-1080,2400 aid=0 alpha=1.0 viewInfo = }[MainActivity] change focus to false
04-08 12:13:30.793 I/eara_io@eval( 1808): [eara_io_eval] wl 0 , top 0 , req_r 0 , req_w 0 , readsz_mb 0 , writesz_mb 0
04-08 12:13:30.836 D/FRCPlugin(23255): Sending fetchTimeout: 10
04-08 12:13:30.838 I/flutter (23255): ┌───────────────────────────────────────────────────────────────────────────────────────────────────────────────────────
04-08 12:13:30.838 I/flutter (23255): │ #0   AppLogger.logDebug (package:adda_gold/logger/app_logger.dart:122:15)
04-08 12:13:30.838 I/flutter (23255): │ #1   AppRemoteConfig.initialize (package:adda_gold/app_remote_config/app_remote_config.dart:171:19)
04-08 12:13:30.838 I/flutter (23255): ├┄┄┄┄┄┄┄┄┄┄┄┄┄┄┄┄┄┄┄┄┄┄┄┄┄┄┄┄┄┄┄┄┄┄┄┄┄┄┄┄┄┄┄┄┄┄┄┄┄┄┄┄┄┄┄┄┄┄┄┄┄┄┄┄┄┄┄┄┄┄┄┄┄┄┄┄┄┄┄┄┄┄┄┄┄┄┄┄┄┄┄┄┄┄┄┄┄┄┄┄┄┄┄┄┄┄┄┄┄┄┄┄┄┄┄┄┄┄┄
04-08 12:13:30.838 I/flutter (23255): │ 12:13:30.837 (+0:00:05.171058)
04-08 12:13:30.838 I/flutter (23255): ├┄┄┄┄┄┄┄┄┄┄┄┄┄┄┄┄┄┄┄┄┄┄┄┄┄┄┄┄┄┄┄┄┄┄┄┄┄┄┄┄┄┄┄┄┄┄┄┄┄┄┄┄┄┄┄┄┄┄┄┄┄┄┄┄┄┄┄┄┄┄┄┄┄┄┄┄┄┄┄┄┄┄┄┄┄┄┄┄┄┄┄┄┄┄┄┄┄┄┄┄┄┄┄┄┄┄┄┄┄┄┄┄┄┄┄┄┄┄┄
04-08 12:13:30.838 I/flutter (23255): │ 🐛 RemoteConfig fetched and activated latest values
04-08 12:13:30.838 I/flutter (23255): └───────────────────────────────────────────────────────────────────────────────────────────────────────────────────────
04-08 12:13:30.845 D/CommonApp-174-10275( 3453): transport layer data is invalid
04-08 12:13:30.845 D/ScorePolicy( 3453): handleScoreChanged: []
04-08 12:13:30.845 D/ScorePolicy( 3453): handleScoreChanged: []
04-08 12:13:30.846 D/ScorePolicy( 3453): handleScoreChanged: []
04-08 12:13:30.851 I/flutter (23255): ┌───────────────────────────────────────────────────────────────────────────────────────────────────────────────────────
04-08 12:13:30.851 I/flutter (23255): │ #0   AppLogger.logDebug (package:adda_gold/logger/app_logger.dart:122:15)
04-08 12:13:30.851 I/flutter (23255): │ #1   AppRemoteConfig.getPaywallData (package:adda_gold/app_remote_config/app_remote_config.dart:518:23)
04-08 12:13:30.851 I/flutter (23255): ├┄┄┄┄┄┄┄┄┄┄┄┄┄┄┄┄┄┄┄┄┄┄┄┄┄┄┄┄┄┄┄┄┄┄┄┄┄┄┄┄┄┄┄┄┄┄┄┄┄┄┄┄┄┄┄┄┄┄┄┄┄┄┄┄┄┄┄┄┄┄┄┄┄┄┄┄┄┄┄┄┄┄┄┄┄┄┄┄┄┄┄┄┄┄┄┄┄┄┄┄┄┄┄┄┄┄┄┄┄┄┄┄┄┄┄┄┄┄┄
04-08 12:13:30.851 I/flutter (23255): │ 12:13:30.850 (+0:00:05.184545)
04-08 12:13:30.851 I/flutter (23255): ├┄┄┄┄┄┄┄┄┄┄┄┄┄┄┄┄┄┄┄┄┄┄┄┄┄┄┄┄┄┄┄┄┄┄┄┄┄┄┄┄┄┄┄┄┄┄┄┄┄┄┄┄┄┄┄┄┄┄┄┄┄┄┄┄┄┄┄┄┄┄┄┄┄┄┄┄┄┄┄┄┄┄┄┄┄┄┄┄┄┄┄┄┄┄┄┄┄┄┄┄┄┄┄┄┄┄┄┄┄┄┄┄┄┄┄┄┄┄┄
04-08 12:13:30.851 I/flutter (23255): │ 🐛 ThemeId default not found, using last theme variant: Google_learnr_GovernmentJobs_install_3_Mar
04-08 12:13:30.851 I/flutter (23255): └───────────────────────────────────────────────────────────────────────────────────────────────────────────────────────
04-08 12:13:30.853 I/flutter (23255): ┌───────────────────────────────────────────────────────────────────────────────────────────────────────────────────────
04-08 12:13:30.854 I/flutter (23255): │ #0   AppLogger.logDebug (package:adda_gold/logger/app_logger.dart:122:15)
04-08 12:13:30.854 I/flutter (23255): │ #1   AppInitializer._preloadPaywallVideo (package:adda_gold/build_variants/app_initializer.dart:247:19)
04-08 12:13:30.854 I/flutter (23255): ├┄┄┄┄┄┄┄┄┄┄┄┄┄┄┄┄┄┄┄┄┄┄┄┄┄┄┄┄┄┄┄┄┄┄┄┄┄┄┄┄┄┄┄┄┄┄┄┄┄┄┄┄┄┄┄┄┄┄┄┄┄┄┄┄┄┄┄┄┄┄┄┄┄┄┄┄┄┄┄┄┄┄┄┄┄┄┄┄┄┄┄┄┄┄┄┄┄┄┄┄┄┄┄┄┄┄┄┄┄┄┄┄┄┄┄┄┄┄┄
04-08 12:13:30.854 I/flutter (23255): │ 12:13:30.853 (+0:00:05.187087)
04-08 12:13:30.854 I/flutter (23255): ├┄┄┄┄┄┄┄┄┄┄┄┄┄┄┄┄┄┄┄┄┄┄┄┄┄┄┄┄┄┄┄┄┄┄┄┄┄┄┄┄┄┄┄┄┄┄┄┄┄┄┄┄┄┄┄┄┄┄┄┄┄┄┄┄┄┄┄┄┄┄┄┄┄┄┄┄┄┄┄┄┄┄┄┄┄┄┄┄┄┄┄┄┄┄┄┄┄┄┄┄┄┄┄┄┄┄┄┄┄┄┄┄┄┄┄┄┄┄┄
04-08 12:13:30.854 I/flutter (23255): │ 🐛 [PaywallPreload] Preloading thumbnail: https://www.learnr.co.in/learnr_paywall_thumbnail.png
04-08 12:13:30.854 I/flutter (23255): └───────────────────────────────────────────────────────────────────────────────────────────────────────────────────────
04-08 12:13:30.893 I/eara_io@eval( 1808): [eara_io_eval] wl 4 , top 0 , req_r 0 , req_w 25 , readsz_mb 0 , writesz_mb 0
04-08 12:13:30.909 W/Activity(23255): Can request only one set of permissions at a time
04-08 12:13:30.944 D/JobSchedulerServiceExtImpl( 2171): updateOsenseRestrictMode for 1 false false
04-08 12:13:30.973 D/ConfigListManager(19867): we take a gc.
04-08 12:13:30.992 I/ficationmanager(19867): Explicit concurrent mark compact GC freed 1200KB AllocSpace bytes, 0(0B) LOS objects, 50% free, 1976KB/4024KB, paused 286us,1.329ms total 18.681ms
04-08 12:13:30.992 W/ficationmanager(19867): Reducing the number of considered missed Gc histogram windows from 225 to 100
04-08 12:13:30.993 I/eara_io@eval( 1808): [eara_io_eval] wl 6 , top 3 , req_r 0 , req_w 81 , readsz_mb 0 , writesz_mb 1
04-08 12:13:30.994 W/System  (19867): A resource failed to call close. 
04-08 12:13:30.994 W/System  (19867): A resource failed to call close. 
04-08 12:13:31.011 I/ficationmanager(19867): Explicit concurrent mark compact GC freed 176KB AllocSpace bytes, 0(0B) LOS objects, 51% free, 1896KB/3944KB, paused 293us,1.307ms total 16.971ms
04-08 12:13:31.043 D/vendor.oplus.hardware.charger-V9-service( 1447): ret_value:140, read content:,327,327,4461,4443,-297,1500,2200,100,100,1,6,-1,4825,100,1,1048704,1,1,0,0,4465,0,0,0,0,0,0,0,-2740,0,4,1,0,0,40,40,40,0,0,0,0,0,0,0,0,0,0
04-08 12:13:31.043 D/vendor.oplus.hardware.charger-V9-service( 1447): gmtime: 2026-04-08-12-13-31
04-08 12:13:31.044 D/vendor.oplus.hardware.charger-V9-service( 1447): usb_online:1, ac_online:0, wireless_online:-2147483648
04-08 12:13:31.056 I/appium  (23208): The following attributes will be included to the page source: [resource-id]
04-08 12:13:31.064 D/BoundBrokerSvc(18199): onUnbind: Intent { act=com.google.android.gms.common.telemetry.service.START dat=chimera-action:/... xflg=0x4 cmp=com.google.android.gms/.chimera.PersistentApiService mCallingUid=10292 }
04-08 12:13:31.085 D/OplusScrollToTopManager( 7858): com.google.android.permissioncontroller/com.android.permissioncontroller.permission.ui.GrantPermissionsActivity,This com.android.internal.policy.DecorView{171c9f4 V.E...... R....... 0,0-1026,700 aid=5 alpha=1.0 viewInfo = }[GrantPermissionsActivity] change focus to true
04-08 12:13:31.085 D/AAL     ( 1812): onALIChanged: 42 -> 32
04-08 12:13:31.093 I/eara_io@eval( 1808): [eara_io_eval] wl 0 , top 0 , req_r 0 , req_w 0 , readsz_mb 0 , writesz_mb 0
04-08 12:13:31.097 I/appium  (23208): Took 0ms to retrieve 1 matches for '//android.widget.Button[@resource-id="com.android.permissioncontroller:id/permission_allow_button"]' XPath2 query
04-08 12:13:31.098 I/tomator2.server(23208): hiddenapi: Accessing hidden method Landroid/view/MotionEvent;->setDisplayId(I)V (runtime_flags=0, domain=platform, api=blocked,test-api) from Landroidx/test/uiautomator/GestureController; (domain=app, TargetSdkVersion=34) using reflection: allowed
04-08 12:13:31.102 I/tomator2.server(23208): AssetManager2(0xb4000072a70a9328) locale list changing from [] to [en-IN]
04-08 12:13:31.103 D/WindowContextController(23208): attachToDisplayArea  type = 2032 ,displayId = 0 ,options = null ,mToken = android.window.WindowTokenClient@717c2da
04-08 12:13:31.105 I/tomator2.server(23208): AssetManager2(0xb4000072a70a9928) locale list changing from [] to [en-IN]
04-08 12:13:31.106 I/tomator2.server(23208): hiddenapi: Accessing hidden field Landroid/view/accessibility/AccessibilityNodeInfo;->mSourceNodeId:J (runtime_flags=0, domain=platform, api=unsupported) from Lio/appium/uiautomator2/utils/ReflectionUtils; (domain=app, TargetSdkVersion=34) using reflection: allowed
04-08 12:13:31.109 I/appium  (23208): AppiumResponse: {"sessionId":"356b7982-405f-4000-a380-7c7d263494ed","value":{"ELEMENT":"00000000-0000-062f-ffff-ffff000000ca","element-6066-11e4-a52e-4f735466cecf":"00000000-0000-062f-ffff-ffff000000ca"}}
04-08 12:13:31.145 I/appium  (23208): channel read: GET /session/356b7982-405f-4000-a380-7c7d263494ed/element/00000000-0000-062f-ffff-ffff000000ca/attribute/displayed
04-08 12:13:31.146 I/appium  (23208): GetElementAttribute command
04-08 12:13:31.151 I/appium  (23208): AppiumResponse: {"sessionId":"356b7982-405f-4000-a380-7c7d263494ed","value":"true"}
04-08 12:13:31.163 I/appium  (23208): channel read: GET /session/356b7982-405f-4000-a380-7c7d263494ed/element/00000000-0000-062f-ffff-ffff000000ca/attribute/displayed
04-08 12:13:31.163 I/appium  (23208): GetElementAttribute command
04-08 12:13:31.168 I/appium  (23208): AppiumResponse: {"sessionId":"356b7982-405f-4000-a380-7c7d263494ed","value":"true"}
04-08 12:13:31.174 D/DnsDomainBlock( 3431): onDnsEvent: latencyMs=162, returnCode=0, uid=10932
04-08 12:13:31.189 I/appium  (23208): channel read: POST /session/356b7982-405f-4000-a380-7c7d263494ed/element
04-08 12:13:31.190 I/appium  (23208): FindElement command
04-08 12:13:31.191 I/appium  (23208): method: 'xpath', selector: '//android.widget.Button[@resource-id="com.android.permissioncontroller:id/permission_allow_button"]'
04-08 12:13:31.191 I/appium  (23208): Waiting up to 10000ms for the device to idle
