04-08 12:13:29.817 E/OStatsManager_Calc( 2171): CpuCalc CPU_WEIGHT or cpuFreqTimeMs is null or cpuFreqTimeMs.length > CPU_WEIGHT.length, cpuFreqTimeMs = 41 times = [0, 0, 0, 0, 0, 0, 0, 0, 0, 0, 0, 0, 0, 0, 0, 0, 0, 0, 0, 0, 0, 0, 1, 0, 0, 0, 0, 0, 0, 0, 0, 0, 0, 0, 0, 0, 0, 0, 0, 0, 0],  CPU_WEIGHT.length = 32
04-08 12:13:29.817 E/OStatsManager_Calc( 2171): CpuCalc CPU_WEIGHT or cpuFreqTimeMs is null or cpuFreqTimeMs.length > CPU_WEIGHT.length, cpuFreqTimeMs = 41 times = [0, 0, 0, 0, 0, 0, 0, 0, 0, 0, 0, 0, 0, 0, 0, 0, 0, 0, 0, 0, 0, 0, 238, 0, 0, 0, 0, 0, 0, 0, 0, 0, 0, 0, 0, 0, 0, 0, 0, 0, 0],  CPU_WEIGHT.length = 32
04-08 12:13:29.817 E/OStatsManager_Calc( 2171): CpuCalc CPU_WEIGHT or cpuFreqTimeMs is null or cpuFreqTimeMs.length > CPU_WEIGHT.length, cpuFreqTimeMs = 41 times = [0, 0, 0, 0, 0, 0, 0, 0, 0, 0, 0, 0, 0, 0, 0, 0, 0, 0, 0, 0, 0, 0, 14, 0, 0, 0, 0, 0, 0, 0, 0, 0, 0, 0, 0, 0, 0, 0, 0, 0, 1],  CPU_WEIGHT.length = 32
04-08 12:13:29.817 E/OStatsManager_Calc( 2171): CpuCalc CPU_WEIGHT or cpuFreqTimeMs is null or cpuFreqTimeMs.length > CPU_WEIGHT.length, cpuFreqTimeMs = 41 times = [0, 0, 0, 0, 0, 0, 0, 0, 0, 0, 0, 0, 0, 0, 0, 0, 0, 0, 0, 0, 0, 0, 6, 0, 0, 0, 0, 0, 0, 0, 0, 0, 0, 0, 0, 0, 0, 0, 0, 0, 0],  CPU_WEIGHT.length = 32
04-08 12:13:29.818 E/OStatsManager_Calc( 2171): CpuCalc CPU_WEIGHT or cpuFreqTimeMs is null or cpuFreqTimeMs.length > CPU_WEIGHT.length, cpuFreqTimeMs = 41 times = [0, 0, 0, 0, 0, 0, 0, 0, 0, 0, 0, 0, 0, 0, 0, 0, 0, 0, 0, 0, 0, 0, 3, 0, 0, 0, 0, 0, 0, 0, 0, 0, 0, 0, 0, 0, 0, 0, 0, 0, 0],  CPU_WEIGHT.length = 32
04-08 12:13:29.818 E/OStatsManager_Calc( 2171): CpuCalc CPU_WEIGHT or cpuFreqTimeMs is null or cpuFreqTimeMs.length > CPU_WEIGHT.length, cpuFreqTimeMs = 41 times = [0, 0, 0, 0, 0, 0, 0, 0, 0, 0, 0, 0, 0, 0, 0, 0, 0, 0, 0, 0, 0, 0, 5, 0, 0, 0, 0, 0, 0, 0, 0, 0, 0, 0, 0, 0, 0, 0, 0, 0, 0],  CPU_WEIGHT.length = 32
04-08 12:13:29.818 E/OStatsManager_Calc( 2171): CpuCalc CPU_WEIGHT or cpuFreqTimeMs is null or cpuFreqTimeMs.length > CPU_WEIGHT.length, cpuFreqTimeMs = 41 times = [0, 0, 0, 0, 0, 0, 0, 0, 0, 0, 0, 0, 0, 0, 0, 0, 0, 0, 0, 0, 0, 0, 1, 0, 0, 0, 0, 0, 0, 0, 0, 0, 0, 0, 0, 0, 0, 0, 0, 0, 0],  CPU_WEIGHT.length = 32
04-08 12:13:29.818 E/OStatsManager_Calc( 2171): CpuCalc CPU_WEIGHT or cpuFreqTimeMs is null or cpuFreqTimeMs.length > CPU_WEIGHT.length, cpuFreqTimeMs = 41 times = [0, 0, 0, 0, 0, 0, 0, 0, 0, 0, 0, 0, 0, 0, 0, 0, 0, 0, 0, 0, 0, 0, 53, 0, 0, 0, 0, 0, 0, 0, 0, 0, 0, 0, 0, 0, 0, 0, 0, 0, 0],  CPU_WEIGHT.length = 32
04-08 12:13:29.818 E/OStatsManager_Calc( 2171): CpuCalc CPU_WEIGHT or cpuFreqTimeMs is null or cpuFreqTimeMs.length > CPU_WEIGHT.length, cpuFreqTimeMs = 41 times = [0, 0, 0, 0, 0, 0, 0, 0, 0, 0, 0, 0, 0, 0, 0, 0, 0, 0, 0, 0, 0, 0, 62, 0, 0, 0, 0, 0, 0, 0, 0, 0, 0, 0, 0, 0, 0, 0, 0, 0, 5],  CPU_WEIGHT.length = 32
04-08 12:13:29.818 E/OStatsManager_Calc( 2171): CpuCalc CPU_WEIGHT or cpuFreqTimeMs is null or cpuFreqTimeMs.length > CPU_WEIGHT.length, cpuFreqTimeMs = 41 times = [0, 0, 0, 0, 0, 0, 0, 0, 0, 0, 0, 0, 0, 0, 0, 0, 0, 0, 0, 0, 0, 0, 1, 0, 0, 0, 0, 0, 0, 0, 0, 0, 0, 0, 0, 0, 0, 0, 0, 0, 1],  CPU_WEIGHT.length = 32
04-08 12:13:29.818 E/OStatsManager_Calc( 2171): CpuCalc CPU_WEIGHT or cpuFreqTimeMs is null or cpuFreqTimeMs.length > CPU_WEIGHT.length, cpuFreqTimeMs = 41 times = [0, 0, 0, 0, 0, 0, 0, 0, 0, 0, 0, 0, 0, 0, 0, 0, 0, 0, 0, 0, 0, 0, 9, 0, 0, 0, 0, 0, 0, 0, 0, 0, 0, 0, 0, 0, 0, 0, 0, 0, 0],  CPU_WEIGHT.length = 32
04-08 12:13:29.818 E/OStatsManager_Calc( 2171): CpuCalc CPU_WEIGHT or cpuFreqTimeMs is null or cpuFreqTimeMs.length > CPU_WEIGHT.length, cpuFreqTimeMs = 41 times = [0, 0, 0, 0, 0, 0, 0, 0, 0, 0, 0, 0, 0, 0, 0, 0, 0, 0, 0, 0, 0, 0, 8476, 0, 0, 0, 0, 0, 0, 0, 0, 0, 0, 0, 0, 0, 0, 0, 0, 0, 0],  CPU_WEIGHT.length = 32
04-08 12:13:29.818 E/OStatsManager_Calc( 2171): CpuCalc CPU_WEIGHT or cpuFreqTimeMs is null or cpuFreqTimeMs.length > CPU_WEIGHT.length, cpuFreqTimeMs = 41 times = [0, 0, 0, 0, 0, 0, 0, 0, 0, 0, 0, 0, 0, 0, 0, 0, 0, 0, 0, 0, 0, 0, 1124, 0, 0, 0, 0, 0, 0, 0, 0, 0, 0, 0, 0, 0, 0, 0, 0, 0, 222],  CPU_WEIGHT.length = 32
04-08 12:13:29.818 E/OStatsManager_Calc( 2171): CpuCalc CPU_WEIGHT or cpuFreqTimeMs is null or cpuFreqTimeMs.length > CPU_WEIGHT.length, cpuFreqTimeMs = 41 times = [0, 0, 0, 0, 0, 0, 0, 0, 0, 0, 0, 0, 0, 0, 0, 0, 0, 0, 0, 0, 0, 0, 4369, 0, 0, 0, 0, 0, 0, 0, 0, 0, 0, 0, 0, 0, 0, 0, 0, 0, 11315],  CPU_WEIGHT.length = 32
04-08 12:13:29.818 E/OStatsManager_Calc( 2171): CpuCalc CPU_WEIGHT or cpuFreqTimeMs is null or cpuFreqTimeMs.length > CPU_WEIGHT.length, cpuFreqTimeMs = 41 times = [0, 0, 0, 0, 0, 0, 0, 0, 0, 0, 0, 0, 0, 0, 0, 0, 0, 0, 0, 0, 0, 0, 2, 0, 0, 0, 0, 0, 0, 0, 0, 0, 0, 0, 0, 0, 0, 0, 0, 0, 5],  CPU_WEIGHT.length = 32
04-08 12:13:29.818 I/OStatsManager_Calc( 2171): add screen power pkgName = com.adda247.gold, uid = 10932, power = 3136.5329999923706, is Fg = true, fore size = 2, mScale = 1.0
04-08 12:13:29.818 I/OStatsManager_Calc( 2171): noteBeforePkgSwitch change = true, curTime = 1498594243, com.google.android.permissioncontroller, fg = false
04-08 12:13:29.818 I/OStatsManager_OplusBatteryStatsManager( 2171): updateStateTime: PkgName = com.google.android.permissioncontroller, uid = 10275, state to fg, mForegroundCnt = 1, isFg = true
04-08 12:13:29.818 I/OStatsManager_OplusBatteryStatsManager( 2171): notePkgForeground [com.android.launcher10199, com.adda247.gold10932, com.google.android.permissioncontroller10275], uid = 10275, pid = 7858, pkgName = com.google.android.permissioncontroller
04-08 12:13:29.821 V/AlarmManager( 2171): sending alarm Alarm{6d5bdd2 type 1 origWhen 1775630609821 whenElapsed 1498594259 android} uid 1000 whenElapsed 1498594259 windowLength 0 maxWhenElapsed 1498594259 repeatInterval 0 action null component null tag StorgaeBandInfoAlarmTag flags 0x9 procName system_server
04-08 12:13:29.821 D/BackgroundInstallControlService( 2171): Package event received: 0
04-08 12:13:29.823 E/OplusStorageUFSBandwidth( 2171): storage_io_metrics_path is /proc/oplus_storage/io_metrics/forever/
04-08 12:13:29.828 E/OplusStorageUFSBandwidth( 2171): Bandwidth - Read: 2.49 MB/s, Write: 49.33 MB/s
04-08 12:13:29.828 E/OplusStorageUFSBandwidth( 2171): Task time: 5ms
04-08 12:13:29.832 D/OplusAtlas.OplusAudioScene( 4374): callback success event:atlas_event_on_foreground_activities_changed eventInfo:pid:7858,uid:10275,hasForegroundActivities:1
04-08 12:13:29.832 D/AudioSystem( 4374): +setParameters(): param
04-08 12:13:29.834 D/AudioBoost( 1478): audioSchedBoost, pid=1478, tid=3370, enable=1, ret=0
04-08 12:13:29.835 E/OplusStorageUFSBandwidth( 2171): Alarm set to trigger in 10 seconds
04-08 12:13:29.835 D/AudioFlingerExtImpl( 1478): AudioFlingerExtImpl oplusSetParameters: keyvalue onForegroundActivitiesChanged=com.google.android.permissioncontroller:foreground:1|10275:7858
04-08 12:13:29.835 D/AudioFlingerExtImpl( 1478): updateForegroundInfo, mapInf mForegroundMap(2)|[com.google.android.permissioncontroller]=1|[com.adda247.gold]=1, uidPidMapInf mForegroundUidPidMap(2)|[10275]=7858|[10932]=23255
04-08 12:13:29.836 D/AudioBoost( 1478): audioSchedBoost, pid=1478, tid=3370, enable=0, ret=0
04-08 12:13:29.838 D/ActivityThread( 7858): ComponentInfo{com.google.android.permissioncontroller/com.android.permissioncontroller.permission.ui.GrantPermissionsActivity} checkFinished=false 2
04-08 12:13:29.838 D/ResourcesManagerExtImpl( 7858): applyConfigurationToAppResourcesLocked app.getDisplayId() return callback.displayId:0
04-08 12:13:29.838 V/AutofillClientController( 7858): onActivityResumed()
04-08 12:13:29.838 V/AutofillClientController( 7858): onActivityPostResumed()
04-08 12:13:29.838 V/AutofillClientController( 7858): onActivityPostResumed(): Relayout fix enabled
04-08 12:13:29.838 V/AutofillClientController( 7858): forResume(): Not attempting refill.
04-08 12:13:29.839 D/WindowManager( 7858): Add to mViews: com.android.internal.policy.DecorView{171c9f4 I.E...... R.....I. 0,0-0,0 alpha=1.0 viewInfo = }[GrantPermissionsActivity],pkg= com.google.android.permissioncontroller
04-08 12:13:29.840 D/skia    ( 7858): setRusSupported enable 0
04-08 12:13:29.840 D/AppProfilerExtImpl( 2171): Skipped pss collection for CPU busy
04-08 12:13:29.840 W/tomator2.server(23208): userfaultfd: MOVE ioctl seems unsupported: Connection timed out
04-08 12:13:29.843 I/OStatsManager_Calc( 2171): add screen power pkgName = com.adda247.gold, uid = 10932, power = 14.934000000357628, is Fg = true, fore size = 3, mScale = 1.0
04-08 12:13:29.843 D/OplusAtlas.OplusAudioScene( 4374): callback success event:atlas_event_on_foreground_activities_changed eventInfo:pid:3345,uid:10199,hasForegroundActivities:0
04-08 12:13:29.843 I/OStatsManager_Calc( 2171): add screen power pkgName = com.google.android.permissioncontroller, uid = 10275, power = 14.934000000357628, is Fg = true, fore size = 3, mScale = 1.0
04-08 12:13:29.843 I/OStatsManager_Calc( 2171): noteBeforePkgSwitch change = false, curTime = 1498594280, com.android.launcher, fg = true
04-08 12:13:29.843 I/OStatsManager_OplusBatteryStatsManager( 2171): updateStateTime: PkgName = com.android.launcher, uid = 10199, state to bg, mForegroundCnt = 0, isFg = false
04-08 12:13:29.843 I/OStatsManager_OplusBatteryStatsManager( 2171): notePkgBackground [com.adda247.gold10932, com.google.android.permissioncontroller10275], uid = 10199, pid = 3345, pkgName = com.android.launcher
04-08 12:13:29.844 D/OsenseCommonUtils( 2171): /dev/memcg/apps/uid_10199/memory.app_score not exist
04-08 12:13:29.845 I/WindowManager( 2171): addWindow: New client android.os.BinderProxy@1ff1bcc : window=Window{fdf2e15 u0 com.google.android.permissioncontroller/com.android.permissioncontroller.permission.ui.GrantPermissionsActivity}
04-08 12:13:29.846 D/ViewRootImplExtImpl( 7858): onDisplayChanged -1 for VRI android.view.ViewRootImpl@8eb2163
04-08 12:13:29.849 D/ResourcesManagerExtImpl( 7858): applyConfigurationToAppResourcesLocked app.getDisplayId() return callback.displayId:0
04-08 12:13:29.857 D/FRCPlugin(23255): Sending fetchTimeout: 10
04-08 12:13:29.859 E/OplusBracketLog( 7858): [OplusViewMirrorManager] updateHostViewRootIfNeeded, not support android.view.ViewRootImpl@8eb2163
04-08 12:13:29.860 D/OplusPredictiveBackController( 7858): should not HookOnBackInvokedCallbackEnabled for application com.android.permissioncontroller.permission.ui.GrantPermissionsActivity@8c6400b sdk: 36
04-08 12:13:29.860 D/WindowOnBackDispatcher( 7858):  predictive settings is disabled for com.google.android.permissioncontroller
04-08 12:13:29.860 D/OplusPredictiveBackController( 7858): should not HookOnBackInvokedCallbackEnabled for application com.android.permissioncontroller.permission.ui.GrantPermissionsActivity@8c6400b sdk: 36
04-08 12:13:29.860 D/WindowOnBackDispatcher( 7858):  predictive settings is disabled for com.google.android.permissioncontroller
04-08 12:13:29.860 I/TaskOrganizerController( 2171): onTaskInfoChanged taskid 8379 config { mBounds=Rect(0, 0 - 1080, 2400) mAppBounds=Rect(0, 0 - 1080, 2400) mMaxBounds=Rect(0, 0 - 1080, 2400) mDisplayRotation=ROTATION_0 mWindowingMode=fullscreen mActivityType=standard mAlwaysOnTop=undefined mRotation=ROTATION_0}
04-08 12:13:29.861 D/OplusFlexibleDragToSplitAnimController( 2171): visibleFlexibleTaskInfos delete:8379
04-08 12:13:29.861 E/FlexibleWindowManagerService( 2171): notifyTaskObserverToAttachController not need to notify!
04-08 12:13:29.861 I/FlexibleWindowManagerService( 2171): onFlexibleWindowTaskInfoChanged, return for cur task not embedded
04-08 12:13:29.861 D/CoreBackPreview( 2171): Window{fdf2e15 u0 com.google.android.permissioncontroller/com.android.permissioncontroller.permission.ui.GrantPermissionsActivity}: Setting back callback OnBackInvokedCallbackInfo{mCallback=android.window.IOnBackInvokedCallback$Stub$Proxy@3e811f7, mPriority=0, mIsAnimationCallback=false, mOverrideBehavior=0}
04-08 12:13:29.862 D/ShellTaskOrganizerExt( 2940): visibleFlexibleTaskInfos delete:8379
04-08 12:13:29.862 D/ShellTaskOrganizerExt( 2940): isOnCanvas size:0
04-08 12:13:29.862 D/ShellTaskOrganizerExt( 2940): isOnThreeFlexibleCanvas size:0
04-08 12:13:29.874 V/WindowManager( 2171): Relayout Window{fdf2e15 u0 com.google.android.permissioncontroller/com.android.permissioncontroller.permission.ui.GrantPermissionsActivity}: viewVisibility=0, oldvis=4, req=1026x0 , apr = 0, vsysui=, x=0, y=0
04-08 12:13:29.874 I/WindowManager( 2171): Window{fdf2e15 u0 com.google.android.permissioncontroller/com.android.permissioncontroller.permission.ui.GrantPermissionsActivity} state from NO_SURFACE to DRAW_PENDING; reason: resetDrawState
04-08 12:13:29.882 D/WindowManager( 2171): NFW_findFocusedWindowIfNeeded:Window{fdf2e15 u0 com.google.android.permissioncontroller/com.android.permissioncontroller.permission.ui.GrantPermissionsActivity} mCurrentFocus:null
04-08 12:13:29.883 V/WindowManager( 2171): Changing focus from null to Window{fdf2e15 u0 com.google.android.permissioncontroller/com.android.permissioncontroller.permission.ui.GrantPermissionsActivity},diplayid=0
04-08 12:13:29.885 D/WindowManager( 2171): setFrameRateStart invalid typeId return!
04-08 12:13:29.886 D/WindowManager( 2171): setFrameRateStart invalid typeId return!
04-08 12:13:29.887 D/Theia.NoFocusWindow( 2171): FocusWindowErrorScene cancelCheckFreezeScreen
04-08 12:13:29.887 W/TheiaWindowMonitor( 2171): [check] focusedWindow is null or enable is false
04-08 12:13:29.889 D/[OSIE]  ( 1534): scltmLayer_name VRI[GrantPermissionsActivity][com.google.android.permissioncontroller/com.android.permissioncontroller.permission.ui.GrantPermissionsActivity]
04-08 12:13:29.889 D/[OSIE]  ( 1534): IsSCLTMLayer=0 
04-08 12:13:29.890 D/BufferQueueConsumer( 7858): [](id:1eb200000005,api:0,p:-1,c:7858) connect: controlledByApp=false
04-08 12:13:29.890 D/BufferQueueConsumer( 7858): [VRI[GrantPermissionsActivity][com.google.android.permissioncontroller/com.android.permissioncontroller.permission.ui.GrantPermissionsActivity]#5(BLAST Consumer)5](id:1eb200000005,api:0,p:-1,c:7858) setMaxAcquiredBufferCount: 3
04-08 12:13:29.892 D/HWUI    ( 7858): createSurface new attribs array
04-08 12:13:29.892 D/libEGL  ( 7858): this is from skia gles
04-08 12:13:29.893 I/eara_io@eval( 1808): [eara_io_eval] wl 6 , top 9 , req_r 22 , req_w 9 , readsz_mb 0 , writesz_mb 0
04-08 12:13:29.894 D/SurfaceComposerClient( 2171): Transaction::apply InputWindowCommands.focusRequests timestamp=325049408586371, windowName=fdf2e15 com.google.android.permissioncontroller/com.android.permissioncontroller.permission.ui.GrantPermissionsActivity
04-08 12:13:29.894 D/VRI[GrantPermissionsActivity]( 7858): draw finished. seqId=0
04-08 12:13:29.895 D/WindowManager( 2171): onSyncFinishedDrawing: Window{fdf2e15 u0 com.google.android.permissioncontroller/com.android.permissioncontroller.permission.ui.GrantPermissionsActivity}
04-08 12:13:29.895 I/WindowManager( 2171): finishDrawing skipLayout:false,syncSeqId=0,mPrepareSyncSeqId=0 Window{fdf2e15 u0 com.google.android.permissioncontroller/com.android.permissioncontroller.permission.ui.GrantPermissionsActivity} com.android.server.wm.WindowManagerService.finishDrawingWindow:3192 com.android.server.wm.Session.finishDrawing:369 android.view.IWindowSession$Stub.onTransact:793 
04-08 12:13:29.895 I/WindowManager( 2171): Window{fdf2e15 u0 com.google.android.permissioncontroller/com.android.permissioncontroller.permission.ui.GrantPermissionsActivity} state from DRAW_PENDING to COMMIT_DRAW_PENDING; reason: finishDrawingLocked
04-08 12:13:29.899 I/WindowManager( 2171): Window{fdf2e15 u0 com.google.android.permissioncontroller/com.android.permissioncontroller.permission.ui.GrantPermissionsActivity} state from COMMIT_DRAW_PENDING to READY_TO_SHOW; reason: commitFinishDrawingLocked
04-08 12:13:29.899 D/CoreBackPreview( 2171):  return markWindowHasDrawn mComposed: false  mWaitTransition: false
04-08 12:13:29.899 D/ActivityTaskManager( 2171): Clearing startingData for activity=ActivityRecord{238815501 u0 com.google.android.permissioncontroller/com.android.permissioncontroller.permission.ui.GrantPermissionsActivity t8379} mStartingData=null mStartingSurface=null
04-08 12:13:29.900 I/Quality ( 2171): LaunchTime2.0: com.google.android.permissioncontroller/com.android.permissioncontroller.permission.ui.GrantPermissionsActivity 1 385 com.adda247.gold 96 120
04-08 12:13:29.902 D/ActivityTaskManager( 2171): commitVisibility: ActivityRecord{238815501 u0 com.google.android.permissioncontroller/com.android.permissioncontroller.permission.ui.GrantPermissionsActivity t8379}: visible=true visibleRequested=true, isInTransition=true 
04-08 12:13:29.902 D/CoreBackPreview( 2171):  return markWindowHasDrawn mComposed: false  mWaitTransition: false
04-08 12:13:29.902 D/ActivityTaskManager( 2171): Clearing startingData for activity=ActivityRecord{238815501 u0 com.google.android.permissioncontroller/com.android.permissioncontroller.permission.ui.GrantPermissionsActivity t8379} mStartingData=null mStartingSurface=null
04-08 12:13:29.903 I/WindowManager( 2171): Window{fdf2e15 u0 com.google.android.permissioncontroller/com.android.permissioncontroller.permission.ui.GrantPermissionsActivity} state from READY_TO_SHOW to HAS_DRAWN; reason: performShowLocked
04-08 12:13:29.903 D/CoreBackPreview( 2171):  return markWindowHasDrawn mComposed: false  mWaitTransition: false
04-08 12:13:29.903 E/OplusAppQuickStart_AppQuickStartController( 2171): not start from launcher transition:6852
04-08 12:13:29.903 D/Transition( 2171): collectOrderChanges onTopTasksEnd: [Task{c38897e #8379 type=standard A=10932:com.adda247.gold}], reportedOnTop:null, mOnTopTasksStart: [Task{c38897e #8379 type=standard A=10932:com.adda247.gold}], TDA child: [Task{edf306b #2 type=undefined}, Task{987741a #7245 type=standard A=10226:com.google.android.packageinstaller}, Task{dd07be4 #7252 type=standard A=10226:com.google.android.packageinstaller}, Task{996b6b1 #7264 type=standard A=10226:com.google.android.packageinstaller}, Task{f39468d #7275 type=standard A=10226:com.google.android.packageinstaller}, Task{2b2869e #7283 type=standard A=10226:com.google.android.packageinstaller}, Task{b68c052 #7290 type=standard A=10226:com.google.android.packageinstaller}, Task{e5454f5 #7296 type=standard A=10226:com.google.android.packageinstaller}, Task{7db6dfc #7307 type=standard A=10226:com.google.android.packageinstaller}, Task{fdf3c66 #8232 type=standard A=10153:com.google.android.gm}, Task{fee3164 #8237 type=standard A=10147:com.android.chrome}, Task{27f07ca #8275 type=standard A=10288:com.google.android.apps.docs}, Task{c61471 #8186 type=standard A=10237:com.google.android.dialer}, Task{e6c04a0 #8369 type=standard A=10244:com.google.android.apps.messaging}, Task{8245094 #8300 type=standard A=1000:.applications.InstalledAppDetailsTop}, Task{ee66ec3 #1 type=home}, Task{c38897e #8379 type=standard A=10932:com.adda247.gold}]
04-08 12:13:29.904 D/OplusFlexibleActivityTransitionManager( 2171): fixTransitType type result:1, targets: [ChangeInfo{ea8c685 container=ActivityRecord{238815501 u0 com.google.android.permissioncontroller/com.android.permissioncontroller.permission.ui.GrantPermissionsActivity t8379} flags=0x0}]
04-08 12:13:29.905 I/NearbyDiscovery(18199): (REDACTED) BloomFilterAdvManager: Detected bloom filter but too far away, ignoring. %sm, %s
04-08 12:13:29.906 D/OplusTransitionAnimationManager( 2171): activityRecordCount0fullScreenArBeHindStartingWindow null
04-08 12:13:29.906 D/QuickBackInputPolicy( 2171): resetInputInterceptState for remoteTransition: false
04-08 12:13:29.907 D/OplusTransitionController( 2171): onTransactionReady, transition: 6852, info: {id=6852 t=OPEN f=0x0 trk=0 r=[0@Point(0, 0)] c=[{m=OPEN f=TRANSLUCENT|FILLS_TASK leash=Surface(name=ActivityRecord{238815501 u0 com.google.android.permissioncontroller/com.android.permissioncontroller.permission.ui.GrantPermissionsActivity t8379})/@0x8ab850b sb=Rect(0, 0 - 0, 0) eb=Rect(0, 0 - 1080, 2400) epz=Point(1080, 2400) d=-1->0 r=-1->0:-1 bc=ff1c1f29 component=com.google.android.permissioncontroller/com.android.permissioncontroller.permission.ui.GrantPermissionsActivity opt={t=FROM_STYLE mUserId=0}}] 
04-08 12:13:29.907 D/OplusTransitionController( 2171): extendInfo=[
04-08 12:13:29.907 D/OplusTransitionController( 2171):  OplusTransitionExtendedInfo{mTmpFinishT=null, mInOplusCompatMode=false, mIsProcessRunning=false, mHasMismatchBoundsTarget=false, mRecentsController=null, mRemoteTransition=null, mIsTranslucentActivityToHome=false, mAvoidInterceptKeyEventToHome=false, mIsFromHome=false, mParentLeash=null, mBackAnimClosingLeash=null, mIsOplusAnimRes=false, mKeepBgForContinuous=false, mIsBalAllow=false, mTaskNotInRecent=false, mIsPredictiveBackAnim=false, mIsMergedWithPredictive=false, mIsLaunchFromSpruce=false, mIsLaunchFromDrive=false, mGlobalSearchPageSwitch=false, mNeedNoAlphaGlobalSearchScene=false, mAssistScreenShowing=false, mSwipeUpBrowserScreenShowing=false, mUserIdTransition=-1
04-08 12:13:29.907 D/OplusTransitionController( 2171): , mInRemoteScene=false, mInPreReady=false, mPreStart=false, mToken=null, mAbortByRemoteFromHome=false, mShellApplyToken=null, mRequestTransitionTaskId=8379, mAbortTransitionOnShell=0, mStartFromShortcut=false, mRemovedTaskId=-1, mTransitionInterruptType=0, mMergeSecondTaskId=-1, mTaskIdStartFromRecents=0, mTransitionId=6852, mCanUseSpringSlideAnim=false, mTransitionLaunchFrom=0, mFoldChangeType=-1, mAnimStartingPosition=[0, 0, 0, 0], mIsOpeningStkDialogActivity=false, mIsNeedApplyStartTForEmbedded=false, mMergeSecondTaskAnimation=false, mIsLaunchUnityStart=false, mIsLaunchFromAssistantByDefault=false, mSkipRemoteTransitionfalse, mIsStartFromKeyguard=false flags=0x0, mWCT=null, mIsOpenMergeToInValidPredictive=false}]}, targets : [ChangeInfo{ea8c685 container=ActivityRecord{238815501 u0 com.google.android.permissioncontroller/com.android.permissioncontroller.permission.ui.GrantPermissionsActivity t8379} flags=0x0}], participants: {ActivityRecord{238815501 u0 com.google.android.permissioncontroller/com.android.permissioncontroller.permission.ui.GrantPermissionsActivity t8379}}
04-08 12:13:29.909 D/VRI[GrantPermissionsActivity]( 7858): draw finished. seqId=0
04-08 12:13:29.910 V/WindowManagerShell( 2940): onTransitionReady(transaction=9324374347725)
04-08 12:13:29.911 V/WindowManagerShell( 2940): onTransitionReady (#6852) android.os.BinderProxy@88345fb: {id=6852 t=OPEN f=0x0 trk=0 r=[0@Point(0, 0)] c=[
04-08 12:13:29.911 V/WindowManagerShell( 2940):         {m=OPEN f=TRANSLUCENT|FILLS_TASK leash=Surface(name=ActivityRecord{238815501 u0 com.google.android.permissioncontroller/com.android.permissioncontroller.permission.ui.GrantPermissionsActivity t8379})/@0xf4114a9 sb=Rect(0, 0 - 0, 0) eb=Rect(0, 0 - 1080, 2400) epz=Point(1080, 2400) d=-1->0 r=-1->0:-1 bc=ff1c1f29 component=com.google.android.permissioncontroller/com.android.permissioncontroller.permission.ui.GrantPermissionsActivity opt={t=FROM_STYLE mUserId=0}}
04-08 12:13:29.911 V/WindowManagerShell( 2940):     ] 
04-08 12:13:29.911 V/WindowManagerShell( 2940): extendInfo=[
04-08 12:13:29.911 V/WindowManagerShell( 2940):  OplusTransitionExtendedInfo{mTmpFinishT=null, mInOplusCompatMode=false, mIsProcessRunning=false, mHasMismatchBoundsTarget=false, mRecentsController=null, mRemoteTransition=null, mIsTranslucentActivityToHome=false, mAvoidInterceptKeyEventToHome=false, mIsFromHome=false, mParentLeash=null, mBackAnimClosingLeash=null, mIsOplusAnimRes=false, mKeepBgForContinuous=false, mIsBalAllow=false, mTaskNotInRecent=false, mIsPredictiveBackAnim=false, mIsMergedWithPredictive=false, mIsLaunchFromSpruce=false, mIsLaunchFromDrive=false, mGlobalSearchPageSwitch=false, mNeedNoAlphaGlobalSearchScene=false, mAssistScreenShowing=false, mSwipeUpBrowserScreenShowing=false, mUserIdTransition=-1
04-08 12:13:29.911 V/WindowManagerShell( 2940): , mInRemoteScene=false, mInPreReady=false, mPreStart=false, mToken=null, mAbortByRemoteFromHome=false, mShellApplyToken=null, mRequestTransitionTaskId=8379, mAbortTransitionOnShell=0, mStartFromShortcut=false, mRemovedTaskId=-1, mTransitionInterruptType=0, mMergeSecondTaskId=-1, mTaskIdStartFromRecents=0, mTransitionId=6852, mCanUseSpringSlideAnim=false, mTransitionLaunchFrom=0, mFoldChangeType=-1, mAnimStartingPosition=[0, 0, 0, 0], mIsOpeningStkDialogActivity=false, mIsNeedApplyStartTForEmbedded=false, mMergeSecondTaskAnimation=false, mIsLaunchUnityStart=false, mIsLaunchFromAssistantByDefault=false, mSkipRemoteTransitionfalse, mIsStartFromKeyguard=false flags=0x0, mWCT=null, mIsOpenMergeToInValidPredictive=false}]}
04-08 12:13:29.911 D/SurfaceFlinger( 1534): updateWinowInfo=1, setFocusedWindow timestamp=325049408586371, windowName=fdf2e15 com.google.android.permissioncontroller/com.android.permissioncontroller.permission.ui.GrantPermissionsActivity
04-08 12:13:29.911 D/OplusShellTransition( 2940): dispatchReady, active:(#6852) android.os.BinderProxy@88345fb@0, isSync=false, track:com.android.wm.shell.transition.Transitions$Track@b0df538
04-08 12:13:29.911 I/InputDispatcher( 2171): NFW_setFocusedWindow, fdf2e15 com.google.android.permissioncontroller/com.android.permissioncontroller.permission.ui.GrantPermissionsActivity on display 0, same as the previous:0
04-08 12:13:29.912 D/OplusShellTransition( 2940): Abort transition (#6852) android.os.BinderProxy@88345fb@0 WMCore requested. reason: 0; abortTransition: false
04-08 12:13:29.912 V/WindowManagerShell( 2940): Playing animation for (#6852) android.os.BinderProxy@88345fb@0
04-08 12:13:29.912 V/ShellRecents( 2940): RecentsTransitionHandler.startAnimation: no controller found
04-08 12:13:29.912 V/WindowManagerShell( 2940): start OnePuttTransition animation, info = {id=6852 t=OPEN f=0x0 trk=0 r=[0@Point(0, 0)] c=[{m=OPEN f=TRANSLUCENT|FILLS_TASK leash=Surface(name=ActivityRecord{238815501 u0 com.google.android.permissioncontroller/com.android.permissioncontroller.permission.ui.GrantPermissionsActivity t8379})/@0xf4114a9 sb=Rect(0, 0 - 0, 0) eb=Rect(0, 0 - 1080, 2400) epz=Point(1080, 2400) d=-1->0 r=-1->0:-1 bc=ff1c1f29 component=com.google.android.permissioncontroller/com.android.permissioncontroller.permission.ui.GrantPermissionsActivity opt={t=FROM_STYLE mUserId=0}}] 
04-08 12:13:29.912 V/WindowManagerShell( 2940): extendInfo=[
04-08 12:13:29.912 V/WindowManagerShell( 2940):  OplusTransitionExtendedInfo{mTmpFinishT=null, mInOplusCompatMode=false, mIsProcessRunning=false, mHasMismatchBoundsTarget=false, mRecentsController=null, mRemoteTransition=null, mIsTranslucentActivityToHome=false, mAvoidInterceptKeyEventToHome=false, mIsFromHome=false, mParentLeash=null, mBackAnimClosingLeash=null, mIsOplusAnimRes=false, mKeepBgForContinuous=false, mIsBalAllow=false, mTaskNotInRecent=false, mIsPredictiveBackAnim=false, mIsMergedWithPredictive=false, mIsLaunchFromSpruce=false, mIsLaunchFromDrive=false, mGlobalSearchPageSwitch=false, mNeedNoAlphaGlobalSearchScene=false, mAssistScreenShowing=false, mSwipeUpBrowserScreenShowing=false, mUserIdTransition=-1
04-08 12:13:29.912 V/WindowManagerShell( 2940): , mInRemoteScene=false, mInPreReady=false, mPreStart=false, mToken=null, mAbortByRemoteFromHome=false, mShellApplyToken=null, mRequestTransitionTaskId=8379, mAbortTransitionOnShell=0, mStartFromShortcut=false, mRemovedTaskId=-1, mTransitionInterruptType=0, mMergeSecondTaskId=-1, mTaskIdStartFromRecents=0, mTransitionId=6852, mCanUseSpringSlideAnim=false, mTransitionLaunchFrom=0, mFoldChangeType=-1, mAnimStartingPosition=[0, 0, 0, 0], mIsOpeningStkDialogActivity=false, mIsNeedApplyStartTForEmbedded=false, mMergeSecondTaskAnimation=false, mIsLaunchUnityStart=false, mIsLaunchFromAssistantByDefault=false, mSkipRemoteTransitionfalse, mIsStartFromKeyguard=false flags=0x0, mWCT=null, mIsOpenMergeToInValidPredictive=false}]}
04-08 12:13:29.912 D/FlexibleTaskTransitionHandler( 2940):  performAnimation transition:android.os.BinderProxy@88345fb ,info:{id=6852 t=OPEN f=0x0 trk=0 r=[0@Point(0, 0)] c=[{m=OPEN f=TRANSLUCENT|FILLS_TASK leash=Surface(name=ActivityRecord{238815501 u0 com.google.android.permissioncontroller/com.android.permissioncontroller.permission.ui.GrantPermissionsActivity t8379})/@0xf4114a9 sb=Rect(0, 0 - 0, 0) eb=Rect(0, 0 - 1080, 2400) epz=Point(1080, 2400) d=-1->0 r=-1->0:-1 bc=ff1c1f29 component=com.google.android.permissioncontroller/com.android.permissioncontroller.permission.ui.GrantPermissionsActivity opt={t=FROM_STYLE mUserId=0}}] 
04-08 12:13:29.912 D/FlexibleTaskTransitionHandler( 2940): extendInfo=[
04-08 12:13:29.912 D/FlexibleTaskTransitionHandler( 2940):  OplusTransitionExtendedInfo{mTmpFinishT=null, mInOplusCompatMode=false, mIsProcessRunning=false, mHasMismatchBoundsTarget=false, mRecentsController=null, mRemoteTransition=null, mIsTranslucentActivityToHome=false, mAvoidInterceptKeyEventToHome=false, mIsFromHome=false, mParentLeash=null, mBackAnimClosingLeash=null, mIsOplusAnimRes=false, mKeepBgForContinuous=false, mIsBalAllow=false, mTaskNotInRecent=false, mIsPredictiveBackAnim=false, mIsMergedWithPredictive=false, mIsLaunchFromSpruce=false, mIsLaunchFromDrive=false, mGlobalSearchPageSwitch=false, mNeedNoAlphaGlobalSearchScene=false, mAssistScreenShowing=false, mSwipeUpBrowserScreenShowing=false, mUserIdTransition=-1
04-08 12:13:29.912 D/FlexibleTaskTransitionHandler( 2940): , mInRemoteScene=false, mInPreReady=false, mPreStart=false, mToken=null, mAbortByRemoteFromHome=false, mShellApplyToken=null, mRequestTransitionTaskId=8379, mAbortTransitionOnShell=0, mStartFromShortcut=false, mRemovedTaskId=-1, mTransitionInterruptType=0, mMergeSecondTaskId=-1, mTaskIdStartFromRecents=0, mTransitionId=6852, mCanUseSpringSlideAnim=false, mTransitionLaunchFrom=0, mFoldChangeType=-1, mAnimStartingPosition=[0, 0, 0, 0], mIsOpeningStkDialogActivity=false, mIsNeedApplyStartTForEmbedded=false, mMergeSecondTaskAnimation=false, mIsLaunchUnityStart=false, mIsLaunchFromAssistantByDefault=false, mSkipRemoteTransitionfalse, mIsStartFromKeyguard=false flags=0x0, mWCT=null, mIsOpenMergeToInValidPredictive=false}]}
04-08 12:13:29.913 D/FlexibleTaskTransitionHandler( 2940):  no need handler this transitionInfo: {id=6852 t=OPEN f=0x0 trk=0 r=[0@Point(0, 0)] c=[{m=OPEN f=TRANSLUCENT|FILLS_TASK leash=Surface(name=ActivityRecord{238815501 u0 com.google.android.permissioncontroller/com.android.permissioncontroller.permission.ui.GrantPermissionsActivity t8379})/@0xf4114a9 sb=Rect(0, 0 - 0, 0) eb=Rect(0, 0 - 1080, 2400) epz=Point(1080, 2400) d=-1->0 r=-1->0:-1 bc=ff1c1f29 component=com.google.android.permissioncontroller/com.android.permissioncontroller.permission.ui.GrantPermissionsActivity opt={t=FROM_STYLE mUserId=0}}] 
04-08 12:13:29.913 D/FlexibleTaskTransitionHandler( 2940): extendInfo=[
04-08 12:13:29.913 D/FlexibleTaskTransitionHandler( 2940):  OplusTransitionExtendedInfo{mTmpFinishT=null, mInOplusCompatMode=false, mIsProcessRunning=false, mHasMismatchBoundsTarget=false, mRecentsController=null, mRemoteTransition=null, mIsTranslucentActivityToHome=false, mAvoidInterceptKeyEventToHome=false, mIsFromHome=false, mParentLeash=null, mBackAnimClosingLeash=null, mIsOplusAnimRes=false, mKeepBgForContinuous=false, mIsBalAllow=false, mTaskNotInRecent=false, mIsPredictiveBackAnim=false, mIsMergedWithPredictive=false, mIsLaunchFromSpruce=false, mIsLaunchFromDrive=false, mGlobalSearchPageSwitch=false, mNeedNoAlphaGlobalSearchScene=false, mAssistScreenShowing=false, mSwipeUpBrowserScreenShowing=false, mUserIdTransition=-1
04-08 12:13:29.913 D/FlexibleTaskTransitionHandler( 2940): , mInRemoteScene=false, mInPreReady=false, mPreStart=false, mToken=null, mAbortByRemoteFromHome=false, mShellApplyToken=null, mRequestTransitionTaskId=8379, mAbortTransitionOnShell=0, mStartFromShortcut=false, mRemovedTaskId=-1, mTransitionInterruptType=0, mMergeSecondTaskId=-1, mTaskIdStartFromRecents=0, mTransitionId=6852, mCanUseSpringSlideAnim=false, mTransitionLaunchFrom=0, mFoldChangeType=-1, mAnimStartingPosition=[0, 0, 0, 0], mIsOpeningStkDialogActivity=false, mIsNeedApplyStartTForEmbedded=false, mMergeSecondTaskAnimation=false, mIsLaunchUnityStart=false, mIsLaunchFromAssistantByDefault=false, mSkipRemoteTransitionfalse, mIsStartFromKeyguard=false flags=0x0, mWCT=null, mIsOpenMergeToInValidPredictive=false}]}
04-08 12:13:29.913 I/TaskOrganizerController( 2171): onTaskInfoChanged taskid 8379 config { mBounds=Rect(0, 0 - 1080, 2400) mAppBounds=Rect(0, 0 - 1080, 2400) mMaxBounds=Rect(0, 0 - 1080, 2400) mDisplayRotation=ROTATION_0 mWindowingMode=fullscreen mActivityType=standard mAlwaysOnTop=undefined mRotation=ROTATION_0}
04-08 12:13:29.913 V/WindowManagerShell( 2940): Transition doesn't have explicit remote, search filters for match for {id=6852 t=OPEN f=0x0 trk=0 r=[0@Point(0, 0)] c=[{m=OPEN f=TRANSLUCENT|FILLS_TASK leash=Surface(name=ActivityRecord{238815501 u0 com.google.android.permissioncontroller/com.android.permissioncontroller.permission.ui.GrantPermissionsActivity t8379})/@0xf4114a9 sb=Rect(0, 0 - 0, 0) eb=Rect(0, 0 - 1080, 2400) epz=Point(1080, 2400) d=-1->0 r=-1->0:-1 bc=ff1c1f29 component=com.google.android.permissioncontroller/com.android.permissioncontroller.permission.ui.GrantPermissionsActivity opt={t=FROM_STYLE mUserId=0}}] 
04-08 12:13:29.913 V/WindowManagerShell( 2940): extendInfo=[
04-08 12:13:29.913 V/WindowManagerShell( 2940):  OplusTransitionExtendedInfo{mTmpFinishT=null, mInOplusCompatMode=false, mIsProcessRunning=false, mHasMismatchBoundsTarget=false, mRecentsController=null, mRemoteTransition=null, mIsTranslucentActivityToHome=false, mAvoidInterceptKeyEventToHome=false, mIsFromHome=false, mParentLeash=null, mBackAnimClosingLeash=null, mIsOplusAnimRes=false, mKeepBgForContinuous=false, mIsBalAllow=false, mTaskNotInRecent=false, mIsPredictiveBackAnim=false, mIsMergedWithPredictive=false, mIsLaunchFromSpruce=false, mIsLaunchFromDrive=false, mGlobalSearchPageSwitch=false, mNeedNoAlphaGlobalSearchScene=false, mAssistScreenShowing=false, mSwipeUpBrowserScreenShowing=false, mUserIdTransition=-1
04-08 12:13:29.913 V/WindowManagerShell( 2940): , mInRemoteScene=false, mInPreReady=false, mPreStart=false, mToken=null, mAbortByRemoteFromHome=false, mShellApplyToken=null, mRequestTransitionTaskId=8379, mAbortTransitionOnShell=0, mStartFromShortcut=false, mRemovedTaskId=-1, mTransitionInterruptType=0, mMergeSecondTaskId=-1, mTaskIdStartFromRecents=0, mTransitionId=6852, mCanUseSpringSlideAnim=false, mTransitionLaunchFrom=0, mFoldChangeType=-1, mAnimStartingPosition=[0, 0, 0, 0], mIsOpeningStkDialogActivity=false, mIsNeedApplyStartTForEmbedded=false, mMergeSecondTaskAnimation=false, mIsLaunchUnityStart=false, mIsLaunchFromAssistantByDefault=false, mSkipRemoteTransitionfalse, mIsStartFromKeyguard=false flags=0x0, mWCT=null, mIsOpenMergeToInValidPredictive=false}]}
04-08 12:13:29.913 V/WindowManagerShell( 2940):  Checking filter Pair{{types=[] flags=0x0] notFlags=0x100 checks=[{atype=home independent=true modes=[OPEN,TO_FRONT] flags=NONE mustBeTask=false order=TOP topActivity=ComponentInfo{com.android.launcher/com.android.launcher.Launcher} launchCookie=null windowingMode=undefined},{atype=standard independent=true modes=[CLOSE,TO_BACK] flags=NONE mustBeTask=false order=ANY topActivity=null launchCookie=null windowingMode=undefined}]} RemoteTransition { remoteTransition = android.window.IRemoteTransition$Stub$Proxy@c34f28, appThread = android.app.IApplicationThread$Stub$Proxy@8e59de6, debugName = QuickstepLaunchHome }}
04-08 12:13:29.913 V/WindowManagerShell( 2940):  Delegate animation for (#6852) to null
04-08 12:13:29.913 D/OplusFlexibleDragToSplitAnimController( 2171): visibleFlexibleTaskInfos delete:8379
04-08 12:13:29.913 E/FlexibleWindowManagerService( 2171): notifyTaskObserverToAttachController not need to notify!
04-08 12:13:29.914 I/FlexibleWindowManagerService( 2171): onFlexibleWindowTaskInfoChanged, return for cur task not embedded
04-08 12:13:29.914 V/WindowManagerShell( 2940): start default transition animation, info = {id=6852 t=OPEN f=0x0 trk=0 r=[0@Point(0, 0)] c=[{m=OPEN f=TRANSLUCENT|FILLS_TASK leash=Surface(name=ActivityRecord{238815501 u0 com.google.android.permissioncontroller/com.android.permissioncontroller.permission.ui.GrantPermissionsActivity t8379})/@0xf4114a9 sb=Rect(0, 0 - 0, 0) eb=Rect(0, 0 - 1080, 2400) epz=Point(1080, 2400) d=-1->0 r=-1->0:-1 bc=ff1c1f29 component=com.google.android.permissioncontroller/com.android.permissioncontroller.permission.ui.GrantPermissionsActivity opt={t=FROM_STYLE mUserId=0}}] 
04-08 12:13:29.914 V/WindowManagerShell( 2940): extendInfo=[
04-08 12:13:29.914 V/WindowManagerShell( 2940):  OplusTransitionExtendedInfo{mTmpFinishT=null, mInOplusCompatMode=false, mIsProcessRunning=false, mHasMismatchBoundsTarget=false, mRecentsController=null, mRemoteTransition=null, mIsTranslucentActivityToHome=false, mAvoidInterceptKeyEventToHome=false, mIsFromHome=false, mParentLeash=null, mBackAnimClosingLeash=null, mIsOplusAnimRes=false, mKeepBgForContinuous=false, mIsBalAllow=false, mTaskNotInRecent=false, mIsPredictiveBackAnim=false, mIsMergedWithPredictive=false, mIsLaunchFromSpruce=false, mIsLaunchFromDrive=false, mGlobalSearchPageSwitch=false, mNeedNoAlphaGlobalSearchScene=false, mAssistScreenShowing=false, mSwipeUpBrowserScreenShowing=false, mUserIdTransition=-1
04-08 12:13:29.914 V/WindowManagerShell( 2940): , mInRemoteScene=false, mInPreReady=false, mPreStart=false, mToken=null, mAbortByRemoteFromHome=false, mShellApplyToken=null, mRequestTransitionTaskId=8379, mAbortTransitionOnShell=0, mStartFromShortcut=false, mRemovedTaskId=-1, mTransitionInterruptType=0, mMergeSecondTaskId=-1, mTaskIdStartFromRecents=0, mTransitionId=6852, mCanUseSpringSlideAnim=false, mTransitionLaunchFrom=0, mFoldChangeType=-1, mAnimStartingPosition=[0, 0, 0, 0], mIsOpeningStkDialogActivity=false, mIsNeedApplyStartTForEmbedded=false, mMergeSecondTaskAnimation=false, mIsLaunchUnityStart=false, mIsLaunchFromAssistantByDefault=false, mSkipRemoteTransitionfalse, mIsStartFromKeyguard=false flags=0x0, mWCT=null, mIsOpenMergeToInValidPredictive=false}]}
04-08 12:13:29.914 D/FSS_OplusFoldSwitchStateObserver( 2940): cancelAnimationIfNeedWhenFolding: foldChangeType = -1
04-08 12:13:29.915 W/OplusShellTransition( 2940): don't load oplus anim, hasTranslucentFlag = true, closingPageHasMainWindow = true
04-08 12:13:29.915 V/WindowManagerShell( 2940): loadAnimation: anim=null animAttr=0x4 type=OPEN isEntrance=true
04-08 12:13:29.915 D/OplusShellTransition( 2940): addBackgroundColorOnTask, , isTaskLevelTransition = false, hasBgAlready = false
04-08 12:13:29.916 D/OplusShellTransition( 2940): DefaultTransitionHandler#onAnimFinish=> transition=android.os.BinderProxy@88345fb, backAnimContinue=false
04-08 12:13:29.916 I/ActivityTaskManager( 2171): Displayed com.google.android.permissioncontroller/com.android.permissioncontroller.permission.ui.GrantPermissionsActivity for user 0: +8s220ms
04-08 12:13:29.917 V/WindowManagerShell( 2940): Transition animation finished (aborted=false), notifying core (#6852) android.os.BinderProxy@88345fb@0
04-08 12:13:29.917 D/SplitScreen-->AppLockManager( 2940): setStartFromSafeControl mStartFromSafeControl=false
04-08 12:13:29.917 D/ShellTaskOrganizerExt( 2940): adjust change for exiting mini task: -1
04-08 12:13:29.918 V/WindowManager( 2171): Sent Transition (#6852) createdAt=04-08 12:13:29.502 via request=TransitionRequestInfo { type = OPEN, triggerTask = TaskInfo{userId=0 taskId=8379 effectiveUid=10932 displayId=0 isRunning=true baseIntent=Intent { act=android.intent.action.MAIN cat=[android.intent.category.LAUNCHER] flg=0x10200000 cmp=com.adda247.gold/.MainActivity mCallingUid=2000 } baseActivity=ComponentInfo{com.adda247.gold/com.adda247.gold.MainActivity} topActivity=ComponentInfo{com.google.android.permissioncontroller/com.android.permissioncontroller.permission.ui.GrantPermissionsActivity} origActivity=null realActivity=ComponentInfo{com.adda247.gold/com.adda247.gold.MainActivity}
04-08 12:13:29.918 V/WindowManager( 2171):  numActivities=2 lastActiveTime=1498593946 supportsSplitScreenMultiWindow=true supportsMultiWindow=true supportsPocketStudioMultiWindow=true isInFlexibleEmbedded = false uid = 10275 pid = 0 resizeMode=1 isResizeable=true minWidth=-1 minHeight=-1 defaultMinSize=220 token=WCT{RemoteToken{145b153 Task{c38897e #8379 type=standard A=10932:com.adda247.gold}}} topActivityType=1 pictureInPictureParams=null shouldDockBigOverlays=false launchIntoPipHostTaskId=-1 lastParentTaskIdBeforePip=-1 displayCutoutSafeInsets=Rect(0, 0 - 0, 0)
04-08 12:13:29.918 V/WindowManager( 2171):  topActivityInfo=ActivityInfo{30de1ff com.android.permissioncontroller.permission.ui.GrantPermissionsActivity} launchCookies=[] positionInParent=Point(0, 0) parentTaskId=-1 isFocused=true isVisible=true isVisibleRequested=true isTopActivityNoDisplay=false isSleeping=false locusId=null displayAreaFeatureId=1 isTopActivityTransparent=true isActivityStackTransparent=false lastNonFullscreenBounds=Rect(270, 649 - 810, 1729) capturedLink=null capturedLinkTimestamp=0 requestedVisibleTypes=-9 topActivityRequestOpenInBrowserEducationTimestamp=0
04-08 12:13:29.918 V/WindowManager( 2171):  appCompatTaskInfo=AppCompatTaskInfo { topActivityInSizeCompat=false topActivityInOplusCompatMode=false eligibleForLetterboxEducation= false isLetterboxEducationEnabled= false isLetterboxDoubleTapEnabled= false eligibleForUserAspectRatioButton= false topActivityBoundsLetterboxed= false isFromLetterboxDoubleTap= false topActivityLetterboxVerticalPosition= -1 topActivityLetterboxHorizontalPosition= -1 topActivityLetterboxWidth=-1 topActivityLetterboxHeight=-1 topActivityAppBounds=Rect(0, 0 - 1080, 2400) isUserFullscreenOverrideEnabled=false isSystemFullscreenOverrideEnabled=false hasMinAspectRatioOverride=false topActivityLetterboxBounds=null cameraCompatTaskInfo=CameraCompatTaskInfo { freeformCameraCompatMode=inactive}} topActivityMainWindowFrame=null topActivityLetterboxInsets=Rect(0, 0 - 0, 0)
04-08 12:13:29.918 V/WindowManager( 2171):  mOplusExtraBundle = Bundle[{androidx.flexible.taskFrame=Rect(0, 0 - 0, 0), topOpaqueSystemBarsAppearance=8, androidx.flexible.Alpha=1.0, androidx.activity.task.attach.blur=0, androidx.activity.LaunchInsensible=0, androidx.activity.LaunchCornerRadius=0, key_flexible_task_state=0, topActivitySupportAppInnerSplit=false, key_flexible_task_animating_type=-1, key_flexible_task_root_activity_processname=com.adda247.gold, androidx.activity.LaunchScenario=0, is_oplus_clone_task=false, flexible_super_mini_state=false, topRunningActivityHash=238815501, androidx.activity.LaunchScale=1.0, androidx.activity.LaunchShadowRadius=0, is_transient_hide_for_task_info=false, key_flexible_task_root_activity_pid=23255, key_flexible_task_root_activity_uid=10932}]}, pipChange = null, remoteTransition = null, displayChange = null, flags = 0, debugId = 6852 }
04-08 12:13:29.918 V/WindowManager( 2171):     startWCT=WindowContainerTransaction { changes= {} hops= [] errorCallbackToken=null taskFragmentOrganizer=null }
04-08 12:13:29.918 V/WindowManager( 2171):     info={id=6852 t=OPEN f=0x0 trk=0 r=[0@Point(0, 0)] c=[
04-08 12:13:29.918 V/WindowManager( 2171):         {m=OPEN f=TRANSLUCENT|FILLS_TASK leash=Surface(name=ActivityRecord{238815501 u0 com.google.android.permissioncontroller/com.android.permissioncontroller.permission.ui.GrantPermissionsActivity t8379})/@0x8ab850b sb=Rect(0, 0 - 0, 0) eb=Rect(0, 0 - 1080, 2400) epz=Point(1080, 2400) d=-1->0 r=-1->0:-1 bc=ff1c1f29 component=com.google.android.permissioncontroller/com.android.permissioncontroller.permission.ui.GrantPermissionsActivity opt={t=FROM_STYLE mUserId=0}}
04-08 12:13:29.918 V/WindowManager( 2171):     ] 
04-08 12:13:29.918 V/WindowManager( 2171): extendInfo=[
04-08 12:13:29.918 V/WindowManager( 2171):  OplusTransitionExtendedInfo{mTmpFinishT=null, mInOplusCompatMode=false, mIsProcessRunning=false, mHasMismatchBoundsTarget=false, mRecentsController=null, mRemoteTransition=null, mIsTranslucentActivityToHome=false, mAvoidInterceptKeyEventToHome=false, mIsFromHome=false, mParentLeash=null, mBackAnimClosingLeash=null, mIsOplusAnimRes=false, mKeepBgForContinuous=false, mIsBalAllow=false, mTaskNotInRecent=false, mIsPredictiveBackAnim=false, mIsMergedWithPredictive=false, mIsLaunchFromSpruce=false, mIsLaunchFromDrive=false, mGlobalSearchPageSwitch=false, mNeedNoAlphaGlobalSearchScene=false, mAssistScreenShowing=false, mSwipeUpBrowserScreenShowing=false, mUserIdTransition=-1
04-08 12:13:29.918 V/WindowManager( 2171): , mInRemoteScene=false, mInPreReady=false, mPreStart=false, mToken=null, mAbortByRemoteFromHome=false, mShellApplyToken=null, mRequestTransitionTaskId=8379, mAbortTransitionOnShell=0, mStartFromShortcut=false, mRemovedTaskId=-1, mTransitionInterruptType=0, mMergeSecondTaskId=-1, mTaskIdStartFromRecents=0, mTransitionId=6852, mCanUseSpringSlideAnim=false, mTransitionLaunchFrom=0, mFoldChangeType=-1, mAnimStartingPosition=[0, 0, 0, 0], mIsOpeningStkDialogActivity=false, mIsNeedApplyStartTForEmbedded=false, mMergeSecondTaskAnimation=false, mIsLaunchUnityStart=false, mIsLaunchFromAssistantByDefault=false, mSkipRemoteTransitionfalse, mIsStartFromKeyguard=false flags=0x0, mWCT=null, mIsOpenMergeToInValidPredictive=false}]}
04-08 12:13:29.918 D/MBrainLocalService( 2171): isVendorFreezeConditionPass is false
04-08 12:13:29.918 D/MBrainLocalService( 2171): notifyAppLifeCycle failed
04-08 12:13:29.925 D/HWUI    ( 2940): RenderProxy::destroy: this=0xb40000716b423700, mContext=0xb4000070c6a2dc00
04-08 12:13:29.925 D/HWUI    ( 2940): SkiaOpenGLPipeline::setSurface: this=0xb40000711b0fcf00, surface=NULL
04-08 12:13:29.927 D/ViewRootImplExtImpl( 2940): wrapConfigInfoIntoFlags rotation=0, smallestScreenWidthDp=360, residentWS=false, scenario=0, bounds=Rect(0, 0 - 1080, 2400), relayoutAsync=false, flags=0, newFlags=1258302720, title=Splash Screen com.adda247.gold
04-08 12:13:29.933 W/system_server( 2171): Suspending all threads took: 11.161ms
04-08 12:13:29.934 I/appium  (23208): Took 0ms to retrieve 0 matches for '//android.widget.Button[@resource-id="com.android.permissioncontroller:id/permission_allow_button"]' XPath2 query
04-08 12:13:29.942 I/BLASTSyncEngine( 2171): onCommitted syncId: 6852, timeout: false ran: false
04-08 12:13:29.943 D/Transition( 2171): finishTransaction-onCommitted syncId=6852
04-08 12:13:29.944 I/mtkpower@impl( 1422): [setMode] type:5, enabled:0
04-08 12:13:29.944 I/[UAH_CLIENT]( 1422): UahRelease, handle:206114
04-08 12:13:29.944 I/PowerHalWrapper( 2171): amsBoostStop AMS_BOOST_PACK_SWITCH:false, AMS_BOOST_ACT_SWITCH:false, AMS_BOOST_PROCESS_CREATE:false, AMS_BOOST_PROCESS_CREATE_FOR_GAME:false, AMS_BOOST_HOT_LAUNCH:false 
04-08 12:13:29.948 V/WindowManager( 2171): Relayout Window{6ff7dcf u0 Splash Screen com.adda247.gold}: viewVisibility=8, oldvis=0, req=1080x2400 , apr = 8, vsysui=
