04-08 12:13:31.192 I/appium  (23208): The following attributes will be included to the page source: [resource-id]
04-08 12:13:31.193 I/eara_io@eval( 1808): [eara_io_eval] wl 0 , top 0 , req_r 0 , req_w 0 , readsz_mb 0 , writesz_mb 0
04-08 12:13:31.213 I/appium  (23208): Took 0ms to retrieve 1 matches for '//android.widget.Button[@resource-id="com.android.permissioncontroller:id/permission_allow_button"]' XPath2 query
04-08 12:13:31.215 I/appium  (23208): AppiumResponse: {"sessionId":"356b7982-405f-4000-a380-7c7d263494ed","value":{"ELEMENT":"00000000-0000-062f-ffff-ffff000000ca","element-6066-11e4-a52e-4f735466cecf":"00000000-0000-062f-ffff-ffff000000ca"}}
04-08 12:13:31.234 I/appium  (23208): channel read: POST /session/356b7982-405f-4000-a380-7c7d263494ed/element/00000000-0000-062f-ffff-ffff000000ca/click
04-08 12:13:31.235 I/appium  (23208): Click command
04-08 12:13:31.240 D/CompatChangeReporter(23208): Compat change id reported: 289878283; UID 10887; state: ENABLED
04-08 12:13:31.240 I/DisplayManager(23208): Implicitly registering for refresh rate
04-08 12:13:31.259 E/IJankManager( 7858): slideSceneEnd unknown scene 1000 mScene:-1
04-08 12:13:31.259 V/AutofillManager( 7858): requestHideFillUi(null): anchor = null
04-08 12:13:31.259 D/OplusSystemUINavigationGestureExtImpl( 7858): regionString = null
04-08 12:13:31.259 D/GestureLog_OplusMultiPointerDetector( 2171): onTouchEvent------>start, mCurNumPointers=1, mCurrStatus=0 mIsDownIntervalTimeout=true, action=0 downTime=325050759 deviceId=-1
04-08 12:13:31.259 D/PowerManagerService( 2171): userActivityNoUpdateLocked: groupId=0, eventTime=325050760, event=touch, flags=0x0, uid=1000
04-08 12:13:31.259 I/[UAH_CLIENT]( 2171): UahEventAcquire, cmdid:37, pkg:none, identity:OplusUAwareInputHelper
04-08 12:13:31.259 E/libPowerHal( 1422): [getCPUFreq] error cid:2, nClusterNum:2
04-08 12:13:31.260 I/[UAH_CLIENT]( 1422): UahPlatformResAcquire
04-08 12:13:31.260 I/[UAH_CLIENT]( 1422): UahEventAcquire, cmdid:-3, pkg:1422 1463, identity:mtk-powerd
04-08 12:13:31.260 D/UAH-UahAdaptHelper( 2171): adaptSetNotification identity = OplusUAwareInputHelpersrc = 1000 , type 0 ,p1 = -1 ,p2 = -1 ,p3 = -1 ,p4 =
04-08 12:13:31.260 I/[UAH_CLIENT]( 2171): uahRuleCtl, ruleId:1000, status:0
04-08 12:13:31.262 D/OplusSystemUINavigationGestureExtImpl( 7858): regionString = null
04-08 12:13:31.266 D/OplusViewDragTouchViewHelper( 7858): dispatchTouchView action = 1
04-08 12:13:31.266 D/UAH-UahAdaptHelper( 2171): adaptSetNotification identity = OplusUAwareInputHelpersrc = 1000 , type 1 ,p1 = -1 ,p2 = -1 ,p3 = -1 ,p4 =
04-08 12:13:31.266 I/[UAH_CLIENT]( 2171): uahRuleCtl, ruleId:1000, status:1
04-08 12:13:31.267 D/ViewRootImplExtImpl( 7858): the up motion event handled by client, just return
04-08 12:13:31.267 D/OplusPanoramaWorkBranchController( 2171): notifyMotionUpOrCancel
04-08 12:13:31.279 I/GrantPermissionsViewModel( 7858): Logged buttons presented and clicked permissionGroupName=android.permission-group.NOTIFICATIONS uid=10932 package=com.adda247.gold presentedButtons=9 clickedButton=1 isPermissionRationaleShown=false sessionId=8013451449120520 targetSdk=36 prompt=BASIC initialLocationPrecision=0 selectedLocationPrecision=0 locationAccuracyButtonClicked= false
04-08 12:13:31.283 I/GrantPermissionsViewModel( 7858): Permission grant result requestId=8013451449120520 callingUid=10932 callingPackage=com.adda247.gold permission=android.permission.POST_NOTIFICATIONS isImplicit=false result=4 isPermissionRationaleShown=falseisPackageRestrictedByEnhancedConfirmation=true
04-08 12:13:31.284 W/GestureController(23208): Gestures took longer than expected (43ms >> 10ms), device might be in a busy state.
04-08 12:13:31.284 D/ActivityClient( 7858): activity finished by caller: android.app.Activity.finish:7639 android.app.Activity.finish:7656 android.app.Activity.finishAfterTransition:7715 com.android.permissioncontroller.permission.ui.GrantPermissionsActivity.finishAfterTransition:1086 com.android.permissioncontroller.permission.ui.GrantPermissionsActivity.setResultAndFinish:1217 com.android.permissioncontroller.permission.ui.GrantPermissionsActivity.onRequestInfoLoad:714 com.android.permissioncontroller.permission.ui.GrantPermissionsActivity.$r8$lambda$9mEoYpLk9u4XKMk99uuEMb-be9g:0 com.android.permissioncontroller.permission.ui.GrantPermissionsActivity$$ExternalSyntheticLambda0.onChanged:0 androidx.lifecycle.LiveData.considerNotify:134 androidx.lifecycle.LiveData.dispatchingValue:152 
04-08 12:13:31.284 D/HealthConnectTrackerManagerImpl( 2171): No packages eligible for step tracking. Aborting initialization.
04-08 12:13:31.284 I/appium  (23208): Waiting up to 10000ms for the device to idle
04-08 12:13:31.285 D/PermissionMonitor( 2171): setLocalNetworkPermissions in onPermissionsChanged took 547 microseconds.
04-08 12:13:31.285 E/OplusDexOptimizeManager( 2171): Start app fature is off
04-08 12:13:31.286 V/WindowManagerShell( 2940): Transition requested (#6853): android.os.BinderProxy@265afe1 TransitionRequestInfo { type = CLOSE, triggerTask = null, pipChange = null, remoteTransition = null, displayChange = null, flags = 0, debugId = 6853 }
04-08 12:13:31.286 D/ActivityTaskManager( 2171): setAppVisibility(Token{9751a10 ActivityRecord{238815501 u0 com.google.android.permissioncontroller/com.android.permissioncontroller.permission.ui.GrantPermissionsActivity t8379 f}}}, visible=false):  visible=true mVisibleRequested=true
04-08 12:13:31.287 D/ActivityTaskManager( 2171): setVisibility(Token{9751a10 ActivityRecord{238815501 u0 com.google.android.permissioncontroller/com.android.permissioncontroller.permission.ui.GrantPermissionsActivity t8379 f}}}, visible=false) defer commitVisibility for transition collecting
04-08 12:13:31.287 I/PowerHalWrapper( 2171): amsBoostNotify pid:7858,activity:com.android.permissioncontroller.permission.ui.GrantPermissionsActivity, package:com.google.android.permissioncontroller, mProcessCreatePackcom.adda247.gold 
04-08 12:13:31.287 I/PowerHalWrapper( 2171): state: 0 
04-08 12:13:31.288 I/appium  (23208): AppiumResponse: {"sessionId":"356b7982-405f-4000-a380-7c7d263494ed","value":null}
04-08 12:13:31.288 I/IPCThreadState( 1420): oneway function results for code 2 on binder at 0xb4000072604709a0 will be dropped but finished with status UNKNOWN_TRANSACTION
04-08 12:13:31.288 I/vendor.mediatek.hardware.mtkpower_applist-service.mediatek( 1420): packName: com.google.android.permissioncontroller actName: com.android.permissioncontroller.permission.ui.GrantPermissionsActivity pid: 7858 uid: 10275 state: 0
04-08 12:13:31.288 I/MTK_APPList( 1420): [notifyAPPstate] com.google.android.permissioncontroller/com.android.permissioncontroller.permission.ui.GrantPermissionsActivity, pid=7858, uid=10275, state:PAUSED, fps:-1, win:0
04-08 12:13:31.288 I/MTK_APPList( 1420): [notifyAPPstate] multi_resumed_app_count: 0
04-08 12:13:31.288 I/MTK_APPList( 1420): [getForegroundAPPCount] 1
04-08 12:13:31.288 I/MTK_APPList( 1420): [notifyNetdUID] 10275
04-08 12:13:31.288 I/MTK_APPList( 1420): [notifyPID] 7858
04-08 12:13:31.288 W/Service (19867): setForeground: ignoring old API call on com.oplus.notification.NotificationCenterService
04-08 12:13:31.289 D/NotificationCenter(19867): NotificationCenterService-->onBind:0
04-08 12:13:31.290 I/PowerHalWrapper( 2171): amsBoostNotify AMS_BOOST_PROCESS_CREATE_BOOST:false 
04-08 12:13:31.291 I/BufferQueueProducer( 1534): [com.google.android.permissioncontroller/com.android.permissioncontroller.permission.ui.GrantPermissionsActivity#83173](this:0xb400006f65099af8,id:-1,api:0,p:-1,c:1534) queueBuffer: fps=9.17 dur=1199.52 max=1065.20 min=10.30
04-08 12:13:31.292 I/PowerHalWrapper( 2171): <amsBoostResume> last:com.google.android.permissioncontroller, next:com.adda247.goldhasATProcess:true 
04-08 12:13:31.293 D/MBrainLocalService( 2171): isVendorFreezeConditionPass is false
04-08 12:13:31.293 E/MBrainLocalService( 2171): notifyAppSwitch failed
04-08 12:13:31.293 I/[UAH_CLIENT]( 1422): UahRelease, handle:-1
04-08 12:13:31.293 I/eara_io@eval( 1808): [eara_io_eval] wl 0 , top 0 , req_r 0 , req_w 0 , readsz_mb 0 , writesz_mb 0
04-08 12:13:31.294 I/[UAH_CLIENT]( 1422): UahPlatformResAcquire
04-08 12:13:31.294 I/[UAH_CLIENT]( 1422): UahEventAcquire, cmdid:-3, pkg:1422 0, identity:mtk-powerd
04-08 12:13:31.294 D/NotificationContentProvider(19867): notifySingleBadgeChanged:: reason = notifyPackageStateChange, pkg = com.adda247.gold, uid = 10932
04-08 12:13:31.295 D/HealthConnectTrackerManagerImpl( 2171): No packages eligible for step tracking. Aborting initialization.
04-08 12:13:31.296 D/PermissionMonitor( 2171): setLocalNetworkPermissions in onPermissionsChanged took 17 microseconds.
04-08 12:13:31.302 D/OplusWindowAnimationManager( 2171): applyNoAnimationForResumed resumed: null
04-08 12:13:31.302 I/OplusAccessController( 2171): enter isIgnoreAppSwitchActivity
04-08 12:13:31.302 I/OplusAccessController( 2171): enter isIgnoreAppSwitchActivity and intent != null
04-08 12:13:31.302 D/NotificationCenter(19867): NotificationBackend-->pkg:com.adda247.gold,uid:10932,areNotificationsEnabledForPackage:true
04-08 12:13:31.302 I/OplusAccessController( 2171): enter isIgnoreAppSwitchActivity and componentName != null
04-08 12:13:31.302 I/OplusAccessController( 2171): enter isIgnoreAppSwitchActivity and packageName&activity is not Empty
04-08 12:13:31.302 D/NotificationBackend(19867): sendNotificationPermissionChangedInApp: pkg=com.adda247.gold, allow=true
04-08 12:13:31.303 I/OplusHansManager ( 2171): front pkg: com.adda247.gold, uid: 10932, prev pkg: com.google.android.permissioncontroller, prev uid: 10275
04-08 12:13:31.303 D/JobSchedulerServiceExtImpl( 2171): updateOsenseRestrictMode for 1 true false
04-08 12:13:31.304 I/UserAwareMgr( 2171): handleTopAppChanged: com.adda247.gold, pid: 23255, uid: 10932
04-08 12:13:31.304 D/ActivityTaskManager( 2171): NFW_setLastResumedActivityUncheckLocked:true r:ActivityRecord{260910467 u0 com.adda247.gold/.MainActivity t8379} currentFocus:Window{fdf2e15 u0 com.google.android.permissioncontroller/com.android.permissioncontroller.permission.ui.GrantPermissionsActivity}
04-08 12:13:31.304 D/WindowManager( 2171): NFW_findFocusedWindowIfNeeded:Window{9d9023 u0 com.adda247.gold/com.adda247.gold.MainActivity} mCurrentFocus:Window{fdf2e15 u0 com.google.android.permissioncontroller/com.android.permissioncontroller.permission.ui.GrantPermissionsActivity}
04-08 12:13:31.304 D/WindowManager( 2171): attachImeScreenshotOnTargetIfNeeded, mImeHiding = false, requestedVisibleTypes = -9
04-08 12:13:31.304 I/BpBinder( 1534): onLastStrongRef automatically unlinking death recipients: 
04-08 12:13:31.304 D/NotificationCenter(19867): OplusBatchTrack-->user source report
04-08 12:13:31.306 V/WindowManager( 2171): Changing focus from Window{fdf2e15 u0 com.google.android.permissioncontroller/com.android.permissioncontroller.permission.ui.GrantPermissionsActivity} to Window{9d9023 u0 com.adda247.gold/com.adda247.gold.MainActivity},diplayid=0
04-08 12:13:31.308 D/NotificationCenter(19867): NotificationBackend-->pkg:com.adda247.gold,uid:10932,areNotificationsEnabledForPackage:true
04-08 12:13:31.308 D/WindowManager( 2171): setFrameRateStart invalid typeId return!
04-08 12:13:31.310 D/WindowManager( 2171): setFrameRateStart invalid typeId return!
04-08 12:13:31.310 D/NotificationContentProvider(19867): queryBadge:querySignal:pkg=com.adda247.gold&uid=10932,cost 4,use:selection ,type:0
04-08 12:13:31.311 D/Theia.NoFocusWindow( 2171): FocusWindowErrorScene cancelCheckFreezeScreen
04-08 12:13:31.311 W/TheiaWindowMonitor( 2171): [check] focusedWindow is null or enable is false
04-08 12:13:31.311 D/OplusAppStartupConfigExt( 2171): ActivityChangedListener prePkg = com.google.android.permissioncontroller  nextPkg = com.adda247.gold
04-08 12:13:31.311 I/OplusJoystickManager( 2171): handleApplicationSwitch deprecated!
04-08 12:13:31.311 I/GameManagerServiceExt-GameManagerServiceExt( 2171): on FG change: com.google.android.permissioncontroller|com.adda247.gold
04-08 12:13:31.312 I/PowerHalWrapper( 2171): amsBoostNotify pid:23255,activity:com.adda247.gold.MainActivity, package:com.adda247.gold, mProcessCreatePackcom.adda247.gold 
04-08 12:13:31.312 I/PowerHalWrapper( 2171): state: 1 
04-08 12:13:31.312 I/IPCThreadState( 1420): oneway function results for code 2 on binder at 0xb4000072604709a0 will be dropped but finished with status UNKNOWN_TRANSACTION
04-08 12:13:31.313 I/vendor.mediatek.hardware.mtkpower_applist-service.mediatek( 1420): packName: com.adda247.gold actName: com.adda247.gold.MainActivity pid: 23255 uid: 10932 state: 1
04-08 12:13:31.313 I/MTK_APPList( 1420): [notifyAPPstate] com.adda247.gold/com.adda247.gold.MainActivity, pid=23255, uid=10932, state:RESUMED, fps:-1, win:0
04-08 12:13:31.313 I/MTK_APPList( 1420): [notifyAPPstate] multi_resumed_app_count: 1
04-08 12:13:31.313 I/MTK_APPList( 1420): [notifyAPPstate] multi_resumed_app_info[0] com.adda247.gold/com.adda247.gold.MainActivity, pid:23255, fps:-1, isMultiWindow:0
04-08 12:13:31.313 I/MTK_APPList( 1420): [getForegroundAPPCount] 1
04-08 12:13:31.313 I/MTK_APPList( 1420): [notifyAPPstate] foreground:com.adda247.gold, pid:23255, uid:10932
04-08 12:13:31.313 I/MTK_APPList( 1420): [notifyNetdUID] 10932
04-08 12:13:31.315 I/PowerHalWrapper( 2171): amsBoostNotify AMS_BOOST_PROCESS_CREATE_BOOST:false 
04-08 12:13:31.316 I/PowerHalWrapper( 2171): amsBoostNotify pid:23255,activity:com.adda247.gold.MainActivity, package:com.adda247.gold, mProcessCreatePackcom.adda247.gold 
04-08 12:13:31.316 I/PowerHalWrapper( 2171): state: 1 
04-08 12:13:31.317 D/MBrainLocalService( 2171): isVendorFreezeConditionPass is false
04-08 12:13:31.317 E/MBrainLocalService( 2171): notifyAppSwitch failed
04-08 12:13:31.320 I/PowerHalWrapper( 2171): amsBoostNotify AMS_BOOST_PROCESS_CREATE_BOOST:false 
04-08 12:13:31.320 I/OPM     ( 2171): handlePackageLaunched pkg: com.adda247.gold, uid: 10932, pid: 23255
04-08 12:13:31.321 D/BackgroundInstallControlService( 2171): Package event received: 0
04-08 12:13:31.322 I/OPM-Process( 2171): resume pkg: com.adda247.gold, uid:10932, prev pkg: com.google.android.permissioncontroller, prev uid: 10275
04-08 12:13:31.322 I/Osense-BaseDecisionMaker( 2171): notifySceneToAthenaPolicy: SCENE_APP_SWITCH, bundle: Bundle[{prevPkgName=com.google.android.permissioncontroller, curUid=10932, isGame=false, curPkgName=com.adda247.gold, prevUid=10275}]
04-08 12:13:31.322 W/OplusHansManager ( 2171): Failed to notify phone app uid : not register
04-08 12:13:31.323 I/Osense-BaseDecisionMaker( 2171): scene: SCENE_APP_SWITCH, excutingPolicy: freezer
04-08 12:13:31.323 D/Osense-BaseDecisionMaker( 2171): invoke freezer policy,type: fast
04-08 12:13:31.323 D/OplusAppSwitchListener( 2171): App Activity Change
04-08 12:13:31.323 D/OplusAppSwitchListener( 2171): Detect com.google.android.permissioncontroller switch to background
04-08 12:13:31.323 D/OplusFeatureReduceBrightness( 2171): onAppExit , info = com.google.android.permissioncontroller
04-08 12:13:31.323 D/OplusAppSwitchListener( 2171): Detect com.adda247.gold switch to foreground
04-08 12:13:31.323 D/WindowManager( 2171): rotation(ROTATION_0) no changed  displayId = 0, lastOrientation = 1
04-08 12:13:31.323 D/ORBrightnessMarvelsDataCollector( 2171): Runnable-MarvelsAppEnterInfo[2026-04-08 12:13:31,com.adda247.gold,37.0]
04-08 12:13:31.324 W/Battery ( 2993): AppSwitchDetectorV2: OnAppSwitchObserver: onAppExit , info = OplusAppExitInfo = {  targetName = com.google.android.permissioncontroller hasResumingActivity = true resumingPackageName = com.adda247.gold resumingActivityName = com.adda247.gold.MainActivity resumingWindowMode = 1 isResumingMultiApp = false isResumingFirstStart = false extension = Bundle[mParcelledData.dataSize=676]} lastReg=1775624778686
04-08 12:13:31.324 W/Battery ( 2993): AppSwitchManager: onAppSwitch: [m4.o$d@f8f9156]
04-08 12:13:31.324 I/PluginSeedling--Base( 2940): SeedlingPluginService-->onStateChange: Bundle[{app_switch_resume_pkg=com.adda247.gold, app_switch_exit_pkg=com.google.android.permissioncontroller, state=onFrontAppSwitched, isTransientHide=false, app_switch_resume_activity=com.adda247.gold.MainActivity}]
04-08 12:13:31.324 D/PluginSeedling--Base( 2940): AppFrontManager-->front App changed com.adda247.gold
04-08 12:13:31.324 D/PluginSeedling--Base( 2940): StatusBarDataManager-->onPluggableInvalidated FRONT_APP
04-08 12:13:31.324 I/TaskOrganizerController( 2171): onTaskInfoChanged taskid 8379 config { mBounds=Rect(0, 0 - 1080, 2400) mAppBounds=Rect(0, 0 - 1080, 2400) mMaxBounds=Rect(0, 0 - 1080, 2400) mDisplayRotation=ROTATION_0 mWindowingMode=fullscreen mActivityType=standard mAlwaysOnTop=undefined mRotation=ROTATION_0}
04-08 12:13:31.324 W/Battery ( 2993): ThermalControlUtils: mForegroundPkg=com.adda247.gold mLastWindowMode=1
04-08 12:13:31.324 W/Battery ( 2993): StateManager: getAppType com.adda247.gold, last=1775630601843
04-08 12:13:31.324 W/Battery ( 2993): ThermalControllerCenter: mSafetyState=10000,  mSafetyTestConfigList=01111,10111,11011,11101,11110,00111,01011,01101,01110,10011,10101,10110,11001,11010,11100,11111,10100
04-08 12:13:31.324 W/Battery ( 2993): ThermalControlConfig: mNonBigVersionOtaPeriodVal=2
04-08 12:13:31.324 W/Battery ( 2993): ThermalControllHandler: tempLevel=[2],userMode=2,gameUserMode=7,appType=-1,envTempType=0,appStates=[],appSwitchSafetyMode=true,split=[],float=[],full=[com.adda247.gold], tempGear=[2],configItemName=common_config
04-08 12:13:31.325 D/ShellTaskOrganizerExt( 2940): visibleFlexibleTaskInfos delete:8379
04-08 12:13:31.325 D/ShellTaskOrganizerExt( 2940): isOnCanvas size:0
04-08 12:13:31.325 D/ShellTaskOrganizerExt( 2940): isOnThreeFlexibleCanvas size:0
04-08 12:13:31.325 W/Battery ( 2993): ThermalControllHandler: MSG_THERMAL_CONTROL_CATEGORY_CHANGED
04-08 12:13:31.325 D/OplusFlexibleDragToSplitAnimController( 2171): visibleFlexibleTaskInfos delete:8379
04-08 12:13:31.325 E/FlexibleWindowManagerService( 2171): notifyTaskObserverToAttachController not need to notify!
04-08 12:13:31.325 I/FlexibleWindowManagerService( 2171): onFlexibleWindowTaskInfoChanged, return for cur task not embedded
04-08 12:13:31.325 D/OplusEapManager( 2171): mTargetExitName :com.google.android.permissioncontroller
04-08 12:13:31.325 D/VRR [OPlusRefreshRateService]( 2171): handleFrontAppChange pkgName: null
04-08 12:13:31.326 V/DCSEX-AppSwitchManager( 2881): OnAppSwitchObserver: onAppExit, resuming = com.adda247.gold, target = com.google.android.permissioncontroller, is ResumingFirstStart =  false, is ResumingMultiApp =  false, extensionInfo =  Bundle[mParcelledData.dataSize=676]
04-08 12:13:31.326 D/OplusAppSwitchRuleInfo( 2171): generateAppEnterInfo - launch_source_type =  , launch_source_traceid = 
04-08 12:13:31.326 D/DCSEX-AppLaunchEventRecorder( 2881): onAppSwitch from = com.google.android.permissioncontroller to = com.adda247.gold
04-08 12:13:31.326 D/DCSEX-AppLaunchEventRecorder( 2881): recordExitApp = com.google.android.permissioncontroller
04-08 12:13:31.327 D/OplusAppSwitchRuleInfo( 2171): generateAppEnterInfo - launch_source_type =  , launch_source_traceid = 
04-08 12:13:31.327 W/Battery ( 2993): AppSceneCenter: PerfPolicy not enable!
04-08 12:13:31.327 D/OplusAppSwitchRuleInfo( 2171): generateAppEnterInfo - launch_source_type =  , launch_source_traceid = 
04-08 12:13:31.329 E/OplusThermalStats( 2171): Error getting package info: com.adda247.gold
04-08 12:13:31.330 D/OplusEapManager( 2171): mTargetEnterName :com.adda247.gold
04-08 12:13:31.330 D/VRR [OPlusRefreshRateService]( 2171): handleFrontAppChange pkgName: com.adda247.gold
04-08 12:13:31.330 D/OplusLatencyOptimizerManager( 2171): enter pkg: com.adda247.gold isPrevBlackAppTop: false mIsBlackAppTop: false
04-08 12:13:31.330 D/OplusAppSwitchRuleInfo( 2171): generateAppEnterInfo - launch_source_type =  , launch_source_traceid = 
04-08 12:13:31.331 E/OplusAppQuickStart_AppQuickStartController( 2171): not start from launcher transition:6853
04-08 12:13:31.331 D/Transition( 2171): collectOrderChanges onTopTasksEnd: [Task{c38897e #8379 type=standard A=10932:com.adda247.gold}], reportedOnTop:null, mOnTopTasksStart: [Task{c38897e #8379 type=standard A=10932:com.adda247.gold}], TDA child: [Task{edf306b #2 type=undefined}, Task{987741a #7245 type=standard A=10226:com.google.android.packageinstaller}, Task{dd07be4 #7252 type=standard A=10226:com.google.android.packageinstaller}, Task{996b6b1 #7264 type=standard A=10226:com.google.android.packageinstaller}, Task{f39468d #7275 type=standard A=10226:com.google.android.packageinstaller}, Task{2b2869e #7283 type=standard A=10226:com.google.android.packageinstaller}, Task{b68c052 #7290 type=standard A=10226:com.google.android.packageinstaller}, Task{e5454f5 #7296 type=standard A=10226:com.google.android.packageinstaller}, Task{7db6dfc #7307 type=standard A=10226:com.google.android.packageinstaller}, Task{fdf3c66 #8232 type=standard A=10153:com.google.android.gm}, Task{fee3164 #8237 type=standard A=10147:com.android.chrome}, Task{27f07ca #8275 type=standard A=10288:com.google.android.apps.docs}, Task{c61471 #8186 type=standard A=10237:com.google.android.dialer}, Task{e6c04a0 #8369 type=standard A=10244:com.google.android.apps.messaging}, Task{8245094 #8300 type=standard A=1000:.applications.InstalledAppDetailsTop}, Task{ee66ec3 #1 type=home}, Task{c38897e #8379 type=standard A=10932:com.adda247.gold}]
04-08 12:13:31.332 D/OplusFlexibleActivityTransitionManager( 2171): fixTransitType type result:2, targets: [ChangeInfo{78584b5 container=ActivityRecord{238815501 u0 com.google.android.permissioncontroller/com.android.permissioncontroller.permission.ui.GrantPermissionsActivity t8379 f}} flags=0x0}]
04-08 12:13:31.332 I/mtkpower@impl( 1422): [powerd_req] TIMER_MSG_PERF_LOCK_TIMEOUT hdl:162617
04-08 12:13:31.332 I/[UAH_CLIENT]( 1422): UahRelease, handle:-1
04-08 12:13:31.333 I/MTK_APPList( 1420): [notifyPID] 23255
04-08 12:13:31.333 D/OplusTransitionAnimationManager( 2171): activityRecordCount0fullScreenArBeHindStartingWindow null
04-08 12:13:31.334 D/QuickBackInputPolicy( 2171): resetInputInterceptState for remoteTransition: false
04-08 12:13:31.334 D/OplusTransitionController( 2171): onTransactionReady, transition: 6853, info: {id=6853 t=CLOSE f=0x0 trk=0 r=[0@Point(0, 0)] c=[{m=CLOSE f=TRANSLUCENT|FILLS_TASK leash=Surface(name=ActivityRecord{238815501 u0 com.google.android.permissioncontroller/com.android.permissioncontroller.permission.ui.GrantPermissionsActivity t8379})/@0x8ab850b sb=Rect(0, 0 - 1080, 2400) eb=Rect(0, 0 - 1080, 2400) epz=Point(1080, 2400) d=0 bc=ff1c1f29 component=com.google.android.permissioncontroller/com.android.permissioncontroller.permission.ui.GrantPermissionsActivity opt={t=FROM_STYLE mUserId=0}}] 
04-08 12:13:31.334 D/OplusTransitionController( 2171): extendInfo=[
04-08 12:13:31.334 D/OplusTransitionController( 2171):  OplusTransitionExtendedInfo{mTmpFinishT=null, mInOplusCompatMode=false, mIsProcessRunning=false, mHasMismatchBoundsTarget=false, mRecentsController=null, mRemoteTransition=null, mIsTranslucentActivityToHome=false, mAvoidInterceptKeyEventToHome=false, mIsFromHome=false, mParentLeash=null, mBackAnimClosingLeash=null, mIsOplusAnimRes=false, mKeepBgForContinuous=false, mIsBalAllow=false, mTaskNotInRecent=false, mIsPredictiveBackAnim=false, mIsMergedWithPredictive=false, mIsLaunchFromSpruce=false, mIsLaunchFromDrive=false, mGlobalSearchPageSwitch=false, mNeedNoAlphaGlobalSearchScene=false, mAssistScreenShowing=false, mSwipeUpBrowserScreenShowing=false, mUserIdTransition=-1
04-08 12:13:31.334 D/OplusTransitionController( 2171): , mInRemoteScene=false, mInPreReady=false, mPreStart=false, mToken=null, mAbortByRemoteFromHome=false, mShellApplyToken=null, mRequestTransitionTaskId=-1, mAbortTransitionOnShell=0, mStartFromShortcut=false, mRemovedTaskId=-1, mTransitionInterruptType=0, mMergeSecondTaskId=-1, mTaskIdStartFromRecents=0, mTransitionId=6853, mCanUseSpringSlideAnim=false, mTransitionLaunchFrom=0, mFoldChangeType=-1, mAnimStartingPosition=[0, 0, 0, 0], mIsOpeningStkDialogActivity=false, mIsNeedApplyStartTForEmbedded=false, mMergeSecondTaskAnimation=false, mIsLaunchUnityStart=false, mIsLaunchFromAssistantByDefault=false, mSkipRemoteTransitionfalse, mIsStartFromKeyguard=false flags=0x0, mWCT=null, mIsOpenMergeToInValidPredictive=false}]}, targets : [ChangeInfo{78584b5 container=ActivityRecord{238815501 u0 com.google.android.permissioncontroller/com.android.permissioncontroller.permission.ui.GrantPermissionsActivity t8379 f}} flags=0x0}], participants: {ActivityRecord{238815501 u0 com.google.android.permissioncontroller/com.android.permissioncontroller.permission.ui.GrantPermissionsActivity t8379 f}}}
04-08 12:13:31.338 V/WindowManagerShell( 2940): onTransitionReady(transaction=9324374347792)
04-08 12:13:31.339 V/WindowManagerShell( 2940): onTransitionReady (#6853) android.os.BinderProxy@265afe1: {id=6853 t=CLOSE f=0x0 trk=0 r=[0@Point(0, 0)] c=[
04-08 12:13:31.339 V/WindowManagerShell( 2940):         {m=CLOSE f=TRANSLUCENT|FILLS_TASK leash=Surface(name=ActivityRecord{238815501 u0 com.google.android.permissioncontroller/com.android.permissioncontroller.permission.ui.GrantPermissionsActivity t8379})/@0x9c093c7 sb=Rect(0, 0 - 1080, 2400) eb=Rect(0, 0 - 1080, 2400) epz=Point(1080, 2400) d=0 bc=ff1c1f29 component=com.google.android.permissioncontroller/com.android.permissioncontroller.permission.ui.GrantPermissionsActivity opt={t=FROM_STYLE mUserId=0}}
04-08 12:13:31.339 V/WindowManagerShell( 2940):     ] 
04-08 12:13:31.339 V/WindowManagerShell( 2940): extendInfo=[
04-08 12:13:31.339 V/WindowManagerShell( 2940):  OplusTransitionExtendedInfo{mTmpFinishT=null, mInOplusCompatMode=false, mIsProcessRunning=false, mHasMismatchBoundsTarget=false, mRecentsController=null, mRemoteTransition=null, mIsTranslucentActivityToHome=false, mAvoidInterceptKeyEventToHome=false, mIsFromHome=false, mParentLeash=null, mBackAnimClosingLeash=null, mIsOplusAnimRes=false, mKeepBgForContinuous=false, mIsBalAllow=false, mTaskNotInRecent=false, mIsPredictiveBackAnim=false, mIsMergedWithPredictive=false, mIsLaunchFromSpruce=false, mIsLaunchFromDrive=false, mGlobalSearchPageSwitch=false, mNeedNoAlphaGlobalSearchScene=false, mAssistScreenShowing=false, mSwipeUpBrowserScreenShowing=false, mUserIdTransition=-1
04-08 12:13:31.339 V/WindowManagerShell( 2940): , mInRemoteScene=false, mInPreReady=false, mPreStart=false, mToken=null, mAbortByRemoteFromHome=false, mShellApplyToken=null, mRequestTransitionTaskId=-1, mAbortTransitionOnShell=0, mStartFromShortcut=false, mRemovedTaskId=-1, mTransitionInterruptType=0, mMergeSecondTaskId=-1, mTaskIdStartFromRecents=0, mTransitionId=6853, mCanUseSpringSlideAnim=false, mTransitionLaunchFrom=0, mFoldChangeType=-1, mAnimStartingPosition=[0, 0, 0, 0], mIsOpeningStkDialogActivity=false, mIsNeedApplyStartTForEmbedded=false, mMergeSecondTaskAnimation=false, mIsLaunchUnityStart=false, mIsLaunchFromAssistantByDefault=false, mSkipRemoteTransitionfalse, mIsStartFromKeyguard=false flags=0x0, mWCT=null, mIsOpenMergeToInValidPredictive=false}]}
04-08 12:13:31.339 D/OplusShellTransition( 2940): dispatchReady, active:(#6853) android.os.BinderProxy@265afe1@0, isSync=false, track:com.android.wm.shell.transition.Transitions$Track@b0df538
04-08 12:13:31.339 D/OplusShellTransition( 2940): Abort transition (#6853) android.os.BinderProxy@265afe1@0 WMCore requested. reason: 0; abortTransition: false
04-08 12:13:31.339 I/MTK_APPList( 1420): [notifyAPPstate] pc:1, com.google.android.permissioncontroller => com.adda247.gold
04-08 12:13:31.339 V/WindowManagerShell( 2940): Playing animation for (#6853) android.os.BinderProxy@265afe1@0
04-08 12:13:31.340 V/ShellRecents( 2940): RecentsTransitionHandler.startAnimation: no controller found
04-08 12:13:31.340 I/IPCThreadState( 1420): oneway function results for code 2 on binder at 0xb4000072604709a0 will be dropped but finished with status UNKNOWN_TRANSACTION
04-08 12:13:31.340 I/vendor.mediatek.hardware.mtkpower_applist-service.mediatek( 1420): packName: com.adda247.gold actName: com.adda247.gold.MainActivity pid: 23255 uid: 10932 state: 1
04-08 12:13:31.340 I/MTK_APPList( 1420): [notifyAPPstate] com.adda247.gold/com.adda247.gold.MainActivity, pid=23255, uid=10932, state:RESUMED, fps:-1, win:0
04-08 12:13:31.340 I/MTK_APPList( 1420): [notifyAPPstate] multi_resumed_app_count: 1
04-08 12:13:31.340 I/MTK_APPList( 1420): [notifyAPPstate] multi_resumed_app_info[0] com.adda247.gold/com.adda247.gold.MainActivity, pid:23255, fps:-1, isMultiWindow:0
04-08 12:13:31.340 I/MTK_APPList( 1420): [getForegroundAPPCount] 1
04-08 12:13:31.340 I/MTK_APPList( 1420): [notifyAPPstate] foreground:com.adda247.gold, pid:23255, uid:10932
04-08 12:13:31.340 I/MTK_APPList( 1420): [notifyNetdUID] 10932
04-08 12:13:31.340 V/WindowManagerShell( 2940): start OnePuttTransition animation, info = {id=6853 t=CLOSE f=0x0 trk=0 r=[0@Point(0, 0)] c=[{m=CLOSE f=TRANSLUCENT|FILLS_TASK leash=Surface(name=ActivityRecord{238815501 u0 com.google.android.permissioncontroller/com.android.permissioncontroller.permission.ui.GrantPermissionsActivity t8379})/@0x9c093c7 sb=Rect(0, 0 - 1080, 2400) eb=Rect(0, 0 - 1080, 2400) epz=Point(1080, 2400) d=0 bc=ff1c1f29 component=com.google.android.permissioncontroller/com.android.permissioncontroller.permission.ui.GrantPermissionsActivity opt={t=FROM_STYLE mUserId=0}}] 
04-08 12:13:31.340 V/WindowManagerShell( 2940): extendInfo=[
04-08 12:13:31.340 V/WindowManagerShell( 2940):  OplusTransitionExtendedInfo{mTmpFinishT=null, mInOplusCompatMode=false, mIsProcessRunning=false, mHasMismatchBoundsTarget=false, mRecentsController=null, mRemoteTransition=null, mIsTranslucentActivityToHome=false, mAvoidInterceptKeyEventToHome=false, mIsFromHome=false, mParentLeash=null, mBackAnimClosingLeash=null, mIsOplusAnimRes=false, mKeepBgForContinuous=false, mIsBalAllow=false, mTaskNotInRecent=false, mIsPredictiveBackAnim=false, mIsMergedWithPredictive=false, mIsLaunchFromSpruce=false, mIsLaunchFromDrive=false, mGlobalSearchPageSwitch=false, mNeedNoAlphaGlobalSearchScene=false, mAssistScreenShowing=false, mSwipeUpBrowserScreenShowing=false, mUserIdTransition=-1
04-08 12:13:31.340 V/WindowManagerShell( 2940): , mInRemoteScene=false, mInPreReady=false, mPreStart=false, mToken=null, mAbortByRemoteFromHome=false, mShellApplyToken=null, mRequestTransitionTaskId=-1, mAbortTransitionOnShell=0, mStartFromShortcut=false, mRemovedTaskId=-1, mTransitionInterruptType=0, mMergeSecondTaskId=-1, mTaskIdStartFromRecents=0, mTransitionId=6853, mCanUseSpringSlideAnim=false, mTransitionLaunchFrom=0, mFoldChangeType=-1, mAnimStartingPosition=[0, 0, 0, 0], mIsOpeningStkDialogActivity=false, mIsNeedApplyStartTForEmbedded=false, mMergeSecondTaskAnimation=false, mIsLaunchUnityStart=false, mIsLaunchFromAssistantByDefault=false, mSkipRemoteTransitionfalse, mIsStartFromKeyguard=false flags=0x0, mWCT=null, mIsOpenMergeToInValidPredictive=false}]}
04-08 12:13:31.340 D/FlexibleTaskTransitionHandler( 2940):  performAnimation transition:android.os.BinderProxy@265afe1 ,info:{id=6853 t=CLOSE f=0x0 trk=0 r=[0@Point(0, 0)] c=[{m=CLOSE f=TRANSLUCENT|FILLS_TASK leash=Surface(name=ActivityRecord{238815501 u0 com.google.android.permissioncontroller/com.android.permissioncontroller.permission.ui.GrantPermissionsActivity t8379})/@0x9c093c7 sb=Rect(0, 0 - 1080, 2400) eb=Rect(0, 0 - 1080, 2400) epz=Point(1080, 2400) d=0 bc=ff1c1f29 component=com.google.android.permissioncontroller/com.android.permissioncontroller.permission.ui.GrantPermissionsActivity opt={t=FROM_STYLE mUserId=0}}] 
04-08 12:13:31.340 D/FlexibleTaskTransitionHandler( 2940): extendInfo=[
04-08 12:13:31.340 D/FlexibleTaskTransitionHandler( 2940):  OplusTransitionExtendedInfo{mTmpFinishT=null, mInOplusCompatMode=false, mIsProcessRunning=false, mHasMismatchBoundsTarget=false, mRecentsController=null, mRemoteTransition=null, mIsTranslucentActivityToHome=false, mAvoidInterceptKeyEventToHome=false, mIsFromHome=false, mParentLeash=null, mBackAnimClosingLeash=null, mIsOplusAnimRes=false, mKeepBgForContinuous=false, mIsBalAllow=false, mTaskNotInRecent=false, mIsPredictiveBackAnim=false, mIsMergedWithPredictive=false, mIsLaunchFromSpruce=false, mIsLaunchFromDrive=false, mGlobalSearchPageSwitch=false, mNeedNoAlphaGlobalSearchScene=false, mAssistScreenShowing=false, mSwipeUpBrowserScreenShowing=false, mUserIdTransition=-1
04-08 12:13:31.340 D/FlexibleTaskTransitionHandler( 2940): , mInRemoteScene=false, mInPreReady=false, mPreStart=false, mToken=null, mAbortByRemoteFromHome=false, mShellApplyToken=null, mRequestTransitionTaskId=-1, mAbortTransitionOnShell=0, mStartFromShortcut=false, mRemovedTaskId=-1, mTransitionInterruptType=0, mMergeSecondTaskId=-1, mTaskIdStartFromRecents=0, mTransitionId=6853, mCanUseSpringSlideAnim=false, mTransitionLaunchFrom=0, mFoldChangeType=-1, mAnimStartingPosition=[0, 0, 0, 0], mIsOpeningStkDialogActivity=false, mIsNeedApplyStartTForEmbedded=false, mMergeSecondTaskAnimation=false, mIsLaunchUnityStart=false, mIsLaunchFromAssistantByDefault=false, mSkipRemoteTransitionfalse, mIsStartFromKeyguard=false flags=0x0, mWCT=null, mIsOpenMergeToInValidPredictive=false}]}
04-08 12:13:31.340 D/OplusAppSwitchRuleInfo( 2171): generateAppEnterInfo - launch_source_type =  , launch_source_traceid = 
04-08 12:13:31.340 D/FlexibleTaskTransitionHandler( 2940):  no need handler this transitionInfo: {id=6853 t=CLOSE f=0x0 trk=0 r=[0@Point(0, 0)] c=[{m=CLOSE f=TRANSLUCENT|FILLS_TASK leash=Surface(name=ActivityRecord{238815501 u0 com.google.android.permissioncontroller/com.android.permissioncontroller.permission.ui.GrantPermissionsActivity t8379})/@0x9c093c7 sb=Rect(0, 0 - 1080, 2400) eb=Rect(0, 0 - 1080, 2400) epz=Point(1080, 2400) d=0 bc=ff1c1f29 component=com.google.android.permissioncontroller/com.android.permissioncontroller.permission.ui.GrantPermissionsActivity opt={t=FROM_STYLE mUserId=0}}] 
04-08 12:13:31.340 D/FlexibleTaskTransitionHandler( 2940): extendInfo=[
04-08 12:13:31.340 D/FlexibleTaskTransitionHandler( 2940):  OplusTransitionExtendedInfo{mTmpFinishT=null, mInOplusCompatMode=false, mIsProcessRunning=false, mHasMismatchBoundsTarget=false, mRecentsController=null, mRemoteTransition=null, mIsTranslucentActivityToHome=false, mAvoidInterceptKeyEventToHome=false, mIsFromHome=false, mParentLeash=null, mBackAnimClosingLeash=null, mIsOplusAnimRes=false, mKeepBgForContinuous=false, mIsBalAllow=false, mTaskNotInRecent=false, mIsPredictiveBackAnim=false, mIsMergedWithPredictive=false, mIsLaunchFromSpruce=false, mIsLaunchFromDrive=false, mGlobalSearchPageSwitch=false, mNeedNoAlphaGlobalSearchScene=false, mAssistScreenShowing=false, mSwipeUpBrowserScreenShowing=false, mUserIdTransition=-1
04-08 12:13:31.340 D/FlexibleTaskTransitionHandler( 2940): , mInRemoteScene=false, mInPreReady=false, mPreStart=false, mToken=null, mAbortByRemoteFromHome=false, mShellApplyToken=null, mRequestTransitionTaskId=-1, mAbortTransitionOnShell=0, mStartFromShortcut=false, mRemovedTaskId=-1, mTransitionInterruptType=0, mMergeSecondTaskId=-1, mTaskIdStartFromRecents=0, mTransitionId=6853, mCanUseSpringSlideAnim=false, mTransitionLaunchFrom=0, mFoldChangeType=-1, mAnimStartingPosition=[0, 0, 0, 0], mIsOpeningStkDialogActivity=false, mIsNeedApplyStartTForEmbedded=false, mMergeSecondTaskAnimation=false, mIsLaunchUnityStart=false, mIsLaunchFromAssistantByDefault=false, mSkipRemoteTransitionfalse, mIsStartFromKeyguard=false flags=0x0, mWCT=null, mIsOpenMergeToInValidPredictive=false}]}
04-08 12:13:31.340 V/WindowManagerShell( 2940): Transition doesn't have explicit remote, search filters for match for {id=6853 t=CLOSE f=0x0 trk=0 r=[0@Point(0, 0)] c=[{m=CLOSE f=TRANSLUCENT|FILLS_TASK leash=Surface(name=ActivityRecord{238815501 u0 com.google.android.permissioncontroller/com.android.permissioncontroller.permission.ui.GrantPermissionsActivity t8379})/@0x9c093c7 sb=Rect(0, 0 - 1080, 2400) eb=Rect(0, 0 - 1080, 2400) epz=Point(1080, 2400) d=0 bc=ff1c1f29 component=com.google.android.permissioncontroller/com.android.permissioncontroller.permission.ui.GrantPermissionsActivity opt={t=FROM_STYLE mUserId=0}}] 
04-08 12:13:31.340 V/WindowManagerShell( 2940): extendInfo=[
04-08 12:13:31.340 V/WindowManagerShell( 2940):  OplusTransitionExtendedInfo{mTmpFinishT=null, mInOplusCompatMode=false, mIsProcessRunning=false, mHasMismatchBoundsTarget=false, mRecentsController=null, mRemoteTransition=null, mIsTranslucentActivityToHome=false, mAvoidInterceptKeyEventToHome=false, mIsFromHome=false, mParentLeash=null, mBackAnimClosingLeash=null, mIsOplusAnimRes=false, mKeepBgForContinuous=false, mIsBalAllow=false, mTaskNotInRecent=false, mIsPredictiveBackAnim=false, mIsMergedWithPredictive=false, mIsLaunchFromSpruce=false, mIsLaunchFromDrive=false, mGlobalSearchPageSwitch=false, mNeedNoAlphaGlobalSearchScene=false, mAssistScreenShowing=false, mSwipeUpBrowserScreenShowing=false, mUserIdTransition=-1
04-08 12:13:31.340 V/WindowManagerShell( 2940): , mInRemoteScene=false, mInPreReady=false, mPreStart=false, mToken=null, mAbortByRemoteFromHome=false, mShellApplyToken=null, mRequestTransitionTaskId=-1, mAbortTransitionOnShell=0, mStartFromShortcut=false, mRemovedTaskId=-1, mTransitionInterruptType=0, mMergeSecondTaskId=-1, mTaskIdStartFromRecents=0, mTransitionId=6853, mCanUseSpringSlideAnim=false, mTransitionLaunchFrom=0, mFoldChangeType=-1, mAnimStartingPosition=[0, 0, 0, 0], mIsOpeningStkDialogActivity=false, mIsNeedApplyStartTForEmbedded=false, mMergeSecondTaskAnimation=false, mIsLaunchUnityStart=false, mIsLaunchFromAssistantByDefault=false, mSkipRemoteTransitionfalse, mIsStartFromKeyguard=false flags=0x0, mWCT=null, mIsOpenMergeToInValidPredictive=false}]}
04-08 12:13:31.341 V/WindowManagerShell( 2940):  Checking filter Pair{{types=[] flags=0x0] notFlags=0x100 checks=[{atype=home independent=true modes=[OPEN,TO_FRONT] flags=NONE mustBeTask=false order=TOP topActivity=ComponentInfo{com.android.launcher/com.android.launcher.Launcher} launchCookie=null windowingMode=undefined},{atype=standard independent=true modes=[CLOSE,TO_BACK] flags=NONE mustBeTask=false order=ANY topActivity=null launchCookie=null windowingMode=undefined}]} RemoteTransition { remoteTransition = android.window.IRemoteTransition$Stub$Proxy@c34f28, appThread = android.app.IApplicationThread$Stub$Proxy@8e59de6, debugName = QuickstepLaunchHome }}
04-08 12:13:31.341 V/WindowManagerShell( 2940):  Delegate animation for (#6853) to null
04-08 12:13:31.341 V/WindowManagerShell( 2940): start default transition animation, info = {id=6853 t=CLOSE f=0x0 trk=0 r=[0@Point(0, 0)] c=[{m=CLOSE f=TRANSLUCENT|FILLS_TASK leash=Surface(name=ActivityRecord{238815501 u0 com.google.android.permissioncontroller/com.android.permissioncontroller.permission.ui.GrantPermissionsActivity t8379})/@0x9c093c7 sb=Rect(0, 0 - 1080, 2400) eb=Rect(0, 0 - 1080, 2400) epz=Point(1080, 2400) d=0 bc=ff1c1f29 component=com.google.android.permissioncontroller/com.android.permissioncontroller.permission.ui.GrantPermissionsActivity opt={t=FROM_STYLE mUserId=0}}] 
04-08 12:13:31.341 V/WindowManagerShell( 2940): extendInfo=[
04-08 12:13:31.341 V/WindowManagerShell( 2940):  OplusTransitionExtendedInfo{mTmpFinishT=null, mInOplusCompatMode=false, mIsProcessRunning=false, mHasMismatchBoundsTarget=false, mRecentsController=null, mRemoteTransition=null, mIsTranslucentActivityToHome=false, mAvoidInterceptKeyEventToHome=false, mIsFromHome=false, mParentLeash=null, mBackAnimClosingLeash=null, mIsOplusAnimRes=false, mKeepBgForContinuous=false, mIsBalAllow=false, mTaskNotInRecent=false, mIsPredictiveBackAnim=false, mIsMergedWithPredictive=false, mIsLaunchFromSpruce=false, mIsLaunchFromDrive=false, mGlobalSearchPageSwitch=false, mNeedNoAlphaGlobalSearchScene=false, mAssistScreenShowing=false, mSwipeUpBrowserScreenShowing=false, mUserIdTransition=-1
04-08 12:13:31.341 V/WindowManagerShell( 2940): , mInRemoteScene=false, mInPreReady=false, mPreStart=false, mToken=null, mAbortByRemoteFromHome=false, mShellApplyToken=null, mRequestTransitionTaskId=-1, mAbortTransitionOnShell=0, mStartFromShortcut=false, mRemovedTaskId=-1, mTransitionInterruptType=0, mMergeSecondTaskId=-1, mTaskIdStartFromRecents=0, mTransitionId=6853, mCanUseSpringSlideAnim=false, mTransitionLaunchFrom=0, mFoldChangeType=-1, mAnimStartingPosition=[0, 0, 0, 0], mIsOpeningStkDialogActivity=false, mIsNeedApplyStartTForEmbedded=false, mMergeSecondTaskAnimation=false, mIsLaunchUnityStart=false, mIsLaunchFromAssistantByDefault=false, mSkipRemoteTransitionfalse, mIsStartFromKeyguard=false flags=0x0, mWCT=null, mIsOpenMergeToInValidPredictive=false}]}
04-08 12:13:31.341 D/FSS_OplusFoldSwitchStateObserver( 2940): cancelAnimationIfNeedWhenFolding: foldChangeType = -1
04-08 12:13:31.341 I/MTK_APPList( 1420): [notifyPID] 23255
04-08 12:13:31.342 W/OplusShellTransition( 2940): don't load oplus anim, hasTranslucentFlag = true, closingPageHasMainWindow = true
04-08 12:13:31.342 V/WindowManagerShell( 2940): loadAnimation: anim=null animAttr=0x7 type=CLOSE isEntrance=false
04-08 12:13:31.342 D/OplusShellTransition( 2940): addBackgroundColorOnTask, , isTaskLevelTransition = false, hasBgAlready = false
04-08 12:13:31.343 I/AccessibilityWindowsPopulator( 2171): getInsensibleFlag flag = 0
04-08 12:13:31.343 I/MTK_APPList( 1420): [notifyAPPstate] act com.android.launcher.Launcher => com.adda247.gold.MainActivity
04-08 12:13:31.343 D/OplusShellTransition( 2940): DefaultTransitionHandler#onAnimFinish=> transition=android.os.BinderProxy@265afe1, backAnimContinue=false
04-08 12:13:31.344 V/WindowManagerShell( 2940): Transition animation finished (aborted=false), notifying core (#6853) android.os.BinderProxy@265afe1@0
04-08 12:13:31.344 V/WindowManager( 2171): Sent Transition (#6853) createdAt=04-08 12:13:31.285 via request=TransitionRequestInfo { type = CLOSE, triggerTask = null, pipChange = null, remoteTransition = null, displayChange = null, flags = 0, debugId = 6853 }
04-08 12:13:31.344 D/SplitScreen-->AppLockManager( 2940): setStartFromSafeControl mStartFromSafeControl=false
04-08 12:13:31.344 V/WindowManager( 2171):     startWCT=WindowContainerTransaction { changes= {} hops= [] errorCallbackToken=null taskFragmentOrganizer=null }
04-08 12:13:31.344 D/ShellTaskOrganizerExt( 2940): adjust change for exiting mini task: -1
04-08 12:13:31.345 V/WindowManager( 2171):     info={id=6853 t=CLOSE f=0x0 trk=0 r=[0@Point(0, 0)] c=[
04-08 12:13:31.345 V/WindowManager( 2171):         {m=CLOSE f=TRANSLUCENT|FILLS_TASK leash=Surface(name=ActivityRecord{238815501 u0 com.google.android.permissioncontroller/com.android.permissioncontroller.permission.ui.GrantPermissionsActivity t8379})/@0x8ab850b sb=Rect(0, 0 - 1080, 2400) eb=Rect(0, 0 - 1080, 2400) epz=Point(1080, 2400) d=0 bc=ff1c1f29 component=com.google.android.permissioncontroller/com.android.permissioncontroller.permission.ui.GrantPermissionsActivity opt={t=FROM_STYLE mUserId=0}}
04-08 12:13:31.345 V/WindowManager( 2171):     ] 
04-08 12:13:31.345 V/WindowManager( 2171): extendInfo=[
04-08 12:13:31.345 V/WindowManager( 2171):  OplusTransitionExtendedInfo{mTmpFinishT=null, mInOplusCompatMode=false, mIsProcessRunning=false, mHasMismatchBoundsTarget=false, mRecentsController=null, mRemoteTransition=null, mIsTranslucentActivityToHome=false, mAvoidInterceptKeyEventToHome=false, mIsFromHome=false, mParentLeash=null, mBackAnimClosingLeash=null, mIsOplusAnimRes=false, mKeepBgForContinuous=false, mIsBalAllow=false, mTaskNotInRecent=false, mIsPredictiveBackAnim=false, mIsMergedWithPredictive=false, mIsLaunchFromSpruce=false, mIsLaunchFromDrive=false, mGlobalSearchPageSwitch=false, mNeedNoAlphaGlobalSearchScene=false, mAssistScreenShowing=false, mSwipeUpBrowserScreenShowing=false, mUserIdTransition=-1
04-08 12:13:31.345 V/WindowManager( 2171): , mInRemoteScene=false, mInPreReady=false, mPreStart=false, mToken=null, mAbortByRemoteFromHome=false, mShellApplyToken=null, mRequestTransitionTaskId=-1, mAbortTransitionOnShell=0, mStartFromShortcut=false, mRemovedTaskId=-1, mTransitionInterruptType=0, mMergeSecondTaskId=-1, mTaskIdStartFromRecents=0, mTransitionId=6853, mCanUseSpringSlideAnim=false, mTransitionLaunchFrom=0, mFoldChangeType=-1, mAnimStartingPosition=[0, 0, 0, 0], mIsOpeningStkDialogActivity=false, mIsNeedApplyStartTForEmbedded=false, mMergeSecondTaskAnimation=false, mIsLaunchUnityStart=false, mIsLaunchFromAssistantByDefault=false, mSkipRemoteTransitionfalse, mIsStartFromKeyguard=false flags=0x0, mWCT=null, mIsOpenMergeToInValidPredictive=false}]}
04-08 12:13:31.346 I/AccessibilityWindowsPopulator( 2171): getInsensibleFlag flag = 0
04-08 12:13:31.347 D/Transition( 2171): finishTransition ar ActivityRecord{238815501 u0 com.google.android.permissioncontroller/com.android.permissioncontroller.permission.ui.GrantPermissionsActivity t8379 f}}, isVisibleRequested=false, state=STOPPING, visibleAtTransitionEndTokens={}, this=TransitionRecord{ec8a984 id=6853 track=0 type=CLOSE flags=0x0 state=2 c=[
04-08 12:13:31.347 D/Transition( 2171):    ChangeInfo{f2e956d container=Display{#0 state=ON size=1080x2400 ROTATION_0} flags=0x0}
04-08 12:13:31.347 D/Transition( 2171):    ChangeInfo{7ab05a2 container=DefaultTaskDisplayArea@164275376 flags=0x0}
04-08 12:13:31.347 D/Transition( 2171):    ChangeInfo{cd4f233 container=Task{c38897e #8379 type=standard A=10932:com.adda247.gold} flags=0x0}
04-08 12:13:31.347 D/Transition( 2171):    ChangeInfo{78584b5 container=ActivityRecord{238815501 u0 com.google.android.permissioncontroller/com.android.permissioncontroller.permission.ui.GrantPermissionsActivity t8379 f}} flags=0x0}
04-08 12:13:31.347 D/Transition( 2171): ]
04-08 12:13:31.347 D/Transition( 2171): }
04-08 12:13:31.348 D/ActivityTaskManager( 2171): commitVisibility: ActivityRecord{238815501 u0 com.google.android.permissioncontroller/com.android.permissioncontroller.permission.ui.GrantPermissionsActivity t8379 f}}: visible=false visibleRequested=false, isInTransition=false 
04-08 12:13:31.348 D/WindowManager( 2171): NFW_setClientVisible:ActivityRecord{238815501 u0 com.google.android.permissioncontroller/com.android.permissioncontroller.permission.ui.GrantPermissionsActivity t8379 f}} clientVisible:false
04-08 12:13:31.348 D/VRI[GrantPermissionsActivity]( 7858): dispatchAppVisibility visible:false mUpcomingWindowFocus:true
04-08 12:13:31.348 I/WindowManager( 2171): Window{fdf2e15 u0 com.google.android.permissioncontroller/com.android.permissioncontroller.permission.ui.GrantPermissionsActivity} state from HAS_DRAWN to DRAW_PENDING; reason: resetDrawState
04-08 12:13:31.349 D/SurfaceAnimationRunner( 2171): onAnimationStart:Surface(name=Dim Layer for - Task=8379)/@0x7a23c5c
04-08 12:13:31.350 D/OplusTransitionController( 2171): finishTransition, transition: TransitionRecord{ec8a984 id=6853 track=0 type=CLOSE flags=0x0 state=4 c=[
04-08 12:13:31.350 D/OplusTransitionController( 2171):    ChangeInfo{f2e956d container=Display{#0 state=ON size=1080x2400 ROTATION_0} flags=0x0}
04-08 12:13:31.350 D/OplusTransitionController( 2171):    ChangeInfo{7ab05a2 container=DefaultTaskDisplayArea@164275376 flags=0x0}
04-08 12:13:31.350 D/OplusTransitionController( 2171):    ChangeInfo{cd4f233 container=Task{c38897e #8379 type=standard A=10932:com.adda247.gold} flags=0x0}
04-08 12:13:31.350 D/OplusTransitionController( 2171):    ChangeInfo{78584b5 container=ActivityRecord{238815501 u0 com.google.android.permissioncontroller/com.android.permissioncontroller.permission.ui.GrantPermissionsActivity t8379 f}} flags=0x0}
04-08 12:13:31.350 D/OplusTransitionController( 2171): ]
04-08 12:13:31.350 D/OplusTransitionController( 2171): }
04-08 12:13:31.350 D/FlexibleTaskTransitionController( 2171):  finishTransition pendingRecentToFlexibleTask:null,isRotationTransition:false ,pendingRecentToFlexible:null ,transition:TransitionRecord{ec8a984 id=6853 track=0 type=CLOSE flags=0x0 state=4 c=[
04-08 12:13:31.350 D/FlexibleTaskTransitionController( 2171):    ChangeInfo{f2e956d container=Display{#0 state=ON size=1080x2400 ROTATION_0} flags=0x0}
04-08 12:13:31.350 D/FlexibleTaskTransitionController( 2171):    ChangeInfo{7ab05a2 container=DefaultTaskDisplayArea@164275376 flags=0x0}
04-08 12:13:31.350 D/FlexibleTaskTransitionController( 2171):    ChangeInfo{cd4f233 container=Task{c38897e #8379 type=standard A=10932:com.adda247.gold} flags=0x0}
04-08 12:13:31.350 D/FlexibleTaskTransitionController( 2171):    ChangeInfo{78584b5 container=ActivityRecord{238815501 u0 com.google.android.permissioncontroller/com.android.permissioncontroller.permission.ui.GrantPermissionsActivity t8379 f}} flags=0x0}
04-08 12:13:31.350 D/FlexibleTaskTransitionController( 2171): ]
04-08 12:13:31.350 D/FlexibleTaskTransitionController( 2171): }
04-08 12:13:31.351 D/RefreshRate( 2171): ***** request traversal for refresh rate change, reason is highTempRefreshRateChanged: false, windowRefreshRateChanged: true, flexibleWindowStateChanged: false, has float/zoom window *****
04-08 12:13:31.351 D/TransitionControllerExtImpl( 2171): NFW_send RECOMPUTE_FOCUS in finishTransition
04-08 12:13:31.352 W/UserAwareMgr( 2171): event can not be released, id: 5005, count: 2, releasePid: 2171
04-08 12:13:31.352 I/BLASTSyncEngine( 2171): onCommitted syncId: 6853, timeout: false ran: false
04-08 12:13:31.352 D/ShellTaskOrganizer( 2940): onTransitionFinish, isRecent:false
04-08 12:13:31.352 D/Transition( 2171): finishTransaction-onCommitted syncId=6853
04-08 12:13:31.352 V/WindowManagerShell( 2940): Track 0 became idle
04-08 12:13:31.352 V/WindowManagerShell( 2940):  animated by com.android.wm.shell.transition.DefaultTransitionHandler@606f0e8
04-08 12:13:31.352 D/OplusShellTransition( 2940): dispatchTransition, animated mHandler: com.android.wm.shell.transition.DefaultTransitionHandler@606f0e8
04-08 12:13:31.352 V/WindowManagerShell( 2940): Track 0 became idle
04-08 12:13:31.353 D/OplusAppSwitchRuleInfo( 2171): generateAppEnterInfo - launch_source_type =  , launch_source_traceid = 
