04-16 15:30:32.807 I/native  (18889): I0000 00:00:1776333632.807967   18889 data_source.cc:99] ... Opened data source "/data/user_de/0/com.google.android.tts/files/superpacks/en-in/en-in-x-multi-seanet-r65/../en-in-x-multi-r65/ipa_to_tts_to-en_in.far" of size 127189
04-16 15:30:32.808 I/native  (18889): I0000 00:00:1776333632.808738   18889 android_resource_loader.cc:100] Built resource ipa_to_tts_phoneme_mapper
04-16 15:30:32.808 I/native  (18889): I0000 00:00:1776333632.808796   18889 android_resource_loader.cc:116] Loaded resource:ipa_to_tts_phoneme_mapper
04-16 15:30:32.808 I/native  (18889): I0000 00:00:1776333632.808835   18889 data_source.cc:95] Opening data source "/data/user_de/0/com.google.android.tts/files/superpacks/en-in/en-in-x-multi-seanet-r65/../en-in-x-multi-r65/en_in.hlex.bin" (as: MEMORY) ...
04-16 15:30:32.808 I/native  (18889): I0000 00:00:1776333632.808921   18889 data_source.cc:99] ... Opened data source "/data/user_de/0/com.google.android.tts/files/superpacks/en-in/en-in-x-multi-seanet-r65/../en-in-x-multi-r65/en_in.hlex.bin" of size 4836600
04-16 15:30:32.809 I/native  (18889): I0000 00:00:1776333632.809107   18889 android_resource_loader.cc:100] Built resource lexicon
04-16 15:30:32.809 I/native  (18889): I0000 00:00:1776333632.809142   18889 android_resource_loader.cc:116] Loaded resource:lexicon
04-16 15:30:32.809 I/native  (18889): I0000 00:00:1776333632.809175   18889 data_source.cc:95] Opening data source "/data/user_de/0/com.google.android.tts/files/superpacks/en-in/en-in-x-multi-seanet-r65/../en-in-x-multi-r65/homographs_model_en_in_embedded.bin" (as: MEMORY) ...
04-16 15:30:32.809 I/native  (18889): I0000 00:00:1776333632.809244   18889 data_source.cc:99] ... Opened data source "/data/user_de/0/com.google.android.tts/files/superpacks/en-in/en-in-x-multi-seanet-r65/../en-in-x-multi-r65/homographs_model_en_in_embedded.bin" of size 267912
04-16 15:30:32.813 I/native  (18889): I0000 00:00:1776333632.813700   18889 android_resource_loader.cc:100] Built resource homograph_classifier_model_resource
04-16 15:30:32.813 I/native  (18889): I0000 00:00:1776333632.813872   18889 android_resource_loader.cc:116] Loaded resource:homograph_classifier_model_resource
04-16 15:30:32.813 I/native  (18889): I0000 00:00:1776333632.813929   18889 data_source.cc:95] Opening data source "/data/user_de/0/com.google.android.tts/files/superpacks/en-in/en-in-x-multi-seanet-r65/../en-in-x-multi-r65/burdock_model.params.pb" (as: FILE) ...
04-16 15:30:32.814 I/native  (18889): I0000 00:00:1776333632.813993   18889 data_source.cc:99] ... Opened data source "/data/user_de/0/com.google.android.tts/files/superpacks/en-in/en-in-x-multi-seanet-r65/../en-in-x-multi-r65/burdock_model.params.pb" of size 7722
04-16 15:30:32.814 I/native  (18889): I0000 00:00:1776333632.814743   18889 android_resource_loader.cc:100] Built resource lstm_add_specification_resource
04-16 15:30:32.814 I/native  (18889): I0000 00:00:1776333632.814792   18889 android_resource_loader.cc:116] Loaded resource:lstm_add_specification_resource
04-16 15:30:32.814 I/native  (18889): I0000 00:00:1776333632.814835   18889 data_source.cc:95] Opening data source "/data/user_de/0/com.google.android.tts/files/superpacks/en-in/en-in-x-multi-seanet-r65/chive_model_fused.pb" (as: FILE) ...
04-16 15:30:32.814 I/native  (18889): I0000 00:00:1776333632.814897   18889 data_source.cc:99] ... Opened data source "/data/user_de/0/com.google.android.tts/files/superpacks/en-in/en-in-x-multi-seanet-r65/chive_model_fused.pb" of size 906
04-16 15:30:32.815 I/native  (18889): I0000 00:00:1776333632.815003   18889 data_source.cc:95] Opening data source "/data/user_de/0/com.google.android.tts/files/superpacks/en-in/en-in-x-multi-seanet-r65/burdock_valerian_model.tflite" (as: MEMORY) ...
04-16 15:30:32.815 I/native  (18889): I0000 00:00:1776333632.815076   18889 data_source.cc:99] ... Opened data source "/data/user_de/0/com.google.android.tts/files/superpacks/en-in/en-in-x-multi-seanet-r65/burdock_valerian_model.tflite" of size 1735104
04-16 15:30:32.815 E/tflite  (18889): third_party/tensorflow/lite/core/subgraph.cc:1084 tensor.data.raw != nullptr was not true.
04-16 15:30:32.815 I/native  (18889): I0000 00:00:1776333632.815485   18889 chive_inference_resource.cc:234] Creating new CHiVE model [model graph]: 
04-16 15:30:32.815 I/native  (18889): I0000 00:00:1776333632.815527   18889 chive_model.cc:179] Creating a single pass CHiVE model
04-16 15:30:32.816 I/native  (18889): I0000 00:00:1776333632.816470   18889 android_resource_loader.cc:100] Built resource chive_inference_config
04-16 15:30:32.816 I/native  (18889): I0000 00:00:1776333632.816521   18889 android_resource_loader.cc:116] Loaded resource:chive_inference_config
04-16 15:30:32.816 I/native  (18889): I0000 00:00:1776333632.816556   18889 data_source.cc:95] Opening data source "/data/user_de/0/com.google.android.tts/files/superpacks/en-in/en-in-x-multi-seanet-r65/../en-in-x-multi-r65/hi_in_phonology.pb" (as: FILE) ...
04-16 15:30:32.816 I/native  (18889): I0000 00:00:1776333632.816611   18889 data_source.cc:99] ... Opened data source "/data/user_de/0/com.google.android.tts/files/superpacks/en-in/en-in-x-multi-seanet-r65/../en-in-x-multi-r65/hi_in_phonology.pb" of size 3576
04-16 15:30:32.817 W/native  (18889): W0000 00:00:1776333632.817045   18889 phonology.cc:80] Phonemes n, n` have non-distinctive features. See b/111971558.
04-16 15:30:32.817 W/native  (18889): W0000 00:00:1776333632.817082   18889 phonology.cc:80] Phonemes eI, e:, e:~, e@ have non-distinctive features. See b/111971558.
04-16 15:30:32.817 W/native  (18889): W0000 00:00:1776333632.817095   18889 phonology.cc:80] Phonemes E, E:~ have non-distinctive features. See b/111971558.
04-16 15:30:32.817 W/native  (18889): W0000 00:00:1776333632.817107   18889 phonology.cc:80] Phonemes a:, a:~ have non-distinctive features. See b/111971558.
04-16 15:30:32.817 W/native  (18889): W0000 00:00:1776333632.817117   18889 phonology.cc:80] Phonemes @, @~ have non-distinctive features. See b/111971558.
04-16 15:30:32.817 W/native  (18889): W0000 00:00:1776333632.817128   18889 phonology.cc:80] Phonemes k, k_h have non-distinctive features. See b/111971558.
04-16 15:30:32.817 W/native  (18889): W0000 00:00:1776333632.817140   18889 phonology.cc:80] Phonemes g, g_h have non-distinctive features. See b/111971558.
04-16 15:30:32.817 W/native  (18889): W0000 00:00:1776333632.817150   18889 phonology.cc:80] Phonemes l, r have non-distinctive features. See b/111971558.
04-16 15:30:32.817 W/native  (18889): W0000 00:00:1776333632.817159   18889 phonology.cc:80] Phonemes dZ, dZ_h have non-distinctive features. See b/111971558.
04-16 15:30:32.817 W/native  (18889): W0000 00:00:1776333632.817169   18889 phonology.cc:80] Phonemes t`, t`_h have non-distinctive features. See b/111971558.
04-16 15:30:32.817 W/native  (18889): W0000 00:00:1776333632.817178   18889 phonology.cc:80] Phonemes b, b_h have non-distinctive features. See b/111971558.
04-16 15:30:32.817 W/native  (18889): W0000 00:00:1776333632.817189   18889 phonology.cc:80] Phonemes O:, O:~ have non-distinctive features. See b/111971558.
04-16 15:30:32.817 W/native  (18889): W0000 00:00:1776333632.817200   18889 phonology.cc:80] Phonemes u:, u:~ have non-distinctive features. See b/111971558.
04-16 15:30:32.817 W/native  (18889): W0000 00:00:1776333632.817210   18889 phonology.cc:80] Phonemes tS, tS_h have non-distinctive features. See b/111971558.
04-16 15:30:32.817 W/native  (18889): W0000 00:00:1776333632.817219   18889 phonology.cc:80] Phonemes d_d, d_d_h, d`_h have non-distinctive features. See b/111971558.
04-16 15:30:32.817 W/native  (18889): W0000 00:00:1776333632.817229   18889 phonology.cc:80] Phonemes t_d, t_d_h have non-distinctive features. See b/111971558.
04-16 15:30:32.817 W/native  (18889): W0000 00:00:1776333632.817240   18889 phonology.cc:80] Phonemes I:, I:~ have non-distinctive features. See b/111971558.
04-16 15:30:32.817 I/native  (18889): I0000 00:00:1776333632.817549   18889 android_resource_loader.cc:100] Built resource phonology_hi_in
04-16 15:30:32.817 I/native  (18889): I0000 00:00:1776333632.817582   18889 android_resource_loader.cc:116] Loaded resource:phonology_hi_in
04-16 15:30:32.817 I/native  (18889): I0000 00:00:1776333632.817611   18889 data_source.cc:95] Opening data source "/data/user_de/0/com.google.android.tts/files/superpacks/en-in/en-in-x-multi-seanet-r65/../en-in-x-multi-r65/hi_in.hlex.bin" (as: MEMORY) ...
04-16 15:30:32.817 I/native  (18889): I0000 00:00:1776333632.817688   18889 data_source.cc:99] ... Opened data source "/data/user_de/0/com.google.android.tts/files/superpacks/en-in/en-in-x-multi-seanet-r65/../en-in-x-multi-r65/hi_in.hlex.bin" of size 1426104
04-16 15:30:32.817 I/native  (18889): I0000 00:00:1776333632.817919   18889 android_resource_loader.cc:100] Built resource lexicon_hi_in
04-16 15:30:32.817 I/native  (18889): I0000 00:00:1776333632.817952   18889 android_resource_loader.cc:116] Loaded resource:lexicon_hi_in
04-16 15:30:32.817 I/native  (18889): I0000 00:00:1776333632.817988   18889 data_source.cc:95] Opening data source "/data/user_de/0/com.google.android.tts/files/superpacks/en-in/en-in-x-multi-seanet-r65/../en-in-x-multi-r65/homographs_model_hi_in_embedded.bin" (as: MEMORY) ...
04-16 15:30:32.818 I/native  (18889): I0000 00:00:1776333632.818070   18889 data_source.cc:99] ... Opened data source "/data/user_de/0/com.google.android.tts/files/superpacks/en-in/en-in-x-multi-seanet-r65/../en-in-x-multi-r65/homographs_model_hi_in_embedded.bin" of size 192360
04-16 15:30:32.818 I/native  (18889): I0000 00:00:1776333632.818657   18889 android_resource_loader.cc:100] Built resource homograph_classifier_model_resource_hi_in
04-16 15:30:32.818 I/native  (18889): I0000 00:00:1776333632.818696   18889 android_resource_loader.cc:116] Loaded resource:homograph_classifier_model_resource_hi_in
04-16 15:30:32.818 I/native  (18889): I0000 00:00:1776333632.818733   18889 data_source.cc:95] Opening data source "/data/user_de/0/com.google.android.tts/files/superpacks/en-in/en-in-x-multi-seanet-r65/lettuce_node_generator_params_embedded_in_runtime.pb" (as: FILE) ...
04-16 15:30:32.818 I/native  (18889): I0000 00:00:1776333632.818787   18889 data_source.cc:99] ... Opened data source "/data/user_de/0/com.google.android.tts/files/superpacks/en-in/en-in-x-multi-seanet-r65/lettuce_node_generator_params_embedded_in_runtime.pb" of size 2942
04-16 15:30:32.844 I/AccessibilityWindowsPopulator( 2246): getInsensibleFlag flag = 0
04-16 15:30:32.861 I/eara_io@eval( 1773): [eara_io_eval] wl 0 , top 0 , req_r 0 , req_w 0 , readsz_mb 0 , writesz_mb 0
04-16 15:30:32.861 I/eara_io@boost( 1773): [eara_io_boost] notify: boost=0
04-16 15:30:32.900 D/OplusStartingWindowManager( 2246): updateRecordSurfaceViewState windowToken = android.os.BinderProxy@54217b5, surfaceState = true, attachedToWindow = true, inList = false, win = Window{b5b6e4a u0 com.adda247.gold/com.adda247.gold.MainActivity}
04-16 15:30:32.934 D/SurfaceView(22907): 254428303 handleSyncNoBuffer
04-16 15:30:32.934 W/VRI[MainActivity](22907): performTraversals: cancelAndRedraw, mLastPerformTraversalsSkipDrawReasonpredraw_io.flutter.embedding.android.FlutterActivityAndFragmentDelegate$2
04-16 15:30:32.935 V/MoEngage(22907): Core_Utils postOnMainThread() : executing: class com.moengage.core.internal.CoreController$$ExternalSyntheticLambda2
04-16 15:30:32.936 V/MoEngage(22907): Core_InitialisationHandler onSdkInitialised() : Notifying initialisation listeners
04-16 15:30:32.943 W/MoEngage(22907): WMDA2A8JEH4S8FJ1LB96WMJW Core_AuthenticationHandler initialiseListeners(): Authorization is not enabled
04-16 15:30:32.960 D/SessionLifecycleService(22907): Service bound to new client on process 22907
04-16 15:30:32.961 I/eara_io@eval( 1773): [eara_io_eval] wl 4 , top 0 , req_r 4 , req_w 0 , readsz_mb 0 , writesz_mb 0
04-16 15:30:32.977 D/SessionLifecycleService(22907): App has not yet foregrounded. Using previously stored session: null
04-16 15:30:32.977 D/SessionLifecycleService(22907): Client android.os.Messenger@e1bb423 bound at 50628090. Clients: 1
04-16 15:30:33.019 D/AppProfilerExtImpl( 2246): Skipped pss collection for CPU busy
04-16 15:30:33.033 I/flutter (22907): ┌───────────────────────────────────────────────────────────────────────────────────────────────────────────────────────
04-16 15:30:33.033 I/flutter (22907): │ #0   AppLogger.logDebug (package:adda_gold/logger/app_logger.dart:122:15)
04-16 15:30:33.033 I/flutter (22907): │ #1   LocalNotificationService.initialize (package:adda_gold/core/notification/local_notification_service.dart:77:17)
04-16 15:30:33.033 I/flutter (22907): ├┄┄┄┄┄┄┄┄┄┄┄┄┄┄┄┄┄┄┄┄┄┄┄┄┄┄┄┄┄┄┄┄┄┄┄┄┄┄┄┄┄┄┄┄┄┄┄┄┄┄┄┄┄┄┄┄┄┄┄┄┄┄┄┄┄┄┄┄┄┄┄┄┄┄┄┄┄┄┄┄┄┄┄┄┄┄┄┄┄┄┄┄┄┄┄┄┄┄┄┄┄┄┄┄┄┄┄┄┄┄┄┄┄┄┄┄┄┄┄
04-16 15:30:33.033 I/flutter (22907): │ 15:30:32.989 (+0:00:00.006458)
04-16 15:30:33.033 I/flutter (22907): ├┄┄┄┄┄┄┄┄┄┄┄┄┄┄┄┄┄┄┄┄┄┄┄┄┄┄┄┄┄┄┄┄┄┄┄┄┄┄┄┄┄┄┄┄┄┄┄┄┄┄┄┄┄┄┄┄┄┄┄┄┄┄┄┄┄┄┄┄┄┄┄┄┄┄┄┄┄┄┄┄┄┄┄┄┄┄┄┄┄┄┄┄┄┄┄┄┄┄┄┄┄┄┄┄┄┄┄┄┄┄┄┄┄┄┄┄┄┄┄
04-16 15:30:33.033 I/flutter (22907): │ 🐛 LocalNotificationService: Initialized successfully
04-16 15:30:33.033 I/flutter (22907): └───────────────────────────────────────────────────────────────────────────────────────────────────────────────────────
04-16 15:30:33.036 I/flutter (22907): ┌───────────────────────────────────────────────────────────────────────────────────────────────────────────────────────
04-16 15:30:33.036 I/flutter (22907): │ #0   AppLogger.logDebug (package:adda_gold/logger/app_logger.dart:122:15)
04-16 15:30:33.036 I/flutter (22907): │ #1   LocalNotificationService.registerHandler (package:adda_gold/core/notification/local_notification_service.dart:106:15)
04-16 15:30:33.036 I/flutter (22907): ├┄┄┄┄┄┄┄┄┄┄┄┄┄┄┄┄┄┄┄┄┄┄┄┄┄┄┄┄┄┄┄┄┄┄┄┄┄┄┄┄┄┄┄┄┄┄┄┄┄┄┄┄┄┄┄┄┄┄┄┄┄┄┄┄┄┄┄┄┄┄┄┄┄┄┄┄┄┄┄┄┄┄┄┄┄┄┄┄┄┄┄┄┄┄┄┄┄┄┄┄┄┄┄┄┄┄┄┄┄┄┄┄┄┄┄┄┄┄┄
04-16 15:30:33.036 I/flutter (22907): │ 15:30:33.035 (+0:00:00.052883)
04-16 15:30:33.036 I/flutter (22907): ├┄┄┄┄┄┄┄┄┄┄┄┄┄┄┄┄┄┄┄┄┄┄┄┄┄┄┄┄┄┄┄┄┄┄┄┄┄┄┄┄┄┄┄┄┄┄┄┄┄┄┄┄┄┄┄┄┄┄┄┄┄┄┄┄┄┄┄┄┄┄┄┄┄┄┄┄┄┄┄┄┄┄┄┄┄┄┄┄┄┄┄┄┄┄┄┄┄┄┄┄┄┄┄┄┄┄┄┄┄┄┄┄┄┄┄┄┄┄┄
04-16 15:30:33.036 I/flutter (22907): │ 🐛 LocalNotificationService: Registered handler for notification ID 9999
04-16 15:30:33.036 I/flutter (22907): └───────────────────────────────────────────────────────────────────────────────────────────────────────────────────────
04-16 15:30:33.040 D/ActivityManager( 2246): Cancel freezing 6477 com.android.vending
04-16 15:30:33.041 E/OplusDexOptimizeManager( 2246): Start app fature is off
04-16 15:30:33.051 W/VRI[MainActivity](22907): performTraversals: cancelAndRedraw, mLastPerformTraversalsSkipDrawReasonpredraw_io.flutter.embedding.android.FlutterActivityAndFragmentDelegate$2
04-16 15:30:33.052 W/VRI[MainActivity](22907): handleResized, msg:, frameChanged:false, configChanged:false, displayChanged:false, attachedFrameChanged:false, compatScaleChanged:false, pendingDragResizing=false
04-16 15:30:33.055 I/DynamicFramerate [FRTCConfigManager](22907): initFrameRateConfig: 
04-16 15:30:33.055 I/DynamicFramerate [FRTCConfigManager](22907): 	levelsFor120hz: [120, 60]
04-16 15:30:33.055 I/DynamicFramerate [FRTCConfigManager](22907): 	thresholdsFor120hz: [200]
04-16 15:30:33.055 I/DynamicFramerate [FRTCConfigManager](22907): 	levelsFor90hz: [90]
04-16 15:30:33.055 I/DynamicFramerate [FRTCConfigManager](22907): 	thresholdsFor90hz: []
04-16 15:30:33.055 I/DynamicFramerate [FRTCConfigManager](22907): FRTCConfigManager: FRTC_CAPABILITY = 120, package name = com.adda247.gold, WINDOW_ANIMATION_SPEED_RATE = 10, SCROLL_ANIMATION_SPEED_RATE = 20, PACKAGE_ENABLE = false
04-16 15:30:33.055 I/DynamicFramerate [DynamicFrameRateController](22907): init info: mPackageName = com.adda247.gold, mIsEnabled = false
04-16 15:30:33.061 I/eara_io@eval( 1773): [eara_io_eval] wl 3 , top 100 , req_r 0 , req_w 12 , readsz_mb 0 , writesz_mb 0
04-16 15:30:33.067 D/SessionLifecycleClient(22907): Connected to SessionLifecycleService. Queue size 1
04-16 15:30:33.069 V/MoEngage(22907): Core_Properties processObjectAttribute() : Will process: ACTIVITY_NAME : com.adda247.gold.MainActivity
04-16 15:30:33.074 I/flutter (22907): ┌───────────────────────────────────────────────────────────────────────────────────────────────────────────────────────
04-16 15:30:33.074 I/flutter (22907): │ #0   AppLogger.logDebug (package:adda_gold/logger/app_logger.dart:122:15)
04-16 15:30:33.074 I/flutter (22907): │ #1   ChuckerNotificationService.initialize (package:adda_gold/build_variants/chucker_notification_service.dart:55:17)
04-16 15:30:33.074 I/flutter (22907): ├┄┄┄┄┄┄┄┄┄┄┄┄┄┄┄┄┄┄┄┄┄┄┄┄┄┄┄┄┄┄┄┄┄┄┄┄┄┄┄┄┄┄┄┄┄┄┄┄┄┄┄┄┄┄┄┄┄┄┄┄┄┄┄┄┄┄┄┄┄┄┄┄┄┄┄┄┄┄┄┄┄┄┄┄┄┄┄┄┄┄┄┄┄┄┄┄┄┄┄┄┄┄┄┄┄┄┄┄┄┄┄┄┄┄┄┄┄┄┄
04-16 15:30:33.074 I/flutter (22907): │ 15:30:33.073 (+0:00:00.091124)
04-16 15:30:33.074 I/flutter (22907): ├┄┄┄┄┄┄┄┄┄┄┄┄┄┄┄┄┄┄┄┄┄┄┄┄┄┄┄┄┄┄┄┄┄┄┄┄┄┄┄┄┄┄┄┄┄┄┄┄┄┄┄┄┄┄┄┄┄┄┄┄┄┄┄┄┄┄┄┄┄┄┄┄┄┄┄┄┄┄┄┄┄┄┄┄┄┄┄┄┄┄┄┄┄┄┄┄┄┄┄┄┄┄┄┄┄┄┄┄┄┄┄┄┄┄┄┄┄┄┄
04-16 15:30:33.074 I/flutter (22907): │ 🐛 ChuckerNotificationService: Initialized successfully
04-16 15:30:33.074 I/flutter (22907): └───────────────────────────────────────────────────────────────────────────────────────────────────────────────────────
04-16 15:30:33.074 I/SystemUi--Notification( 2818): OplusLiveAlertNotificationsRepository-->onNotificationChannelModified: com.adda247.gold 0 Chucker Network Inspector 1
04-16 15:30:33.080 D/WindowLayoutComponentImpl(22907): app addWindowLayoutInfoListener activity:com.adda247.gold.MainActivity@4a9dd93 consumer :androidx.window.layout.adapter.extensions.MulticastConsumer@c9f5849
04-16 15:30:33.080 D/WindowLayoutComponentImpl(22907): Register WindowLayoutInfoListener on Context=com.adda247.gold.MainActivity@4a9dd93, of which baseContext=android.app.ContextImpl@e35054e
04-16 15:30:33.083 W/VRI[MainActivity](22907): performTraversals: cancelAndRedraw, mLastPerformTraversalsSkipDrawReasonpredraw_io.flutter.embedding.android.FlutterActivityAndFragmentDelegate$2
04-16 15:30:33.092 E/OplusDexOptimizeManager( 2246): Start app fature is off
04-16 15:30:33.096 W/Service (10825): setForeground: ignoring old API call on com.oplus.notification.NotificationCenterService
04-16 15:30:33.097 I/FontLog (22774): (REDACTED) Received query %s, URI %s
04-16 15:30:33.098 I/FontLog (22774): (REDACTED) Query [%s] resolved to %s
04-16 15:30:33.097 D/NotificationCenter(10825): NotificationCenterService-->onBind:0
04-16 15:30:33.100 I/FontLog (22774): (REDACTED) Fetch %s end status %s
04-16 15:30:33.103 D/AdvertisingIdClient(20081): AdvertisingIdClient already created.
04-16 15:30:33.103 D/AdvertisingIdClient(20081): AdvertisingIdClient is not bounded. Starting to bind it...
04-16 15:30:33.106 E/OplusDexOptimizeManager( 2246): Start app fature is off
04-16 15:30:33.108 I/AccessibilityWindowsPopulator( 2246): getInsensibleFlag flag = 0
04-16 15:30:33.110 D/ActivityTaskManager( 2246): Requested Orientation r = ActivityRecord{178163535 u0 com.adda247.gold/.MainActivity t8775}, requestedOrientation = SCREEN_ORIENTATION_PORTRAIT (1)
04-16 15:30:33.113 D/SessionLifecycleClient(22907): Sending lifecycle 1 to service
04-16 15:30:33.116 I/flutter (22907): ┌───────────────────────────────────────────────────────────────────────────────────────────────────────────────────────
04-16 15:30:33.116 I/flutter (22907): │ #0   AppLogger.initialize (package:adda_gold/logger/app_logger.dart:31:15)
04-16 15:30:33.116 I/flutter (22907): │ #1   AppInitializer.initialize.<anonymous closure> (package:adda_gold/build_variants/app_initializer.dart:71:19)
04-16 15:30:33.116 I/flutter (22907): ├┄┄┄┄┄┄┄┄┄┄┄┄┄┄┄┄┄┄┄┄┄┄┄┄┄┄┄┄┄┄┄┄┄┄┄┄┄┄┄┄┄┄┄┄┄┄┄┄┄┄┄┄┄┄┄┄┄┄┄┄┄┄┄┄┄┄┄┄┄┄┄┄┄┄┄┄┄┄┄┄┄┄┄┄┄┄┄┄┄┄┄┄┄┄┄┄┄┄┄┄┄┄┄┄┄┄┄┄┄┄┄┄┄┄┄┄┄┄┄
04-16 15:30:33.116 I/flutter (22907): │ 15:30:33.116 (+0:00:00.133360)
04-16 15:30:33.116 I/flutter (22907): ├┄┄┄┄┄┄┄┄┄┄┄┄┄┄┄┄┄┄┄┄┄┄┄┄┄┄┄┄┄┄┄┄┄┄┄┄┄┄┄┄┄┄┄┄┄┄┄┄┄┄┄┄┄┄┄┄┄┄┄┄┄┄┄┄┄┄┄┄┄┄┄┄┄┄┄┄┄┄┄┄┄┄┄┄┄┄┄┄┄┄┄┄┄┄┄┄┄┄┄┄┄┄┄┄┄┄┄┄┄┄┄┄┄┄┄┄┄┄┄
04-16 15:30:33.116 I/flutter (22907): │ 🐛 AppLogger initialized for staging environment (Debug/Profile build)
04-16 15:30:33.116 I/flutter (22907): └───────────────────────────────────────────────────────────────────────────────────────────────────────────────────────
04-16 15:30:33.116 D/SessionLifecycleService(22907): Activity foregrounding at 50628243.
04-16 15:30:33.117 D/SessionLifecycleService(22907): Cold start detected.
04-16 15:30:33.117 I/flutter (22907): ┌───────────────────────────────────────────────────────────────────────────────────────────────────────────────────────
04-16 15:30:33.117 I/flutter (22907): │ #0   AppLogger.logDebug (package:adda_gold/logger/app_logger.dart:122:15)
04-16 15:30:33.117 I/flutter (22907): │ #1   CrashLogger.initialize (package:adda_gold/logger/crash_logger.dart:18:15)
04-16 15:30:33.117 I/flutter (22907): ├┄┄┄┄┄┄┄┄┄┄┄┄┄┄┄┄┄┄┄┄┄┄┄┄┄┄┄┄┄┄┄┄┄┄┄┄┄┄┄┄┄┄┄┄┄┄┄┄┄┄┄┄┄┄┄┄┄┄┄┄┄┄┄┄┄┄┄┄┄┄┄┄┄┄┄┄┄┄┄┄┄┄┄┄┄┄┄┄┄┄┄┄┄┄┄┄┄┄┄┄┄┄┄┄┄┄┄┄┄┄┄┄┄┄┄┄┄┄┄
04-16 15:30:33.117 I/flutter (22907): │ 15:30:33.117 (+0:00:00.134255)
04-16 15:30:33.117 I/flutter (22907): ├┄┄┄┄┄┄┄┄┄┄┄┄┄┄┄┄┄┄┄┄┄┄┄┄┄┄┄┄┄┄┄┄┄┄┄┄┄┄┄┄┄┄┄┄┄┄┄┄┄┄┄┄┄┄┄┄┄┄┄┄┄┄┄┄┄┄┄┄┄┄┄┄┄┄┄┄┄┄┄┄┄┄┄┄┄┄┄┄┄┄┄┄┄┄┄┄┄┄┄┄┄┄┄┄┄┄┄┄┄┄┄┄┄┄┄┄┄┄┄
04-16 15:30:33.117 I/flutter (22907): │ 🐛 CrashLogger initialized for staging environment
04-16 15:30:33.117 I/flutter (22907): └───────────────────────────────────────────────────────────────────────────────────────────────────────────────────────
04-16 15:30:33.118 W/OplusExSystemServiceHelper(20081): checkOplusExSystemService intent getComponent is null
04-16 15:30:33.122 D/SessionLifecycleService(22907): Generated new session b33704bea3a848ed95110594b6658f0c
04-16 15:30:33.122 V/MoEngage(22907): Core_Properties processObjectAttribute() : Will process: ACTIVITY_NAME : com.pichillilorenzo.flutter_inappwebview_android.in_app_browser.InAppBrowserActivity
04-16 15:30:33.124 D/SessionLifecycleService(22907): Broadcasting new session: SessionDetails(sessionId=b33704bea3a848ed95110594b6658f0c, firstSessionId=b33704bea3a848ed95110594b6658f0c, sessionIndex=0, sessionStartTimestampUs=1776333633122000)
04-16 15:30:33.125 D/AdvertisingIdClient(20081): AdvertisingIdClient is bounded
04-16 15:30:33.128 D/ViewRootImplExtImpl(22907): wrapConfigInfoIntoFlags rotation=0, smallestScreenWidthDp=360, residentWS=false, scenario=0, bounds=Rect(0, 0 - 1080, 2400), relayoutAsync=false, flags=0, newFlags=1258302720, title=com.adda247.gold/com.adda247.gold.MainActivity
04-16 15:30:33.130 V/WindowManager( 2246): Relayout Window{b5b6e4a u0 com.adda247.gold/com.adda247.gold.MainActivity}: viewVisibility=0, oldvis=0, req=1080x2400 , apr = 8, vsysui=LAYOUT_STABLE LAYOUT_FULLSCREEN LIGHT_STATUS_BAR LIGHT_NAVIGATION_BAR, x=0, y=0
04-16 15:30:33.133 I/FontLog (22774): (REDACTED) Pulling font file for id = %d, cache size = %d
04-16 15:30:33.133 I/TaskOrganizerController( 2246): onTaskInfoChanged taskid 8775 config { mBounds=Rect(0, 0 - 1080, 2400) mAppBounds=Rect(0, 0 - 1080, 2400) mMaxBounds=Rect(0, 0 - 1080, 2400) mDisplayRotation=ROTATION_0 mWindowingMode=fullscreen mActivityType=standard mAlwaysOnTop=undefined mRotation=ROTATION_0}
04-16 15:30:33.133 I/AdvertisingIdClient(20081): shouldSendLog 214922710
04-16 15:30:33.133 I/AdvertisingIdClient(20081): GetInfoInternal elapse 30ms
04-16 15:30:33.135 D/OplusFlexibleDragToSplitAnimController( 2246): visibleFlexibleTaskInfos delete:8775
04-16 15:30:33.135 E/FlexibleWindowManagerService( 2246): notifyTaskObserverToAttachController not need to notify!
04-16 15:30:33.135 D/ShellTaskOrganizerExt( 2818): visibleFlexibleTaskInfos delete:8775
04-16 15:30:33.135 I/FlexibleWindowManagerService( 2246): onFlexibleWindowTaskInfoChanged, return for cur task not embedded
04-16 15:30:33.135 D/ShellTaskOrganizerExt( 2818): isOnCanvas size:0
04-16 15:30:33.135 D/ShellTaskOrganizerExt( 2818): isOnThreeFlexibleCanvas size:0
04-16 15:30:33.135 D/WindowManager( 2246): NFW_findFocusedWindowIfNeeded:Window{b5b6e4a u0 com.adda247.gold/com.adda247.gold.MainActivity} mCurrentFocus:Window{b5b6e4a u0 com.adda247.gold/com.adda247.gold.MainActivity}
04-16 15:30:33.138 D/VRI[MainActivity](22907): relayoutWindow result, sizeChanged:false, surfaceControlChanged:false, transformHintChanged:false, mSurfaceSize:Point(1080, 2400), mLastSurfaceSize:Point(1080, 2400), mWidth:1080, mHeight:2400, requestedWidth:1080, requestedHeight:2400, transformHint:0, installOrientation:0, displayRotation:0, isSurfaceValid:true, attr.flag:-2122252032, tmpFrames:ClientWindowFrames{frame=[0,0][1080,2400] display=[0,0][1080,2400] parentFrame=[0,0][0,0]}, relayoutAsync:false, mSyncSeqId:0
04-16 15:30:33.138 I/FontLog (22774): (REDACTED) Pulling font file for id = %d, cache size = %d
04-16 15:30:33.138 W/VRI[MainActivity](22907): updateBlastSurfaceIfNeeded, surfaceSize:Point(1080, 2400), lastSurfaceSize:Point(1080, 2400), format:-3, blastBufferQueue:android.graphics.BLASTBufferQueue@6935dfe
04-16 15:30:33.141 W/VRI[MainActivity](22907): performTraversals: cancelAndRedraw, mLastPerformTraversalsSkipDrawReasonpredraw_io.flutter.embedding.android.FlutterActivityAndFragmentDelegate$2
04-16 15:30:33.148 D/ActivityManager( 2246): Async freezing 6477 com.android.vending
04-16 15:30:33.153 I/Finsky  ( 6477): [2] Memory trim requested to level 40
04-16 15:30:33.153 I/Finsky  ( 6477): [2] Flushing in-memory image cache
04-16 15:30:33.157 D/SessionFirelogPublisher(22907): Data Collection is enabled for at least one Subscriber
04-16 15:30:33.159 D/ViewRootImplExtImpl(22907): wrapConfigInfoIntoFlags rotation=0, smallestScreenWidthDp=360, residentWS=false, scenario=0, bounds=Rect(0, 0 - 1080, 2400), relayoutAsync=false, flags=0, newFlags=1258302720, title=com.adda247.gold/com.adda247.gold.MainActivity
04-16 15:30:33.161 I/eara_io@eval( 1773): [eara_io_eval] wl 6 , top 30 , req_r 0 , req_w 35 , readsz_mb 0 , writesz_mb 0
04-16 15:30:33.161 V/WindowManager( 2246): Relayout Window{b5b6e4a u0 com.adda247.gold/com.adda247.gold.MainActivity}: viewVisibility=0, oldvis=0, req=1080x2400 , apr = 8, vsysui=LAYOUT_STABLE LAYOUT_HIDE_NAVIGATION LAYOUT_FULLSCREEN LIGHT_STATUS_BAR LIGHT_NAVIGATION_BAR, x=0, y=0
04-16 15:30:33.167 D/BoundBrokerSvc(22774): onRebind: Intent { act=com.google.android.gms.presencemanager.service.START dat=chimera-action:/... xflg=0x4 cmp=com.google.android.gms/.chimera.PersistentApiService mCallingUid=10108 }
04-16 15:30:33.171 D/WindowManager( 2246): NFW_findFocusedWindowIfNeeded:Window{b5b6e4a u0 com.adda247.gold/com.adda247.gold.MainActivity} mCurrentFocus:Window{b5b6e4a u0 com.adda247.gold/com.adda247.gold.MainActivity}
04-16 15:30:33.173 D/VRI[MainActivity](22907): relayoutWindow result, sizeChanged:false, surfaceControlChanged:false, transformHintChanged:false, mSurfaceSize:Point(1080, 2400), mLastSurfaceSize:Point(1080, 2400), mWidth:1080, mHeight:2400, requestedWidth:1080, requestedHeight:2400, transformHint:0, installOrientation:0, displayRotation:0, isSurfaceValid:true, attr.flag:-2122252032, tmpFrames:ClientWindowFrames{frame=[0,0][1080,2400] display=[0,0][1080,2400] parentFrame=[0,0][0,0]}, relayoutAsync:false, mSyncSeqId:0
04-16 15:30:33.173 W/VRI[MainActivity](22907): updateBlastSurfaceIfNeeded, surfaceSize:Point(1080, 2400), lastSurfaceSize:Point(1080, 2400), format:-3, blastBufferQueue:android.graphics.BLASTBufferQueue@6935dfe
04-16 15:30:33.174 I/SystemUi--Notification( 2818): OplusLiveAlertNotificationsRepository-->onNotificationChannelModified: com.adda247.gold 0 Chucker Network Inspector 2
04-16 15:30:33.174 I/SystemUi--Notification( 2818): OplusLiveAlertNotificationsRepository-->onNotificationChannelModified: com.adda247.gold 0 Chucker Network Inspector 2
04-16 15:30:33.174 D/BoundBrokerSvc(22774): onRebind: Intent { act=com.google.android.gms.presencemanager.service.INTERNAL_IDENTITY dat=chimera-action:/... xflg=0x4 cmp=com.google.android.gms/.chimera.PersistentApiService mCallingUid=10108 }
04-16 15:30:33.175 W/VRI[MainActivity](22907): performTraversals: cancelAndRedraw, mLastPerformTraversalsSkipDrawReasonpredraw_io.flutter.embedding.android.FlutterActivityAndFragmentDelegate$2
04-16 15:30:33.175 D/SessionLifecycleClient(22907): Session update received: b33704bea3a848ed95110594b6658f0c
04-16 15:30:33.180 D/SessionLifecycleClient(22907): Notified CRASHLYTICS of new session b33704bea3a848ed95110594b6658f0c
04-16 15:30:33.182 V/MoEngage(22907): Core_Properties processObjectAttribute() : Will process: ACTIVITY_NAME : com.pichillilorenzo.flutter_inappwebview_android.chrome_custom_tabs.ChromeCustomTabsActivity
04-16 15:30:33.207 D/EventGDTLogger(22907): Session Event: {"eventType":1,"sessionData":{"sessionId":"b33704bea3a848ed95110594b6658f0c","firstSessionId":"b33704bea3a848ed95110594b6658f0c","sessionIndex":0,"eventTimestampUs":1776333633122000,"dataCollectionStatus":{"performance":1,"crashlytics":2,"sessionSamplingRate":1.0},"firebaseInstallationId":"d52ijz92RSeP_5WYChzH8V","firebaseAuthenticationToken":"eyJhbGciOiJFUzI1NiIsInR5cCI6IkpXVCJ9.eyJhcHBJZCI6IjE6MTY4MTA1ODE2NTA6YW5kcm9pZDoyNjE1ZDU4YTY2ZjkxOWQ0M2VkMDRiIiwiZXhwIjoxNzc2OTM4NDMxLCJmaWQiOiJkNTJpano5MlJTZVBfNVdZQ2h6SDhWIiwicHJvamVjdE51bWJlciI6MTY4MTA1ODE2NTB9.AB2LPV8wRgIhAMAI53yDGsEMmrNbpItvFxOY0fWgbyAwzXb9ecCcDa88AiEAsjien6p8OcB3AgZjVYrpOMtbwQjqaWYHZeC9uvIuvPE"},"applicationInfo":{"appId":"1:16810581650:android:2615d58a66f919d43ed04b","deviceModel":"RMX3951","sessionSdkVersion":"2.0.6","osVersion":"16","logEnvironment":3,"androidAppInfo":{"packageName":"com.adda247.gold","versionName":"1.3.4","appBuildVersion":"39","deviceManufacturer":"realme","currentProcessDetails":{"processName":"com.adda247.gold","pid":22907,"importance":100,"defaultProcess":true},"appProcessDetails":[{"processName":"com.adda247.gold","pid":22907,"importance":100,"defaultProcess":true}]}}}
04-16 15:30:33.214 V/MoEngage(22907): Core_Properties processObjectAttribute() : Will process: ACTIVITY_NAME : com.pichillilorenzo.flutter_inappwebview_android.chrome_custom_tabs.TrustedWebActivity
04-16 15:30:33.217 W/VRI[MainActivity](22907): performTraversals: cancelAndRedraw, mLastPerformTraversalsSkipDrawReasonpredraw_io.flutter.embedding.android.FlutterActivityAndFragmentDelegate$2
04-16 15:30:33.222 I/flutter (22907): [38;5;12m┌───────────────────────────────────────────────────────────────────────────────────────────────────────────────────────[0m
04-16 15:30:33.222 I/flutter (22907): [38;5;12m│ #0   AppLogger.logInfo (package:adda_gold/logger/app_logger.dart:107:15)[0m
04-16 15:30:33.222 I/flutter (22907): [38;5;12m│ #1   DeviceInfo.initialize (package:adda_gold/app_info/device_info/device_info.dart:45:17)[0m
04-16 15:30:33.222 I/flutter (22907): [38;5;12m├┄┄┄┄┄┄┄┄┄┄┄┄┄┄┄┄┄┄┄┄┄┄┄┄┄┄┄┄┄┄┄┄┄┄┄┄┄┄┄┄┄┄┄┄┄┄┄┄┄┄┄┄┄┄┄┄┄┄┄┄┄┄┄┄┄┄┄┄┄┄┄┄┄┄┄┄┄┄┄┄┄┄┄┄┄┄┄┄┄┄┄┄┄┄┄┄┄┄┄┄┄┄┄┄┄┄┄┄┄┄┄┄┄┄┄┄┄┄┄[0m
04-16 15:30:33.222 I/flutter (22907): [38;5;12m│ 15:30:33.221 (+0:00:00.238578)[0m
04-16 15:30:33.222 I/flutter (22907): [38;5;12m├┄┄┄┄┄┄┄┄┄┄┄┄┄┄┄┄┄┄┄┄┄┄┄┄┄┄┄┄┄┄┄┄┄┄┄┄┄┄┄┄┄┄┄┄┄┄┄┄┄┄┄┄┄┄┄┄┄┄┄┄┄┄┄┄┄┄┄┄┄┄┄┄┄┄┄┄┄┄┄┄┄┄┄┄┄┄┄┄┄┄┄┄┄┄┄┄┄┄┄┄┄┄┄┄┄┄┄┄┄┄┄┄┄┄┄┄┄┄┄[0m
04-16 15:30:33.222 I/flutter (22907): [38;5;12m│ 💡 Device Android Id = 87bff594c114a87a[0m
04-16 15:30:33.222 I/flutter (22907): [38;5;12m└───────────────────────────────────────────────────────────────────────────────────────────────────────────────────────[0m
04-16 15:30:33.223 D/SessionFirelogPublisher(22907): Successfully logged Session Start event: b33704bea3a848ed95110594b6658f0c
04-16 15:30:33.226 I/flutter (22907): [38;5;12m┌───────────────────────────────────────────────────────────────────────────────────────────────────────────────────────[0m
04-16 15:30:33.226 I/flutter (22907): [38;5;12m│ #0   AppLogger.logInfo (package:adda_gold/logger/app_logger.dart:107:15)[0m
04-16 15:30:33.226 I/flutter (22907): [38;5;12m│ #1   DeviceInfo.initialize (package:adda_gold/app_info/device_info/device_info.dart:46:17)[0m
04-16 15:30:33.226 I/flutter (22907): [38;5;12m├┄┄┄┄┄┄┄┄┄┄┄┄┄┄┄┄┄┄┄┄┄┄┄┄┄┄┄┄┄┄┄┄┄┄┄┄┄┄┄┄┄┄┄┄┄┄┄┄┄┄┄┄┄┄┄┄┄┄┄┄┄┄┄┄┄┄┄┄┄┄┄┄┄┄┄┄┄┄┄┄┄┄┄┄┄┄┄┄┄┄┄┄┄┄┄┄┄┄┄┄┄┄┄┄┄┄┄┄┄┄┄┄┄┄┄┄┄┄┄[0m
04-16 15:30:33.226 I/flutter (22907): [38;5;12m│ 15:30:33.225 (+0:00:00.242800)[0m
04-16 15:30:33.226 I/flutter (22907): [38;5;12m├┄┄┄┄┄┄┄┄┄┄┄┄┄┄┄┄┄┄┄┄┄┄┄┄┄┄┄┄┄┄┄┄┄┄┄┄┄┄┄┄┄┄┄┄┄┄┄┄┄┄┄┄┄┄┄┄┄┄┄┄┄┄┄┄┄┄┄┄┄┄┄┄┄┄┄┄┄┄┄┄┄┄┄┄┄┄┄┄┄┄┄┄┄┄┄┄┄┄┄┄┄┄┄┄┄┄┄┄┄┄┄┄┄┄┄┄┄┄┄[0m
04-16 15:30:33.226 I/flutter (22907): [38;5;12m│ 💡 Device Info Android = {physicalRamSize: 7621, type: user, manufacturer: realme, freeDiskSize: 89617698816, bootloader: unknown, fingerprint: realme/RMX3951IN/RE6070L1:16/BP2A.250605.015/U.R4T2.155d6c9_dca2f9_cf8ed6:user/release-keys, host: kvm-slave-build-s-system-10122348, isLowRamDevice: false, model: RMX3951, id: BP2A.250605.015, brand: realme, hardware: mt6835, product: RMX3951IN, totalDiskSize: 114301042688, supportedAbis: [arm64-v8a, armeabi-v7a, armeabi], supported32BitAbis: [armeabi-v7a, armeabi], display: RMX3951_16.0.2.420(EX01), isPhysicalDevice: true, version: {baseOS: , securityPatch: 2026-02-01, sdkInt: 36, release: 16, codename: REL, previewSdkInt: 0, incremental: U.R4T2.155d6c9_dca2f9_cf8ed6}, systemFeatures: [android.hardware.sensor.proximity, com.tmobile.feature.networklock, com.google.android.feature.DSE_CHOICE_SCREEN, com.oplus.software.viewtalk_google_play, oplus.gesture.answer.handsfree.disable, com.google.android.feature.ASI_MINIMAL, oplus.software.support_gp.op_weat
04-16 15:30:33.226 I/flutter (22907): [38;5;12m└───────────────────────────────────────────────────────────────────────────────────────────────────────────────────────[0m
04-16 15:30:33.226 V/MoEngage(22907): Core_Properties processObjectAttribute() : Will process: ACTIVITY_NAME : com.pichillilorenzo.flutter_inappwebview_android.chrome_custom_tabs.ChromeCustomTabsActivitySingleInstance
04-16 15:30:33.241 I/flutter (22907): [38;5;12m┌───────────────────────────────────────────────────────────────────────────────────────────────────────────────────────[0m
04-16 15:30:33.241 I/flutter (22907): [38;5;12m│ #0   AppLogger.logInfo (package:adda_gold/logger/app_logger.dart:107:15)[0m
04-16 15:30:33.241 I/flutter (22907): [38;5;12m│ #1   NativeMoEngageBridge.initialize (package:adda_gold/analytics/native_bridge/native_moengage_bridge.dart:53:17)[0m
04-16 15:30:33.241 I/flutter (22907): [38;5;12m├┄┄┄┄┄┄┄┄┄┄┄┄┄┄┄┄┄┄┄┄┄┄┄┄┄┄┄┄┄┄┄┄┄┄┄┄┄┄┄┄┄┄┄┄┄┄┄┄┄┄┄┄┄┄┄┄┄┄┄┄┄┄┄┄┄┄┄┄┄┄┄┄┄┄┄┄┄┄┄┄┄┄┄┄┄┄┄┄┄┄┄┄┄┄┄┄┄┄┄┄┄┄┄┄┄┄┄┄┄┄┄┄┄┄┄┄┄┄┄[0m
04-16 15:30:33.241 I/flutter (22907): [38;5;12m│ 15:30:33.240 (+0:00:00.258147)[0m
04-16 15:30:33.241 I/flutter (22907): [38;5;12m├┄┄┄┄┄┄┄┄┄┄┄┄┄┄┄┄┄┄┄┄┄┄┄┄┄┄┄┄┄┄┄┄┄┄┄┄┄┄┄┄┄┄┄┄┄┄┄┄┄┄┄┄┄┄┄┄┄┄┄┄┄┄┄┄┄┄┄┄┄┄┄┄┄┄┄┄┄┄┄┄┄┄┄┄┄┄┄┄┄┄┄┄┄┄┄┄┄┄┄┄┄┄┄┄┄┄┄┄┄┄┄┄┄┄┄┄┄┄┄[0m
04-16 15:30:33.241 I/flutter (22907): [38;5;12m│ 💡 NativeMoEngageBridge initialized successfully - listening for moengageEvent calls from native[0m
04-16 15:30:33.241 I/flutter (22907): [38;5;12m└───────────────────────────────────────────────────────────────────────────────────────────────────────────────────────[0m
04-16 15:30:33.242 I/AccessibilityWindowsPopulator( 2246): getInsensibleFlag flag = 0
04-16 15:30:33.248 V/MoEngage(22907): Core_Properties processObjectAttribute() : Will process: ACTIVITY_NAME : com.pichillilorenzo.flutter_inappwebview_android.chrome_custom_tabs.TrustedWebActivitySingleInstance
04-16 15:30:33.254 W/VRI[MainActivity](22907): performTraversals: cancelAndRedraw, mLastPerformTraversalsSkipDrawReasonpredraw_io.flutter.embedding.android.FlutterActivityAndFragmentDelegate$2
04-16 15:30:33.255 I/flutter (22907): [38;5;12m┌───────────────────────────────────────────────────────────────────────────────────────────────────────────────────────[0m
04-16 15:30:33.255 I/flutter (22907): [38;5;12m│ #0   AppLogger.logInfo (package:adda_gold/logger/app_logger.dart:107:15)[0m
04-16 15:30:33.255 I/flutter (22907): [38;5;12m│ #1   SessionUtil.generateAndSaveSessionId (package:adda_gold/app_util/session_util.dart:19:17)[0m
04-16 15:30:33.255 I/flutter (22907): [38;5;12m├┄┄┄┄┄┄┄┄┄┄┄┄┄┄┄┄┄┄┄┄┄┄┄┄┄┄┄┄┄┄┄┄┄┄┄┄┄┄┄┄┄┄┄┄┄┄┄┄┄┄┄┄┄┄┄┄┄┄┄┄┄┄┄┄┄┄┄┄┄┄┄┄┄┄┄┄┄┄┄┄┄┄┄┄┄┄┄┄┄┄┄┄┄┄┄┄┄┄┄┄┄┄┄┄┄┄┄┄┄┄┄┄┄┄┄┄┄┄┄[0m
04-16 15:30:33.255 I/flutter (22907): [38;5;12m│ 15:30:33.255 (+0:00:00.272561)[0m
04-16 15:30:33.255 I/flutter (22907): [38;5;12m├┄┄┄┄┄┄┄┄┄┄┄┄┄┄┄┄┄┄┄┄┄┄┄┄┄┄┄┄┄┄┄┄┄┄┄┄┄┄┄┄┄┄┄┄┄┄┄┄┄┄┄┄┄┄┄┄┄┄┄┄┄┄┄┄┄┄┄┄┄┄┄┄┄┄┄┄┄┄┄┄┄┄┄┄┄┄┄┄┄┄┄┄┄┄┄┄┄┄┄┄┄┄┄┄┄┄┄┄┄┄┄┄┄┄┄┄┄┄┄[0m
04-16 15:30:33.255 I/flutter (22907): [38;5;12m│ 💡 SessionUtil: Generated new session ID: SESSION-1776333633228-d867928f[0m
04-16 15:30:33.255 I/flutter (22907): [38;5;12m└───────────────────────────────────────────────────────────────────────────────────────────────────────────────────────[0m
04-16 15:30:33.260 I/flutter (22907): ┌───────────────────────────────────────────────────────────────────────────────────────────────────────────────────────
04-16 15:30:33.260 I/flutter (22907): │ #0   AppLogger.logDebug (package:adda_gold/logger/app_logger.dart:122:15)
04-16 15:30:33.260 I/flutter (22907): │ #1   CoreDeeplinkManager.initialize (package:adda_gold/deeplink/core_deeplink_manager.dart:64:17)
04-16 15:30:33.260 I/flutter (22907): ├┄┄┄┄┄┄┄┄┄┄┄┄┄┄┄┄┄┄┄┄┄┄┄┄┄┄┄┄┄┄┄┄┄┄┄┄┄┄┄┄┄┄┄┄┄┄┄┄┄┄┄┄┄┄┄┄┄┄┄┄┄┄┄┄┄┄┄┄┄┄┄┄┄┄┄┄┄┄┄┄┄┄┄┄┄┄┄┄┄┄┄┄┄┄┄┄┄┄┄┄┄┄┄┄┄┄┄┄┄┄┄┄┄┄┄┄┄┄┄
04-16 15:30:33.260 I/flutter (22907): │ 15:30:33.256 (+0:00:00.273863)
04-16 15:30:33.260 I/flutter (22907): ├┄┄┄┄┄┄┄┄┄┄┄┄┄┄┄┄┄┄┄┄┄┄┄┄┄┄┄┄┄┄┄┄┄┄┄┄┄┄┄┄┄┄┄┄┄┄┄┄┄┄┄┄┄┄┄┄┄┄┄┄┄┄┄┄┄┄┄┄┄┄┄┄┄┄┄┄┄┄┄┄┄┄┄┄┄┄┄┄┄┄┄┄┄┄┄┄┄┄┄┄┄┄┄┄┄┄┄┄┄┄┄┄┄┄┄┄┄┄┄
04-16 15:30:33.260 I/flutter (22907): │ 🐛 AppLinks: Cold start link → null
04-16 15:30:33.260 I/flutter (22907): └───────────────────────────────────────────────────────────────────────────────────────────────────────────────────────
04-16 15:30:33.261 V/MoEngage(22907): Core_Properties processObjectAttribute() : Will process: ACTIVITY_NAME : com.moengage.inapp.internal.activity.MoEInAppActivity
04-16 15:30:33.261 I/eara_io@eval( 1773): [eara_io_eval] wl 9 , top 96 , req_r 1 , req_w 29 , readsz_mb 0 , writesz_mb 0
04-16 15:30:33.261 I/eara_io@boost( 1773): [eara_io_boost] notify: boost=2
04-16 15:30:33.262 I/[UAH_CLIENT]( 1414): UahRelease, handle:-1
04-16 15:30:33.275 V/MoEngage(22907): Core_Properties processObjectAttribute() : Will process: ACTIVITY_NAME : com.facebook.FacebookActivity
04-16 15:30:33.282 W/AccessibilityManagerService( 2246):  wait for adding window timeout: 308
04-16 15:30:33.283 W/VRI[MainActivity](22907): performTraversals: cancelAndRedraw, mLastPerformTraversalsSkipDrawReasonpredraw_io.flutter.embedding.android.FlutterActivityAndFragmentDelegate$2
04-16 15:30:33.285 I/appium  (22848): The following attributes will be included to the page source: [resource-id]
04-16 15:30:33.286 W/VRI[MainActivity](22907): performTraversals: cancelAndRedraw, mLastPerformTraversalsSkipDrawReasonpredraw_io.flutter.embedding.android.FlutterActivityAndFragmentDelegate$2
04-16 15:30:33.302 W/VRI[MainActivity](22907): performTraversals: cancelAndRedraw, mLastPerformTraversalsSkipDrawReasonpredraw_io.flutter.embedding.android.FlutterActivityAndFragmentDelegate$2
04-16 15:30:33.307 V/MoEngage(22907): Core_Properties processObjectAttribute() : Will process: ACTIVITY_NAME : com.facebook.CustomTabMainActivity
04-16 15:30:33.309 D/BoundBrokerSvc(22774): onRebind: Intent { act=com.google.android.gms.common.telemetry.service.START dat=chimera-action:/... xflg=0x4 cmp=com.google.android.gms/.chimera.PersistentApiService mCallingUid=10108 }
04-16 15:30:33.319 W/VRI[MainActivity](22907): performTraversals: cancelAndRedraw, mLastPerformTraversalsSkipDrawReasonpredraw_io.flutter.embedding.android.FlutterActivityAndFragmentDelegate$2
04-16 15:30:33.321 V/MoEngage(22907): Core_Properties processObjectAttribute() : Will process: ACTIVITY_NAME : com.facebook.CustomTabActivity
04-16 15:30:33.332 V/MoEngage(22907): Core_Properties processObjectAttribute() : Will process: ACTIVITY_NAME : com.moengage.pushbase.activities.PushTracker
04-16 15:30:33.336 W/VRI[MainActivity](22907): performTraversals: cancelAndRedraw, mLastPerformTraversalsSkipDrawReasonpredraw_io.flutter.embedding.android.FlutterActivityAndFragmentDelegate$2
04-16 15:30:33.342 V/MoEngage(22907): Core_Properties processObjectAttribute() : Will process: ACTIVITY_NAME : com.moengage.pushbase.activities.PushClickDialogTracker
04-16 15:30:33.351 V/MoEngage(22907): Core_Properties processObjectAttribute() : Will process: ACTIVITY_NAME : com.moengage.sdk.debugger.MoEDebuggerActivity
04-16 15:30:33.352 W/VRI[MainActivity](22907): performTraversals: cancelAndRedraw, mLastPerformTraversalsSkipDrawReasonpredraw_io.flutter.embedding.android.FlutterActivityAndFragmentDelegate$2
04-16 15:30:33.360 V/MoEngage(22907): Core_Properties processObjectAttribute() : Will process: ACTIVITY_NAME : androidx.credentials.playservices.HiddenActivity
04-16 15:30:33.361 I/eara_io@eval( 1773): [eara_io_eval] wl 6 , top 24 , req_r 0 , req_w 42 , readsz_mb 0 , writesz_mb 0
04-16 15:30:33.361 I/eara_io@boost( 1773): [eara_io_boost] notify: boost=0
04-16 15:30:33.361 D/MipcProxy( 1683): handleMessage msg is 2425, instance 0
04-16 15:30:33.361 D/MipcProxy( 1683): handleServingCellInfoChangeInd for instance 0
04-16 15:30:33.362 D/RadioServiceIndication( 1683): radioServingCellInfoInd
04-16 15:30:33.367 D/SubsysRadioIndication[0]( 3333): radioServingCellInfoInd
04-16 15:30:33.368 D/NetworkService[0]( 3333): handleMessage what:1003
04-16 15:30:33.369 V/MoEngage(22907): Core_Properties processObjectAttribute() : Will process: ACTIVITY_NAME : androidx.credentials.playservices.IdentityCredentialApiHiddenActivity
04-16 15:30:33.369 W/VRI[MainActivity](22907): performTraversals: cancelAndRedraw, mLastPerformTraversalsSkipDrawReasonpredraw_io.flutter.embedding.android.FlutterActivityAndFragmentDelegate$2
04-16 15:30:33.379 V/MoEngage(22907): Core_Properties processObjectAttribute() : Will process: ACTIVITY_NAME : com.razorpay.flutter_customui.RazorpayPaymentActivity
04-16 15:30:33.386 W/VRI[MainActivity](22907): performTraversals: cancelAndRedraw, mLastPerformTraversalsSkipDrawReasonpredraw_io.flutter.embedding.android.FlutterActivityAndFragmentDelegate$2
04-16 15:30:33.390 V/MoEngage(22907): Core_Properties processObjectAttribute() : Will process: ACTIVITY_NAME : io.flutter.plugins.urllauncher.WebViewActivity
04-16 15:30:33.399 V/MoEngage(22907): Core_Properties processObjectAttribute() : Will process: ACTIVITY_NAME : com.google.android.gms.auth.api.signin.internal.SignInHubActivity
04-16 15:30:33.402 W/VRI[MainActivity](22907): performTraversals: cancelAndRedraw, mLastPerformTraversalsSkipDrawReasonpredraw_io.flutter.embedding.android.FlutterActivityAndFragmentDelegate$2
04-16 15:30:33.405 E/horae   ( 4351): 0: back:32931,frame:31980,front:32722, 25 3, +(4448), 1 ,37379,33300,33105,33004,34789, target_temp:32931, algo:0
04-16 15:30:33.408 V/MoEngage(22907): Core_Properties processObjectAttribute() : Will process: ACTIVITY_NAME : com.google.android.gms.common.api.GoogleApiActivity
04-16 15:30:33.416 V/MoEngage(22907): Core_Properties processObjectAttribute() : Will process: ACTIVITY_NAME : com.google.android.play.core.common.PlayCoreDialogWrapperActivity
04-16 15:30:33.419 W/VRI[MainActivity](22907): performTraversals: cancelAndRedraw, mLastPerformTraversalsSkipDrawReasonpredraw_io.flutter.embedding.android.FlutterActivityAndFragmentDelegate$2
04-16 15:30:33.426 V/MoEngage(22907): Core_Properties processObjectAttribute() : Will process: ACTIVITY_NAME : com.moe.pushlibrary.activities.MoEActivity
04-16 15:30:33.435 D/FRCPlugin(22907): Sending fetchTimeout: 60
04-16 15:30:33.436 W/VRI[MainActivity](22907): performTraversals: cancelAndRedraw, mLastPerformTraversalsSkipDrawReasonpredraw_io.flutter.embedding.android.FlutterActivityAndFragmentDelegate$2
04-16 15:30:33.444 V/MoEngage(22907): Core_Properties processObjectAttribute() : Will process: ACTIVITY_NAME : com.razorpay.DeeplinkActivity
04-16 15:30:33.452 W/VRI[MainActivity](22907): performTraversals: cancelAndRedraw, mLastPerformTraversalsSkipDrawReasonpredraw_io.flutter.embedding.android.FlutterActivityAndFragmentDelegate$2
04-16 15:30:33.458 D/SatelliteController( 3288): registerForSatelliteModemStateChanged: add Listeners for ModemState
04-16 15:30:33.459 E/SatelliteController( 3288): registerForSatelliteModemStateChanged: mSatelliteSessionController is not initialized yet
04-16 15:30:33.461 I/eara_io@eval( 1773): [eara_io_eval] wl 8 , top 61 , req_r 0 , req_w 46 , readsz_mb 0 , writesz_mb 0
04-16 15:30:33.466 I/flutter (22907): ┌───────────────────────────────────────────────────────────────────────────────────────────────────────────────────────
04-16 15:30:33.466 I/flutter (22907): │ #0   AppLogger.logDebug (package:adda_gold/logger/app_logger.dart:122:15)
04-16 15:30:33.466 I/flutter (22907): │ #1   AppInitializer.initialize.<anonymous closure> (package:adda_gold/build_variants/app_initializer.dart:115:21)
04-16 15:30:33.466 I/flutter (22907): ├┄┄┄┄┄┄┄┄┄┄┄┄┄┄┄┄┄┄┄┄┄┄┄┄┄┄┄┄┄┄┄┄┄┄┄┄┄┄┄┄┄┄┄┄┄┄┄┄┄┄┄┄┄┄┄┄┄┄┄┄┄┄┄┄┄┄┄┄┄┄┄┄┄┄┄┄┄┄┄┄┄┄┄┄┄┄┄┄┄┄┄┄┄┄┄┄┄┄┄┄┄┄┄┄┄┄┄┄┄┄┄┄┄┄┄┄┄┄┄
04-16 15:30:33.466 I/flutter (22907): │ 15:30:33.465 (+0:00:00.483062)
04-16 15:30:33.466 I/flutter (22907): ├┄┄┄┄┄┄┄┄┄┄┄┄┄┄┄┄┄┄┄┄┄┄┄┄┄┄┄┄┄┄┄┄┄┄┄┄┄┄┄┄┄┄┄┄┄┄┄┄┄┄┄┄┄┄┄┄┄┄┄┄┄┄┄┄┄┄┄┄┄┄┄┄┄┄┄┄┄┄┄┄┄┄┄┄┄┄┄┄┄┄┄┄┄┄┄┄┄┄┄┄┄┄┄┄┄┄┄┄┄┄┄┄┄┄┄┄┄┄┄
04-16 15:30:33.466 I/flutter (22907): │ 🐛 Firebase Core initialized before app start
04-16 15:30:33.466 I/flutter (22907): └───────────────────────────────────────────────────────────────────────────────────────────────────────────────────────
04-16 15:30:33.471 W/VRI[MainActivity](22907): performTraversals: cancelAndRedraw, mLastPerformTraversalsSkipDrawReasonpredraw_io.flutter.embedding.android.FlutterActivityAndFragmentDelegate$2
04-16 15:30:33.521 W/VRI[MainActivity](22907): performTraversals: cancelAndRedraw, mLastPerformTraversalsSkipDrawReasonpredraw_io.flutter.embedding.android.FlutterActivityAndFragmentDelegate$2
04-16 15:30:33.535 I/AppsFilter( 2246): interaction: PackageSetting{92f3b9d com.android.microdroid.empty_payload/10268} -> PackageSetting{607fae0 com.adda247.gold/10975} BLOCKED
04-16 15:30:33.535 W/VRI[MainActivity](22907): performTraversals: cancelAndRedraw, mLastPerformTraversalsSkipDrawReasonpredraw_io.flutter.embedding.android.FlutterActivityAndFragmentDelegate$2
04-16 15:30:33.535 I/AppsFilter( 2246): interaction: PackageSetting{571fbe3 io.appium.uiautomator2.server.test/10792} -> PackageSetting{607fae0 com.adda247.gold/10975} BLOCKED
04-16 15:30:33.536 I/AppsFilter( 2246): interaction: PackageSetting{d999e0 com.oplus.locationproxy/10168} -> PackageSetting{607fae0 com.adda247.gold/10975} BLOCKED
04-16 15:30:33.536 I/AppsFilter( 2246): interaction: PackageSetting{cc8f499 com.labs.ustaadtv/10347} -> PackageSetting{607fae0 com.adda247.gold/10975} BLOCKED
04-16 15:30:33.536 I/AppsFilter( 2246): interaction: PackageSetting{36cf35e com.android.certinstaller/10204} -> PackageSetting{607fae0 com.adda247.gold/10975} BLOCKED
04-16 15:30:33.536 I/AppsFilter( 2246): interaction: PackageSetting{3e733f com.oplus.location/10219} -> PackageSetting{607fae0 com.adda247.gold/10975} BLOCKED
04-16 15:30:33.539 V/MoEngage(22907): InApp_9.5.0_Utils getTestInAppCampaign() :
04-16 15:30:33.541 V/MoEngage(22907): InApp_9.5.0_Utils getTestInAppMeta() :
04-16 15:30:33.552 W/VRI[MainActivity](22907): performTraversals: cancelAndRedraw, mLastPerformTraversalsSkipDrawReasonpredraw_io.flutter.embedding.android.FlutterActivityAndFragmentDelegate$2
04-16 15:30:33.554 W/Searchables( 2246): No web search activity found
04-16 15:30:33.555 V/AutofillManagerService( 2246): onPackageModified(): com.adda247.gold
04-16 15:30:33.561 I/eara_io@eval( 1773): [eara_io_eval] wl 3 , top 100 , req_r 0 , req_w 7 , readsz_mb 0 , writesz_mb 0
04-16 15:30:33.569 W/VRI[MainActivity](22907): performTraversals: cancelAndRedraw, mLastPerformTraversalsSkipDrawReasonpredraw_io.flutter.embedding.android.FlutterActivityAndFragmentDelegate$2
04-16 15:30:33.575 D/ShortcutService( 2246): Getting shortcuts for launcher= com.android.launcheruserId=0 pkg=com.adda247.gold
04-16 15:30:33.575 D/ShortcutService( 2246): getShortcutsInnerLocked() returned empty results because com.adda247.gold isn't loaded
04-16 15:30:33.586 W/VRI[MainActivity](22907): performTraversals: cancelAndRedraw, mLastPerformTraversalsSkipDrawReasonpredraw_io.flutter.embedding.android.FlutterActivityAndFragmentDelegate$2
04-16 15:30:33.586 V/AccessibilityManagerService( 2246): onUserStateChangedLocked for user 0 with forceUpdate: false mEnabledServices = [] mCrashedServices = [] hasMagnificationConnection=false
04-16 15:30:33.587 W/MagnificationConnectionManager( 2246): requestConnection duplicated request: connect=false, mConnectionState=DISCONNECTED
04-16 15:30:33.622 W/VRI[MainActivity](22907): performTraversals: cancelAndRedraw, mLastPerformTraversalsSkipDrawReasonpredraw_io.flutter.embedding.android.FlutterActivityAndFragmentDelegate$2
04-16 15:30:33.636 W/VRI[MainActivity](22907): performTraversals: cancelAndRedraw, mLastPerformTraversalsSkipDrawReasonpredraw_io.flutter.embedding.android.FlutterActivityAndFragmentDelegate$2
04-16 15:30:33.642 I/flutter (22907): [38;5;12m┌───────────────────────────────────────────────────────────────────────────────────────────────────────────────────────[0m
04-16 15:30:33.642 I/flutter (22907): [38;5;12m│ #0   AppLogger.logInfo (package:adda_gold/logger/app_logger.dart:107:15)[0m
04-16 15:30:33.642 I/flutter (22907): [38;5;12m│ #1   EventSdkService.initialize (package:adda_gold/analytics/event_sdk/event_sdk_service.dart:63:17)[0m
04-16 15:30:33.642 I/flutter (22907): [38;5;12m├┄┄┄┄┄┄┄┄┄┄┄┄┄┄┄┄┄┄┄┄┄┄┄┄┄┄┄┄┄┄┄┄┄┄┄┄┄┄┄┄┄┄┄┄┄┄┄┄┄┄┄┄┄┄┄┄┄┄┄┄┄┄┄┄┄┄┄┄┄┄┄┄┄┄┄┄┄┄┄┄┄┄┄┄┄┄┄┄┄┄┄┄┄┄┄┄┄┄┄┄┄┄┄┄┄┄┄┄┄┄┄┄┄┄┄┄┄┄┄[0m
04-16 15:30:33.642 I/flutter (22907): [38;5;12m│ 15:30:33.642 (+0:00:00.659451)[0m
04-16 15:30:33.642 I/flutter (22907): [38;5;12m├┄┄┄┄┄┄┄┄┄┄┄┄┄┄┄┄┄┄┄┄┄┄┄┄┄┄┄┄┄┄┄┄┄┄┄┄┄┄┄┄┄┄┄┄┄┄┄┄┄┄┄┄┄┄┄┄┄┄┄┄┄┄┄┄┄┄┄┄┄┄┄┄┄┄┄┄┄┄┄┄┄┄┄┄┄┄┄┄┄┄┄┄┄┄┄┄┄┄┄┄┄┄┄┄┄┄┄┄┄┄┄┄┄┄┄┄┄┄┄[0m
